# ColliScope Frequency-Matched Synthetic Trace
# Parameters: seed=70, zipf_s=1.244, scope=nested, type=declaration-heavy, replicate=2
ENTER_SCOPE 0
DECLARE sym_k0000 1 0
DECLARE sym_k0001 2 0
DECLARE sym_k0002 3 0
DECLARE sym_k0003 4 0
DECLARE sym_k0004 5 0
DECLARE sym_k0005 6 0
DECLARE sym_k0006 7 0
DECLARE sym_k0007 8 0
DECLARE sym_k0008 9 0
DECLARE sym_k0009 10 0
DECLARE sym_k0010 1 0
DECLARE sym_k0011 2 0
DECLARE sym_k0012 3 0
DECLARE sym_k0013 4 0
DECLARE sym_k0014 5 0
DECLARE sym_k0015 6 0
DECLARE sym_k0016 7 0
DECLARE sym_k0017 8 0
DECLARE sym_k0018 9 0
DECLARE sym_k0019 10 0
DECLARE sym_k0020 1 0
DECLARE sym_k0021 2 0
DECLARE sym_k0022 3 0
DECLARE sym_k0023 4 0
DECLARE sym_k0024 5 0
DECLARE sym_k0025 6 0
DECLARE sym_k0026 7 0
DECLARE sym_k0027 8 0
DECLARE sym_k0028 9 0
DECLARE sym_k0029 10 0
DECLARE sym_k0030 1 0
DECLARE sym_k0031 2 0
DECLARE sym_k0032 3 0
DECLARE sym_k0033 4 0
DECLARE sym_k0034 5 0
DECLARE sym_k0035 6 0
DECLARE sym_k0036 7 0
DECLARE sym_k0037 8 0
DECLARE sym_k0038 9 0
DECLARE sym_k0039 10 0
DECLARE sym_k0040 1 0
DECLARE sym_k0041 2 0
DECLARE sym_k0042 3 0
DECLARE sym_k0043 4 0
DECLARE sym_k0044 5 0
DECLARE sym_k0045 6 0
DECLARE sym_k0046 7 0
DECLARE sym_k0047 8 0
DECLARE sym_k0048 9 0
DECLARE sym_k0049 10 0
REFERENCE sym_k0001 0
REFERENCE sym_k0017 0
REFERENCE sym_k0001 0
REFERENCE sym_k0024 0
REFERENCE sym_k0019 0
REFERENCE sym_k0003 0
REFERENCE sym_k0000 0
REFERENCE sym_k0000 0
REFERENCE sym_k0027 0
REFERENCE sym_k0000 0
REFERENCE sym_k0000 0
REFERENCE sym_k0001 0
ENTER_SCOPE 1 0
DECLARE sym_k0000 1 1
REFERENCE sym_k0000 1
REFERENCE sym_k0000 1
DECLARE sym_k0001 2 1
REFERENCE sym_k0016 1
REFERENCE sym_k0000 1
REFERENCE sym_k0000 1
ENTER_SCOPE 2 1
DECLARE sym_k0000 1 2
REFERENCE sym_k0000 2
ENTER_SCOPE 3 2
DECLARE sym_k0001 2 3
EXIT_SCOPE 3
REFERENCE missing_6843 2
REFERENCE sym_k0002 2
REFERENCE sym_k0000 2
REFERENCE sym_k0000 2
DECLARE sym_k0034 5 2
ENTER_SCOPE 4 2
DECLARE sym_k0000 1 4
DECLARE sym_k0009 10 4
DECLARE sym_k0006 7 4
DECLARE sym_k0012 13 4
DECLARE sym_k0001 2 4
REFERENCE sym_k0000 4
REFERENCE sym_k0003 4
REFERENCE sym_k0004 4
REFERENCE sym_k0000 4
DECLARE sym_k0205 11 4
ENTER_SCOPE 5 4
REFERENCE missing_4560 5
DECLARE sym_k0001 2 5
DECLARE sym_k0000 1 5
REFERENCE sym_k0003 5
DECLARE sym_k0002 3 5
REFERENCE sym_k0000 5
DECLARE sym_k0014 15 5
REFERENCE sym_k0000 5
REFERENCE sym_k0006 5
REFERENCE sym_k0001 5
REFERENCE sym_k0014 5
REFERENCE sym_k0002 5
REFERENCE sym_k0009 5
REFERENCE missing_9865 5
ENTER_SCOPE 6 5
DECLARE sym_k0029 15 6
REFERENCE sym_k0010 6
REFERENCE sym_k0000 6
DECLARE sym_k0000 1 6
REFERENCE sym_k0000 6
DECLARE sym_k0008 9 6
DECLARE sym_k0135 1 6
DECLARE sym_k0001 2 6
REFERENCE sym_k0001 6
REFERENCE sym_k0000 6
REFERENCE sym_k0029 6
EXIT_SCOPE 6
REFERENCE missing_3096 5
REFERENCE sym_k0000 5
REFERENCE sym_k0001 5
REFERENCE sym_k0002 5
REFERENCE sym_k0006 5
REFERENCE sym_k0000 5
REFERENCE sym_k0037 5
REFERENCE sym_k0000 5
REFERENCE sym_k0003 5
DECLARE sym_k0004 5 5
DECLARE sym_k0024 10 5
REFERENCE sym_k0001 5
REFERENCE sym_k0001 5
DECLARE sym_k0168 4 5
DECLARE sym_k0073 14 5
REFERENCE sym_k0001 5
REFERENCE sym_k0014 5
DECLARE sym_k0033 4 5
REFERENCE sym_k0000 5
REFERENCE sym_k0000 5
REFERENCE sym_k0004 5
REFERENCE sym_k0004 5
EXIT_SCOPE 5
DECLARE sym_k0206 12 4
REFERENCE sym_k0000 4
REFERENCE sym_k0005 4
REFERENCE sym_k0002 4
DECLARE sym_k0134 15 4
DECLARE sym_k0007 8 4
ENTER_SCOPE 7 4
DECLARE sym_k0001 2 7
ENTER_SCOPE 8 7
REFERENCE sym_k0017 8
DECLARE sym_k0006 7 8
REFERENCE sym_k0020 8
DECLARE sym_k0012 13 8
DECLARE sym_k0035 6 8
ENTER_SCOPE 9 8
DECLARE sym_k0067 8 9
DECLARE sym_k0088 14 9
REFERENCE sym_k0002 9
DECLARE sym_k0140 6 9
REFERENCE missing_6390 9
DECLARE sym_k0010 11 9
DECLARE sym_k0126 7 9
DECLARE sym_k0001 2 9
REFERENCE missing_5893 9
DECLARE sym_k0046 2 9
REFERENCE sym_k0001 9
REFERENCE sym_k0001 9
DECLARE sym_k0020 6 9
REFERENCE sym_k0011 9
DECLARE sym_k0005 6 9
REFERENCE missing_9995 9
ENTER_SCOPE 10 9
DECLARE sym_k0042 13 10
DECLARE sym_k0000 1 10
DECLARE sym_k0084 10 10
DECLARE sym_k0002 3 10
DECLARE sym_k0036 7 10
DECLARE sym_k0006 7 10
DECLARE sym_k0294 10 10
REFERENCE missing_8304 10
DECLARE sym_k0004 5 10
REFERENCE sym_k0000 10
REFERENCE sym_k0000 10
DECLARE sym_k0001 2 10
DECLARE sym_k0018 4 10
REFERENCE sym_k0000 10
REFERENCE sym_k0000 10
REFERENCE sym_k0004 10
REFERENCE sym_k0002 10
DECLARE sym_k0003 4 10
EXIT_SCOPE 10
REFERENCE sym_k0038 9
REFERENCE sym_k0004 9
REFERENCE sym_k0001 9
DECLARE sym_k0000 1 9
DECLARE sym_k0006 7 9
DECLARE sym_k0007 8 9
REFERENCE sym_k0001 9
DECLARE sym_k0009 10 9
ENTER_SCOPE 11 9
DECLARE sym_k0033 4 11
DECLARE sym_k0213 4 11
DECLARE sym_k0012 13 11
DECLARE sym_k0006 7 11
EXIT_SCOPE 11
REFERENCE sym_k0001 9
REFERENCE sym_k0019 9
REFERENCE sym_k0002 9
DECLARE sym_k0028 14 9
DECLARE sym_k0290 6 9
REFERENCE sym_k0000 9
REFERENCE sym_k0088 9
DECLARE sym_k0002 3 9
REFERENCE sym_k0000 9
REFERENCE sym_k0001 9
REFERENCE sym_k0000 9
REFERENCE sym_k0000 9
REFERENCE sym_k0000 9
ENTER_SCOPE 12 9
EXIT_SCOPE 12
REFERENCE sym_k0006 9
DECLARE sym_k0018 4 9
DECLARE sym_k0016 2 9
DECLARE sym_k0104 15 9
REFERENCE sym_k0000 9
REFERENCE sym_k0000 9
REFERENCE sym_k0006 9
REFERENCE sym_k0002 9
REFERENCE sym_k0004 9
DECLARE sym_k0011 12 9
DECLARE sym_k0049 5 9
REFERENCE sym_k0000 9
ENTER_SCOPE 13 9
REFERENCE sym_k0006 13
DECLARE sym_k0005 6 13
DECLARE sym_k0000 1 13
REFERENCE sym_k0005 13
REFERENCE missing_3686 13
REFERENCE missing_4657 13
DECLARE sym_k0032 3 13
DECLARE sym_k0011 12 13
REFERENCE sym_k0000 13
REFERENCE sym_k0000 13
REFERENCE sym_k0003 13
REFERENCE sym_k0001 13
REFERENCE sym_k0000 13
DECLARE sym_k0241 2 13
DECLARE sym_k0001 2 13
DECLARE sym_k0002 3 13
REFERENCE sym_k0000 13
REFERENCE sym_k0002 13
DECLARE sym_k0014 15 13
REFERENCE sym_k0000 13
REFERENCE sym_k0134 13
REFERENCE sym_k0001 13
REFERENCE sym_k0001 13
DECLARE sym_k0004 5 13
REFERENCE sym_k0031 13
DECLARE sym_k0015 1 13
DECLARE sym_k0051 7 13
DECLARE sym_k0013 14 13
DECLARE sym_k0266 12 13
REFERENCE sym_k0000 13
REFERENCE sym_k0000 13
DECLARE sym_k0009 10 13
REFERENCE sym_k0032 13
REFERENCE sym_k0015 13
DECLARE sym_k0003 4 13
REFERENCE sym_k0000 13
DECLARE sym_k0016 2 13
REFERENCE sym_k0001 13
REFERENCE sym_k0001 13
REFERENCE sym_k0005 13
DECLARE sym_k0028 14 13
REFERENCE sym_k0000 13
REFERENCE sym_k0005 13
REFERENCE sym_k0000 13
REFERENCE sym_k0013 13
REFERENCE sym_k0000 13
REFERENCE sym_k0001 13
DECLARE sym_k0039 10 13
REFERENCE sym_k0051 13
REFERENCE sym_k0000 13
REFERENCE sym_k0002 13
REFERENCE sym_k0000 13
REFERENCE sym_k0000 13
REFERENCE sym_k0002 13
REFERENCE sym_k0000 13
REFERENCE sym_k0000 13
REFERENCE sym_k0000 13
REFERENCE sym_k0000 13
DECLARE sym_k0070 11 13
REFERENCE sym_k0000 13
REFERENCE sym_k0002 13
REFERENCE sym_k0015 13
REFERENCE sym_k0004 13
DECLARE sym_k0022 8 13
REFERENCE sym_k0000 13
REFERENCE missing_7312 13
REFERENCE sym_k0006 13
REFERENCE sym_k0000 13
DECLARE sym_k0057 13 13
EXIT_SCOPE 13
REFERENCE sym_k0000 9
DECLARE sym_k0026 12 9
REFERENCE missing_5964 9
DECLARE sym_k0012 13 9
REFERENCE missing_7562 9
REFERENCE sym_k0000 9
DECLARE sym_k0051 7 9
ENTER_SCOPE 14 9
DECLARE sym_k0000 1 14
DECLARE sym_k0090 1 14
DECLARE sym_k0284 15 14
EXIT_SCOPE 14
REFERENCE sym_k0011 9
DECLARE sym_k0029 15 9
DECLARE sym_k0070 11 9
REFERENCE sym_k0000 9
REFERENCE sym_k0002 9
REFERENCE sym_k0000 9
REFERENCE sym_k0014 9
DECLARE sym_k0225 1 9
REFERENCE sym_k0000 9
REFERENCE sym_k0026 9
REFERENCE sym_k0000 9
REFERENCE sym_k0000 9
REFERENCE sym_k0000 9
ENTER_SCOPE 15 9
DECLARE sym_k0001 2 15
EXIT_SCOPE 15
REFERENCE sym_k0001 9
REFERENCE sym_k0002 9
REFERENCE missing_3449 9
REFERENCE sym_k0000 9
REFERENCE sym_k0046 9
EXIT_SCOPE 9
DECLARE sym_k0060 1 8
DECLARE sym_k0027 13 8
DECLARE sym_k0000 1 8
EXIT_SCOPE 8
DECLARE sym_k0201 7 7
REFERENCE sym_k0000 7
DECLARE sym_k0000 1 7
REFERENCE sym_k0000 7
REFERENCE sym_k0000 7
DECLARE sym_k0186 7 7
REFERENCE missing_6841 7
REFERENCE sym_k0000 7
DECLARE sym_k0118 14 7
DECLARE sym_k0124 5 7
DECLARE sym_k0052 8 7
REFERENCE sym_k0026 7
DECLARE sym_k0042 13 7
DECLARE sym_k0008 9 7
DECLARE sym_k0036 7 7
DECLARE sym_k0245 6 7
DECLARE sym_k0057 13 7
REFERENCE sym_k0001 7
DECLARE sym_k0002 3 7
REFERENCE sym_k0000 7
REFERENCE sym_k0001 7
EXIT_SCOPE 7
REFERENCE sym_k0000 4
DECLARE sym_k0023 9 4
DECLARE sym_k0002 3 4
ENTER_SCOPE 16 4
DECLARE sym_k0013 14 16
DECLARE sym_k0003 4 16
REFERENCE sym_k0016 16
ENTER_SCOPE 17 16
REFERENCE sym_k0000 17
DECLARE sym_k0000 1 17
DECLARE sym_k0010 11 17
REFERENCE sym_k0001 17
REFERENCE sym_k0000 17
REFERENCE sym_k0000 17
DECLARE sym_k0001 2 17
REFERENCE sym_k0004 17
DECLARE sym_k0004 5 17
REFERENCE sym_k0009 17
REFERENCE sym_k0000 17
REFERENCE sym_k0010 17
REFERENCE sym_k0026 17
DECLARE sym_k0072 13 17
DECLARE sym_k0043 14 17
REFERENCE sym_k0001 17
REFERENCE sym_k0002 17
REFERENCE sym_k0002 17
DECLARE sym_k0007 8 17
EXIT_SCOPE 17
REFERENCE sym_k0008 16
REFERENCE sym_k0003 16
DECLARE sym_k0026 12 16
REFERENCE sym_k0020 16
DECLARE sym_k0004 5 16
REFERENCE sym_k0004 16
REFERENCE sym_k0004 16
DECLARE sym_k0079 5 16
DECLARE sym_k0019 5 16
DECLARE sym_k0000 1 16
REFERENCE sym_k0003 16
DECLARE sym_k0010 11 16
REFERENCE sym_k0000 16
REFERENCE sym_k0000 16
DECLARE sym_k0012 13 16
REFERENCE sym_k0012 16
REFERENCE sym_k0000 16
REFERENCE sym_k0003 16
REFERENCE sym_k0002 16
DECLARE sym_k0002 3 16
DECLARE sym_k0001 2 16
REFERENCE sym_k0001 16
REFERENCE missing_5259 16
REFERENCE sym_k0002 16
REFERENCE sym_k0006 16
REFERENCE sym_k0001 16
REFERENCE sym_k0001 16
REFERENCE sym_k0003 16
REFERENCE sym_k0010 16
EXIT_SCOPE 16
REFERENCE sym_k0003 4
REFERENCE sym_k0000 4
DECLARE sym_k0087 13 4
DECLARE sym_k0005 6 4
REFERENCE sym_k0000 4
REFERENCE sym_k0001 4
REFERENCE sym_k0000 4
REFERENCE sym_k0001 4
REFERENCE sym_k0001 4
REFERENCE missing_4667 4
REFERENCE sym_k0029 4
REFERENCE sym_k0000 4
REFERENCE sym_k0000 4
DECLARE sym_k0055 11 4
REFERENCE missing_1903 4
REFERENCE sym_k0002 4
ENTER_SCOPE 18 4
DECLARE sym_k0001 2 18
REFERENCE sym_k0000 18
DECLARE sym_k0029 15 18
ENTER_SCOPE 19 18
DECLARE sym_k0000 1 19
ENTER_SCOPE 20 19
DECLARE sym_k0000 1 20
REFERENCE sym_k0000 20
DECLARE sym_k0001 2 20
EXIT_SCOPE 20
REFERENCE sym_k0000 19
EXIT_SCOPE 19
REFERENCE missing_5816 18
DECLARE sym_k0274 5 18
DECLARE sym_k0003 4 18
ENTER_SCOPE 21 18
DECLARE sym_k0003 4 21
DECLARE sym_k0011 12 21
REFERENCE missing_5264 21
REFERENCE sym_k0003 21
REFERENCE sym_k0003 21
DECLARE sym_k0000 1 21
DECLARE sym_k0017 3 21
DECLARE sym_k0056 12 21
REFERENCE sym_k0037 21
REFERENCE missing_5726 21
REFERENCE sym_k0000 21
DECLARE sym_k0084 10 21
REFERENCE sym_k0000 21
REFERENCE sym_k0032 21
REFERENCE sym_k0206 21
ENTER_SCOPE 22 21
DECLARE sym_k0237 13 22
DECLARE sym_k0003 4 22
DECLARE sym_k0020 6 22
ENTER_SCOPE 23 22
EXIT_SCOPE 23
REFERENCE sym_k0006 22
DECLARE sym_k0079 5 22
REFERENCE sym_k0001 22
DECLARE sym_k0137 3 22
ENTER_SCOPE 24 22
DECLARE sym_k0003 4 24
DECLARE sym_k0007 8 24
EXIT_SCOPE 24
ENTER_SCOPE 25 22
REFERENCE missing_3939 25
REFERENCE sym_k0018 25
DECLARE sym_k0000 1 25
DECLARE sym_k0003 4 25
REFERENCE sym_k0000 25
EXIT_SCOPE 25
REFERENCE sym_k0079 22
REFERENCE sym_k0003 22
REFERENCE sym_k0001 22
DECLARE sym_k0000 1 22
DECLARE sym_k0065 6 22
REFERENCE sym_k0034 22
ENTER_SCOPE 26 22
DECLARE sym_k0005 6 26
DECLARE sym_k0189 10 26
REFERENCE sym_k0025 26
DECLARE sym_k0000 1 26
REFERENCE sym_k0040 26
DECLARE sym_k0089 15 26
REFERENCE sym_k0000 26
REFERENCE sym_k0005 26
REFERENCE sym_k0000 26
REFERENCE sym_k0000 26
REFERENCE sym_k0015 26
REFERENCE sym_k0023 26
DECLARE sym_k0013 14 26
REFERENCE sym_k0005 26
DECLARE sym_k0001 2 26
REFERENCE sym_k0022 26
REFERENCE sym_k0000 26
EXIT_SCOPE 26
DECLARE sym_k0017 3 22
REFERENCE sym_k0000 22
REFERENCE missing_1121 22
REFERENCE sym_k0003 22
ENTER_SCOPE 27 22
DECLARE sym_k0000 1 27
REFERENCE sym_k0000 27
REFERENCE sym_k0036 27
DECLARE sym_k0002 3 27
DECLARE sym_k0258 4 27
REFERENCE missing_2297 27
REFERENCE sym_k0000 27
REFERENCE sym_k0000 27
REFERENCE sym_k0000 27
EXIT_SCOPE 27
REFERENCE sym_k0007 22
REFERENCE sym_k0000 22
REFERENCE sym_k0000 22
REFERENCE missing_8684 22
DECLARE sym_k0011 12 22
DECLARE sym_k0029 15 22
DECLARE sym_k0001 2 22
EXIT_SCOPE 22
REFERENCE sym_k0023 21
REFERENCE sym_k0002 21
REFERENCE sym_k0031 21
REFERENCE missing_8490 21
REFERENCE sym_k0000 21
DECLARE sym_k0061 2 21
REFERENCE sym_k0000 21
ENTER_SCOPE 28 21
DECLARE sym_k0137 3 28
REFERENCE sym_k0004 28
DECLARE sym_k0000 1 28
REFERENCE sym_k0039 28
DECLARE sym_k0001 2 28
REFERENCE sym_k0000 28
REFERENCE sym_k0024 28
REFERENCE sym_k0002 28
ENTER_SCOPE 29 28
DECLARE sym_k0188 9 29
REFERENCE missing_5524 29
DECLARE sym_k0003 4 29
DECLARE sym_k0266 12 29
DECLARE sym_k0174 10 29
DECLARE sym_k0000 1 29
DECLARE sym_k0006 7 29
REFERENCE sym_k0001 29
REFERENCE sym_k0003 29
DECLARE sym_k0056 12 29
REFERENCE sym_k0000 29
REFERENCE sym_k0013 29
REFERENCE sym_k0000 29
REFERENCE sym_k0000 29
REFERENCE sym_k0000 29
EXIT_SCOPE 29
REFERENCE missing_9243 28
DECLARE sym_k0021 7 28
ENTER_SCOPE 30 28
DECLARE sym_k0142 8 30
EXIT_SCOPE 30
DECLARE sym_k0029 15 28
ENTER_SCOPE 31 28
EXIT_SCOPE 31
REFERENCE sym_k0000 28
DECLARE sym_k0003 4 28
DECLARE sym_k0041 12 28
DECLARE sym_k0014 15 28
REFERENCE sym_k0003 28
REFERENCE sym_k0000 28
DECLARE sym_k0009 10 28
DECLARE sym_k0062 3 28
DECLARE sym_k0154 5 28
REFERENCE sym_k0018 28
REFERENCE sym_k0009 28
DECLARE sym_k0007 8 28
REFERENCE sym_k0022 28
REFERENCE sym_k0000 28
DECLARE sym_k0019 5 28
EXIT_SCOPE 28
REFERENCE sym_k0000 21
REFERENCE sym_k0001 21
REFERENCE sym_k0007 21
REFERENCE sym_k0000 21
DECLARE sym_k0068 9 21
DECLARE sym_k0101 12 21
REFERENCE sym_k0019 21
DECLARE sym_k0005 6 21
DECLARE sym_k0126 7 21
REFERENCE sym_k0002 21
REFERENCE sym_k0000 21
DECLARE sym_k0080 6 21
DECLARE sym_k0040 11 21
REFERENCE sym_k0000 21
DECLARE sym_k0006 7 21
REFERENCE sym_k0003 21
DECLARE sym_k0031 2 21
REFERENCE sym_k0004 21
ENTER_SCOPE 32 21
DECLARE sym_k0000 1 32
REFERENCE sym_k0000 32
REFERENCE sym_k0000 32
REFERENCE sym_k0000 32
DECLARE sym_k0002 3 32
REFERENCE sym_k0008 32
REFERENCE sym_k0000 32
ENTER_SCOPE 33 32
DECLARE sym_k0003 4 33
DECLARE sym_k0000 1 33
DECLARE sym_k0016 2 33
DECLARE sym_k0013 14 33
DECLARE sym_k0002 3 33
REFERENCE sym_k0000 33
REFERENCE sym_k0001 33
REFERENCE sym_k0006 33
REFERENCE missing_8171 33
REFERENCE sym_k0002 33
REFERENCE sym_k0017 33
REFERENCE sym_k0003 33
REFERENCE sym_k0003 33
REFERENCE sym_k0003 33
REFERENCE sym_k0000 33
REFERENCE sym_k0002 33
DECLARE sym_k0001 2 33
REFERENCE sym_k0024 33
REFERENCE sym_k0001 33
REFERENCE sym_k0126 33
REFERENCE sym_k0005 33
REFERENCE sym_k0000 33
DECLARE sym_k0008 9 33
REFERENCE sym_k0000 33
REFERENCE sym_k0000 33
DECLARE sym_k0113 9 33
DECLARE sym_k0011 12 33
REFERENCE sym_k0011 33
EXIT_SCOPE 33
REFERENCE sym_k0002 32
REFERENCE sym_k0002 32
DECLARE sym_k0001 2 32
EXIT_SCOPE 32
REFERENCE sym_k0003 21
ENTER_SCOPE 34 21
DECLARE sym_k0000 1 34
REFERENCE sym_k0000 34
ENTER_SCOPE 35 34
DECLARE sym_k0164 15 35
REFERENCE sym_k0001 35
DECLARE sym_k0007 8 35
DECLARE sym_k0004 5 35
DECLARE sym_k0006 7 35
DECLARE sym_k0001 2 35
REFERENCE sym_k0007 35
DECLARE sym_k0000 1 35
REFERENCE sym_k0001 35
DECLARE sym_k0066 7 35
REFERENCE sym_k0000 35
REFERENCE sym_k0014 35
REFERENCE sym_k0000 35
DECLARE sym_k0002 3 35
REFERENCE sym_k0004 35
DECLARE sym_k0122 3 35
REFERENCE sym_k0002 35
REFERENCE sym_k0000 35
REFERENCE missing_8163 35
DECLARE sym_k0003 4 35
EXIT_SCOPE 35
DECLARE sym_k0013 14 34
REFERENCE sym_k0000 34
DECLARE sym_k0035 6 34
DECLARE sym_k0270 1 34
DECLARE sym_k0020 6 34
DECLARE sym_k0030 1 34
REFERENCE missing_7042 34
REFERENCE sym_k0003 34
DECLARE sym_k0001 2 34
DECLARE sym_k0011 12 34
DECLARE sym_k0018 4 34
DECLARE sym_k0004 5 34
DECLARE sym_k0102 13 34
REFERENCE sym_k0005 34
REFERENCE sym_k0013 34
REFERENCE sym_k0020 34
REFERENCE sym_k0001 34
REFERENCE sym_k0029 34
REFERENCE sym_k0000 34
REFERENCE sym_k0010 34
REFERENCE sym_k0000 34
REFERENCE missing_3442 34
DECLARE sym_k0198 4 34
REFERENCE sym_k0000 34
REFERENCE sym_k0003 34
REFERENCE sym_k0011 34
DECLARE sym_k0008 9 34
ENTER_SCOPE 36 34
DECLARE sym_k0025 11 36
DECLARE sym_k0001 2 36
DECLARE sym_k0002 3 36
DECLARE sym_k0157 8 36
DECLARE sym_k0012 13 36
DECLARE sym_k0000 1 36
REFERENCE sym_k0000 36
DECLARE sym_k0103 14 36
REFERENCE sym_k0018 36
REFERENCE sym_k0000 36
DECLARE sym_k0003 4 36
REFERENCE missing_1896 36
REFERENCE sym_k0001 36
REFERENCE sym_k0000 36
REFERENCE sym_k0007 36
DECLARE sym_k0029 15 36
DECLARE sym_k0006 7 36
REFERENCE missing_6860 36
REFERENCE sym_k0006 36
REFERENCE sym_k0000 36
REFERENCE sym_k0000 36
REFERENCE sym_k0003 36
EXIT_SCOPE 36
REFERENCE sym_k0001 34
REFERENCE sym_k0004 34
DECLARE sym_k0012 13 34
REFERENCE sym_k0001 34
DECLARE sym_k0016 2 34
REFERENCE sym_k0000 34
ENTER_SCOPE 37 34
DECLARE sym_k0000 1 37
DECLARE sym_k0004 5 37
REFERENCE sym_k0000 37
DECLARE sym_k0003 4 37
REFERENCE sym_k0005 37
DECLARE sym_k0023 9 37
EXIT_SCOPE 37
REFERENCE sym_k0019 34
REFERENCE sym_k0005 34
EXIT_SCOPE 34
REFERENCE sym_k0002 21
REFERENCE sym_k0000 21
DECLARE sym_k0094 5 21
REFERENCE sym_k0003 21
DECLARE sym_k0001 2 21
REFERENCE sym_k0006 21
REFERENCE sym_k0005 21
DECLARE sym_k0063 4 21
REFERENCE sym_k0001 21
REFERENCE sym_k0003 21
REFERENCE sym_k0003 21
REFERENCE sym_k0002 21
REFERENCE sym_k0000 21
REFERENCE sym_k0000 21
REFERENCE sym_k0001 21
REFERENCE sym_k0000 21
DECLARE sym_k0025 11 21
DECLARE sym_k0008 9 21
REFERENCE sym_k0039 21
ENTER_SCOPE 38 21
REFERENCE sym_k0000 38
DECLARE sym_k0000 1 38
DECLARE sym_k0001 2 38
DECLARE sym_k0149 15 38
REFERENCE sym_k0006 38
DECLARE sym_k0173 9 38
DECLARE sym_k0007 8 38
REFERENCE sym_k0000 38
DECLARE sym_k0005 6 38
REFERENCE missing_9834 38
REFERENCE sym_k0007 38
ENTER_SCOPE 39 38
REFERENCE sym_k0039 39
REFERENCE sym_k0002 39
DECLARE sym_k0025 11 39
REFERENCE sym_k0001 39
REFERENCE sym_k0002 39
REFERENCE sym_k0002 39
DECLARE sym_k0000 1 39
DECLARE sym_k0039 10 39
DECLARE sym_k0072 13 39
DECLARE sym_k0005 6 39
DECLARE sym_k0031 2 39
DECLARE sym_k0299 15 39
REFERENCE sym_k0000 39
REFERENCE missing_5029 39
REFERENCE sym_k0000 39
DECLARE sym_k0001 2 39
DECLARE sym_k0003 4 39
DECLARE sym_k0027 13 39
EXIT_SCOPE 39
DECLARE sym_k0003 4 38
DECLARE sym_k0025 11 38
DECLARE sym_k0169 5 38
DECLARE sym_k0015 1 38
DECLARE sym_k0002 3 38
REFERENCE sym_k0002 38
REFERENCE sym_k0000 38
REFERENCE sym_k0003 38
REFERENCE sym_k0001 38
DECLARE sym_k0016 2 38
REFERENCE sym_k0000 38
REFERENCE sym_k0006 38
DECLARE sym_k0288 4 38
DECLARE sym_k0159 10 38
REFERENCE sym_k0000 38
DECLARE sym_k0129 10 38
REFERENCE sym_k0001 38
REFERENCE sym_k0001 38
REFERENCE sym_k0000 38
REFERENCE sym_k0002 38
DECLARE sym_k0009 10 38
REFERENCE sym_k0009 38
DECLARE sym_k0029 15 38
REFERENCE sym_k0001 38
DECLARE sym_k0024 10 38
DECLARE sym_k0004 5 38
REFERENCE sym_k0000 38
REFERENCE sym_k0000 38
REFERENCE sym_k0000 38
REFERENCE sym_k0056 38
REFERENCE sym_k0003 38
REFERENCE sym_k0000 38
DECLARE sym_k0006 7 38
REFERENCE sym_k0000 38
REFERENCE sym_k0003 38
REFERENCE sym_k0005 38
REFERENCE sym_k0000 38
DECLARE sym_k0064 5 38
REFERENCE sym_k0000 38
REFERENCE sym_k0004 38
REFERENCE sym_k0003 38
REFERENCE missing_3989 38
REFERENCE sym_k0007 38
DECLARE sym_k0162 13 38
REFERENCE sym_k0002 38
EXIT_SCOPE 38
REFERENCE sym_k0000 21
DECLARE sym_k0048 4 21
DECLARE sym_k0012 13 21
ENTER_SCOPE 40 21
DECLARE sym_k0006 7 40
DECLARE sym_k0018 4 40
DECLARE sym_k0000 1 40
REFERENCE sym_k0000 40
ENTER_SCOPE 41 40
DECLARE sym_k0009 10 41
DECLARE sym_k0001 2 41
DECLARE sym_k0002 3 41
REFERENCE sym_k0001 41
DECLARE sym_k0003 4 41
DECLARE sym_k0007 8 41
EXIT_SCOPE 41
DECLARE sym_k0001 2 40
REFERENCE sym_k0040 40
DECLARE sym_k0002 3 40
DECLARE sym_k0015 1 40
REFERENCE sym_k0000 40
DECLARE sym_k0039 10 40
REFERENCE sym_k0008 40
REFERENCE sym_k0000 40
REFERENCE missing_7388 40
REFERENCE sym_k0039 40
EXIT_SCOPE 40
REFERENCE sym_k0018 21
REFERENCE sym_k0031 21
DECLARE sym_k0002 3 21
DECLARE sym_k0229 5 21
REFERENCE sym_k0000 21
REFERENCE sym_k0000 21
REFERENCE sym_k0012 21
REFERENCE sym_k0033 21
DECLARE sym_k0004 5 21
REFERENCE sym_k0080 21
DECLARE sym_k0087 13 21
ENTER_SCOPE 42 21
REFERENCE sym_k0001 42
DECLARE sym_k0000 1 42
REFERENCE sym_k0001 42
REFERENCE sym_k0003 42
REFERENCE sym_k0031 42
ENTER_SCOPE 43 42
REFERENCE sym_k0000 43
EXIT_SCOPE 43
ENTER_SCOPE 44 42
DECLARE sym_k0223 14 44
DECLARE sym_k0027 13 44
DECLARE sym_k0002 3 44
DECLARE sym_k0019 5 44
DECLARE sym_k0004 5 44
DECLARE sym_k0011 12 44
REFERENCE sym_k0000 44
REFERENCE sym_k0005 44
DECLARE sym_k0000 1 44
REFERENCE sym_k0002 44
DECLARE sym_k0005 6 44
DECLARE sym_k0017 3 44
DECLARE sym_k0014 15 44
REFERENCE missing_6580 44
DECLARE sym_k0013 14 44
REFERENCE missing_1157 44
DECLARE sym_k0001 2 44
DECLARE sym_k0151 2 44
REFERENCE sym_k0000 44
REFERENCE missing_1531 44
DECLARE sym_k0097 8 44
REFERENCE sym_k0001 44
REFERENCE sym_k0000 44
EXIT_SCOPE 44
DECLARE sym_k0002 3 42
REFERENCE sym_k0080 42
REFERENCE sym_k0000 42
DECLARE sym_k0009 10 42
DECLARE sym_k0059 15 42
REFERENCE sym_k0000 42
REFERENCE missing_2421 42
REFERENCE sym_k0000 42
REFERENCE missing_8788 42
REFERENCE sym_k0000 42
DECLARE sym_k0015 1 42
DECLARE sym_k0004 5 42
REFERENCE sym_k0000 42
DECLARE sym_k0023 9 42
REFERENCE sym_k0013 42
DECLARE sym_k0003 4 42
REFERENCE sym_k0003 42
DECLARE sym_k0037 8 42
REFERENCE sym_k0000 42
DECLARE sym_k0033 4 42
REFERENCE sym_k0002 42
DECLARE sym_k0001 2 42
REFERENCE sym_k0005 42
ENTER_SCOPE 45 42
EXIT_SCOPE 45
ENTER_SCOPE 46 42
DECLARE sym_k0027 13 46
DECLARE sym_k0001 2 46
REFERENCE missing_4662 46
REFERENCE missing_2927 46
EXIT_SCOPE 46
EXIT_SCOPE 42
REFERENCE sym_k0002 21
REFERENCE sym_k0001 21
REFERENCE sym_k0001 21
REFERENCE sym_k0000 21
REFERENCE sym_k0000 21
DECLARE sym_k0077 3 21
REFERENCE sym_k0026 21
ENTER_SCOPE 47 21
REFERENCE sym_k0015 47
REFERENCE missing_6886 47
DECLARE sym_k0002 3 47
DECLARE sym_k0073 14 47
DECLARE sym_k0000 1 47
REFERENCE sym_k0000 47
REFERENCE sym_k0000 47
REFERENCE sym_k0000 47
DECLARE sym_k0001 2 47
REFERENCE sym_k0001 47
DECLARE sym_k0014 15 47
DECLARE sym_k0006 7 47
REFERENCE sym_k0000 47
REFERENCE sym_k0000 47
DECLARE sym_k0004 5 47
ENTER_SCOPE 48 47
REFERENCE missing_1027 48
DECLARE sym_k0125 6 48
REFERENCE missing_1871 48
DECLARE sym_k0000 1 48
REFERENCE sym_k0000 48
REFERENCE sym_k0005 48
REFERENCE sym_k0000 48
REFERENCE sym_k0000 48
REFERENCE sym_k0017 48
DECLARE sym_k0004 5 48
REFERENCE sym_k0003 48
REFERENCE sym_k0000 48
REFERENCE sym_k0000 48
DECLARE sym_k0179 15 48
REFERENCE sym_k0018 48
EXIT_SCOPE 48
DECLARE sym_k0010 11 47
DECLARE sym_k0137 3 47
REFERENCE sym_k0005 47
REFERENCE sym_k0000 47
REFERENCE sym_k0001 47
REFERENCE missing_9540 47
DECLARE sym_k0005 6 47
EXIT_SCOPE 47
EXIT_SCOPE 21
EXIT_SCOPE 18
EXIT_SCOPE 4
EXIT_SCOPE 2
EXIT_SCOPE 1
EXIT_SCOPE 0
