# ColliScope Frequency-Matched Synthetic Trace
# Parameters: seed=77, zipf_s=1.244, scope=nested, type=mixed, replicate=3
ENTER_SCOPE 0
DECLARE sym_k0000 1 0
DECLARE sym_k0001 2 0
DECLARE sym_k0002 3 0
DECLARE sym_k0003 4 0
DECLARE sym_k0004 5 0
DECLARE sym_k0005 6 0
DECLARE sym_k0006 7 0
DECLARE sym_k0007 8 0
DECLARE sym_k0008 9 0
DECLARE sym_k0009 10 0
DECLARE sym_k0010 1 0
DECLARE sym_k0011 2 0
DECLARE sym_k0012 3 0
DECLARE sym_k0013 4 0
DECLARE sym_k0014 5 0
DECLARE sym_k0015 6 0
DECLARE sym_k0016 7 0
DECLARE sym_k0017 8 0
DECLARE sym_k0018 9 0
DECLARE sym_k0019 10 0
DECLARE sym_k0020 1 0
DECLARE sym_k0021 2 0
DECLARE sym_k0022 3 0
DECLARE sym_k0023 4 0
DECLARE sym_k0024 5 0
DECLARE sym_k0025 6 0
DECLARE sym_k0026 7 0
DECLARE sym_k0027 8 0
DECLARE sym_k0028 9 0
DECLARE sym_k0029 10 0
DECLARE sym_k0030 1 0
DECLARE sym_k0031 2 0
DECLARE sym_k0032 3 0
DECLARE sym_k0033 4 0
DECLARE sym_k0034 5 0
DECLARE sym_k0035 6 0
DECLARE sym_k0036 7 0
DECLARE sym_k0037 8 0
DECLARE sym_k0038 9 0
DECLARE sym_k0039 10 0
DECLARE sym_k0040 1 0
DECLARE sym_k0041 2 0
DECLARE sym_k0042 3 0
DECLARE sym_k0043 4 0
DECLARE sym_k0044 5 0
DECLARE sym_k0045 6 0
DECLARE sym_k0046 7 0
DECLARE sym_k0047 8 0
DECLARE sym_k0048 9 0
DECLARE sym_k0049 10 0
REFERENCE sym_k0028 0
REFERENCE sym_k0005 0
REFERENCE missing_8802 0
REFERENCE sym_k0000 0
REFERENCE sym_k0001 0
REFERENCE sym_k0001 0
ENTER_SCOPE 1 0
DECLARE sym_k0002 3 1
REFERENCE sym_k0032 1
REFERENCE sym_k0000 1
REFERENCE sym_k0001 1
DECLARE sym_k0029 15 1
DECLARE sym_k0022 8 1
REFERENCE sym_k0007 1
DECLARE sym_k0000 1 1
DECLARE sym_k0001 2 1
EXIT_SCOPE 1
REFERENCE sym_k0007 0
REFERENCE missing_4474 0
REFERENCE sym_k0002 0
REFERENCE sym_k0015 0
REFERENCE sym_k0000 0
REFERENCE sym_k0037 0
REFERENCE sym_k0000 0
REFERENCE sym_k0001 0
REFERENCE missing_7620 0
REFERENCE sym_k0001 0
REFERENCE sym_k0002 0
REFERENCE sym_k0000 0
REFERENCE sym_k0000 0
REFERENCE sym_k0021 0
REFERENCE missing_9123 0
REFERENCE sym_k0000 0
REFERENCE sym_k0002 0
REFERENCE sym_k0000 0
REFERENCE sym_k0003 0
REFERENCE sym_k0000 0
REFERENCE sym_k0000 0
REFERENCE missing_9702 0
ENTER_SCOPE 2 0
REFERENCE sym_k0035 2
REFERENCE sym_k0000 2
REFERENCE missing_8887 2
DECLARE sym_k0035 6 2
REFERENCE sym_k0000 2
REFERENCE sym_k0032 2
REFERENCE sym_k0002 2
REFERENCE sym_k0011 2
DECLARE sym_k0208 14 2
REFERENCE sym_k0000 2
DECLARE sym_k0008 9 2
REFERENCE sym_k0000 2
DECLARE sym_k0003 4 2
EXIT_SCOPE 2
REFERENCE sym_k0000 0
REFERENCE sym_k0024 0
REFERENCE sym_k0000 0
REFERENCE sym_k0002 0
REFERENCE sym_k0000 0
REFERENCE sym_k0003 0
REFERENCE sym_k0028 0
ENTER_SCOPE 3 0
DECLARE sym_k0024 10 3
EXIT_SCOPE 3
ENTER_SCOPE 4 0
REFERENCE missing_4342 4
REFERENCE sym_k0003 4
DECLARE sym_k0107 3 4
REFERENCE sym_k0003 4
DECLARE sym_k0000 1 4
REFERENCE sym_k0000 4
REFERENCE sym_k0037 4
REFERENCE sym_k0000 4
REFERENCE sym_k0009 4
DECLARE sym_k0057 13 4
REFERENCE sym_k0000 4
REFERENCE sym_k0021 4
REFERENCE sym_k0000 4
REFERENCE sym_k0000 4
REFERENCE sym_k0012 4
REFERENCE sym_k0002 4
REFERENCE sym_k0001 4
REFERENCE sym_k0012 4
REFERENCE sym_k0022 4
REFERENCE sym_k0027 4
DECLARE sym_k0012 13 4
DECLARE sym_k0022 8 4
DECLARE sym_k0001 2 4
REFERENCE sym_k0020 4
REFERENCE sym_k0028 4
REFERENCE sym_k0043 4
ENTER_SCOPE 5 4
REFERENCE sym_k0000 5
REFERENCE sym_k0000 5
DECLARE sym_k0001 2 5
DECLARE sym_k0068 9 5
REFERENCE missing_9448 5
REFERENCE sym_k0005 5
DECLARE sym_k0012 13 5
REFERENCE sym_k0004 5
DECLARE sym_k0003 4 5
REFERENCE sym_k0002 5
ENTER_SCOPE 6 5
REFERENCE sym_k0004 6
REFERENCE sym_k0005 6
ENTER_SCOPE 7 6
EXIT_SCOPE 7
EXIT_SCOPE 6
REFERENCE sym_k0046 5
REFERENCE sym_k0005 5
DECLARE sym_k0031 2 5
REFERENCE missing_1738 5
REFERENCE sym_k0000 5
REFERENCE sym_k0001 5
REFERENCE sym_k0001 5
DECLARE sym_k0000 1 5
REFERENCE sym_k0023 5
DECLARE sym_k0051 7 5
DECLARE sym_k0002 3 5
REFERENCE sym_k0000 5
REFERENCE sym_k0002 5
REFERENCE sym_k0000 5
REFERENCE sym_k0001 5
REFERENCE sym_k0003 5
EXIT_SCOPE 5
REFERENCE sym_k0031 4
REFERENCE sym_k0002 4
REFERENCE sym_k0000 4
REFERENCE sym_k0001 4
DECLARE sym_k0003 4 4
REFERENCE sym_k0001 4
REFERENCE sym_k0000 4
DECLARE sym_k0251 12 4
REFERENCE sym_k0000 4
REFERENCE sym_k0018 4
DECLARE sym_k0005 6 4
DECLARE sym_k0042 13 4
REFERENCE sym_k0012 4
REFERENCE sym_k0000 4
REFERENCE sym_k0000 4
ENTER_SCOPE 8 4
DECLARE sym_k0000 1 8
REFERENCE sym_k0012 8
REFERENCE sym_k0000 8
REFERENCE sym_k0000 8
REFERENCE sym_k0001 8
REFERENCE sym_k0000 8
REFERENCE sym_k0042 8
DECLARE sym_k0015 1 8
REFERENCE sym_k0009 8
DECLARE sym_k0029 15 8
REFERENCE sym_k0025 8
REFERENCE sym_k0000 8
REFERENCE sym_k0031 8
ENTER_SCOPE 9 8
DECLARE sym_k0045 1 9
REFERENCE sym_k0004 9
REFERENCE sym_k0001 9
DECLARE sym_k0028 14 9
DECLARE sym_k0000 1 9
DECLARE sym_k0246 7 9
REFERENCE sym_k0000 9
DECLARE sym_k0035 6 9
DECLARE sym_k0011 12 9
DECLARE sym_k0008 9 9
EXIT_SCOPE 9
DECLARE sym_k0013 14 8
REFERENCE sym_k0000 8
REFERENCE sym_k0000 8
ENTER_SCOPE 10 8
REFERENCE sym_k0011 10
DECLARE sym_k0007 8 10
REFERENCE missing_8912 10
DECLARE sym_k0000 1 10
REFERENCE sym_k0005 10
EXIT_SCOPE 10
DECLARE sym_k0054 10 8
REFERENCE sym_k0029 8
REFERENCE sym_k0000 8
REFERENCE sym_k0015 8
REFERENCE sym_k0002 8
REFERENCE sym_k0034 8
DECLARE sym_k0021 7 8
REFERENCE sym_k0008 8
DECLARE sym_k0005 6 8
DECLARE sym_k0004 5 8
REFERENCE sym_k0004 8
REFERENCE sym_k0006 8
DECLARE sym_k0232 8 8
REFERENCE sym_k0000 8
DECLARE sym_k0051 7 8
DECLARE sym_k0109 5 8
REFERENCE sym_k0018 8
REFERENCE missing_3752 8
DECLARE sym_k0079 5 8
DECLARE sym_k0002 3 8
DECLARE sym_k0014 15 8
REFERENCE sym_k0005 8
REFERENCE sym_k0001 8
REFERENCE sym_k0000 8
REFERENCE sym_k0029 8
EXIT_SCOPE 8
REFERENCE sym_k0000 4
REFERENCE sym_k0026 4
REFERENCE sym_k0032 4
REFERENCE sym_k0003 4
REFERENCE sym_k0000 4
DECLARE sym_k0006 7 4
REFERENCE sym_k0007 4
DECLARE sym_k0002 3 4
REFERENCE missing_6464 4
DECLARE sym_k0018 4 4
REFERENCE sym_k0043 4
DECLARE sym_k0020 6 4
REFERENCE sym_k0000 4
ENTER_SCOPE 11 4
DECLARE sym_k0103 14 11
REFERENCE sym_k0001 11
DECLARE sym_k0094 5 11
REFERENCE sym_k0001 11
REFERENCE sym_k0013 11
REFERENCE sym_k0002 11
REFERENCE sym_k0008 11
EXIT_SCOPE 11
REFERENCE sym_k0022 4
REFERENCE missing_3671 4
REFERENCE sym_k0028 4
REFERENCE sym_k0007 4
REFERENCE sym_k0006 4
REFERENCE sym_k0003 4
REFERENCE missing_5752 4
DECLARE sym_k0011 12 4
DECLARE sym_k0035 6 4
REFERENCE sym_k0000 4
REFERENCE sym_k0000 4
REFERENCE sym_k0000 4
REFERENCE sym_k0002 4
REFERENCE sym_k0001 4
REFERENCE missing_1494 4
REFERENCE sym_k0002 4
REFERENCE sym_k0001 4
DECLARE sym_k0110 6 4
REFERENCE sym_k0001 4
DECLARE sym_k0015 1 4
REFERENCE sym_k0002 4
REFERENCE sym_k0000 4
REFERENCE sym_k0003 4
REFERENCE sym_k0030 4
REFERENCE sym_k0000 4
DECLARE sym_k0143 9 4
REFERENCE sym_k0000 4
DECLARE sym_k0017 3 4
REFERENCE missing_1449 4
DECLARE sym_k0024 10 4
DECLARE sym_k0122 3 4
DECLARE sym_k0008 9 4
REFERENCE sym_k0006 4
REFERENCE sym_k0000 4
DECLARE sym_k0072 13 4
ENTER_SCOPE 12 4
REFERENCE sym_k0015 12
REFERENCE sym_k0000 12
REFERENCE sym_k0005 12
DECLARE sym_k0005 6 12
ENTER_SCOPE 13 12
REFERENCE missing_3514 13
REFERENCE sym_k0017 13
REFERENCE sym_k0000 13
REFERENCE sym_k0002 13
DECLARE sym_k0056 12 13
DECLARE sym_k0186 7 13
REFERENCE sym_k0000 13
REFERENCE missing_7808 13
REFERENCE sym_k0038 13
DECLARE sym_k0000 1 13
DECLARE sym_k0001 2 13
REFERENCE sym_k0040 13
REFERENCE sym_k0008 13
REFERENCE sym_k0000 13
DECLARE sym_k0004 5 13
REFERENCE sym_k0001 13
REFERENCE sym_k0000 13
REFERENCE sym_k0000 13
REFERENCE missing_6060 13
EXIT_SCOPE 13
ENTER_SCOPE 14 12
DECLARE sym_k0003 4 14
DECLARE sym_k0002 3 14
DECLARE sym_k0001 2 14
REFERENCE sym_k0000 14
REFERENCE sym_k0003 14
DECLARE sym_k0036 7 14
REFERENCE sym_k0036 14
DECLARE sym_k0000 1 14
REFERENCE sym_k0000 14
REFERENCE sym_k0002 14
REFERENCE missing_9216 14
REFERENCE sym_k0002 14
REFERENCE sym_k0002 14
REFERENCE sym_k0001 14
REFERENCE sym_k0020 14
REFERENCE sym_k0021 14
REFERENCE sym_k0010 14
REFERENCE sym_k0003 14
REFERENCE sym_k0018 14
DECLARE sym_k0004 5 14
REFERENCE sym_k0000 14
REFERENCE sym_k0000 14
REFERENCE missing_7602 14
DECLARE sym_k0074 15 14
REFERENCE missing_1330 14
REFERENCE sym_k0000 14
REFERENCE sym_k0000 14
REFERENCE sym_k0003 14
DECLARE sym_k0297 13 14
REFERENCE sym_k0000 14
REFERENCE sym_k0032 14
REFERENCE sym_k0000 14
REFERENCE sym_k0000 14
REFERENCE sym_k0002 14
DECLARE sym_k0015 1 14
REFERENCE sym_k0017 14
REFERENCE sym_k0000 14
EXIT_SCOPE 14
ENTER_SCOPE 15 12
REFERENCE sym_k0001 15
DECLARE sym_k0001 2 15
DECLARE sym_k0000 1 15
REFERENCE sym_k0000 15
REFERENCE sym_k0037 15
DECLARE sym_k0273 4 15
REFERENCE sym_k0000 15
REFERENCE missing_7858 15
REFERENCE sym_k0000 15
DECLARE sym_k0039 10 15
REFERENCE sym_k0000 15
ENTER_SCOPE 16 15
EXIT_SCOPE 16
REFERENCE sym_k0008 15
DECLARE sym_k0002 3 15
REFERENCE sym_k0001 15
REFERENCE sym_k0002 15
REFERENCE sym_k0000 15
REFERENCE sym_k0001 15
REFERENCE sym_k0001 15
REFERENCE sym_k0004 15
REFERENCE sym_k0000 15
REFERENCE sym_k0000 15
DECLARE sym_k0089 15 15
REFERENCE sym_k0001 15
REFERENCE sym_k0001 15
ENTER_SCOPE 17 15
DECLARE sym_k0003 4 17
ENTER_SCOPE 18 17
REFERENCE sym_k0011 18
DECLARE sym_k0040 11 18
REFERENCE sym_k0002 18
REFERENCE sym_k0000 18
DECLARE sym_k0000 1 18
ENTER_SCOPE 19 18
REFERENCE sym_k0043 19
REFERENCE sym_k0002 19
REFERENCE sym_k0004 19
REFERENCE sym_k0000 19
DECLARE sym_k0006 7 19
REFERENCE missing_1735 19
DECLARE sym_k0041 12 19
ENTER_SCOPE 20 19
DECLARE sym_k0026 12 20
REFERENCE sym_k0251 20
DECLARE sym_k0001 2 20
REFERENCE sym_k0001 20
DECLARE sym_k0013 14 20
DECLARE sym_k0000 1 20
REFERENCE sym_k0001 20
DECLARE sym_k0002 3 20
DECLARE sym_k0147 13 20
DECLARE sym_k0153 4 20
REFERENCE sym_k0001 20
REFERENCE sym_k0025 20
REFERENCE sym_k0000 20
DECLARE sym_k0011 12 20
REFERENCE sym_k0001 20
REFERENCE missing_1593 20
DECLARE sym_k0194 15 20
REFERENCE sym_k0001 20
REFERENCE sym_k0000 20
REFERENCE sym_k0001 20
REFERENCE sym_k0021 20
REFERENCE missing_7129 20
REFERENCE sym_k0000 20
DECLARE sym_k0012 13 20
REFERENCE missing_6250 20
REFERENCE missing_1018 20
EXIT_SCOPE 20
REFERENCE sym_k0000 19
ENTER_SCOPE 21 19
REFERENCE sym_k0000 21
REFERENCE sym_k0001 21
REFERENCE missing_9016 21
EXIT_SCOPE 21
DECLARE sym_k0008 9 19
REFERENCE sym_k0000 19
DECLARE sym_k0000 1 19
ENTER_SCOPE 22 19
REFERENCE sym_k0008 22
DECLARE sym_k0137 3 22
REFERENCE sym_k0000 22
REFERENCE sym_k0041 22
REFERENCE sym_k0003 22
REFERENCE sym_k0000 22
REFERENCE sym_k0000 22
REFERENCE sym_k0006 22
REFERENCE sym_k0013 22
DECLARE sym_k0000 1 22
REFERENCE sym_k0014 22
REFERENCE sym_k0030 22
DECLARE sym_k0004 5 22
REFERENCE sym_k0004 22
DECLARE sym_k0001 2 22
REFERENCE sym_k0000 22
REFERENCE sym_k0017 22
REFERENCE missing_5707 22
REFERENCE sym_k0000 22
DECLARE sym_k0009 10 22
DECLARE sym_k0010 11 22
REFERENCE sym_k0000 22
DECLARE sym_k0002 3 22
EXIT_SCOPE 22
REFERENCE missing_6464 19
DECLARE sym_k0001 2 19
REFERENCE sym_k0002 19
DECLARE sym_k0033 4 19
REFERENCE sym_k0000 19
REFERENCE sym_k0006 19
REFERENCE sym_k0001 19
DECLARE sym_k0058 14 19
REFERENCE sym_k0000 19
REFERENCE sym_k0000 19
EXIT_SCOPE 19
REFERENCE sym_k0000 18
REFERENCE sym_k0016 18
REFERENCE sym_k0001 18
DECLARE sym_k0032 3 18
REFERENCE sym_k0000 18
EXIT_SCOPE 18
DECLARE sym_k0000 1 17
DECLARE sym_k0258 4 17
EXIT_SCOPE 17
DECLARE sym_k0069 10 15
ENTER_SCOPE 23 15
ENTER_SCOPE 24 23
DECLARE sym_k0001 2 24
REFERENCE sym_k0001 24
ENTER_SCOPE 25 24
REFERENCE sym_k0046 25
DECLARE sym_k0001 2 25
REFERENCE sym_k0003 25
REFERENCE sym_k0014 25
DECLARE sym_k0078 4 25
REFERENCE sym_k0000 25
REFERENCE sym_k0024 25
REFERENCE sym_k0001 25
REFERENCE sym_k0045 25
DECLARE sym_k0045 1 25
DECLARE sym_k0059 15 25
REFERENCE sym_k0002 25
DECLARE sym_k0072 13 25
REFERENCE sym_k0019 25
DECLARE sym_k0004 5 25
REFERENCE sym_k0000 25
REFERENCE missing_3031 25
DECLARE sym_k0039 10 25
EXIT_SCOPE 25
REFERENCE sym_k0007 24
REFERENCE sym_k0001 24
DECLARE sym_k0000 1 24
REFERENCE sym_k0000 24
EXIT_SCOPE 24
DECLARE sym_k0001 2 23
REFERENCE sym_k0000 23
DECLARE sym_k0052 8 23
REFERENCE missing_7956 23
DECLARE sym_k0000 1 23
DECLARE sym_k0003 4 23
REFERENCE sym_k0023 23
DECLARE sym_k0054 10 23
DECLARE sym_k0180 1 23
REFERENCE sym_k0006 23
REFERENCE sym_k0003 23
ENTER_SCOPE 26 23
REFERENCE sym_k0000 26
ENTER_SCOPE 27 26
REFERENCE sym_k0003 27
REFERENCE missing_3649 27
REFERENCE sym_k0003 27
REFERENCE sym_k0000 27
REFERENCE sym_k0000 27
DECLARE sym_k0005 6 27
REFERENCE sym_k0021 27
REFERENCE sym_k0000 27
REFERENCE sym_k0010 27
REFERENCE sym_k0000 27
DECLARE sym_k0001 2 27
REFERENCE sym_k0019 27
REFERENCE sym_k0009 27
REFERENCE sym_k0002 27
REFERENCE sym_k0000 27
DECLARE sym_k0000 1 27
DECLARE sym_k0007 8 27
REFERENCE sym_k0002 27
DECLARE sym_k0030 1 27
REFERENCE sym_k0002 27
REFERENCE missing_2562 27
DECLARE sym_k0067 8 27
REFERENCE sym_k0110 27
REFERENCE sym_k0000 27
REFERENCE sym_k0001 27
REFERENCE sym_k0000 27
REFERENCE sym_k0000 27
REFERENCE sym_k0001 27
REFERENCE missing_9872 27
REFERENCE sym_k0000 27
REFERENCE sym_k0006 27
EXIT_SCOPE 27
REFERENCE sym_k0002 26
REFERENCE missing_4413 26
DECLARE sym_k0017 3 26
DECLARE sym_k0001 2 26
REFERENCE sym_k0001 26
DECLARE sym_k0000 1 26
DECLARE sym_k0067 8 26
DECLARE sym_k0003 4 26
REFERENCE sym_k0000 26
ENTER_SCOPE 28 26
REFERENCE sym_k0003 28
DECLARE sym_k0144 10 28
ENTER_SCOPE 29 28
DECLARE sym_k0000 1 29
REFERENCE missing_4527 29
REFERENCE sym_k0057 29
REFERENCE sym_k0000 29
DECLARE sym_k0035 6 29
REFERENCE sym_k0049 29
REFERENCE sym_k0001 29
REFERENCE missing_2357 29
DECLARE sym_k0002 3 29
REFERENCE sym_k0029 29
REFERENCE sym_k0001 29
REFERENCE sym_k0072 29
REFERENCE sym_k0015 29
REFERENCE sym_k0000 29
DECLARE sym_k0046 2 29
REFERENCE sym_k0000 29
REFERENCE sym_k0000 29
DECLARE sym_k0004 5 29
REFERENCE missing_4251 29
DECLARE sym_k0036 7 29
REFERENCE sym_k0004 29
REFERENCE missing_6214 29
REFERENCE sym_k0010 29
REFERENCE sym_k0024 29
REFERENCE sym_k0000 29
REFERENCE sym_k0000 29
REFERENCE sym_k0004 29
REFERENCE sym_k0000 29
REFERENCE sym_k0003 29
REFERENCE sym_k0007 29
REFERENCE sym_k0000 29
EXIT_SCOPE 29
REFERENCE sym_k0004 28
REFERENCE missing_2972 28
DECLARE sym_k0006 7 28
DECLARE sym_k0048 4 28
REFERENCE sym_k0037 28
DECLARE sym_k0004 5 28
DECLARE sym_k0009 10 28
ENTER_SCOPE 30 28
DECLARE sym_k0042 13 30
REFERENCE sym_k0009 30
DECLARE sym_k0000 1 30
REFERENCE sym_k0001 30
DECLARE sym_k0040 11 30
REFERENCE sym_k0000 30
REFERENCE sym_k0001 30
DECLARE sym_k0154 5 30
REFERENCE sym_k0000 30
REFERENCE sym_k0000 30
REFERENCE sym_k0010 30
DECLARE sym_k0005 6 30
EXIT_SCOPE 30
DECLARE sym_k0000 1 28
REFERENCE sym_k0000 28
REFERENCE sym_k0052 28
REFERENCE sym_k0000 28
REFERENCE missing_4684 28
DECLARE sym_k0021 7 28
REFERENCE sym_k0000 28
REFERENCE sym_k0000 28
DECLARE sym_k0003 4 28
REFERENCE sym_k0000 28
REFERENCE missing_6299 28
DECLARE sym_k0020 6 28
DECLARE sym_k0245 6 28
REFERENCE sym_k0000 28
DECLARE sym_k0019 5 28
EXIT_SCOPE 28
REFERENCE missing_7016 26
REFERENCE sym_k0003 26
DECLARE sym_k0006 7 26
EXIT_SCOPE 26
REFERENCE sym_k0000 23
REFERENCE sym_k0003 23
REFERENCE sym_k0000 23
DECLARE sym_k0019 5 23
REFERENCE sym_k0042 23
REFERENCE sym_k0001 23
DECLARE sym_k0004 5 23
DECLARE sym_k0045 1 23
REFERENCE sym_k0004 23
REFERENCE sym_k0005 23
DECLARE sym_k0166 2 23
DECLARE sym_k0007 8 23
REFERENCE sym_k0000 23
REFERENCE sym_k0011 23
REFERENCE sym_k0003 23
REFERENCE sym_k0000 23
REFERENCE sym_k0000 23
REFERENCE sym_k0005 23
REFERENCE sym_k0000 23
EXIT_SCOPE 23
REFERENCE sym_k0000 15
DECLARE sym_k0003 4 15
REFERENCE missing_3956 15
REFERENCE sym_k0003 15
REFERENCE sym_k0001 15
DECLARE sym_k0050 6 15
REFERENCE sym_k0007 15
EXIT_SCOPE 15
DECLARE sym_k0001 2 12
REFERENCE missing_4796 12
REFERENCE sym_k0000 12
REFERENCE sym_k0002 12
ENTER_SCOPE 31 12
DECLARE sym_k0080 6 31
REFERENCE sym_k0019 31
REFERENCE sym_k0037 31
REFERENCE missing_2976 31
DECLARE sym_k0000 1 31
REFERENCE sym_k0000 31
REFERENCE sym_k0044 31
REFERENCE sym_k0011 31
ENTER_SCOPE 32 31
DECLARE sym_k0000 1 32
ENTER_SCOPE 33 32
REFERENCE sym_k0008 33
DECLARE sym_k0000 1 33
DECLARE sym_k0001 2 33
DECLARE sym_k0027 13 33
REFERENCE sym_k0000 33
ENTER_SCOPE 34 33
DECLARE sym_k0040 11 34
DECLARE sym_k0019 5 34
REFERENCE sym_k0001 34
EXIT_SCOPE 34
DECLARE sym_k0093 4 33
REFERENCE sym_k0007 33
REFERENCE sym_k0001 33
REFERENCE sym_k0022 33
REFERENCE sym_k0000 33
REFERENCE sym_k0001 33
REFERENCE sym_k0024 33
DECLARE sym_k0152 3 33
REFERENCE missing_2977 33
REFERENCE missing_4308 33
ENTER_SCOPE 35 33
REFERENCE sym_k0001 35
DECLARE sym_k0001 2 35
REFERENCE sym_k0005 35
REFERENCE sym_k0001 35
REFERENCE sym_k0000 35
DECLARE sym_k0242 3 35
DECLARE sym_k0000 1 35
DECLARE sym_k0025 11 35
REFERENCE missing_3939 35
REFERENCE sym_k0001 35
DECLARE sym_k0084 10 35
REFERENCE sym_k0007 35
REFERENCE sym_k0000 35
REFERENCE sym_k0005 35
REFERENCE missing_3479 35
REFERENCE sym_k0000 35
DECLARE sym_k0002 3 35
REFERENCE sym_k0000 35
DECLARE sym_k0024 10 35
REFERENCE sym_k0004 35
REFERENCE sym_k0003 35
REFERENCE sym_k0002 35
REFERENCE sym_k0002 35
DECLARE sym_k0013 14 35
REFERENCE missing_2981 35
REFERENCE sym_k0002 35
ENTER_SCOPE 36 35
DECLARE sym_k0045 1 36
REFERENCE sym_k0017 36
REFERENCE sym_k0005 36
REFERENCE sym_k0008 36
DECLARE sym_k0002 3 36
DECLARE sym_k0005 6 36
DECLARE sym_k0014 15 36
DECLARE sym_k0035 6 36
REFERENCE sym_k0000 36
EXIT_SCOPE 36
DECLARE sym_k0014 15 35
REFERENCE sym_k0000 35
REFERENCE sym_k0001 35
REFERENCE sym_k0003 35
ENTER_SCOPE 37 35
DECLARE sym_k0000 1 37
DECLARE sym_k0004 5 37
EXIT_SCOPE 37
DECLARE sym_k0059 15 35
DECLARE sym_k0108 4 35
REFERENCE sym_k0001 35
REFERENCE sym_k0018 35
DECLARE sym_k0057 13 35
REFERENCE sym_k0152 35
REFERENCE sym_k0000 35
REFERENCE sym_k0012 35
REFERENCE sym_k0000 35
DECLARE sym_k0003 4 35
DECLARE sym_k0004 5 35
REFERENCE sym_k0000 35
REFERENCE sym_k0000 35
ENTER_SCOPE 38 35
REFERENCE sym_k0001 38
DECLARE sym_k0000 1 38
REFERENCE missing_5901 38
REFERENCE missing_5975 38
REFERENCE sym_k0000 38
DECLARE sym_k0014 15 38
REFERENCE sym_k0001 38
REFERENCE sym_k0001 38
DECLARE sym_k0001 2 38
REFERENCE sym_k0009 38
DECLARE sym_k0007 8 38
EXIT_SCOPE 38
REFERENCE sym_k0028 35
REFERENCE sym_k0002 35
REFERENCE sym_k0003 35
ENTER_SCOPE 39 35
REFERENCE sym_k0009 39
DECLARE sym_k0013 14 39
DECLARE sym_k0001 2 39
REFERENCE sym_k0021 39
REFERENCE sym_k0001 39
REFERENCE sym_k0013 39
EXIT_SCOPE 39
REFERENCE sym_k0006 35
DECLARE sym_k0029 15 35
REFERENCE sym_k0000 35
REFERENCE sym_k0002 35
REFERENCE sym_k0000 35
REFERENCE sym_k0001 35
DECLARE sym_k0005 6 35
REFERENCE sym_k0003 35
REFERENCE sym_k0000 35
REFERENCE sym_k0005 35
REFERENCE sym_k0001 35
DECLARE sym_k0034 5 35
REFERENCE sym_k0000 35
REFERENCE missing_6029 35
REFERENCE sym_k0000 35
REFERENCE sym_k0001 35
REFERENCE sym_k0002 35
REFERENCE sym_k0002 35
REFERENCE sym_k0003 35
DECLARE sym_k0187 8 35
REFERENCE missing_6425 35
REFERENCE sym_k0000 35
REFERENCE sym_k0037 35
REFERENCE sym_k0002 35
EXIT_SCOPE 35
REFERENCE sym_k0004 33
REFERENCE sym_k0010 33
DECLARE sym_k0089 15 33
REFERENCE sym_k0000 33
REFERENCE sym_k0000 33
REFERENCE sym_k0000 33
REFERENCE sym_k0029 33
ENTER_SCOPE 40 33
REFERENCE sym_k0002 40
DECLARE sym_k0001 2 40
REFERENCE sym_k0000 40
DECLARE sym_k0002 3 40
DECLARE sym_k0005 6 40
REFERENCE sym_k0001 40
REFERENCE sym_k0001 40
DECLARE sym_k0267 13 40
REFERENCE sym_k0007 40
REFERENCE sym_k0001 40
REFERENCE sym_k0001 40
REFERENCE sym_k0027 40
REFERENCE sym_k0001 40
ENTER_SCOPE 41 40
DECLARE sym_k0001 2 41
REFERENCE sym_k0019 41
DECLARE sym_k0000 1 41
DECLARE sym_k0004 5 41
REFERENCE sym_k0004 41
REFERENCE sym_k0000 41
DECLARE sym_k0011 12 41
REFERENCE sym_k0034 41
DECLARE sym_k0031 2 41
REFERENCE sym_k0001 41
REFERENCE sym_k0000 41
EXIT_SCOPE 41
REFERENCE sym_k0039 40
REFERENCE sym_k0000 40
REFERENCE sym_k0001 40
REFERENCE sym_k0000 40
REFERENCE sym_k0019 40
REFERENCE sym_k0005 40
DECLARE sym_k0003 4 40
REFERENCE sym_k0002 40
DECLARE sym_k0012 13 40
DECLARE sym_k0000 1 40
REFERENCE sym_k0000 40
REFERENCE sym_k0000 40
DECLARE sym_k0014 15 40
REFERENCE missing_6256 40
REFERENCE sym_k0000 40
REFERENCE missing_5474 40
REFERENCE sym_k0023 40
REFERENCE missing_4510 40
ENTER_SCOPE 42 40
REFERENCE sym_k0019 42
DECLARE sym_k0000 1 42
EXIT_SCOPE 42
REFERENCE sym_k0003 40
DECLARE sym_k0019 5 40
REFERENCE sym_k0005 40
ENTER_SCOPE 43 40
DECLARE sym_k0000 1 43
EXIT_SCOPE 43
EXIT_SCOPE 40
REFERENCE missing_8400 33
REFERENCE sym_k0001 33
DECLARE sym_k0037 8 33
DECLARE sym_k0002 3 33
REFERENCE sym_k0032 33
REFERENCE sym_k0002 33
REFERENCE sym_k0001 33
DECLARE sym_k0011 12 33
REFERENCE sym_k0003 33
REFERENCE sym_k0034 33
REFERENCE sym_k0000 33
DECLARE sym_k0136 2 33
REFERENCE sym_k0000 33
REFERENCE sym_k0002 33
REFERENCE sym_k0001 33
REFERENCE sym_k0001 33
ENTER_SCOPE 44 33
DECLARE sym_k0000 1 44
DECLARE sym_k0034 5 44
REFERENCE sym_k0034 44
REFERENCE sym_k0004 44
DECLARE sym_k0010 11 44
REFERENCE sym_k0000 44
REFERENCE sym_k0009 44
DECLARE sym_k0032 3 44
DECLARE sym_k0183 4 44
REFERENCE missing_3268 44
REFERENCE sym_k0007 44
DECLARE sym_k0064 5 44
REFERENCE sym_k0002 44
REFERENCE sym_k0000 44
ENTER_SCOPE 45 44
DECLARE sym_k0002 3 45
REFERENCE missing_7851 45
EXIT_SCOPE 45
DECLARE sym_k0014 15 44
REFERENCE sym_k0004 44
DECLARE sym_k0004 5 44
REFERENCE sym_k0000 44
REFERENCE sym_k0000 44
REFERENCE sym_k0010 44
REFERENCE sym_k0008 44
REFERENCE missing_7582 44
REFERENCE sym_k0001 44
DECLARE sym_k0208 14 44
DECLARE sym_k0007 8 44
DECLARE sym_k0003 4 44
REFERENCE sym_k0030 44
DECLARE sym_k0044 15 44
ENTER_SCOPE 46 44
DECLARE sym_k0000 1 46
REFERENCE sym_k0000 46
REFERENCE sym_k0004 46
REFERENCE sym_k0000 46
REFERENCE sym_k0001 46
REFERENCE sym_k0000 46
REFERENCE sym_k0014 46
DECLARE sym_k0003 4 46
REFERENCE missing_5133 46
REFERENCE sym_k0000 46
DECLARE sym_k0014 15 46
REFERENCE sym_k0016 46
REFERENCE sym_k0000 46
DECLARE sym_k0020 6 46
DECLARE sym_k0036 7 46
DECLARE sym_k0002 3 46
DECLARE sym_k0001 2 46
EXIT_SCOPE 46
REFERENCE sym_k0033 44
DECLARE sym_k0011 12 44
ENTER_SCOPE 47 44
DECLARE sym_k0000 1 47
REFERENCE sym_k0000 47
REFERENCE missing_7244 47
REFERENCE sym_k0029 47
REFERENCE sym_k0003 47
DECLARE sym_k0006 7 47
DECLARE sym_k0020 6 47
DECLARE sym_k0016 2 47
DECLARE sym_k0004 5 47
DECLARE sym_k0100 11 47
REFERENCE missing_8110 47
EXIT_SCOPE 47
REFERENCE sym_k0001 44
REFERENCE sym_k0000 44
REFERENCE sym_k0000 44
REFERENCE sym_k0000 44
REFERENCE sym_k0000 44
REFERENCE sym_k0012 44
REFERENCE sym_k0007 44
ENTER_SCOPE 48 44
REFERENCE sym_k0000 48
EXIT_SCOPE 48
DECLARE sym_k0087 13 44
DECLARE sym_k0018 4 44
REFERENCE sym_k0000 44
DECLARE sym_k0001 2 44
REFERENCE sym_k0000 44
ENTER_SCOPE 49 44
REFERENCE sym_k0002 49
DECLARE sym_k0017 3 49
REFERENCE sym_k0001 49
DECLARE sym_k0079 5 49
REFERENCE sym_k0000 49
EXIT_SCOPE 49
EXIT_SCOPE 44
EXIT_SCOPE 33
EXIT_SCOPE 32
EXIT_SCOPE 31
EXIT_SCOPE 12
EXIT_SCOPE 4
EXIT_SCOPE 0
