# ColliScope Frequency-Matched Synthetic Trace
# Parameters: seed=75, zipf_s=1.244, scope=nested, type=mixed, replicate=1
ENTER_SCOPE 0
DECLARE sym_k0000 1 0
DECLARE sym_k0001 2 0
DECLARE sym_k0002 3 0
DECLARE sym_k0003 4 0
DECLARE sym_k0004 5 0
DECLARE sym_k0005 6 0
DECLARE sym_k0006 7 0
DECLARE sym_k0007 8 0
DECLARE sym_k0008 9 0
DECLARE sym_k0009 10 0
DECLARE sym_k0010 1 0
DECLARE sym_k0011 2 0
DECLARE sym_k0012 3 0
DECLARE sym_k0013 4 0
DECLARE sym_k0014 5 0
DECLARE sym_k0015 6 0
DECLARE sym_k0016 7 0
DECLARE sym_k0017 8 0
DECLARE sym_k0018 9 0
DECLARE sym_k0019 10 0
DECLARE sym_k0020 1 0
DECLARE sym_k0021 2 0
DECLARE sym_k0022 3 0
DECLARE sym_k0023 4 0
DECLARE sym_k0024 5 0
DECLARE sym_k0025 6 0
DECLARE sym_k0026 7 0
DECLARE sym_k0027 8 0
DECLARE sym_k0028 9 0
DECLARE sym_k0029 10 0
DECLARE sym_k0030 1 0
DECLARE sym_k0031 2 0
DECLARE sym_k0032 3 0
DECLARE sym_k0033 4 0
DECLARE sym_k0034 5 0
DECLARE sym_k0035 6 0
DECLARE sym_k0036 7 0
DECLARE sym_k0037 8 0
DECLARE sym_k0038 9 0
DECLARE sym_k0039 10 0
DECLARE sym_k0040 1 0
DECLARE sym_k0041 2 0
DECLARE sym_k0042 3 0
DECLARE sym_k0043 4 0
DECLARE sym_k0044 5 0
DECLARE sym_k0045 6 0
DECLARE sym_k0046 7 0
DECLARE sym_k0047 8 0
DECLARE sym_k0048 9 0
DECLARE sym_k0049 10 0
REFERENCE sym_k0000 0
REFERENCE sym_k0000 0
ENTER_SCOPE 1 0
REFERENCE sym_k0011 1
REFERENCE sym_k0012 1
REFERENCE sym_k0012 1
REFERENCE missing_6193 1
REFERENCE sym_k0021 1
DECLARE sym_k0114 10 1
REFERENCE sym_k0022 1
REFERENCE sym_k0030 1
DECLARE sym_k0000 1 1
REFERENCE sym_k0002 1
REFERENCE sym_k0039 1
REFERENCE sym_k0000 1
REFERENCE sym_k0000 1
DECLARE sym_k0245 6 1
REFERENCE sym_k0000 1
DECLARE sym_k0038 9 1
REFERENCE missing_1910 1
DECLARE sym_k0047 3 1
DECLARE sym_k0002 3 1
ENTER_SCOPE 2 1
REFERENCE sym_k0011 2
REFERENCE sym_k0044 2
DECLARE sym_k0238 14 2
DECLARE sym_k0000 1 2
REFERENCE sym_k0001 2
DECLARE sym_k0002 3 2
REFERENCE missing_1435 2
REFERENCE sym_k0000 2
DECLARE sym_k0283 14 2
ENTER_SCOPE 3 2
REFERENCE sym_k0008 3
DECLARE sym_k0000 1 3
REFERENCE sym_k0000 3
DECLARE sym_k0044 15 3
REFERENCE sym_k0000 3
REFERENCE sym_k0000 3
DECLARE sym_k0028 14 3
DECLARE sym_k0026 12 3
DECLARE sym_k0002 3 3
REFERENCE sym_k0018 3
ENTER_SCOPE 4 3
DECLARE sym_k0038 9 4
REFERENCE sym_k0007 4
REFERENCE sym_k0000 4
DECLARE sym_k0004 5 4
REFERENCE sym_k0002 4
REFERENCE sym_k0003 4
ENTER_SCOPE 5 4
REFERENCE sym_k0003 5
REFERENCE sym_k0000 5
REFERENCE sym_k0000 5
REFERENCE sym_k0003 5
REFERENCE sym_k0031 5
REFERENCE sym_k0022 5
REFERENCE sym_k0001 5
DECLARE sym_k0013 14 5
DECLARE sym_k0023 9 5
REFERENCE sym_k0017 5
DECLARE sym_k0039 10 5
DECLARE sym_k0172 8 5
DECLARE sym_k0003 4 5
DECLARE sym_k0009 10 5
DECLARE sym_k0012 13 5
REFERENCE missing_3009 5
DECLARE sym_k0000 1 5
REFERENCE sym_k0000 5
DECLARE sym_k0001 2 5
ENTER_SCOPE 6 5
REFERENCE sym_k0014 6
REFERENCE sym_k0013 6
REFERENCE sym_k0024 6
DECLARE sym_k0000 1 6
REFERENCE sym_k0047 6
DECLARE sym_k0010 11 6
DECLARE sym_k0024 10 6
REFERENCE sym_k0000 6
REFERENCE sym_k0000 6
REFERENCE sym_k0015 6
DECLARE sym_k0001 2 6
REFERENCE missing_8681 6
REFERENCE sym_k0006 6
REFERENCE sym_k0015 6
REFERENCE missing_7086 6
DECLARE sym_k0002 3 6
DECLARE sym_k0005 6 6
DECLARE sym_k0015 1 6
REFERENCE sym_k0001 6
REFERENCE sym_k0001 6
REFERENCE sym_k0003 6
REFERENCE sym_k0238 6
DECLARE sym_k0004 5 6
ENTER_SCOPE 7 6
DECLARE sym_k0001 2 7
DECLARE sym_k0061 2 7
DECLARE sym_k0013 14 7
REFERENCE sym_k0019 7
REFERENCE sym_k0000 7
REFERENCE sym_k0016 7
DECLARE sym_k0003 4 7
DECLARE sym_k0000 1 7
REFERENCE missing_1863 7
DECLARE sym_k0004 5 7
REFERENCE sym_k0000 7
REFERENCE sym_k0000 7
EXIT_SCOPE 7
REFERENCE sym_k0000 6
REFERENCE sym_k0000 6
REFERENCE sym_k0000 6
REFERENCE sym_k0003 6
ENTER_SCOPE 8 6
REFERENCE sym_k0000 8
DECLARE sym_k0037 8 8
DECLARE sym_k0000 1 8
REFERENCE sym_k0002 8
EXIT_SCOPE 8
REFERENCE sym_k0000 6
REFERENCE sym_k0008 6
REFERENCE sym_k0001 6
DECLARE sym_k0037 8 6
REFERENCE sym_k0000 6
REFERENCE sym_k0006 6
REFERENCE missing_3571 6
ENTER_SCOPE 9 6
EXIT_SCOPE 9
REFERENCE sym_k0000 6
REFERENCE missing_6951 6
REFERENCE sym_k0000 6
EXIT_SCOPE 6
REFERENCE sym_k0000 5
REFERENCE sym_k0002 5
REFERENCE sym_k0044 5
DECLARE sym_k0008 9 5
REFERENCE missing_4307 5
DECLARE sym_k0026 12 5
REFERENCE sym_k0002 5
REFERENCE sym_k0000 5
ENTER_SCOPE 10 5
REFERENCE sym_k0026 10
EXIT_SCOPE 10
REFERENCE sym_k0000 5
EXIT_SCOPE 5
REFERENCE missing_9198 4
EXIT_SCOPE 4
REFERENCE sym_k0002 3
DECLARE sym_k0147 13 3
ENTER_SCOPE 11 3
REFERENCE sym_k0020 11
REFERENCE sym_k0000 11
DECLARE sym_k0000 1 11
DECLARE sym_k0183 4 11
ENTER_SCOPE 12 11
ENTER_SCOPE 13 12
REFERENCE sym_k0001 13
DECLARE sym_k0004 5 13
REFERENCE sym_k0000 13
DECLARE sym_k0000 1 13
REFERENCE sym_k0040 13
ENTER_SCOPE 14 13
DECLARE sym_k0011 12 14
REFERENCE missing_9001 14
EXIT_SCOPE 14
EXIT_SCOPE 13
REFERENCE sym_k0039 12
DECLARE sym_k0035 6 12
REFERENCE sym_k0006 12
DECLARE sym_k0001 2 12
REFERENCE sym_k0046 12
DECLARE sym_k0002 3 12
REFERENCE sym_k0002 12
REFERENCE sym_k0000 12
REFERENCE sym_k0003 12
REFERENCE sym_k0000 12
DECLARE sym_k0000 1 12
REFERENCE missing_2694 12
ENTER_SCOPE 15 12
REFERENCE sym_k0000 15
REFERENCE sym_k0009 15
REFERENCE sym_k0000 15
DECLARE sym_k0000 1 15
REFERENCE sym_k0000 15
REFERENCE sym_k0005 15
DECLARE sym_k0045 1 15
REFERENCE sym_k0001 15
DECLARE sym_k0022 8 15
REFERENCE sym_k0000 15
REFERENCE sym_k0000 15
DECLARE sym_k0010 11 15
REFERENCE missing_6128 15
DECLARE sym_k0027 13 15
DECLARE sym_k0028 14 15
EXIT_SCOPE 15
REFERENCE missing_2334 12
DECLARE sym_k0123 4 12
REFERENCE sym_k0001 12
REFERENCE sym_k0001 12
REFERENCE sym_k0002 12
REFERENCE sym_k0001 12
EXIT_SCOPE 12
DECLARE sym_k0024 10 11
REFERENCE missing_4532 11
REFERENCE sym_k0004 11
REFERENCE missing_4938 11
REFERENCE sym_k0000 11
REFERENCE sym_k0000 11
REFERENCE sym_k0002 11
DECLARE sym_k0005 6 11
DECLARE sym_k0016 2 11
ENTER_SCOPE 16 11
DECLARE sym_k0005 6 16
REFERENCE sym_k0038 16
REFERENCE sym_k0026 16
DECLARE sym_k0026 12 16
DECLARE sym_k0042 13 16
REFERENCE sym_k0009 16
DECLARE sym_k0000 1 16
REFERENCE sym_k0000 16
REFERENCE sym_k0000 16
REFERENCE sym_k0000 16
REFERENCE sym_k0003 16
REFERENCE sym_k0036 16
DECLARE sym_k0033 4 16
REFERENCE sym_k0004 16
EXIT_SCOPE 16
REFERENCE sym_k0001 11
REFERENCE sym_k0009 11
REFERENCE sym_k0002 11
REFERENCE sym_k0005 11
DECLARE sym_k0001 2 11
DECLARE sym_k0006 7 11
REFERENCE sym_k0000 11
REFERENCE sym_k0013 11
REFERENCE sym_k0018 11
REFERENCE sym_k0000 11
REFERENCE sym_k0000 11
REFERENCE sym_k0000 11
DECLARE sym_k0013 14 11
REFERENCE sym_k0016 11
REFERENCE sym_k0013 11
REFERENCE sym_k0007 11
DECLARE sym_k0025 11 11
REFERENCE sym_k0004 11
REFERENCE sym_k0009 11
ENTER_SCOPE 17 11
ENTER_SCOPE 18 17
DECLARE sym_k0000 1 18
REFERENCE sym_k0036 18
REFERENCE sym_k0002 18
DECLARE sym_k0109 5 18
REFERENCE sym_k0026 18
REFERENCE sym_k0031 18
REFERENCE sym_k0000 18
DECLARE sym_k0004 5 18
DECLARE sym_k0063 4 18
REFERENCE sym_k0005 18
REFERENCE sym_k0002 18
REFERENCE sym_k0000 18
DECLARE sym_k0005 6 18
DECLARE sym_k0011 12 18
DECLARE sym_k0002 3 18
DECLARE sym_k0019 5 18
REFERENCE sym_k0000 18
REFERENCE sym_k0016 18
EXIT_SCOPE 18
DECLARE sym_k0000 1 17
REFERENCE missing_3031 17
REFERENCE sym_k0004 17
DECLARE sym_k0118 14 17
REFERENCE sym_k0002 17
REFERENCE sym_k0000 17
REFERENCE sym_k0000 17
ENTER_SCOPE 19 17
REFERENCE sym_k0025 19
DECLARE sym_k0059 15 19
DECLARE sym_k0001 2 19
REFERENCE sym_k0001 19
EXIT_SCOPE 19
REFERENCE sym_k0019 17
REFERENCE sym_k0002 17
REFERENCE sym_k0017 17
ENTER_SCOPE 20 17
REFERENCE sym_k0001 20
DECLARE sym_k0054 10 20
REFERENCE sym_k0001 20
REFERENCE sym_k0006 20
EXIT_SCOPE 20
REFERENCE sym_k0041 17
REFERENCE sym_k0000 17
REFERENCE sym_k0007 17
DECLARE sym_k0067 8 17
REFERENCE sym_k0000 17
REFERENCE sym_k0000 17
REFERENCE sym_k0012 17
REFERENCE sym_k0000 17
DECLARE sym_k0007 8 17
REFERENCE sym_k0007 17
DECLARE sym_k0167 3 17
REFERENCE sym_k0005 17
REFERENCE sym_k0024 17
DECLARE sym_k0005 6 17
REFERENCE sym_k0003 17
REFERENCE sym_k0003 17
REFERENCE sym_k0000 17
REFERENCE sym_k0002 17
DECLARE sym_k0001 2 17
REFERENCE sym_k0000 17
DECLARE sym_k0287 3 17
REFERENCE sym_k0000 17
REFERENCE missing_6332 17
REFERENCE sym_k0002 17
ENTER_SCOPE 21 17
DECLARE sym_k0001 2 21
REFERENCE sym_k0016 21
DECLARE sym_k0012 13 21
REFERENCE sym_k0001 21
REFERENCE sym_k0001 21
REFERENCE sym_k0009 21
EXIT_SCOPE 21
REFERENCE sym_k0047 17
REFERENCE sym_k0000 17
REFERENCE missing_9787 17
REFERENCE sym_k0011 17
REFERENCE sym_k0034 17
REFERENCE missing_3054 17
DECLARE sym_k0002 3 17
REFERENCE sym_k0002 17
DECLARE sym_k0284 15 17
REFERENCE sym_k0002 17
DECLARE sym_k0039 10 17
REFERENCE sym_k0001 17
REFERENCE sym_k0005 17
REFERENCE sym_k0001 17
DECLARE sym_k0042 13 17
REFERENCE sym_k0005 17
REFERENCE sym_k0001 17
DECLARE sym_k0014 15 17
DECLARE sym_k0015 1 17
DECLARE sym_k0003 4 17
REFERENCE sym_k0013 17
DECLARE sym_k0006 7 17
DECLARE sym_k0195 1 17
REFERENCE sym_k0028 17
DECLARE sym_k0062 3 17
REFERENCE sym_k0007 17
REFERENCE sym_k0003 17
REFERENCE sym_k0002 17
REFERENCE missing_8574 17
REFERENCE sym_k0015 17
REFERENCE sym_k0012 17
REFERENCE sym_k0001 17
REFERENCE sym_k0016 17
REFERENCE sym_k0005 17
DECLARE sym_k0220 11 17
REFERENCE sym_k0000 17
REFERENCE sym_k0000 17
REFERENCE sym_k0002 17
REFERENCE missing_8632 17
REFERENCE sym_k0000 17
REFERENCE sym_k0007 17
REFERENCE sym_k0000 17
REFERENCE sym_k0010 17
REFERENCE sym_k0000 17
REFERENCE sym_k0043 17
REFERENCE sym_k0016 17
REFERENCE sym_k0007 17
REFERENCE missing_4322 17
ENTER_SCOPE 22 17
ENTER_SCOPE 23 22
REFERENCE sym_k0001 23
REFERENCE sym_k0014 23
REFERENCE sym_k0000 23
REFERENCE sym_k0002 23
REFERENCE missing_7470 23
EXIT_SCOPE 23
REFERENCE sym_k0000 22
DECLARE sym_k0003 4 22
DECLARE sym_k0001 2 22
REFERENCE missing_9177 22
DECLARE sym_k0224 15 22
ENTER_SCOPE 24 22
DECLARE sym_k0005 6 24
DECLARE sym_k0077 3 24
REFERENCE sym_k0000 24
REFERENCE sym_k0001 24
REFERENCE sym_k0011 24
DECLARE sym_k0026 12 24
DECLARE sym_k0006 7 24
REFERENCE sym_k0001 24
REFERENCE sym_k0000 24
REFERENCE sym_k0044 24
DECLARE sym_k0000 1 24
DECLARE sym_k0015 1 24
REFERENCE sym_k0000 24
REFERENCE sym_k0000 24
REFERENCE sym_k0000 24
REFERENCE sym_k0002 24
REFERENCE sym_k0001 24
REFERENCE sym_k0017 24
REFERENCE sym_k0001 24
REFERENCE sym_k0000 24
DECLARE sym_k0028 14 24
REFERENCE sym_k0006 24
DECLARE sym_k0018 4 24
REFERENCE sym_k0000 24
REFERENCE sym_k0002 24
DECLARE sym_k0160 11 24
DECLARE sym_k0002 3 24
DECLARE sym_k0003 4 24
REFERENCE sym_k0000 24
EXIT_SCOPE 24
REFERENCE sym_k0001 22
DECLARE sym_k0005 6 22
DECLARE sym_k0000 1 22
REFERENCE sym_k0044 22
REFERENCE sym_k0005 22
REFERENCE sym_k0000 22
EXIT_SCOPE 22
DECLARE sym_k0016 2 17
ENTER_SCOPE 25 17
DECLARE sym_k0000 1 25
DECLARE sym_k0001 2 25
REFERENCE sym_k0000 25
REFERENCE sym_k0008 25
REFERENCE sym_k0000 25
REFERENCE missing_1570 25
DECLARE sym_k0262 8 25
ENTER_SCOPE 26 25
REFERENCE sym_k0000 26
REFERENCE missing_9383 26
REFERENCE missing_9929 26
REFERENCE sym_k0009 26
DECLARE sym_k0001 2 26
DECLARE sym_k0021 7 26
DECLARE sym_k0000 1 26
REFERENCE sym_k0000 26
REFERENCE sym_k0035 26
EXIT_SCOPE 26
REFERENCE sym_k0005 25
REFERENCE sym_k0001 25
REFERENCE sym_k0002 25
DECLARE sym_k0060 1 25
DECLARE sym_k0013 14 25
DECLARE sym_k0003 4 25
REFERENCE missing_2728 25
REFERENCE sym_k0019 25
REFERENCE sym_k0000 25
DECLARE sym_k0098 9 25
ENTER_SCOPE 27 25
DECLARE sym_k0005 6 27
REFERENCE missing_3425 27
DECLARE sym_k0008 9 27
REFERENCE sym_k0002 27
DECLARE sym_k0032 3 27
EXIT_SCOPE 27
REFERENCE sym_k0000 25
DECLARE sym_k0082 8 25
DECLARE sym_k0010 11 25
REFERENCE sym_k0000 25
REFERENCE sym_k0003 25
REFERENCE sym_k0002 25
DECLARE sym_k0012 13 25
DECLARE sym_k0008 9 25
ENTER_SCOPE 28 25
REFERENCE missing_3068 28
DECLARE sym_k0000 1 28
DECLARE sym_k0009 10 28
REFERENCE sym_k0048 28
REFERENCE sym_k0005 28
EXIT_SCOPE 28
REFERENCE sym_k0000 25
DECLARE sym_k0129 10 25
DECLARE sym_k0015 1 25
REFERENCE sym_k0002 25
DECLARE sym_k0005 6 25
REFERENCE sym_k0042 25
REFERENCE sym_k0000 25
REFERENCE sym_k0001 25
REFERENCE sym_k0001 25
REFERENCE sym_k0009 25
DECLARE sym_k0175 11 25
REFERENCE sym_k0007 25
ENTER_SCOPE 29 25
DECLARE sym_k0000 1 29
EXIT_SCOPE 29
ENTER_SCOPE 30 25
DECLARE sym_k0000 1 30
REFERENCE sym_k0002 30
DECLARE sym_k0006 7 30
DECLARE sym_k0027 13 30
REFERENCE sym_k0000 30
REFERENCE sym_k0003 30
REFERENCE sym_k0001 30
REFERENCE missing_6843 30
DECLARE sym_k0001 2 30
REFERENCE sym_k0015 30
DECLARE sym_k0002 3 30
DECLARE sym_k0219 10 30
EXIT_SCOPE 30
REFERENCE sym_k0015 25
EXIT_SCOPE 25
REFERENCE sym_k0000 17
ENTER_SCOPE 31 17
DECLARE sym_k0031 2 31
ENTER_SCOPE 32 31
DECLARE sym_k0000 1 32
DECLARE sym_k0019 5 32
DECLARE sym_k0015 1 32
REFERENCE sym_k0000 32
DECLARE sym_k0003 4 32
REFERENCE sym_k0000 32
DECLARE sym_k0002 3 32
DECLARE sym_k0006 7 32
REFERENCE sym_k0004 32
REFERENCE sym_k0220 32
REFERENCE sym_k0000 32
REFERENCE sym_k0003 32
REFERENCE sym_k0002 32
REFERENCE sym_k0007 32
REFERENCE sym_k0000 32
REFERENCE sym_k0000 32
REFERENCE sym_k0009 32
REFERENCE sym_k0006 32
REFERENCE sym_k0000 32
DECLARE sym_k0282 13 32
EXIT_SCOPE 32
REFERENCE sym_k0002 31
REFERENCE missing_5514 31
DECLARE sym_k0001 2 31
REFERENCE sym_k0002 31
REFERENCE sym_k0000 31
REFERENCE sym_k0020 31
REFERENCE sym_k0001 31
DECLARE sym_k0000 1 31
DECLARE sym_k0003 4 31
ENTER_SCOPE 33 31
EXIT_SCOPE 33
REFERENCE missing_1376 31
DECLARE sym_k0045 1 31
REFERENCE sym_k0000 31
REFERENCE sym_k0000 31
REFERENCE sym_k0287 31
REFERENCE sym_k0031 31
DECLARE sym_k0002 3 31
REFERENCE sym_k0003 31
REFERENCE sym_k0046 31
REFERENCE sym_k0023 31
DECLARE sym_k0004 5 31
DECLARE sym_k0016 2 31
REFERENCE sym_k0008 31
REFERENCE sym_k0000 31
REFERENCE sym_k0000 31
REFERENCE sym_k0003 31
REFERENCE sym_k0002 31
REFERENCE sym_k0037 31
REFERENCE sym_k0004 31
REFERENCE missing_1156 31
REFERENCE sym_k0067 31
REFERENCE sym_k0003 31
DECLARE sym_k0148 14 31
REFERENCE sym_k0000 31
ENTER_SCOPE 34 31
REFERENCE sym_k0001 34
REFERENCE sym_k0002 34
REFERENCE sym_k0001 34
REFERENCE missing_3337 34
DECLARE sym_k0238 14 34
DECLARE sym_k0002 3 34
DECLARE sym_k0000 1 34
REFERENCE sym_k0000 34
REFERENCE sym_k0005 34
DECLARE sym_k0016 2 34
EXIT_SCOPE 34
REFERENCE sym_k0000 31
REFERENCE sym_k0013 31
DECLARE sym_k0079 5 31
REFERENCE sym_k0027 31
REFERENCE sym_k0030 31
REFERENCE sym_k0001 31
DECLARE sym_k0081 7 31
REFERENCE sym_k0002 31
DECLARE sym_k0047 3 31
DECLARE sym_k0009 10 31
REFERENCE sym_k0001 31
REFERENCE sym_k0000 31
REFERENCE sym_k0000 31
REFERENCE sym_k0002 31
DECLARE sym_k0104 15 31
REFERENCE sym_k0002 31
REFERENCE sym_k0013 31
REFERENCE sym_k0042 31
REFERENCE sym_k0002 31
DECLARE sym_k0007 8 31
REFERENCE sym_k0000 31
ENTER_SCOPE 35 31
REFERENCE sym_k0004 35
DECLARE sym_k0000 1 35
REFERENCE sym_k0014 35
REFERENCE sym_k0000 35
REFERENCE sym_k0000 35
EXIT_SCOPE 35
REFERENCE sym_k0000 31
REFERENCE sym_k0001 31
REFERENCE sym_k0000 31
REFERENCE sym_k0002 31
REFERENCE sym_k0000 31
REFERENCE sym_k0015 31
REFERENCE sym_k0000 31
REFERENCE sym_k0003 31
DECLARE sym_k0030 1 31
REFERENCE sym_k0010 31
REFERENCE sym_k0010 31
REFERENCE sym_k0000 31
REFERENCE missing_4204 31
REFERENCE sym_k0003 31
REFERENCE sym_k0003 31
REFERENCE sym_k0003 31
DECLARE sym_k0029 15 31
REFERENCE sym_k0000 31
REFERENCE sym_k0007 31
REFERENCE sym_k0000 31
REFERENCE sym_k0001 31
DECLARE sym_k0005 6 31
REFERENCE sym_k0001 31
REFERENCE sym_k0013 31
ENTER_SCOPE 36 31
DECLARE sym_k0073 14 36
DECLARE sym_k0008 9 36
DECLARE sym_k0187 8 36
REFERENCE sym_k0033 36
REFERENCE sym_k0000 36
REFERENCE sym_k0000 36
REFERENCE sym_k0002 36
DECLARE sym_k0001 2 36
REFERENCE sym_k0002 36
EXIT_SCOPE 36
DECLARE sym_k0023 9 31
REFERENCE sym_k0005 31
DECLARE sym_k0072 13 31
DECLARE sym_k0049 5 31
EXIT_SCOPE 31
REFERENCE sym_k0000 17
ENTER_SCOPE 37 17
REFERENCE sym_k0017 37
REFERENCE sym_k0001 37
REFERENCE sym_k0000 37
REFERENCE sym_k0025 37
ENTER_SCOPE 38 37
EXIT_SCOPE 38
REFERENCE missing_1330 37
DECLARE sym_k0077 3 37
DECLARE sym_k0016 2 37
REFERENCE sym_k0007 37
DECLARE sym_k0000 1 37
REFERENCE sym_k0002 37
DECLARE sym_k0050 6 37
REFERENCE sym_k0003 37
REFERENCE missing_8010 37
REFERENCE sym_k0005 37
DECLARE sym_k0002 3 37
REFERENCE sym_k0015 37
REFERENCE sym_k0001 37
ENTER_SCOPE 39 37
REFERENCE sym_k0025 39
REFERENCE sym_k0000 39
DECLARE sym_k0001 2 39
DECLARE sym_k0007 8 39
DECLARE sym_k0000 1 39
REFERENCE missing_8244 39
DECLARE sym_k0057 13 39
DECLARE sym_k0011 12 39
REFERENCE sym_k0028 39
DECLARE sym_k0002 3 39
DECLARE sym_k0026 12 39
DECLARE sym_k0009 10 39
EXIT_SCOPE 39
REFERENCE sym_k0000 37
EXIT_SCOPE 37
REFERENCE sym_k0002 17
REFERENCE sym_k0005 17
REFERENCE sym_k0000 17
REFERENCE sym_k0001 17
REFERENCE sym_k0000 17
REFERENCE sym_k0011 17
DECLARE sym_k0071 12 17
REFERENCE sym_k0000 17
REFERENCE sym_k0001 17
REFERENCE sym_k0001 17
REFERENCE missing_7326 17
REFERENCE sym_k0000 17
REFERENCE sym_k0032 17
DECLARE sym_k0033 4 17
REFERENCE sym_k0006 17
DECLARE sym_k0034 5 17
REFERENCE sym_k0003 17
REFERENCE sym_k0005 17
DECLARE sym_k0058 14 17
DECLARE sym_k0004 5 17
ENTER_SCOPE 40 17
EXIT_SCOPE 40
REFERENCE sym_k0038 17
REFERENCE sym_k0000 17
REFERENCE sym_k0004 17
REFERENCE sym_k0014 17
DECLARE sym_k0055 11 17
REFERENCE sym_k0001 17
REFERENCE sym_k0000 17
REFERENCE sym_k0001 17
REFERENCE sym_k0000 17
REFERENCE sym_k0000 17
DECLARE sym_k0013 14 17
DECLARE sym_k0032 3 17
REFERENCE sym_k0045 17
REFERENCE sym_k0055 17
REFERENCE sym_k0039 17
REFERENCE sym_k0022 17
REFERENCE sym_k0001 17
ENTER_SCOPE 41 17
REFERENCE sym_k0025 41
ENTER_SCOPE 42 41
DECLARE sym_k0001 2 42
REFERENCE sym_k0007 42
REFERENCE sym_k0001 42
EXIT_SCOPE 42
DECLARE sym_k0036 7 41
REFERENCE sym_k0048 41
DECLARE sym_k0000 1 41
DECLARE sym_k0002 3 41
REFERENCE sym_k0000 41
REFERENCE sym_k0002 41
REFERENCE sym_k0000 41
REFERENCE sym_k0002 41
REFERENCE sym_k0000 41
DECLARE sym_k0017 3 41
REFERENCE sym_k0000 41
REFERENCE sym_k0003 41
REFERENCE sym_k0001 41
REFERENCE sym_k0001 41
DECLARE sym_k0008 9 41
REFERENCE sym_k0000 41
REFERENCE sym_k0017 41
REFERENCE sym_k0000 41
DECLARE sym_k0106 2 41
REFERENCE sym_k0036 41
DECLARE sym_k0046 2 41
REFERENCE sym_k0034 41
DECLARE sym_k0001 2 41
REFERENCE sym_k0000 41
REFERENCE sym_k0000 41
REFERENCE sym_k0001 41
REFERENCE sym_k0000 41
REFERENCE missing_9675 41
REFERENCE sym_k0010 41
REFERENCE sym_k0003 41
REFERENCE sym_k0008 41
REFERENCE missing_6724 41
REFERENCE sym_k0017 41
DECLARE sym_k0014 15 41
DECLARE sym_k0004 5 41
EXIT_SCOPE 41
REFERENCE sym_k0043 17
DECLARE sym_k0250 11 17
REFERENCE sym_k0000 17
REFERENCE sym_k0004 17
REFERENCE sym_k0004 17
REFERENCE sym_k0001 17
EXIT_SCOPE 17
REFERENCE sym_k0001 11
REFERENCE sym_k0005 11
REFERENCE sym_k0001 11
DECLARE sym_k0079 5 11
REFERENCE missing_2779 11
REFERENCE sym_k0021 11
REFERENCE sym_k0000 11
REFERENCE sym_k0000 11
REFERENCE sym_k0000 11
REFERENCE sym_k0017 11
REFERENCE sym_k0002 11
REFERENCE sym_k0000 11
DECLARE sym_k0263 9 11
REFERENCE missing_3946 11
DECLARE sym_k0004 5 11
DECLARE sym_k0041 12 11
DECLARE sym_k0011 12 11
EXIT_SCOPE 11
REFERENCE sym_k0022 3
REFERENCE sym_k0000 3
DECLARE sym_k0266 12 3
DECLARE sym_k0001 2 3
REFERENCE sym_k0000 3
REFERENCE sym_k0002 3
REFERENCE sym_k0001 3
REFERENCE sym_k0016 3
REFERENCE sym_k0000 3
REFERENCE sym_k0005 3
DECLARE sym_k0144 10 3
REFERENCE sym_k0008 3
DECLARE sym_k0045 1 3
REFERENCE sym_k0023 3
REFERENCE sym_k0000 3
REFERENCE sym_k0000 3
DECLARE sym_k0006 7 3
REFERENCE sym_k0002 3
DECLARE sym_k0018 4 3
REFERENCE sym_k0001 3
DECLARE sym_k0012 13 3
DECLARE sym_k0184 5 3
REFERENCE missing_3203 3
REFERENCE sym_k0002 3
REFERENCE sym_k0001 3
EXIT_SCOPE 3
REFERENCE sym_k0005 2
REFERENCE sym_k0007 2
REFERENCE sym_k0000 2
DECLARE sym_k0008 9 2
DECLARE sym_k0014 15 2
REFERENCE sym_k0000 2
DECLARE sym_k0018 4 2
REFERENCE sym_k0000 2
REFERENCE missing_6900 2
REFERENCE sym_k0001 2
REFERENCE missing_2167 2
REFERENCE sym_k0000 2
REFERENCE sym_k0000 2
DECLARE sym_k0057 13 2
REFERENCE missing_5920 2
REFERENCE sym_k0000 2
REFERENCE missing_2855 2
REFERENCE sym_k0002 2
ENTER_SCOPE 43 2
REFERENCE sym_k0001 43
EXIT_SCOPE 43
REFERENCE sym_k0000 2
REFERENCE sym_k0036 2
DECLARE sym_k0164 15 2
ENTER_SCOPE 44 2
DECLARE sym_k0085 11 44
DECLARE sym_k0000 1 44
DECLARE sym_k0007 8 44
REFERENCE sym_k0001 44
REFERENCE sym_k0016 44
REFERENCE sym_k0000 44
DECLARE sym_k0014 15 44
REFERENCE sym_k0000 44
EXIT_SCOPE 44
REFERENCE sym_k0008 2
REFERENCE sym_k0002 2
ENTER_SCOPE 45 2
REFERENCE sym_k0002 45
DECLARE sym_k0066 7 45
DECLARE sym_k0134 15 45
REFERENCE sym_k0005 45
DECLARE sym_k0003 4 45
REFERENCE missing_3538 45
REFERENCE sym_k0002 45
EXIT_SCOPE 45
DECLARE sym_k0028 14 2
DECLARE sym_k0005 6 2
REFERENCE sym_k0000 2
REFERENCE sym_k0001 2
REFERENCE missing_3501 2
REFERENCE sym_k0000 2
REFERENCE missing_8812 2
ENTER_SCOPE 46 2
REFERENCE sym_k0022 46
REFERENCE sym_k0000 46
DECLARE sym_k0000 1 46
REFERENCE sym_k0000 46
REFERENCE missing_1026 46
ENTER_SCOPE 47 46
REFERENCE sym_k0000 47
DECLARE sym_k0000 1 47
REFERENCE sym_k0000 47
DECLARE sym_k0107 3 47
DECLARE sym_k0007 8 47
REFERENCE missing_9028 47
REFERENCE sym_k0000 47
DECLARE sym_k0295 11 47
REFERENCE sym_k0000 47
DECLARE sym_k0008 9 47
REFERENCE sym_k0000 47
REFERENCE sym_k0000 47
REFERENCE sym_k0000 47
REFERENCE missing_1750 47
DECLARE sym_k0042 13 47
REFERENCE sym_k0007 47
REFERENCE sym_k0007 47
REFERENCE sym_k0007 47
REFERENCE sym_k0009 47
REFERENCE sym_k0000 47
EXIT_SCOPE 47
REFERENCE sym_k0001 46
ENTER_SCOPE 48 46
REFERENCE sym_k0008 48
REFERENCE sym_k0018 48
DECLARE sym_k0001 2 48
DECLARE sym_k0000 1 48
REFERENCE sym_k0000 48
REFERENCE sym_k0001 48
REFERENCE sym_k0003 48
REFERENCE missing_4416 48
ENTER_SCOPE 49 48
REFERENCE missing_4964 49
DECLARE sym_k0000 1 49
DECLARE sym_k0001 2 49
ENTER_SCOPE 50 49
DECLARE sym_k0018 4 50
DECLARE sym_k0000 1 50
DECLARE sym_k0061 2 50
REFERENCE sym_k0002 50
DECLARE sym_k0012 13 50
REFERENCE sym_k0000 50
REFERENCE sym_k0000 50
ENTER_SCOPE 51 50
REFERENCE missing_9075 51
REFERENCE sym_k0045 51
DECLARE sym_k0010 11 51
EXIT_SCOPE 51
REFERENCE sym_k0000 50
REFERENCE sym_k0000 50
REFERENCE sym_k0015 50
DECLARE sym_k0005 6 50
DECLARE sym_k0109 5 50
REFERENCE sym_k0000 50
DECLARE sym_k0007 8 50
REFERENCE sym_k0000 50
REFERENCE sym_k0006 50
REFERENCE sym_k0000 50
REFERENCE missing_6715 50
DECLARE sym_k0001 2 50
DECLARE sym_k0104 15 50
REFERENCE sym_k0004 50
EXIT_SCOPE 50
DECLARE sym_k0031 2 49
REFERENCE missing_3102 49
REFERENCE sym_k0000 49
REFERENCE sym_k0000 49
REFERENCE missing_3737 49
ENTER_SCOPE 52 49
EXIT_SCOPE 52
REFERENCE sym_k0000 49
REFERENCE sym_k0000 49
REFERENCE sym_k0003 49
REFERENCE sym_k0000 49
REFERENCE sym_k0012 49
REFERENCE missing_2328 49
REFERENCE sym_k0000 49
REFERENCE sym_k0000 49
REFERENCE sym_k0038 49
EXIT_SCOPE 49
EXIT_SCOPE 48
EXIT_SCOPE 46
EXIT_SCOPE 2
EXIT_SCOPE 1
EXIT_SCOPE 0
