# ColliScope Generated Random Trace
# Parameters: seed=58, scope=nested, type=mixed, replicate=2
ENTER_SCOPE 0
DECLARE pfq_00000 7 0
DECLARE blj_00001 10 0
DECLARE ugl_00002 20 0
DECLARE kwc_00003 16 0
DECLARE ftl_00004 13 0
DECLARE rbu_00005 5 0
DECLARE heh_00006 6 0
DECLARE pst_00007 3 0
DECLARE eld_00008 8 0
DECLARE avr_00009 4 0
DECLARE mvp_00010 19 0
DECLARE yzp_00011 5 0
DECLARE hfx_00012 20 0
DECLARE fqc_00013 3 0
DECLARE mhs_00014 16 0
DECLARE gmu_00015 3 0
DECLARE dna_00016 2 0
DECLARE aod_00017 2 0
DECLARE mos_00018 9 0
DECLARE rvz_00019 11 0
DECLARE ibx_00020 3 0
DECLARE zdf_00021 7 0
DECLARE rjc_00022 16 0
DECLARE dts_00023 7 0
DECLARE tbo_00024 2 0
DECLARE jkw_00025 16 0
DECLARE ctx_00026 17 0
DECLARE kzt_00027 15 0
DECLARE uvc_00028 4 0
DECLARE oqf_00029 13 0
DECLARE dyd_00030 6 0
DECLARE xjc_00031 7 0
DECLARE ckg_00032 18 0
DECLARE lbw_00033 13 0
DECLARE obh_00034 18 0
DECLARE hka_00035 20 0
DECLARE brf_00036 9 0
DECLARE vjd_00037 8 0
DECLARE cdi_00038 14 0
DECLARE ixq_00039 15 0
DECLARE voj_00040 13 0
DECLARE ryz_00041 1 0
DECLARE djz_00042 19 0
DECLARE ien_00043 16 0
DECLARE gff_00044 5 0
DECLARE ayn_00045 16 0
DECLARE olw_00046 6 0
DECLARE wdi_00047 3 0
DECLARE vdm_00048 20 0
DECLARE qxk_00049 15 0
DECLARE skx_00050 9 0
REFERENCE mvp_00010 0
REFERENCE missing_9051 0
REFERENCE xjc_00031 0
REFERENCE hfx_00012 0
REFERENCE jkw_00025 0
DECLARE dvl_00051 3 0
DECLARE yan_00052 18 0
REFERENCE rjc_00022 0
DECLARE lis_00053 11 0
REFERENCE zdf_00021 0
REFERENCE vdm_00048 0
REFERENCE rvz_00019 0
REFERENCE mos_00018 0
ENTER_SCOPE 1 0
REFERENCE gff_00044 1
REFERENCE rjc_00022 1
REFERENCE pfq_00000 1
REFERENCE uvc_00028 1
REFERENCE missing_3347 1
REFERENCE rjc_00022 1
DECLARE ecj_00054 2 1
REFERENCE mvp_00010 1
DECLARE ekz_00055 3 1
DECLARE tik_00056 12 1
REFERENCE missing_7564 1
DECLARE heh_00006 2 1
REFERENCE vjd_00037 1
REFERENCE pfq_00000 1
DECLARE lrt_00057 15 1
REFERENCE tik_00056 1
REFERENCE lbw_00033 1
REFERENCE djz_00042 1
ENTER_SCOPE 2 1
REFERENCE rbu_00005 2
DECLARE jlf_00058 17 2
REFERENCE yan_00052 2
REFERENCE missing_1852 2
REFERENCE tbo_00024 2
REFERENCE heh_00006 2
DECLARE rli_00059 16 2
REFERENCE olw_00046 2
DECLARE oql_00060 16 2
REFERENCE rbu_00005 2
REFERENCE ayn_00045 2
DECLARE uzr_00061 7 2
REFERENCE kzt_00027 2
DECLARE dpd_00062 19 2
DECLARE qjd_00063 8 2
REFERENCE aod_00017 2
DECLARE heh_00006 16 2
REFERENCE fqc_00013 2
DECLARE zsl_00064 5 2
REFERENCE zsl_00064 2
DECLARE mie_00065 13 2
ENTER_SCOPE 3 2
ENTER_SCOPE 4 3
DECLARE zbg_00066 20 4
REFERENCE mos_00018 4
REFERENCE eld_00008 4
DECLARE ogp_00067 10 4
DECLARE ski_00068 9 4
REFERENCE mie_00065 4
DECLARE vxc_00069 10 4
REFERENCE ekz_00055 4
REFERENCE ryz_00041 4
REFERENCE mvp_00010 4
DECLARE qjd_00063 13 4
DECLARE rli_00059 13 4
DECLARE oql_00060 13 4
REFERENCE missing_7645 4
REFERENCE missing_5954 4
EXIT_SCOPE 4
DECLARE dpd_00062 14 3
REFERENCE djz_00042 3
REFERENCE dpd_00062 3
REFERENCE ckg_00032 3
DECLARE uzr_00061 14 3
REFERENCE dts_00023 3
REFERENCE missing_5156 3
REFERENCE gff_00044 3
DECLARE tnk_00070 14 3
REFERENCE mos_00018 3
REFERENCE yzp_00011 3
REFERENCE fqc_00013 3
EXIT_SCOPE 3
DECLARE vwb_00071 20 2
REFERENCE blj_00001 2
DECLARE tik_00056 6 2
DECLARE qvg_00072 15 2
DECLARE gkd_00073 17 2
DECLARE qoo_00074 8 2
REFERENCE obh_00034 2
DECLARE nhr_00075 14 2
DECLARE ecj_00054 18 2
REFERENCE brf_00036 2
DECLARE yag_00076 19 2
REFERENCE heh_00006 2
REFERENCE ckg_00032 2
REFERENCE heh_00006 2
DECLARE llk_00077 2 2
DECLARE awl_00078 3 2
ENTER_SCOPE 5 2
REFERENCE dpd_00062 5
DECLARE lce_00079 13 5
REFERENCE dvl_00051 5
REFERENCE missing_8300 5
ENTER_SCOPE 6 5
REFERENCE tik_00056 6
REFERENCE dvl_00051 6
REFERENCE djz_00042 6
REFERENCE obh_00034 6
DECLARE arn_00080 8 6
REFERENCE mie_00065 6
ENTER_SCOPE 7 6
REFERENCE mos_00018 7
REFERENCE yzp_00011 7
EXIT_SCOPE 7
REFERENCE yzp_00011 6
ENTER_SCOPE 8 6
REFERENCE missing_2564 8
DECLARE jkr_00081 17 8
REFERENCE llk_00077 8
REFERENCE djz_00042 8
DECLARE bwy_00082 19 8
REFERENCE dna_00016 8
ENTER_SCOPE 9 8
DECLARE qpv_00083 9 9
DECLARE eui_00084 9 9
REFERENCE ugl_00002 9
DECLARE klf_00085 5 9
DECLARE jkr_00081 2 9
REFERENCE heh_00006 9
DECLARE ffy_00086 5 9
REFERENCE brf_00036 9
REFERENCE kzt_00027 9
DECLARE bwy_00082 20 9
REFERENCE lbw_00033 9
DECLARE jud_00087 19 9
EXIT_SCOPE 9
DECLARE aam_00088 12 8
REFERENCE yan_00052 8
REFERENCE rvz_00019 8
REFERENCE lrt_00057 8
REFERENCE kzt_00027 8
EXIT_SCOPE 8
REFERENCE arn_00080 6
REFERENCE rvz_00019 6
REFERENCE ryz_00041 6
DECLARE xzg_00089 10 6
REFERENCE missing_7786 6
REFERENCE lbw_00033 6
DECLARE lce_00079 10 6
REFERENCE qxk_00049 6
REFERENCE yan_00052 6
REFERENCE heh_00006 6
REFERENCE obh_00034 6
REFERENCE dts_00023 6
REFERENCE missing_3449 6
REFERENCE fqc_00013 6
DECLARE rli_00059 17 6
EXIT_SCOPE 6
REFERENCE rli_00059 5
REFERENCE dna_00016 5
REFERENCE missing_5080 5
REFERENCE lis_00053 5
DECLARE tjx_00090 8 5
REFERENCE tbo_00024 5
DECLARE ion_00091 5 5
REFERENCE missing_9856 5
REFERENCE mos_00018 5
DECLARE tik_00056 9 5
REFERENCE ckg_00032 5
DECLARE ade_00092 20 5
REFERENCE ryz_00041 5
REFERENCE skx_00050 5
REFERENCE eld_00008 5
REFERENCE pst_00007 5
REFERENCE lrt_00057 5
DECLARE uuo_00093 5 5
REFERENCE oqf_00029 5
DECLARE jfl_00094 4 5
DECLARE qjz_00095 13 5
REFERENCE missing_9426 5
REFERENCE ecj_00054 5
DECLARE sus_00096 11 5
DECLARE nhr_00075 14 5
DECLARE tkf_00097 9 5
DECLARE tsx_00098 4 5
REFERENCE qxk_00049 5
DECLARE uxx_00099 13 5
DECLARE ufr_00100 10 5
ENTER_SCOPE 10 5
REFERENCE brf_00036 10
ENTER_SCOPE 11 10
DECLARE dyl_00101 13 11
DECLARE bty_00102 8 11
DECLARE tjx_00090 1 11
REFERENCE missing_8019 11
REFERENCE missing_8587 11
DECLARE ksn_00103 6 11
DECLARE npf_00104 8 11
DECLARE dla_00105 9 11
DECLARE vjj_00106 18 11
DECLARE jfl_00094 3 11
DECLARE bzy_00107 3 11
REFERENCE tsx_00098 11
REFERENCE ayn_00045 11
DECLARE zps_00108 4 11
REFERENCE vdm_00048 11
REFERENCE oql_00060 11
DECLARE qjz_00095 14 11
DECLARE sfa_00109 19 11
REFERENCE uvc_00028 11
REFERENCE hka_00035 11
DECLARE esy_00110 4 11
DECLARE jmv_00111 19 11
REFERENCE mie_00065 11
DECLARE vas_00112 20 11
DECLARE pek_00113 19 11
DECLARE iiw_00114 10 11
REFERENCE missing_1330 11
DECLARE uuo_00093 14 11
REFERENCE lce_00079 11
DECLARE pzn_00115 13 11
REFERENCE lce_00079 11
REFERENCE jlf_00058 11
REFERENCE rjc_00022 11
REFERENCE vwb_00071 11
DECLARE gec_00116 14 11
REFERENCE zsl_00064 11
DECLARE skd_00117 6 11
REFERENCE brf_00036 11
DECLARE tik_00056 3 11
DECLARE nhr_00075 13 11
REFERENCE jlf_00058 11
REFERENCE missing_2319 11
REFERENCE mos_00018 11
DECLARE vgi_00118 5 11
DECLARE yjh_00119 13 11
DECLARE wpw_00120 1 11
REFERENCE brf_00036 11
DECLARE ade_00092 17 11
EXIT_SCOPE 11
REFERENCE jfl_00094 10
EXIT_SCOPE 10
DECLARE qvr_00121 16 5
REFERENCE dna_00016 5
REFERENCE lis_00053 5
DECLARE tcl_00122 1 5
REFERENCE missing_7981 5
DECLARE qvg_00072 18 5
REFERENCE missing_7104 5
EXIT_SCOPE 5
REFERENCE ckg_00032 2
REFERENCE hfx_00012 2
REFERENCE missing_9911 2
DECLARE ikl_00123 10 2
REFERENCE ekz_00055 2
REFERENCE qxk_00049 2
ENTER_SCOPE 12 2
ENTER_SCOPE 13 12
REFERENCE missing_9213 13
DECLARE sxd_00124 11 13
REFERENCE dpd_00062 13
REFERENCE missing_3998 13
DECLARE heh_00006 3 13
DECLARE rwb_00125 3 13
REFERENCE rli_00059 13
REFERENCE aod_00017 13
REFERENCE heh_00006 13
REFERENCE oql_00060 13
ENTER_SCOPE 14 13
ENTER_SCOPE 15 14
DECLARE ggu_00126 12 15
DECLARE rwb_00125 12 15
REFERENCE missing_6407 15
REFERENCE ryz_00041 15
REFERENCE olw_00046 15
REFERENCE brf_00036 15
DECLARE smb_00127 7 15
DECLARE sxd_00124 1 15
ENTER_SCOPE 16 15
REFERENCE yzp_00011 16
REFERENCE lrt_00057 16
DECLARE sje_00128 13 16
DECLARE vtw_00129 5 16
REFERENCE lbw_00033 16
DECLARE ffm_00130 7 16
DECLARE tky_00131 20 16
REFERENCE uzr_00061 16
DECLARE sxt_00132 7 16
REFERENCE vwb_00071 16
REFERENCE uzr_00061 16
REFERENCE missing_8363 16
REFERENCE zsl_00064 16
REFERENCE mos_00018 16
REFERENCE missing_1347 16
DECLARE qzf_00133 17 16
REFERENCE ibx_00020 16
REFERENCE missing_2129 16
REFERENCE qoo_00074 16
REFERENCE aod_00017 16
DECLARE bsn_00134 16 16
REFERENCE blj_00001 16
REFERENCE qxk_00049 16
REFERENCE ffm_00130 16
REFERENCE zdf_00021 16
DECLARE rct_00135 16 16
REFERENCE jkw_00025 16
REFERENCE yzp_00011 16
DECLARE juv_00136 1 16
REFERENCE vdm_00048 16
REFERENCE heh_00006 16
DECLARE xwf_00137 3 16
DECLARE ggu_00126 13 16
DECLARE lam_00138 15 16
DECLARE mnt_00139 8 16
REFERENCE mos_00018 16
REFERENCE lbw_00033 16
REFERENCE ixq_00039 16
REFERENCE eld_00008 16
EXIT_SCOPE 16
REFERENCE gmu_00015 15
REFERENCE ugl_00002 15
DECLARE wkn_00140 5 15
DECLARE qou_00141 16 15
DECLARE drz_00142 7 15
DECLARE heh_00006 12 15
DECLARE hje_00143 14 15
DECLARE lov_00144 20 15
REFERENCE uvc_00028 15
REFERENCE ckg_00032 15
DECLARE gvi_00145 14 15
ENTER_SCOPE 17 15
DECLARE sxd_00124 12 17
REFERENCE missing_5857 17
REFERENCE missing_6973 17
DECLARE tcq_00146 12 17
REFERENCE ftl_00004 17
DECLARE irk_00147 10 17
REFERENCE missing_9689 17
EXIT_SCOPE 17
DECLARE ina_00148 14 15
REFERENCE pfq_00000 15
REFERENCE wdi_00047 15
REFERENCE missing_6469 15
DECLARE tqh_00149 4 15
REFERENCE mvp_00010 15
REFERENCE ugl_00002 15
DECLARE tzh_00150 13 15
REFERENCE ikl_00123 15
ENTER_SCOPE 18 15
REFERENCE missing_5052 18
REFERENCE dna_00016 18
DECLARE sxd_00124 7 18
DECLARE yec_00151 5 18
DECLARE aws_00152 11 18
DECLARE rhg_00153 5 18
DECLARE drz_00142 2 18
REFERENCE uvc_00028 18
REFERENCE kwc_00003 18
DECLARE buv_00154 17 18
DECLARE heh_00006 4 18
REFERENCE dna_00016 18
REFERENCE lis_00053 18
DECLARE wsv_00155 13 18
REFERENCE ggu_00126 18
DECLARE qou_00141 19 18
EXIT_SCOPE 18
REFERENCE blj_00001 15
REFERENCE ikl_00123 15
DECLARE qoo_00074 20 15
REFERENCE kzt_00027 15
REFERENCE missing_5353 15
DECLARE vpb_00156 19 15
REFERENCE yzp_00011 15
ENTER_SCOPE 19 15
REFERENCE pst_00007 19
REFERENCE yzp_00011 19
DECLARE ina_00148 3 19
REFERENCE dts_00023 19
EXIT_SCOPE 19
DECLARE lqx_00157 3 15
REFERENCE tik_00056 15
ENTER_SCOPE 20 15
REFERENCE gff_00044 20
REFERENCE vpb_00156 20
REFERENCE aod_00017 20
REFERENCE heh_00006 20
REFERENCE mos_00018 20
DECLARE kvc_00158 5 20
REFERENCE gmu_00015 20
REFERENCE pfq_00000 20
DECLARE few_00159 2 20
REFERENCE vpb_00156 20
REFERENCE vwb_00071 20
REFERENCE ecj_00054 20
REFERENCE wdi_00047 20
DECLARE xif_00160 13 20
DECLARE wtz_00161 12 20
REFERENCE rwb_00125 20
DECLARE fif_00162 2 20
DECLARE ina_00148 11 20
REFERENCE hje_00143 20
DECLARE puo_00163 2 20
DECLARE ggu_00126 10 20
EXIT_SCOPE 20
REFERENCE uvc_00028 15
REFERENCE voj_00040 15
REFERENCE missing_1892 15
REFERENCE mvp_00010 15
REFERENCE dna_00016 15
REFERENCE ina_00148 15
REFERENCE missing_9584 15
REFERENCE yag_00076 15
DECLARE rtl_00164 17 15
ENTER_SCOPE 21 15
REFERENCE drz_00142 21
EXIT_SCOPE 21
DECLARE lls_00165 20 15
DECLARE vwb_00071 18 15
DECLARE ypk_00166 11 15
REFERENCE mvp_00010 15
REFERENCE mie_00065 15
EXIT_SCOPE 15
REFERENCE hka_00035 14
REFERENCE ayn_00045 14
REFERENCE vdm_00048 14
DECLARE rwb_00125 20 14
DECLARE jww_00167 15 14
REFERENCE eld_00008 14
REFERENCE missing_1774 14
REFERENCE qjd_00063 14
REFERENCE rwb_00125 14
EXIT_SCOPE 14
REFERENCE sxd_00124 13
REFERENCE blj_00001 13
DECLARE cnw_00168 5 13
DECLARE ikl_00123 7 13
DECLARE mma_00169 11 13
REFERENCE tbo_00024 13
REFERENCE gmu_00015 13
REFERENCE ien_00043 13
DECLARE rcv_00170 14 13
ENTER_SCOPE 22 13
DECLARE pha_00171 13 22
DECLARE eqb_00172 7 22
REFERENCE hfx_00012 22
DECLARE qhg_00173 17 22
REFERENCE missing_4543 22
DECLARE heh_00006 18 22
DECLARE qkp_00174 18 22
DECLARE sxd_00124 5 22
REFERENCE missing_1041 22
DECLARE yvc_00175 16 22
REFERENCE ikl_00123 22
EXIT_SCOPE 22
REFERENCE missing_5972 13
REFERENCE yzp_00011 13
DECLARE uzn_00176 20 13
DECLARE pki_00177 2 13
REFERENCE pfq_00000 13
DECLARE mit_00178 16 13
REFERENCE qxk_00049 13
REFERENCE missing_3411 13
REFERENCE rvz_00019 13
DECLARE eig_00179 14 13
DECLARE brc_00180 19 13
REFERENCE qvg_00072 13
REFERENCE missing_4430 13
EXIT_SCOPE 13
DECLARE qjd_00063 6 12
ENTER_SCOPE 23 12
DECLARE eor_00181 11 23
DECLARE hod_00182 15 23
REFERENCE missing_7896 23
DECLARE jwr_00183 7 23
REFERENCE yan_00052 23
DECLARE fin_00184 2 23
DECLARE qjd_00063 7 23
EXIT_SCOPE 23
REFERENCE voj_00040 12
ENTER_SCOPE 24 12
REFERENCE zsl_00064 24
DECLARE uhw_00185 15 24
REFERENCE tbo_00024 24
DECLARE hqw_00186 15 24
REFERENCE pst_00007 24
DECLARE mmt_00187 13 24
REFERENCE tik_00056 24
REFERENCE rvz_00019 24
DECLARE nau_00188 15 24
REFERENCE gkd_00073 24
DECLARE qjd_00063 16 24
EXIT_SCOPE 24
DECLARE yag_00189 6 12
ENTER_SCOPE 25 12
REFERENCE uvc_00028 25
REFERENCE ftl_00004 25
REFERENCE blj_00001 25
REFERENCE voj_00040 25
DECLARE ykx_00190 17 25
REFERENCE vwb_00071 25
REFERENCE mhs_00014 25
DECLARE qjd_00063 13 25
DECLARE oxc_00191 16 25
REFERENCE dpd_00062 25
REFERENCE dna_00016 25
REFERENCE missing_8134 25
REFERENCE kwc_00003 25
REFERENCE vjd_00037 25
REFERENCE eld_00008 25
REFERENCE ctx_00026 25
REFERENCE blj_00001 25
DECLARE xip_00192 14 25
DECLARE orz_00193 7 25
DECLARE iqp_00194 16 25
DECLARE ksm_00195 20 25
REFERENCE mie_00065 25
DECLARE mda_00196 11 25
REFERENCE gmu_00015 25
REFERENCE cdi_00038 25
REFERENCE brf_00036 25
DECLARE wrc_00197 14 25
DECLARE cqm_00198 9 25
DECLARE epc_00199 20 25
REFERENCE tik_00056 25
REFERENCE missing_6552 25
DECLARE vji_00200 20 25
DECLARE bvz_00201 14 25
REFERENCE rbu_00005 25
REFERENCE bvz_00201 25
ENTER_SCOPE 26 25
DECLARE feq_00202 13 26
DECLARE qjd_00063 8 26
DECLARE snh_00203 18 26
REFERENCE nhr_00075 26
REFERENCE uzr_00061 26
DECLARE kme_00204 16 26
DECLARE arl_00205 10 26
ENTER_SCOPE 27 26
DECLARE erp_00206 14 27
REFERENCE mie_00065 27
DECLARE rok_00207 13 27
DECLARE kme_00204 5 27
REFERENCE oqf_00029 27
ENTER_SCOPE 28 27
REFERENCE ixq_00039 28
REFERENCE missing_9603 28
DECLARE rok_00207 5 28
DECLARE gpn_00208 2 28
REFERENCE wrc_00197 28
DECLARE gyh_00209 6 28
DECLARE abn_00210 6 28
REFERENCE missing_5180 28
DECLARE yag_00211 20 28
DECLARE pss_00212 9 28
DECLARE kgv_00213 19 28
DECLARE erp_00206 19 28
REFERENCE gpn_00208 28
DECLARE jmz_00214 4 28
REFERENCE qvg_00072 28
REFERENCE mie_00065 28
REFERENCE vdm_00048 28
DECLARE ogk_00215 19 28
REFERENCE mhs_00014 28
REFERENCE awl_00078 28
REFERENCE yag_00189 28
EXIT_SCOPE 28
REFERENCE ekz_00055 27
DECLARE qjd_00063 11 27
REFERENCE erp_00206 27
DECLARE arl_00205 19 27
DECLARE zsq_00216 1 27
REFERENCE vdm_00048 27
REFERENCE mvp_00010 27
REFERENCE missing_9635 27
REFERENCE cqm_00198 27
REFERENCE missing_4430 27
DECLARE amf_00217 9 27
ENTER_SCOPE 29 27
EXIT_SCOPE 29
REFERENCE kwc_00003 27
DECLARE sbx_00218 15 27
DECLARE kfa_00219 4 27
DECLARE oho_00220 7 27
DECLARE snh_00203 12 27
DECLARE feq_00202 4 27
EXIT_SCOPE 27
DECLARE mda_00196 12 26
DECLARE oxc_00191 19 26
EXIT_SCOPE 26
REFERENCE missing_9693 25
ENTER_SCOPE 30 25
DECLARE ixw_00221 1 30
ENTER_SCOPE 31 30
REFERENCE oxc_00191 31
DECLARE enc_00222 18 31
DECLARE ixw_00221 5 31
REFERENCE missing_5561 31
REFERENCE missing_6875 31
ENTER_SCOPE 32 31
DECLARE ixw_00221 12 32
REFERENCE jlf_00058 32
EXIT_SCOPE 32
REFERENCE missing_2721 31
REFERENCE obh_00034 31
DECLARE ylv_00223 6 31
DECLARE ngf_00224 11 31
DECLARE ezq_00225 4 31
DECLARE iqp_00194 10 31
REFERENCE qoo_00074 31
REFERENCE mvp_00010 31
REFERENCE tik_00056 31
ENTER_SCOPE 33 31
REFERENCE missing_7226 33
DECLARE nff_00226 4 33
DECLARE ngf_00224 4 33
REFERENCE qjd_00063 33
REFERENCE qjd_00063 33
DECLARE ylv_00223 6 33
DECLARE pey_00227 12 33
DECLARE jqk_00228 9 33
DECLARE ezq_00225 11 33
REFERENCE ekz_00055 33
DECLARE vpt_00229 6 33
REFERENCE dvl_00051 33
DECLARE fky_00230 7 33
REFERENCE ien_00043 33
DECLARE ixw_00221 13 33
EXIT_SCOPE 33
DECLARE qcr_00231 9 31
DECLARE jkx_00232 13 31
DECLARE orz_00193 6 31
REFERENCE pst_00007 31
REFERENCE missing_5999 31
ENTER_SCOPE 34 31
DECLARE abi_00233 20 34
REFERENCE qjd_00063 34
REFERENCE ecj_00054 34
DECLARE kjv_00234 8 34
REFERENCE missing_6285 34
DECLARE vgp_00235 5 34
DECLARE ngf_00224 15 34
DECLARE jdy_00236 19 34
REFERENCE wdi_00047 34
REFERENCE missing_4798 34
DECLARE enc_00222 3 34
EXIT_SCOPE 34
REFERENCE lbw_00033 31
DECLARE xuv_00237 2 31
REFERENCE kwc_00003 31
REFERENCE xip_00192 31
EXIT_SCOPE 31
DECLARE rox_00238 3 30
REFERENCE vwb_00071 30
DECLARE llp_00239 4 30
REFERENCE mos_00018 30
REFERENCE missing_8697 30
ENTER_SCOPE 35 30
DECLARE llp_00239 18 35
DECLARE ntn_00240 2 35
REFERENCE yzp_00011 35
REFERENCE ecj_00054 35
REFERENCE hka_00035 35
REFERENCE lrt_00057 35
DECLARE ppb_00241 5 35
DECLARE ulb_00242 11 35
DECLARE xme_00243 1 35
REFERENCE ykx_00190 35
DECLARE phg_00244 18 35
REFERENCE heh_00006 35
DECLARE mvg_00245 15 35
DECLARE zcr_00246 20 35
REFERENCE brf_00036 35
DECLARE yli_00247 14 35
DECLARE ixw_00221 11 35
DECLARE nnw_00248 6 35
REFERENCE aod_00017 35
REFERENCE qjd_00063 35
REFERENCE missing_1275 35
DECLARE rox_00238 5 35
DECLARE nby_00249 5 35
DECLARE pty_00250 14 35
REFERENCE blj_00001 35
DECLARE cnj_00251 17 35
DECLARE bpj_00252 9 35
DECLARE qjd_00063 16 35
DECLARE hry_00253 6 35
ENTER_SCOPE 36 35
REFERENCE heh_00006 36
DECLARE qjd_00063 5 36
REFERENCE missing_9181 36
REFERENCE missing_6721 36
REFERENCE iqp_00194 36
REFERENCE pty_00250 36
EXIT_SCOPE 36
DECLARE xxb_00254 11 35
REFERENCE phg_00244 35
DECLARE fdy_00255 16 35
DECLARE dqy_00256 12 35
DECLARE nof_00257 16 35
DECLARE ksm_00195 3 35
REFERENCE missing_4646 35
EXIT_SCOPE 35
REFERENCE ecj_00054 30
REFERENCE gkd_00073 30
DECLARE dtb_00258 16 30
DECLARE ahg_00259 2 30
DECLARE xlo_00260 1 30
REFERENCE orz_00193 30
REFERENCE lis_00053 30
DECLARE vji_00200 16 30
ENTER_SCOPE 37 30
DECLARE fgb_00261 8 37
REFERENCE missing_5526 37
DECLARE rox_00238 1 37
DECLARE slr_00262 5 37
REFERENCE missing_2217 37
ENTER_SCOPE 38 37
DECLARE rox_00238 19 38
DECLARE efx_00263 8 38
REFERENCE eld_00008 38
REFERENCE xip_00192 38
REFERENCE djz_00042 38
REFERENCE olw_00046 38
REFERENCE fgb_00261 38
REFERENCE ixw_00221 38
EXIT_SCOPE 38
REFERENCE mie_00065 37
REFERENCE pst_00007 37
REFERENCE oqf_00029 37
REFERENCE mda_00196 37
DECLARE mbg_00264 10 37
REFERENCE heh_00006 37
DECLARE xlo_00260 5 37
REFERENCE ibx_00020 37
REFERENCE pfq_00000 37
DECLARE btj_00265 3 37
REFERENCE btj_00265 37
REFERENCE ksm_00195 37
DECLARE efy_00266 20 37
DECLARE sum_00267 6 37
REFERENCE missing_5524 37
DECLARE rri_00268 3 37
DECLARE llp_00239 9 37
DECLARE eth_00269 14 37
REFERENCE yag_00076 37
REFERENCE vji_00200 37
REFERENCE rox_00238 37
REFERENCE missing_6251 37
REFERENCE heh_00006 37
REFERENCE ikl_00123 37
REFERENCE oxc_00191 37
REFERENCE qxk_00049 37
EXIT_SCOPE 37
REFERENCE missing_7153 30
REFERENCE ahg_00259 30
REFERENCE ugl_00002 30
DECLARE bvz_00201 11 30
DECLARE xip_00192 15 30
DECLARE ggw_00270 6 30
DECLARE fco_00271 9 30
REFERENCE xip_00192 30
REFERENCE ykx_00190 30
REFERENCE ryz_00041 30
DECLARE oii_00272 10 30
DECLARE mcw_00273 12 30
REFERENCE missing_3807 30
REFERENCE dts_00023 30
DECLARE bcb_00274 19 30
EXIT_SCOPE 30
REFERENCE ykx_00190 25
DECLARE odt_00275 6 25
DECLARE dgo_00276 1 25
DECLARE iio_00277 10 25
REFERENCE pst_00007 25
REFERENCE missing_3611 25
REFERENCE rvz_00019 25
REFERENCE missing_7266 25
REFERENCE zsl_00064 25
DECLARE zij_00278 17 25
DECLARE ygp_00279 17 25
REFERENCE djz_00042 25
DECLARE xkz_00280 19 25
ENTER_SCOPE 39 25
REFERENCE ibx_00020 39
REFERENCE rvz_00019 39
REFERENCE dgo_00276 39
DECLARE pep_00281 16 39
EXIT_SCOPE 39
REFERENCE ckg_00032 25
DECLARE jun_00282 3 25
REFERENCE missing_2026 25
REFERENCE djz_00042 25
REFERENCE wdi_00047 25
REFERENCE lbw_00033 25
REFERENCE yag_00076 25
DECLARE swz_00283 6 25
REFERENCE djz_00042 25
REFERENCE missing_6830 25
REFERENCE ibx_00020 25
DECLARE mog_00284 4 25
REFERENCE xip_00192 25
REFERENCE pst_00007 25
REFERENCE missing_1047 25
REFERENCE zsl_00064 25
REFERENCE wdi_00047 25
REFERENCE missing_9882 25
REFERENCE dpd_00062 25
REFERENCE rvz_00019 25
REFERENCE odt_00275 25
DECLARE xme_00285 19 25
DECLARE fep_00286 8 25
REFERENCE ftl_00004 25
REFERENCE rbu_00005 25
REFERENCE yan_00052 25
REFERENCE qjd_00063 25
DECLARE lsj_00287 12 25
REFERENCE skx_00050 25
REFERENCE qvg_00072 25
EXIT_SCOPE 25
REFERENCE gff_00044 12
DECLARE oql_00060 20 12
REFERENCE missing_6040 12
DECLARE hbt_00288 12 12
REFERENCE rvz_00019 12
REFERENCE pst_00007 12
REFERENCE tik_00056 12
REFERENCE yzp_00011 12
DECLARE tok_00289 9 12
ENTER_SCOPE 40 12
DECLARE pjw_00290 18 40
ENTER_SCOPE 41 40
DECLARE kur_00291 8 41
REFERENCE rli_00059 41
REFERENCE dyd_00030 41
REFERENCE tok_00289 41
REFERENCE oqf_00029 41
DECLARE pjw_00290 9 41
REFERENCE ixq_00039 41
DECLARE ocz_00292 3 41
REFERENCE kur_00291 41
EXIT_SCOPE 41
DECLARE pht_00293 6 40
REFERENCE fqc_00013 40
DECLARE yag_00189 17 40
ENTER_SCOPE 42 40
DECLARE pjw_00290 17 42
REFERENCE rbu_00005 42
DECLARE pht_00293 15 42
DECLARE osw_00294 8 42
REFERENCE oqf_00029 42
DECLARE vdi_00295 8 42
ENTER_SCOPE 43 42
DECLARE osw_00294 11 43
DECLARE fyi_00296 5 43
REFERENCE mhs_00014 43
ENTER_SCOPE 44 43
DECLARE wgy_00297 15 44
DECLARE xiz_00298 13 44
DECLARE fyi_00296 2 44
DECLARE vsl_00299 16 44
DECLARE orz_00300 19 44
REFERENCE lrt_00057 44
DECLARE dgb_00301 11 44
DECLARE eip_00302 14 44
DECLARE osw_00294 20 44
REFERENCE hbt_00288 44
REFERENCE qjd_00063 44
DECLARE ecl_00303 2 44
DECLARE zqu_00304 3 44
REFERENCE eld_00008 44
DECLARE pjw_00290 15 44
EXIT_SCOPE 44
ENTER_SCOPE 45 43
REFERENCE ikl_00123 45
REFERENCE lbw_00033 45
REFERENCE heh_00006 45
REFERENCE qjd_00063 45
DECLARE osw_00294 2 45
REFERENCE tbo_00024 45
DECLARE fyy_00305 5 45
REFERENCE heh_00006 45
REFERENCE ecj_00054 45
REFERENCE ugl_00002 45
REFERENCE ugl_00002 45
REFERENCE hbt_00288 45
REFERENCE dvl_00051 45
DECLARE qtm_00306 10 45
REFERENCE rli_00059 45
REFERENCE skx_00050 45
DECLARE wsd_00307 5 45
REFERENCE tbo_00024 45
DECLARE fyi_00296 6 45
DECLARE pjw_00290 4 45
DECLARE lpo_00308 5 45
REFERENCE tok_00289 45
REFERENCE djz_00042 45
DECLARE jcw_00309 20 45
DECLARE noa_00310 11 45
DECLARE gnz_00311 5 45
EXIT_SCOPE 45
REFERENCE vdm_00048 43
REFERENCE awl_00078 43
ENTER_SCOPE 46 43
REFERENCE vwb_00071 46
REFERENCE hka_00035 46
DECLARE cyq_00312 15 46
REFERENCE nhr_00075 46
DECLARE wpb_00313 20 46
REFERENCE zdf_00021 46
REFERENCE nhr_00075 46
DECLARE osw_00294 11 46
DECLARE bvq_00314 19 46
DECLARE uqv_00315 9 46
REFERENCE aod_00017 46
REFERENCE yzp_00011 46
EXIT_SCOPE 46
DECLARE ptw_00316 4 43
DECLARE zyf_00317 19 43
REFERENCE kzt_00027 43
REFERENCE ctx_00026 43
REFERENCE pjw_00290 43
ENTER_SCOPE 47 43
REFERENCE pht_00293 47
DECLARE ptw_00316 1 47
DECLARE osw_00294 15 47
REFERENCE ckg_00032 47
REFERENCE rli_00059 47
REFERENCE heh_00006 47
DECLARE lin_00318 3 47
REFERENCE ftl_00004 47
REFERENCE ecj_00054 47
DECLARE bre_00319 2 47
REFERENCE eld_00008 47
EXIT_SCOPE 47
REFERENCE qjd_00063 43
REFERENCE aod_00017 43
REFERENCE heh_00006 43
REFERENCE dna_00016 43
DECLARE pht_00293 1 43
DECLARE cnk_00320 8 43
DECLARE pjw_00290 11 43
DECLARE fcy_00321 14 43
DECLARE iwx_00322 19 43
REFERENCE iwx_00322 43
EXIT_SCOPE 43
DECLARE wly_00323 13 42
EXIT_SCOPE 42
EXIT_SCOPE 40
EXIT_SCOPE 12
EXIT_SCOPE 2
EXIT_SCOPE 1
EXIT_SCOPE 0
