# ColliScope Real-Source Trace (AST-Derived Modeled Symbol Table Trace)
# Source: cJSON.c, Scope: nested
# In-Unit Declarations: 129, External Symbols: 34 (154 refs)
# Total References: 617, Total Scopes: 128
ENTER_SCOPE 0
DECLARE next 1 0
DECLARE prev 1 0
DECLARE child 1 0
DECLARE type 1 0
DECLARE valuestring 1 0
DECLARE valueint 1 0
DECLARE valuedouble 1 0
DECLARE string 1 0
DECLARE malloc_fn 1 0
DECLARE free_fn 1 0
DECLARE content 1 0
DECLARE length 1 0
DECLARE offset 1 0
DECLARE depth 1 0
DECLARE hooks 1 0
DECLARE buffer 1 0
DECLARE noalloc 1 0
DECLARE format 1 0
DECLARE allocate 1 0
DECLARE deallocate 1 0
DECLARE reallocate 1 0
DECLARE json 1 0
DECLARE position 1 0
DECLARE global_error 1 0
REFERENCE NULL 0
DECLARE cJSON_GetErrorPtr 1 0
ENTER_SCOPE 1 0
REFERENCE global_error 1
REFERENCE global_error 1
EXIT_SCOPE 1
DECLARE cJSON_GetStringValue 1 0
ENTER_SCOPE 2 0
DECLARE item 2 2
REFERENCE cJSON_IsString 2
REFERENCE item 2
ENTER_SCOPE 3 2
REFERENCE NULL 3
EXIT_SCOPE 3
REFERENCE item 2
EXIT_SCOPE 2
DECLARE cJSON_GetNumberValue 1 0
ENTER_SCOPE 4 0
DECLARE item 2 4
REFERENCE cJSON_IsNumber 4
REFERENCE item 4
ENTER_SCOPE 5 4
REFERENCE NAN 5
EXIT_SCOPE 5
REFERENCE item 4
EXIT_SCOPE 4
DECLARE cJSON_Version 1 0
ENTER_SCOPE 6 0
DECLARE version 1 6
REFERENCE sprintf 6
REFERENCE version 6
REFERENCE CJSON_VERSION_MAJOR 6
REFERENCE CJSON_VERSION_MINOR 6
REFERENCE CJSON_VERSION_PATCH 6
REFERENCE version 6
EXIT_SCOPE 6
DECLARE case_insensitive_strcmp 1 0
ENTER_SCOPE 7 0
DECLARE string1 2 7
DECLARE string2 2 7
REFERENCE string1 7
REFERENCE NULL 7
REFERENCE string2 7
REFERENCE NULL 7
ENTER_SCOPE 8 7
EXIT_SCOPE 8
REFERENCE string1 7
REFERENCE string2 7
ENTER_SCOPE 9 7
EXIT_SCOPE 9
REFERENCE tolower 7
REFERENCE string1 7
REFERENCE tolower 7
REFERENCE string2 7
REFERENCE string1 7
REFERENCE string2 7
ENTER_SCOPE 10 7
REFERENCE string1 10
ENTER_SCOPE 11 10
EXIT_SCOPE 11
EXIT_SCOPE 10
REFERENCE tolower 7
REFERENCE string1 7
REFERENCE tolower 7
REFERENCE string2 7
EXIT_SCOPE 7
DECLARE internal_malloc 1 0
ENTER_SCOPE 12 0
DECLARE size 2 12
REFERENCE malloc 12
REFERENCE size 12
EXIT_SCOPE 12
DECLARE internal_free 1 0
ENTER_SCOPE 13 0
DECLARE pointer 2 13
REFERENCE free 13
REFERENCE pointer 13
EXIT_SCOPE 13
DECLARE internal_realloc 1 0
ENTER_SCOPE 14 0
DECLARE pointer 2 14
DECLARE size 2 14
REFERENCE realloc 14
REFERENCE pointer 14
REFERENCE size 14
EXIT_SCOPE 14
DECLARE global_hooks 1 0
REFERENCE internal_malloc 0
REFERENCE internal_free 0
REFERENCE internal_realloc 0
DECLARE cJSON_strdup 1 0
ENTER_SCOPE 15 0
DECLARE string 2 15
DECLARE hooks 2 15
DECLARE length 1 15
DECLARE copy 1 15
REFERENCE NULL 15
REFERENCE string 15
REFERENCE NULL 15
ENTER_SCOPE 16 15
REFERENCE NULL 16
EXIT_SCOPE 16
REFERENCE length 15
REFERENCE strlen 15
REFERENCE string 15
REFERENCE copy 15
REFERENCE hooks 15
REFERENCE length 15
REFERENCE copy 15
REFERENCE NULL 15
ENTER_SCOPE 17 15
REFERENCE NULL 17
EXIT_SCOPE 17
REFERENCE memcpy 15
REFERENCE copy 15
REFERENCE string 15
REFERENCE length 15
REFERENCE copy 15
EXIT_SCOPE 15
DECLARE cJSON_InitHooks 1 0
ENTER_SCOPE 18 0
DECLARE hooks 2 18
REFERENCE hooks 18
REFERENCE NULL 18
ENTER_SCOPE 19 18
REFERENCE global_hooks 19
REFERENCE malloc 19
REFERENCE global_hooks 19
REFERENCE free 19
REFERENCE global_hooks 19
REFERENCE realloc 19
EXIT_SCOPE 19
REFERENCE global_hooks 18
REFERENCE malloc 18
REFERENCE hooks 18
REFERENCE NULL 18
ENTER_SCOPE 20 18
REFERENCE global_hooks 20
REFERENCE hooks 20
EXIT_SCOPE 20
REFERENCE global_hooks 18
REFERENCE free 18
REFERENCE hooks 18
REFERENCE NULL 18
ENTER_SCOPE 21 18
REFERENCE global_hooks 21
REFERENCE hooks 21
EXIT_SCOPE 21
REFERENCE global_hooks 18
REFERENCE NULL 18
REFERENCE global_hooks 18
REFERENCE malloc 18
REFERENCE global_hooks 18
REFERENCE free 18
ENTER_SCOPE 22 18
REFERENCE global_hooks 22
REFERENCE realloc 22
EXIT_SCOPE 22
EXIT_SCOPE 18
DECLARE cJSON_New_Item 1 0
ENTER_SCOPE 23 0
DECLARE hooks 2 23
DECLARE node 1 23
REFERENCE hooks 23
REFERENCE node 23
ENTER_SCOPE 24 23
REFERENCE memset 24
REFERENCE node 24
EXIT_SCOPE 24
REFERENCE node 23
EXIT_SCOPE 23
DECLARE cJSON_Delete 1 0
ENTER_SCOPE 25 0
DECLARE item 2 25
DECLARE next 1 25
REFERENCE NULL 25
REFERENCE item 25
REFERENCE NULL 25
ENTER_SCOPE 26 25
REFERENCE next 26
REFERENCE item 26
REFERENCE item 26
REFERENCE cJSON_IsReference 26
REFERENCE item 26
REFERENCE NULL 26
ENTER_SCOPE 27 26
REFERENCE cJSON_Delete 27
REFERENCE item 27
EXIT_SCOPE 27
REFERENCE item 26
REFERENCE cJSON_IsReference 26
REFERENCE item 26
REFERENCE NULL 26
ENTER_SCOPE 28 26
REFERENCE global_hooks 28
REFERENCE item 28
REFERENCE item 28
REFERENCE NULL 28
EXIT_SCOPE 28
REFERENCE item 26
REFERENCE cJSON_StringIsConst 26
REFERENCE item 26
REFERENCE NULL 26
ENTER_SCOPE 29 26
REFERENCE global_hooks 29
REFERENCE item 29
REFERENCE item 29
REFERENCE NULL 29
EXIT_SCOPE 29
REFERENCE global_hooks 26
REFERENCE item 26
REFERENCE item 26
REFERENCE next 26
EXIT_SCOPE 26
EXIT_SCOPE 25
DECLARE get_decimal_point 1 0
ENTER_SCOPE 30 0
DECLARE lconv 1 30
REFERENCE localeconv 30
REFERENCE lconv 30
EXIT_SCOPE 30
DECLARE parse_number 1 0
ENTER_SCOPE 31 0
DECLARE item 2 31
DECLARE input_buffer 2 31
DECLARE number 1 31
DECLARE after_end 1 31
REFERENCE NULL 31
DECLARE number_c_string 1 31
DECLARE decimal_point 1 31
REFERENCE get_decimal_point 31
DECLARE i 1 31
REFERENCE input_buffer 31
REFERENCE NULL 31
REFERENCE input_buffer 31
REFERENCE NULL 31
ENTER_SCOPE 32 31
REFERENCE false 32
EXIT_SCOPE 32
REFERENCE i 31
REFERENCE i 31
REFERENCE number_c_string 31
REFERENCE can_access_at_index 31
REFERENCE input_buffer 31
REFERENCE i 31
REFERENCE i 31
ENTER_SCOPE 33 31
REFERENCE buffer_at_offset 33
REFERENCE input_buffer 33
REFERENCE i 33
ENTER_SCOPE 34 33
REFERENCE number_c_string 34
REFERENCE i 34
REFERENCE buffer_at_offset 34
REFERENCE input_buffer 34
REFERENCE i 34
REFERENCE number_c_string 34
REFERENCE i 34
REFERENCE decimal_point 34
EXIT_SCOPE 34
EXIT_SCOPE 33
REFERENCE number_c_string 31
REFERENCE i 31
REFERENCE number 31
REFERENCE strtod 31
REFERENCE number_c_string 31
REFERENCE after_end 31
REFERENCE number_c_string 31
REFERENCE after_end 31
ENTER_SCOPE 35 31
REFERENCE false 35
EXIT_SCOPE 35
REFERENCE item 31
REFERENCE number 31
REFERENCE number 31
REFERENCE INT_MAX 31
ENTER_SCOPE 36 31
REFERENCE item 36
REFERENCE INT_MAX 36
EXIT_SCOPE 36
REFERENCE number 31
REFERENCE INT_MIN 31
ENTER_SCOPE 37 31
REFERENCE item 37
REFERENCE INT_MIN 37
EXIT_SCOPE 37
ENTER_SCOPE 38 31
REFERENCE item 38
REFERENCE number 38
EXIT_SCOPE 38
REFERENCE item 31
REFERENCE cJSON_Number 31
REFERENCE input_buffer 31
REFERENCE after_end 31
REFERENCE number_c_string 31
REFERENCE true 31
EXIT_SCOPE 31
DECLARE cJSON_SetNumberHelper 1 0
ENTER_SCOPE 39 0
DECLARE object 2 39
DECLARE number 2 39
REFERENCE number 39
REFERENCE INT_MAX 39
ENTER_SCOPE 40 39
REFERENCE object 40
REFERENCE INT_MAX 40
EXIT_SCOPE 40
REFERENCE number 39
REFERENCE INT_MIN 39
ENTER_SCOPE 41 39
REFERENCE object 41
REFERENCE INT_MIN 41
EXIT_SCOPE 41
ENTER_SCOPE 42 39
REFERENCE object 42
REFERENCE number 42
EXIT_SCOPE 42
REFERENCE object 39
REFERENCE number 39
EXIT_SCOPE 39
DECLARE cJSON_SetValuestring 1 0
ENTER_SCOPE 43 0
DECLARE object 2 43
DECLARE valuestring 2 43
DECLARE copy 1 43
REFERENCE NULL 43
REFERENCE object 43
REFERENCE NULL 43
REFERENCE object 43
REFERENCE cJSON_String 43
REFERENCE object 43
REFERENCE cJSON_IsReference 43
ENTER_SCOPE 44 43
REFERENCE NULL 44
EXIT_SCOPE 44
REFERENCE object 43
REFERENCE NULL 43
REFERENCE valuestring 43
REFERENCE NULL 43
ENTER_SCOPE 45 43
REFERENCE NULL 45
EXIT_SCOPE 45
REFERENCE strlen 43
REFERENCE valuestring 43
REFERENCE strlen 43
REFERENCE object 43
ENTER_SCOPE 46 43
REFERENCE strcpy 46
REFERENCE object 46
REFERENCE valuestring 46
REFERENCE object 46
EXIT_SCOPE 46
REFERENCE copy 43
REFERENCE cJSON_strdup 43
REFERENCE valuestring 43
REFERENCE global_hooks 43
REFERENCE copy 43
REFERENCE NULL 43
ENTER_SCOPE 47 43
REFERENCE NULL 47
EXIT_SCOPE 47
REFERENCE object 43
REFERENCE NULL 43
ENTER_SCOPE 48 43
REFERENCE cJSON_free 48
REFERENCE object 48
EXIT_SCOPE 48
REFERENCE object 43
REFERENCE copy 43
REFERENCE copy 43
EXIT_SCOPE 43
DECLARE ensure 1 0
ENTER_SCOPE 49 0
DECLARE p 2 49
DECLARE needed 2 49
DECLARE newbuffer 1 49
REFERENCE NULL 49
DECLARE newsize 1 49
REFERENCE p 49
REFERENCE NULL 49
REFERENCE p 49
REFERENCE NULL 49
ENTER_SCOPE 50 49
REFERENCE NULL 50
EXIT_SCOPE 50
REFERENCE p 49
REFERENCE p 49
REFERENCE p 49
ENTER_SCOPE 51 49
REFERENCE NULL 51
EXIT_SCOPE 51
REFERENCE needed 49
REFERENCE INT_MAX 49
ENTER_SCOPE 52 49
REFERENCE NULL 52
EXIT_SCOPE 52
REFERENCE needed 49
REFERENCE p 49
REFERENCE needed 49
REFERENCE p 49
ENTER_SCOPE 53 49
REFERENCE p 53
REFERENCE p 53
EXIT_SCOPE 53
REFERENCE p 49
ENTER_SCOPE 54 49
REFERENCE NULL 54
EXIT_SCOPE 54
REFERENCE needed 49
REFERENCE INT_MAX 49
ENTER_SCOPE 55 49
REFERENCE needed 55
REFERENCE INT_MAX 55
ENTER_SCOPE 56 55
REFERENCE newsize 56
REFERENCE INT_MAX 56
EXIT_SCOPE 56
ENTER_SCOPE 57 55
REFERENCE NULL 57
EXIT_SCOPE 57
EXIT_SCOPE 55
ENTER_SCOPE 58 49
REFERENCE newsize 58
REFERENCE needed 58
EXIT_SCOPE 58
REFERENCE p 49
REFERENCE NULL 49
ENTER_SCOPE 59 49
REFERENCE newbuffer 59
REFERENCE p 59
REFERENCE p 59
REFERENCE newsize 59
REFERENCE newbuffer 59
REFERENCE NULL 59
ENTER_SCOPE 60 59
REFERENCE p 60
REFERENCE p 60
REFERENCE p 60
REFERENCE p 60
REFERENCE NULL 60
REFERENCE NULL 60
EXIT_SCOPE 60
EXIT_SCOPE 59
ENTER_SCOPE 61 49
REFERENCE newbuffer 61
REFERENCE p 61
REFERENCE newsize 61
REFERENCE newbuffer 61
ENTER_SCOPE 62 61
REFERENCE p 62
REFERENCE p 62
REFERENCE p 62
REFERENCE p 62
REFERENCE NULL 62
REFERENCE NULL 62
EXIT_SCOPE 62
REFERENCE memcpy 61
REFERENCE newbuffer 61
REFERENCE p 61
REFERENCE p 61
REFERENCE p 61
REFERENCE p 61
EXIT_SCOPE 61
REFERENCE p 49
REFERENCE newsize 49
REFERENCE p 49
REFERENCE newbuffer 49
REFERENCE newbuffer 49
REFERENCE p 49
EXIT_SCOPE 49
DECLARE update_offset 1 0
ENTER_SCOPE 63 0
DECLARE buffer 2 63
DECLARE buffer_pointer 1 63
REFERENCE NULL 63
REFERENCE buffer 63
REFERENCE NULL 63
REFERENCE buffer 63
REFERENCE NULL 63
ENTER_SCOPE 64 63
EXIT_SCOPE 64
REFERENCE buffer_pointer 63
REFERENCE buffer 63
REFERENCE buffer 63
REFERENCE buffer 63
REFERENCE strlen 63
REFERENCE buffer_pointer 63
EXIT_SCOPE 63
DECLARE compare_double 1 0
ENTER_SCOPE 65 0
DECLARE a 2 65
DECLARE b 2 65
DECLARE maxVal 1 65
REFERENCE fabs 65
REFERENCE a 65
REFERENCE fabs 65
REFERENCE b 65
REFERENCE fabs 65
REFERENCE a 65
REFERENCE fabs 65
REFERENCE b 65
REFERENCE fabs 65
REFERENCE a 65
REFERENCE b 65
REFERENCE maxVal 65
REFERENCE DBL_EPSILON 65
EXIT_SCOPE 65
DECLARE print_number 1 0
ENTER_SCOPE 66 0
DECLARE item 2 66
DECLARE output_buffer 2 66
DECLARE output_pointer 1 66
REFERENCE NULL 66
DECLARE d 1 66
REFERENCE item 66
DECLARE length 1 66
DECLARE i 1 66
DECLARE number_buffer 1 66
DECLARE decimal_point 1 66
REFERENCE get_decimal_point 66
DECLARE test 1 66
REFERENCE output_buffer 66
REFERENCE NULL 66
ENTER_SCOPE 67 66
REFERENCE false 67
EXIT_SCOPE 67
REFERENCE isnan 66
REFERENCE d 66
REFERENCE isinf 66
REFERENCE d 66
ENTER_SCOPE 68 66
REFERENCE length 68
REFERENCE sprintf 68
REFERENCE number_buffer 68
EXIT_SCOPE 68
REFERENCE d 66
REFERENCE item 66
ENTER_SCOPE 69 66
REFERENCE length 69
REFERENCE sprintf 69
REFERENCE number_buffer 69
REFERENCE item 69
EXIT_SCOPE 69
ENTER_SCOPE 70 66
REFERENCE length 70
REFERENCE sprintf 70
REFERENCE number_buffer 70
REFERENCE d 70
REFERENCE sscanf 70
REFERENCE number_buffer 70
REFERENCE test 70
REFERENCE compare_double 70
REFERENCE test 70
REFERENCE d 70
ENTER_SCOPE 71 70
REFERENCE length 71
REFERENCE sprintf 71
REFERENCE number_buffer 71
REFERENCE d 71
EXIT_SCOPE 71
EXIT_SCOPE 70
REFERENCE length 66
REFERENCE length 66
REFERENCE number_buffer 66
ENTER_SCOPE 72 66
REFERENCE false 72
EXIT_SCOPE 72
REFERENCE output_pointer 66
REFERENCE ensure 66
REFERENCE output_buffer 66
REFERENCE length 66
REFERENCE output_pointer 66
REFERENCE NULL 66
ENTER_SCOPE 73 66
REFERENCE false 73
EXIT_SCOPE 73
REFERENCE i 66
REFERENCE i 66
REFERENCE length 66
REFERENCE i 66
ENTER_SCOPE 74 66
REFERENCE number_buffer 74
REFERENCE i 74
REFERENCE decimal_point 74
ENTER_SCOPE 75 74
REFERENCE output_pointer 75
REFERENCE i 75
EXIT_SCOPE 75
REFERENCE output_pointer 74
REFERENCE i 74
REFERENCE number_buffer 74
REFERENCE i 74
EXIT_SCOPE 74
REFERENCE output_pointer 66
REFERENCE i 66
REFERENCE output_buffer 66
REFERENCE length 66
REFERENCE true 66
EXIT_SCOPE 66
DECLARE parse_hex4 1 0
ENTER_SCOPE 76 0
DECLARE input 2 76
DECLARE h 1 76
DECLARE i 1 76
REFERENCE i 76
REFERENCE i 76
REFERENCE i 76
ENTER_SCOPE 77 76
REFERENCE input 77
REFERENCE i 77
REFERENCE input 77
REFERENCE i 77
ENTER_SCOPE 78 77
REFERENCE h 78
REFERENCE input 78
REFERENCE i 78
EXIT_SCOPE 78
REFERENCE input 77
REFERENCE i 77
REFERENCE input 77
REFERENCE i 77
ENTER_SCOPE 79 77
REFERENCE h 79
REFERENCE input 79
REFERENCE i 79
EXIT_SCOPE 79
REFERENCE input 77
REFERENCE i 77
REFERENCE input 77
REFERENCE i 77
ENTER_SCOPE 80 77
REFERENCE h 80
REFERENCE input 80
REFERENCE i 80
EXIT_SCOPE 80
ENTER_SCOPE 81 77
EXIT_SCOPE 81
REFERENCE i 77
ENTER_SCOPE 82 77
REFERENCE h 82
REFERENCE h 82
EXIT_SCOPE 82
EXIT_SCOPE 77
REFERENCE h 76
EXIT_SCOPE 76
DECLARE utf16_literal_to_utf8 1 0
ENTER_SCOPE 83 0
DECLARE input_pointer 2 83
DECLARE input_end 2 83
DECLARE output_pointer 2 83
DECLARE codepoint 1 83
DECLARE first_code 1 83
DECLARE first_sequence 1 83
REFERENCE input_pointer 83
DECLARE utf8_length 1 83
DECLARE utf8_position 1 83
DECLARE sequence_length 1 83
DECLARE first_byte_mark 1 83
REFERENCE input_end 83
REFERENCE first_sequence 83
ENTER_SCOPE 84 83
EXIT_SCOPE 84
REFERENCE first_code 83
REFERENCE parse_hex4 83
REFERENCE first_sequence 83
REFERENCE first_code 83
REFERENCE first_code 83
ENTER_SCOPE 85 83
EXIT_SCOPE 85
REFERENCE first_code 83
REFERENCE first_code 83
ENTER_SCOPE 86 83
DECLARE second_sequence 1 86
REFERENCE first_sequence 86
DECLARE second_code 1 86
REFERENCE sequence_length 86
REFERENCE input_end 86
REFERENCE second_sequence 86
ENTER_SCOPE 87 86
EXIT_SCOPE 87
REFERENCE second_sequence 86
REFERENCE second_sequence 86
ENTER_SCOPE 88 86
EXIT_SCOPE 88
REFERENCE second_code 86
REFERENCE parse_hex4 86
REFERENCE second_sequence 86
REFERENCE second_code 86
REFERENCE second_code 86
ENTER_SCOPE 89 86
EXIT_SCOPE 89
REFERENCE codepoint 86
REFERENCE first_code 86
REFERENCE second_code 86
EXIT_SCOPE 86
ENTER_SCOPE 90 83
REFERENCE sequence_length 90
REFERENCE codepoint 90
REFERENCE first_code 90
EXIT_SCOPE 90
REFERENCE codepoint 83
ENTER_SCOPE 91 83
REFERENCE utf8_length 91
EXIT_SCOPE 91
REFERENCE codepoint 83
ENTER_SCOPE 92 83
REFERENCE utf8_length 92
REFERENCE first_byte_mark 92
EXIT_SCOPE 92
REFERENCE codepoint 83
ENTER_SCOPE 93 83
REFERENCE utf8_length 93
REFERENCE first_byte_mark 93
EXIT_SCOPE 93
REFERENCE codepoint 83
ENTER_SCOPE 94 83
REFERENCE utf8_length 94
REFERENCE first_byte_mark 94
EXIT_SCOPE 94
ENTER_SCOPE 95 83
EXIT_SCOPE 95
REFERENCE utf8_position 83
REFERENCE utf8_length 83
REFERENCE utf8_position 83
REFERENCE utf8_position 83
ENTER_SCOPE 96 83
REFERENCE output_pointer 96
REFERENCE utf8_position 96
REFERENCE codepoint 96
REFERENCE codepoint 96
EXIT_SCOPE 96
REFERENCE utf8_length 83
ENTER_SCOPE 97 83
REFERENCE output_pointer 97
REFERENCE codepoint 97
REFERENCE first_byte_mark 97
EXIT_SCOPE 97
ENTER_SCOPE 98 83
REFERENCE output_pointer 98
REFERENCE codepoint 98
EXIT_SCOPE 98
REFERENCE output_pointer 83
REFERENCE utf8_length 83
REFERENCE sequence_length 83
EXIT_SCOPE 83
DECLARE parse_string 1 0
ENTER_SCOPE 99 0
DECLARE item 2 99
DECLARE input_buffer 2 99
DECLARE input_pointer 1 99
REFERENCE buffer_at_offset 99
REFERENCE input_buffer 99
DECLARE input_end 1 99
REFERENCE buffer_at_offset 99
REFERENCE input_buffer 99
DECLARE output_pointer 1 99
REFERENCE NULL 99
DECLARE output 1 99
REFERENCE NULL 99
REFERENCE buffer_at_offset 99
REFERENCE input_buffer 99
ENTER_SCOPE 100 99
EXIT_SCOPE 100
ENTER_SCOPE 101 99
DECLARE allocation_length 1 101
DECLARE skipped_bytes 1 101
REFERENCE input_end 101
REFERENCE input_buffer 101
REFERENCE input_buffer 101
REFERENCE input_end 101
ENTER_SCOPE 102 101
REFERENCE input_end 102
ENTER_SCOPE 103 102
REFERENCE input_end 103
REFERENCE input_buffer 103
REFERENCE input_buffer 103
ENTER_SCOPE 104 103
EXIT_SCOPE 104
REFERENCE skipped_bytes 103
REFERENCE input_end 103
EXIT_SCOPE 103
REFERENCE input_end 102
EXIT_SCOPE 102
REFERENCE input_end 101
REFERENCE input_buffer 101
REFERENCE input_buffer 101
REFERENCE input_end 101
ENTER_SCOPE 105 101
EXIT_SCOPE 105
REFERENCE allocation_length 101
REFERENCE input_end 101
REFERENCE buffer_at_offset 101
REFERENCE input_buffer 101
REFERENCE skipped_bytes 101
REFERENCE output 101
REFERENCE input_buffer 101
REFERENCE allocation_length 101
REFERENCE output 101
REFERENCE NULL 101
ENTER_SCOPE 106 101
EXIT_SCOPE 106
EXIT_SCOPE 101
REFERENCE output_pointer 99
REFERENCE output 99
REFERENCE input_pointer 99
REFERENCE input_end 99
ENTER_SCOPE 107 99
REFERENCE input_pointer 107
ENTER_SCOPE 108 107
REFERENCE output_pointer 108
REFERENCE input_pointer 108
EXIT_SCOPE 108
ENTER_SCOPE 109 107
DECLARE sequence_length 1 109
REFERENCE input_end 109
REFERENCE input_pointer 109
ENTER_SCOPE 110 109
EXIT_SCOPE 110
REFERENCE input_pointer 109
ENTER_SCOPE 111 109
REFERENCE output_pointer 111
REFERENCE output_pointer 111
REFERENCE output_pointer 111
REFERENCE output_pointer 111
REFERENCE output_pointer 111
REFERENCE output_pointer 111
REFERENCE input_pointer 111
REFERENCE sequence_length 111
REFERENCE utf16_literal_to_utf8 111
REFERENCE input_pointer 111
REFERENCE input_end 111
REFERENCE output_pointer 111
REFERENCE sequence_length 111
ENTER_SCOPE 112 111
EXIT_SCOPE 112
EXIT_SCOPE 111
REFERENCE input_pointer 109
REFERENCE sequence_length 109
EXIT_SCOPE 109
EXIT_SCOPE 107
REFERENCE output_pointer 99
REFERENCE item 99
REFERENCE cJSON_String 99
REFERENCE item 99
REFERENCE output 99
REFERENCE input_buffer 99
REFERENCE input_end 99
REFERENCE input_buffer 99
REFERENCE input_buffer 99
REFERENCE true 99
REFERENCE output 99
REFERENCE NULL 99
ENTER_SCOPE 113 99
REFERENCE input_buffer 113
REFERENCE output 113
REFERENCE output 113
REFERENCE NULL 113
EXIT_SCOPE 113
REFERENCE input_pointer 99
REFERENCE NULL 99
ENTER_SCOPE 114 99
REFERENCE input_buffer 114
REFERENCE input_pointer 114
REFERENCE input_buffer 114
EXIT_SCOPE 114
REFERENCE false 99
EXIT_SCOPE 99
DECLARE print_string_ptr 1 0
ENTER_SCOPE 115 0
DECLARE input 2 115
DECLARE output_buffer 2 115
DECLARE input_pointer 1 115
REFERENCE NULL 115
DECLARE output 1 115
REFERENCE NULL 115
DECLARE output_pointer 1 115
REFERENCE NULL 115
DECLARE output_length 1 115
DECLARE escape_characters 1 115
REFERENCE output_buffer 115
REFERENCE NULL 115
ENTER_SCOPE 116 115
REFERENCE false 116
EXIT_SCOPE 116
REFERENCE input 115
REFERENCE NULL 115
ENTER_SCOPE 117 115
REFERENCE output 117
REFERENCE ensure 117
REFERENCE output_buffer 117
REFERENCE output 117
REFERENCE NULL 117
ENTER_SCOPE 118 117
REFERENCE false 118
EXIT_SCOPE 118
REFERENCE strcpy 117
REFERENCE output 117
REFERENCE true 117
EXIT_SCOPE 117
REFERENCE input_pointer 115
REFERENCE input 115
REFERENCE input_pointer 115
REFERENCE input_pointer 115
ENTER_SCOPE 119 115
REFERENCE input_pointer 119
ENTER_SCOPE 120 119
REFERENCE escape_characters 120
REFERENCE input_pointer 120
ENTER_SCOPE 121 120
REFERENCE escape_characters 121
EXIT_SCOPE 121
EXIT_SCOPE 120
EXIT_SCOPE 119
REFERENCE output_length 115
REFERENCE input_pointer 115
REFERENCE input 115
REFERENCE escape_characters 115
REFERENCE output 115
REFERENCE ensure 115
REFERENCE output_buffer 115
REFERENCE output_length 115
REFERENCE output 115
REFERENCE NULL 115
ENTER_SCOPE 122 115
REFERENCE false 122
EXIT_SCOPE 122
REFERENCE escape_characters 115
ENTER_SCOPE 123 115
REFERENCE output 123
REFERENCE memcpy 123
REFERENCE output 123
REFERENCE input 123
REFERENCE output_length 123
REFERENCE output 123
REFERENCE output_length 123
REFERENCE output 123
REFERENCE output_length 123
REFERENCE true 123
EXIT_SCOPE 123
REFERENCE output 115
REFERENCE output_pointer 115
REFERENCE output 115
REFERENCE input_pointer 115
REFERENCE input 115
REFERENCE input_pointer 115
REFERENCE input_pointer 115
REFERENCE output_pointer 115
ENTER_SCOPE 124 115
REFERENCE input_pointer 124
REFERENCE input_pointer 124
REFERENCE input_pointer 124
ENTER_SCOPE 125 124
REFERENCE output_pointer 125
REFERENCE input_pointer 125
EXIT_SCOPE 125
ENTER_SCOPE 126 124
REFERENCE output_pointer 126
REFERENCE input_pointer 126
ENTER_SCOPE 127 126
REFERENCE output_pointer 127
REFERENCE output_pointer 127
REFERENCE output_pointer 127
REFERENCE output_pointer 127
REFERENCE output_pointer 127
REFERENCE output_pointer 127
REFERENCE output_pointer 127
REFERENCE sprintf 127
REFERENCE output_pointer 127
REFERENCE input_pointer 127
REFERENCE output_pointer 127
EXIT_SCOPE 127
EXIT_SCOPE 126
EXIT_SCOPE 124
REFERENCE output 115
REFERENCE output_length 115
EXIT_SCOPE 115
EXIT_SCOPE 0
