# ColliScope Generated Random Trace
# Parameters: seed=47, scope=flat, type=lookup-heavy, load_factor=0.9
ENTER_SCOPE 0
DECLARE jll_00000 11 0
DECLARE gkq_00001 14 0
DECLARE rya_00002 16 0
DECLARE sav_00003 11 0
DECLARE ofn_00004 12 0
DECLARE lgo_00005 12 0
DECLARE pot_00006 8 0
DECLARE usy_00007 5 0
DECLARE ijj_00008 18 0
DECLARE vcw_00009 8 0
DECLARE yvf_00010 4 0
DECLARE upr_00011 10 0
DECLARE wvv_00012 9 0
DECLARE jom_00013 19 0
DECLARE ugs_00014 8 0
DECLARE pqf_00015 16 0
DECLARE gpy_00016 5 0
DECLARE lzo_00017 3 0
DECLARE bnq_00018 16 0
DECLARE ulx_00019 2 0
DECLARE pxp_00020 16 0
DECLARE xqy_00021 1 0
DECLARE ofl_00022 6 0
DECLARE exd_00023 5 0
DECLARE son_00024 4 0
DECLARE gad_00025 3 0
DECLARE jgd_00026 17 0
DECLARE vfu_00027 16 0
DECLARE noa_00028 3 0
DECLARE edo_00029 2 0
DECLARE wgb_00030 4 0
DECLARE ahw_00031 10 0
DECLARE gxn_00032 18 0
DECLARE phw_00033 19 0
DECLARE cmo_00034 4 0
DECLARE kjh_00035 16 0
DECLARE pbn_00036 15 0
DECLARE qla_00037 19 0
DECLARE nzu_00038 10 0
DECLARE umc_00039 8 0
DECLARE jim_00040 19 0
DECLARE cll_00041 9 0
DECLARE qrr_00042 1 0
DECLARE zer_00043 2 0
DECLARE uoj_00044 4 0
DECLARE wsp_00045 18 0
DECLARE tji_00046 7 0
DECLARE tcy_00047 17 0
DECLARE vki_00048 12 0
DECLARE wvc_00049 20 0
REFERENCE ofl_00022 0
REFERENCE missing_7420 0
REFERENCE wvv_00012 0
REFERENCE vki_00048 0
REFERENCE nzu_00038 0
REFERENCE ulx_00019 0
DECLARE pak_00050 15 0
REFERENCE qla_00037 0
REFERENCE pot_00006 0
REFERENCE sav_00003 0
REFERENCE exd_00023 0
REFERENCE vki_00048 0
REFERENCE kjh_00035 0
REFERENCE edo_00029 0
REFERENCE zer_00043 0
REFERENCE rya_00002 0
DECLARE yqm_00051 2 0
REFERENCE wvc_00049 0
REFERENCE pbn_00036 0
DECLARE kjt_00052 12 0
REFERENCE pqf_00015 0
DECLARE kyo_00053 20 0
DECLARE rmp_00054 3 0
REFERENCE tcy_00047 0
REFERENCE ahw_00031 0
REFERENCE missing_8989 0
REFERENCE phw_00033 0
REFERENCE jim_00040 0
REFERENCE jll_00000 0
REFERENCE zer_00043 0
REFERENCE ulx_00019 0
REFERENCE pqf_00015 0
REFERENCE missing_3904 0
REFERENCE pxp_00020 0
REFERENCE ahw_00031 0
REFERENCE qrr_00042 0
REFERENCE kjt_00052 0
DECLARE pgw_00055 3 0
DECLARE eec_00056 19 0
REFERENCE exd_00023 0
REFERENCE wvc_00049 0
REFERENCE pxp_00020 0
REFERENCE missing_3219 0
REFERENCE jll_00000 0
REFERENCE uoj_00044 0
REFERENCE upr_00011 0
REFERENCE wvc_00049 0
REFERENCE gad_00025 0
REFERENCE wvc_00049 0
REFERENCE pot_00006 0
REFERENCE missing_8020 0
REFERENCE qrr_00042 0
DECLARE wlx_00057 11 0
REFERENCE xqy_00021 0
REFERENCE upr_00011 0
REFERENCE wlx_00057 0
DECLARE amx_00058 6 0
REFERENCE missing_5893 0
DECLARE qrg_00059 7 0
REFERENCE kjt_00052 0
DECLARE zqu_00060 10 0
REFERENCE pqf_00015 0
REFERENCE edo_00029 0
REFERENCE wvc_00049 0
REFERENCE tcy_00047 0
REFERENCE xqy_00021 0
DECLARE ekn_00061 12 0
REFERENCE vcw_00009 0
REFERENCE exd_00023 0
REFERENCE missing_2072 0
REFERENCE bnq_00018 0
REFERENCE ofl_00022 0
REFERENCE pqf_00015 0
REFERENCE wvv_00012 0
REFERENCE ofl_00022 0
REFERENCE jim_00040 0
REFERENCE ugs_00014 0
REFERENCE lzo_00017 0
REFERENCE yqm_00051 0
DECLARE upv_00062 17 0
REFERENCE missing_1807 0
REFERENCE pot_00006 0
DECLARE hrq_00063 13 0
REFERENCE missing_2069 0
REFERENCE hrq_00063 0
REFERENCE ofn_00004 0
REFERENCE bnq_00018 0
REFERENCE lzo_00017 0
REFERENCE missing_7183 0
REFERENCE tji_00046 0
REFERENCE kjt_00052 0
DECLARE fal_00064 14 0
REFERENCE missing_7155 0
REFERENCE fal_00064 0
REFERENCE phw_00033 0
DECLARE pvp_00065 3 0
REFERENCE missing_9495 0
REFERENCE gad_00025 0
REFERENCE usy_00007 0
REFERENCE tji_00046 0
DECLARE uov_00066 5 0
REFERENCE sav_00003 0
REFERENCE pbn_00036 0
REFERENCE ulx_00019 0
REFERENCE zqu_00060 0
REFERENCE gxn_00032 0
DECLARE vym_00067 14 0
REFERENCE ugs_00014 0
REFERENCE rmp_00054 0
REFERENCE phw_00033 0
REFERENCE missing_2763 0
REFERENCE cmo_00034 0
REFERENCE phw_00033 0
DECLARE jqb_00068 14 0
REFERENCE tcy_00047 0
REFERENCE zer_00043 0
REFERENCE pgw_00055 0
REFERENCE pak_00050 0
REFERENCE yvf_00010 0
REFERENCE yvf_00010 0
REFERENCE pgw_00055 0
REFERENCE yvf_00010 0
REFERENCE eec_00056 0
REFERENCE jll_00000 0
REFERENCE pgw_00055 0
REFERENCE kyo_00053 0
REFERENCE hrq_00063 0
REFERENCE wgb_00030 0
REFERENCE missing_9443 0
REFERENCE eec_00056 0
REFERENCE zer_00043 0
REFERENCE pxp_00020 0
REFERENCE ijj_00008 0
REFERENCE nzu_00038 0
REFERENCE eec_00056 0
REFERENCE nzu_00038 0
REFERENCE missing_3999 0
REFERENCE qrr_00042 0
REFERENCE rmp_00054 0
REFERENCE uov_00066 0
DECLARE mcq_00069 19 0
DECLARE xhf_00070 14 0
REFERENCE missing_4661 0
REFERENCE kjh_00035 0
REFERENCE zer_00043 0
DECLARE ifd_00071 3 0
REFERENCE ulx_00019 0
REFERENCE upr_00011 0
REFERENCE gkq_00001 0
REFERENCE pqf_00015 0
REFERENCE pbn_00036 0
REFERENCE zqu_00060 0
REFERENCE ugs_00014 0
REFERENCE kyo_00053 0
DECLARE tap_00072 17 0
REFERENCE exd_00023 0
REFERENCE gxn_00032 0
REFERENCE yvf_00010 0
REFERENCE gad_00025 0
REFERENCE xqy_00021 0
DECLARE kms_00073 10 0
REFERENCE ulx_00019 0
REFERENCE exd_00023 0
REFERENCE kjh_00035 0
DECLARE pih_00074 8 0
DECLARE fif_00075 19 0
REFERENCE ofl_00022 0
REFERENCE fif_00075 0
REFERENCE jll_00000 0
REFERENCE missing_3132 0
REFERENCE kyo_00053 0
REFERENCE tap_00072 0
REFERENCE missing_1434 0
REFERENCE son_00024 0
REFERENCE phw_00033 0
REFERENCE uov_00066 0
REFERENCE vym_00067 0
REFERENCE xqy_00021 0
REFERENCE qrg_00059 0
REFERENCE missing_4618 0
REFERENCE eec_00056 0
DECLARE drw_00076 15 0
REFERENCE xhf_00070 0
REFERENCE pgw_00055 0
REFERENCE exd_00023 0
REFERENCE edo_00029 0
REFERENCE missing_3697 0
DECLARE ebu_00077 6 0
REFERENCE tap_00072 0
REFERENCE missing_1687 0
REFERENCE fal_00064 0
REFERENCE noa_00028 0
REFERENCE usy_00007 0
REFERENCE amx_00058 0
REFERENCE ekn_00061 0
REFERENCE fif_00075 0
REFERENCE pot_00006 0
REFERENCE missing_3855 0
REFERENCE pot_00006 0
REFERENCE amx_00058 0
REFERENCE yqm_00051 0
DECLARE bik_00078 10 0
REFERENCE bik_00078 0
REFERENCE missing_8721 0
REFERENCE ahw_00031 0
REFERENCE yqm_00051 0
REFERENCE vki_00048 0
REFERENCE ifd_00071 0
REFERENCE qla_00037 0
REFERENCE wlx_00057 0
REFERENCE vcw_00009 0
REFERENCE zqu_00060 0
REFERENCE upr_00011 0
REFERENCE pih_00074 0
REFERENCE missing_8104 0
REFERENCE missing_9880 0
REFERENCE ijj_00008 0
REFERENCE kyo_00053 0
REFERENCE missing_1829 0
REFERENCE uov_00066 0
DECLARE mhp_00079 7 0
REFERENCE upr_00011 0
REFERENCE jqb_00068 0
REFERENCE cmo_00034 0
REFERENCE pot_00006 0
REFERENCE yvf_00010 0
REFERENCE wsp_00045 0
REFERENCE pak_00050 0
REFERENCE rmp_00054 0
DECLARE hdv_00080 10 0
DECLARE crz_00081 7 0
DECLARE mhg_00082 11 0
REFERENCE xhf_00070 0
REFERENCE wlx_00057 0
REFERENCE pih_00074 0
REFERENCE jgd_00026 0
REFERENCE hrq_00063 0
REFERENCE missing_6140 0
REFERENCE sav_00003 0
REFERENCE qrr_00042 0
DECLARE pza_00083 14 0
REFERENCE mcq_00069 0
REFERENCE kms_00073 0
REFERENCE cll_00041 0
REFERENCE wvv_00012 0
REFERENCE edo_00029 0
REFERENCE xqy_00021 0
REFERENCE pza_00083 0
REFERENCE pxp_00020 0
REFERENCE wlx_00057 0
REFERENCE rya_00002 0
REFERENCE wsp_00045 0
REFERENCE hdv_00080 0
REFERENCE crz_00081 0
REFERENCE missing_1865 0
REFERENCE usy_00007 0
REFERENCE kyo_00053 0
REFERENCE gkq_00001 0
REFERENCE jll_00000 0
REFERENCE missing_3860 0
REFERENCE ahw_00031 0
REFERENCE lgo_00005 0
REFERENCE sav_00003 0
REFERENCE wgb_00030 0
REFERENCE pbn_00036 0
REFERENCE missing_5573 0
REFERENCE pvp_00065 0
REFERENCE gkq_00001 0
REFERENCE xhf_00070 0
DECLARE mrn_00084 19 0
DECLARE sbt_00085 18 0
REFERENCE kjh_00035 0
REFERENCE kyo_00053 0
REFERENCE pot_00006 0
REFERENCE son_00024 0
DECLARE wua_00086 17 0
REFERENCE qrr_00042 0
DECLARE nlm_00087 14 0
REFERENCE missing_8015 0
REFERENCE lgo_00005 0
DECLARE pcm_00088 18 0
REFERENCE jgd_00026 0
REFERENCE missing_6435 0
REFERENCE son_00024 0
DECLARE mhl_00089 15 0
DECLARE ygm_00090 16 0
REFERENCE qla_00037 0
REFERENCE yqm_00051 0
REFERENCE lgo_00005 0
REFERENCE ulx_00019 0
REFERENCE jqb_00068 0
REFERENCE xhf_00070 0
REFERENCE hrq_00063 0
DECLARE ngh_00091 5 0
REFERENCE wua_00086 0
REFERENCE mhg_00082 0
REFERENCE uov_00066 0
REFERENCE yvf_00010 0
REFERENCE mcq_00069 0
REFERENCE lzo_00017 0
REFERENCE xhf_00070 0
DECLARE uuf_00092 6 0
REFERENCE missing_8889 0
REFERENCE missing_3831 0
REFERENCE xqy_00021 0
DECLARE fbe_00093 18 0
DECLARE zgs_00094 14 0
REFERENCE vki_00048 0
REFERENCE yvf_00010 0
DECLARE xeb_00095 10 0
REFERENCE edo_00029 0
REFERENCE missing_5122 0
REFERENCE jqb_00068 0
DECLARE qnu_00096 8 0
REFERENCE cll_00041 0
REFERENCE missing_6589 0
REFERENCE missing_6601 0
REFERENCE upv_00062 0
REFERENCE ifd_00071 0
REFERENCE gxn_00032 0
REFERENCE fbe_00093 0
REFERENCE hrq_00063 0
REFERENCE pot_00006 0
DECLARE hyl_00097 5 0
REFERENCE mhl_00089 0
REFERENCE fif_00075 0
DECLARE gvj_00098 3 0
REFERENCE missing_8905 0
REFERENCE cmo_00034 0
REFERENCE kjt_00052 0
DECLARE lrg_00099 8 0
REFERENCE crz_00081 0
DECLARE xqk_00100 8 0
REFERENCE ugs_00014 0
REFERENCE fif_00075 0
REFERENCE missing_5488 0
DECLARE dfx_00101 20 0
REFERENCE ifd_00071 0
REFERENCE missing_9198 0
REFERENCE lzo_00017 0
REFERENCE missing_9440 0
REFERENCE kjt_00052 0
REFERENCE drw_00076 0
REFERENCE ngh_00091 0
REFERENCE ekn_00061 0
REFERENCE tap_00072 0
REFERENCE missing_6814 0
REFERENCE missing_3427 0
REFERENCE eec_00056 0
DECLARE owu_00102 5 0
REFERENCE ofn_00004 0
REFERENCE owu_00102 0
REFERENCE qrg_00059 0
REFERENCE qrg_00059 0
DECLARE aoj_00103 5 0
REFERENCE edo_00029 0
REFERENCE vki_00048 0
REFERENCE ekn_00061 0
REFERENCE bik_00078 0
REFERENCE ofn_00004 0
DECLARE jxu_00104 18 0
REFERENCE xeb_00095 0
DECLARE qad_00105 6 0
DECLARE ajf_00106 1 0
REFERENCE missing_1499 0
REFERENCE gxn_00032 0
REFERENCE xqk_00100 0
REFERENCE ebu_00077 0
REFERENCE pih_00074 0
REFERENCE rya_00002 0
DECLARE exd_00107 14 0
REFERENCE missing_8517 0
REFERENCE kyo_00053 0
REFERENCE hdv_00080 0
REFERENCE ahw_00031 0
REFERENCE xqy_00021 0
REFERENCE ngh_00091 0
REFERENCE mrn_00084 0
REFERENCE mhl_00089 0
REFERENCE fif_00075 0
DECLARE bob_00108 2 0
DECLARE grj_00109 1 0
REFERENCE lzo_00017 0
REFERENCE zer_00043 0
REFERENCE missing_9327 0
REFERENCE cmo_00034 0
REFERENCE hyl_00097 0
REFERENCE hrq_00063 0
REFERENCE son_00024 0
REFERENCE pbn_00036 0
DECLARE qof_00110 14 0
REFERENCE missing_5985 0
REFERENCE rmp_00054 0
REFERENCE missing_7179 0
REFERENCE uuf_00092 0
REFERENCE jqb_00068 0
REFERENCE dfx_00101 0
DECLARE sbp_00111 18 0
REFERENCE zqu_00060 0
REFERENCE hrq_00063 0
REFERENCE xhf_00070 0
REFERENCE tcy_00047 0
REFERENCE jgd_00026 0
DECLARE cnr_00112 14 0
REFERENCE pot_00006 0
REFERENCE pvp_00065 0
REFERENCE nzu_00038 0
REFERENCE gxn_00032 0
REFERENCE missing_8128 0
REFERENCE xeb_00095 0
REFERENCE uoj_00044 0
REFERENCE jgd_00026 0
REFERENCE tap_00072 0
REFERENCE missing_5640 0
REFERENCE wlx_00057 0
REFERENCE qnu_00096 0
REFERENCE vki_00048 0
REFERENCE zer_00043 0
REFERENCE hyl_00097 0
REFERENCE bnq_00018 0
REFERENCE hyl_00097 0
REFERENCE qla_00037 0
REFERENCE missing_5358 0
REFERENCE eec_00056 0
REFERENCE qrg_00059 0
REFERENCE exd_00107 0
REFERENCE tji_00046 0
REFERENCE nlm_00087 0
DECLARE wjx_00113 3 0
REFERENCE jim_00040 0
DECLARE zxs_00114 6 0
DECLARE bee_00115 7 0
REFERENCE mrn_00084 0
REFERENCE crz_00081 0
DECLARE obi_00116 9 0
REFERENCE pvp_00065 0
REFERENCE yqm_00051 0
REFERENCE xeb_00095 0
REFERENCE jim_00040 0
REFERENCE qrg_00059 0
REFERENCE pqf_00015 0
REFERENCE jxu_00104 0
REFERENCE qla_00037 0
REFERENCE dfx_00101 0
REFERENCE vym_00067 0
REFERENCE zgs_00094 0
REFERENCE jqb_00068 0
REFERENCE vcw_00009 0
REFERENCE zqu_00060 0
REFERENCE sav_00003 0
REFERENCE sav_00003 0
REFERENCE tcy_00047 0
REFERENCE missing_6240 0
REFERENCE ahw_00031 0
REFERENCE missing_1070 0
DECLARE mmo_00117 10 0
REFERENCE gpy_00016 0
REFERENCE ajf_00106 0
REFERENCE tap_00072 0
REFERENCE tcy_00047 0
REFERENCE gxn_00032 0
REFERENCE vym_00067 0
DECLARE wef_00118 12 0
REFERENCE edo_00029 0
REFERENCE owu_00102 0
DECLARE dxa_00119 7 0
REFERENCE zqu_00060 0
REFERENCE hrq_00063 0
REFERENCE usy_00007 0
DECLARE lrf_00120 19 0
REFERENCE ifd_00071 0
REFERENCE wvv_00012 0
REFERENCE bik_00078 0
REFERENCE pot_00006 0
REFERENCE zqu_00060 0
REFERENCE zxs_00114 0
DECLARE drw_00121 8 0
REFERENCE wjx_00113 0
REFERENCE qrr_00042 0
REFERENCE xhf_00070 0
DECLARE tbm_00122 20 0
REFERENCE vym_00067 0
REFERENCE qof_00110 0
REFERENCE dxa_00119 0
REFERENCE dxa_00119 0
REFERENCE jim_00040 0
REFERENCE missing_6150 0
REFERENCE usy_00007 0
REFERENCE jqb_00068 0
DECLARE bue_00123 12 0
REFERENCE umc_00039 0
REFERENCE zer_00043 0
REFERENCE mcq_00069 0
REFERENCE sbp_00111 0
DECLARE spb_00124 18 0
REFERENCE nlm_00087 0
REFERENCE missing_3349 0
REFERENCE zgs_00094 0
DECLARE vpq_00125 19 0
REFERENCE wgb_00030 0
REFERENCE fbe_00093 0
REFERENCE ebu_00077 0
REFERENCE missing_9161 0
DECLARE mlb_00126 15 0
REFERENCE mlb_00126 0
REFERENCE lgo_00005 0
REFERENCE gkq_00001 0
REFERENCE ijj_00008 0
REFERENCE wua_00086 0
REFERENCE jll_00000 0
REFERENCE obi_00116 0
REFERENCE cll_00041 0
DECLARE gpf_00127 4 0
REFERENCE missing_8921 0
REFERENCE cll_00041 0
REFERENCE nlm_00087 0
REFERENCE missing_1528 0
DECLARE dmz_00128 10 0
DECLARE ltc_00129 13 0
REFERENCE spb_00124 0
DECLARE pha_00130 10 0
REFERENCE jgd_00026 0
REFERENCE wlx_00057 0
REFERENCE rya_00002 0
REFERENCE ulx_00019 0
REFERENCE cmo_00034 0
REFERENCE pot_00006 0
REFERENCE pvp_00065 0
REFERENCE wvv_00012 0
REFERENCE pgw_00055 0
DECLARE myo_00131 20 0
REFERENCE nzu_00038 0
REFERENCE kyo_00053 0
REFERENCE missing_1727 0
REFERENCE uov_00066 0
DECLARE xrj_00132 8 0
REFERENCE usy_00007 0
REFERENCE fbe_00093 0
REFERENCE wjx_00113 0
REFERENCE eec_00056 0
REFERENCE wlx_00057 0
DECLARE nks_00133 1 0
REFERENCE ajf_00106 0
REFERENCE bik_00078 0
REFERENCE dmz_00128 0
REFERENCE lgo_00005 0
REFERENCE ulx_00019 0
REFERENCE vcw_00009 0
REFERENCE tap_00072 0
REFERENCE wef_00118 0
REFERENCE crz_00081 0
REFERENCE vki_00048 0
REFERENCE bue_00123 0
REFERENCE wlx_00057 0
REFERENCE rya_00002 0
REFERENCE fif_00075 0
REFERENCE nzu_00038 0
REFERENCE pak_00050 0
REFERENCE mrn_00084 0
REFERENCE ahw_00031 0
REFERENCE ajf_00106 0
REFERENCE wjx_00113 0
DECLARE mbb_00134 10 0
REFERENCE mmo_00117 0
REFERENCE mhg_00082 0
REFERENCE dmz_00128 0
REFERENCE edo_00029 0
REFERENCE yqm_00051 0
REFERENCE missing_9452 0
REFERENCE wvc_00049 0
REFERENCE sbt_00085 0
REFERENCE myo_00131 0
REFERENCE vym_00067 0
REFERENCE kyo_00053 0
DECLARE vbt_00135 14 0
REFERENCE yvf_00010 0
REFERENCE zqu_00060 0
REFERENCE wef_00118 0
REFERENCE ajf_00106 0
DECLARE flc_00136 14 0
REFERENCE nlm_00087 0
REFERENCE jom_00013 0
REFERENCE lzo_00017 0
REFERENCE owu_00102 0
REFERENCE fif_00075 0
DECLARE rur_00137 4 0
REFERENCE bue_00123 0
REFERENCE ijj_00008 0
REFERENCE ygm_00090 0
REFERENCE lrg_00099 0
DECLARE mnr_00138 18 0
REFERENCE gxn_00032 0
REFERENCE exd_00023 0
REFERENCE dxa_00119 0
DECLARE mlw_00139 15 0
REFERENCE pvp_00065 0
DECLARE vlf_00140 17 0
DECLARE evm_00141 17 0
DECLARE srr_00142 12 0
REFERENCE vpq_00125 0
REFERENCE wua_00086 0
DECLARE grb_00143 17 0
REFERENCE gkq_00001 0
DECLARE pln_00144 12 0
DECLARE ddb_00145 9 0
REFERENCE missing_4936 0
DECLARE ikp_00146 13 0
REFERENCE bik_00078 0
REFERENCE kjh_00035 0
REFERENCE wvv_00012 0
REFERENCE wjx_00113 0
REFERENCE missing_3267 0
REFERENCE zer_00043 0
REFERENCE missing_4090 0
REFERENCE umc_00039 0
REFERENCE uuf_00092 0
DECLARE icj_00147 17 0
REFERENCE wef_00118 0
REFERENCE dmz_00128 0
REFERENCE qrg_00059 0
DECLARE ahd_00148 3 0
REFERENCE drw_00121 0
REFERENCE missing_6667 0
DECLARE esi_00149 13 0
REFERENCE ofn_00004 0
REFERENCE missing_8793 0
REFERENCE vfu_00027 0
DECLARE oyt_00150 20 0
REFERENCE nzu_00038 0
REFERENCE cll_00041 0
REFERENCE flc_00136 0
REFERENCE ajf_00106 0
REFERENCE mcq_00069 0
DECLARE nmu_00151 5 0
REFERENCE mcq_00069 0
REFERENCE vfu_00027 0
REFERENCE missing_2875 0
REFERENCE drw_00121 0
REFERENCE missing_2232 0
DECLARE pvo_00152 10 0
DECLARE zzm_00153 11 0
REFERENCE cmo_00034 0
DECLARE bec_00154 9 0
REFERENCE hdv_00080 0
REFERENCE ulx_00019 0
REFERENCE pvp_00065 0
REFERENCE drw_00076 0
REFERENCE vlf_00140 0
REFERENCE lrg_00099 0
DECLARE qwn_00155 2 0
DECLARE ghr_00156 4 0
REFERENCE sav_00003 0
REFERENCE ddb_00145 0
REFERENCE dmz_00128 0
REFERENCE edo_00029 0
REFERENCE evm_00141 0
REFERENCE ugs_00014 0
REFERENCE qad_00105 0
REFERENCE xqk_00100 0
REFERENCE ikp_00146 0
REFERENCE mlw_00139 0
DECLARE obh_00157 7 0
REFERENCE grb_00143 0
DECLARE nhe_00158 9 0
REFERENCE uoj_00044 0
REFERENCE wsp_00045 0
DECLARE zpw_00159 16 0
REFERENCE wef_00118 0
REFERENCE missing_5200 0
DECLARE ixx_00160 4 0
REFERENCE tcy_00047 0
REFERENCE qof_00110 0
REFERENCE ifd_00071 0
REFERENCE amx_00058 0
REFERENCE jom_00013 0
REFERENCE fal_00064 0
REFERENCE kyo_00053 0
REFERENCE tji_00046 0
DECLARE nvc_00161 19 0
REFERENCE wgb_00030 0
REFERENCE spb_00124 0
REFERENCE ghr_00156 0
REFERENCE vki_00048 0
REFERENCE bue_00123 0
REFERENCE wua_00086 0
REFERENCE qwn_00155 0
REFERENCE ygm_00090 0
DECLARE pmz_00162 2 0
REFERENCE pvp_00065 0
REFERENCE kjh_00035 0
DECLARE hco_00163 20 0
REFERENCE sbp_00111 0
REFERENCE kjh_00035 0
DECLARE laf_00164 11 0
DECLARE mnp_00165 10 0
REFERENCE nks_00133 0
REFERENCE ifd_00071 0
DECLARE qeg_00166 17 0
REFERENCE zxs_00114 0
DECLARE ivp_00167 6 0
REFERENCE icj_00147 0
REFERENCE missing_6189 0
DECLARE gsz_00168 20 0
REFERENCE pak_00050 0
REFERENCE ajf_00106 0
REFERENCE kjt_00052 0
DECLARE tiu_00169 5 0
DECLARE aba_00170 19 0
REFERENCE cll_00041 0
REFERENCE ahw_00031 0
REFERENCE zgs_00094 0
REFERENCE flc_00136 0
REFERENCE mcq_00069 0
REFERENCE ivp_00167 0
DECLARE rxi_00171 16 0
REFERENCE lgo_00005 0
REFERENCE grj_00109 0
DECLARE ztv_00172 19 0
DECLARE pkm_00173 6 0
DECLARE ynq_00174 12 0
DECLARE why_00175 17 0
REFERENCE nzu_00038 0
DECLARE xhj_00176 10 0
REFERENCE jgd_00026 0
DECLARE zaq_00177 14 0
DECLARE exy_00178 18 0
REFERENCE sbt_00085 0
REFERENCE flc_00136 0
REFERENCE cmo_00034 0
REFERENCE qnu_00096 0
REFERENCE missing_9443 0
DECLARE jwk_00179 4 0
REFERENCE wgb_00030 0
REFERENCE pbn_00036 0
REFERENCE missing_7014 0
DECLARE cie_00180 19 0
REFERENCE missing_7628 0
REFERENCE zqu_00060 0
REFERENCE zzm_00153 0
REFERENCE umc_00039 0
DECLARE lrh_00181 6 0
REFERENCE edo_00029 0
REFERENCE phw_00033 0
REFERENCE missing_9482 0
REFERENCE missing_3577 0
REFERENCE vbt_00135 0
DECLARE ivf_00182 16 0
DECLARE mew_00183 2 0
DECLARE ten_00184 6 0
REFERENCE spb_00124 0
DECLARE zon_00185 9 0
DECLARE fnl_00186 2 0
DECLARE hbl_00187 7 0
REFERENCE xqk_00100 0
REFERENCE son_00024 0
REFERENCE kjt_00052 0
REFERENCE zon_00185 0
REFERENCE lgo_00005 0
DECLARE avt_00188 5 0
REFERENCE usy_00007 0
DECLARE jsp_00189 20 0
REFERENCE ghr_00156 0
DECLARE xei_00190 17 0
REFERENCE ten_00184 0
DECLARE bdq_00191 3 0
REFERENCE hdv_00080 0
REFERENCE ikp_00146 0
DECLARE hwd_00192 17 0
REFERENCE son_00024 0
REFERENCE pxp_00020 0
REFERENCE mlb_00126 0
DECLARE oqj_00193 15 0
DECLARE kfk_00194 7 0
REFERENCE avt_00188 0
REFERENCE crz_00081 0
REFERENCE missing_8496 0
DECLARE rth_00195 13 0
DECLARE zrp_00196 20 0
REFERENCE lrh_00181 0
REFERENCE missing_9399 0
REFERENCE qeg_00166 0
REFERENCE ahd_00148 0
REFERENCE rya_00002 0
REFERENCE wvv_00012 0
REFERENCE ekn_00061 0
DECLARE onp_00197 4 0
REFERENCE missing_9532 0
REFERENCE gsz_00168 0
REFERENCE mew_00183 0
REFERENCE ivf_00182 0
REFERENCE exd_00023 0
REFERENCE nhe_00158 0
DECLARE vyu_00198 13 0
REFERENCE ztv_00172 0
REFERENCE missing_8026 0
REFERENCE vyu_00198 0
REFERENCE gsz_00168 0
DECLARE pgu_00199 11 0
REFERENCE kjt_00052 0
REFERENCE obi_00116 0
REFERENCE pgw_00055 0
REFERENCE jom_00013 0
REFERENCE jim_00040 0
REFERENCE mhl_00089 0
DECLARE wuc_00200 1 0
REFERENCE ivp_00167 0
REFERENCE yqm_00051 0
REFERENCE missing_2305 0
REFERENCE xeb_00095 0
REFERENCE grb_00143 0
REFERENCE bec_00154 0
REFERENCE hyl_00097 0
DECLARE yyy_00201 16 0
REFERENCE gxn_00032 0
REFERENCE wua_00086 0
REFERENCE ixx_00160 0
REFERENCE zpw_00159 0
REFERENCE icj_00147 0
DECLARE zjq_00202 19 0
REFERENCE missing_9014 0
DECLARE htz_00203 11 0
REFERENCE jqb_00068 0
DECLARE kcc_00204 5 0
REFERENCE qad_00105 0
REFERENCE vlf_00140 0
DECLARE ccl_00205 1 0
DECLARE asm_00206 7 0
REFERENCE yyy_00201 0
REFERENCE ofl_00022 0
REFERENCE bob_00108 0
REFERENCE zon_00185 0
REFERENCE missing_5133 0
REFERENCE gkq_00001 0
REFERENCE mlw_00139 0
REFERENCE kms_00073 0
REFERENCE umc_00039 0
REFERENCE pln_00144 0
REFERENCE zqu_00060 0
DECLARE psk_00207 6 0
REFERENCE laf_00164 0
DECLARE qnt_00208 2 0
REFERENCE vym_00067 0
REFERENCE jll_00000 0
REFERENCE missing_5150 0
REFERENCE pvp_00065 0
REFERENCE missing_4180 0
DECLARE xpk_00209 14 0
REFERENCE bdq_00191 0
REFERENCE bik_00078 0
REFERENCE qrg_00059 0
REFERENCE ifd_00071 0
REFERENCE lzo_00017 0
DECLARE mwo_00210 12 0
REFERENCE kjh_00035 0
REFERENCE rth_00195 0
REFERENCE dxa_00119 0
REFERENCE jll_00000 0
REFERENCE ivp_00167 0
DECLARE ygg_00211 5 0
REFERENCE uoj_00044 0
REFERENCE drw_00121 0
DECLARE uhn_00212 19 0
DECLARE gyx_00213 20 0
DECLARE vjd_00214 7 0
DECLARE aot_00215 11 0
REFERENCE mmo_00117 0
REFERENCE lrf_00120 0
DECLARE sli_00216 17 0
REFERENCE kcc_00204 0
REFERENCE pkm_00173 0
REFERENCE ugs_00014 0
REFERENCE rxi_00171 0
REFERENCE bdq_00191 0
DECLARE pbe_00217 4 0
REFERENCE eec_00056 0
DECLARE lxj_00218 15 0
DECLARE mku_00219 20 0
REFERENCE ulx_00019 0
REFERENCE dxa_00119 0
DECLARE ibt_00220 13 0
REFERENCE missing_5714 0
REFERENCE hyl_00097 0
REFERENCE bue_00123 0
REFERENCE xeb_00095 0
REFERENCE lrf_00120 0
REFERENCE hwd_00192 0
REFERENCE missing_3346 0
REFERENCE jwk_00179 0
REFERENCE rmp_00054 0
REFERENCE zpw_00159 0
REFERENCE sbt_00085 0
REFERENCE zqu_00060 0
REFERENCE upv_00062 0
REFERENCE son_00024 0
DECLARE kmx_00221 5 0
DECLARE xdf_00222 8 0
REFERENCE wjx_00113 0
DECLARE zxt_00223 15 0
REFERENCE missing_3378 0
REFERENCE ynq_00174 0
REFERENCE pbn_00036 0
REFERENCE vlf_00140 0
REFERENCE wua_00086 0
REFERENCE missing_1605 0
REFERENCE obi_00116 0
REFERENCE jll_00000 0
DECLARE tvt_00224 6 0
REFERENCE zgs_00094 0
REFERENCE tap_00072 0
REFERENCE missing_8514 0
REFERENCE jim_00040 0
REFERENCE zjq_00202 0
REFERENCE drw_00076 0
DECLARE yix_00225 19 0
REFERENCE umc_00039 0
REFERENCE why_00175 0
DECLARE yax_00226 6 0
REFERENCE ofl_00022 0
REFERENCE qrg_00059 0
REFERENCE upv_00062 0
REFERENCE yyy_00201 0
DECLARE jis_00227 11 0
REFERENCE ccl_00205 0
REFERENCE jom_00013 0
REFERENCE owu_00102 0
REFERENCE missing_3839 0
REFERENCE zer_00043 0
REFERENCE zon_00185 0
DECLARE ite_00228 16 0
REFERENCE missing_8244 0
REFERENCE wuc_00200 0
REFERENCE jim_00040 0
DECLARE ets_00229 20 0
REFERENCE missing_9384 0
REFERENCE mbb_00134 0
REFERENCE jis_00227 0
REFERENCE yvf_00010 0
REFERENCE pot_00006 0
DECLARE exs_00230 19 0
REFERENCE wvc_00049 0
REFERENCE psk_00207 0
REFERENCE son_00024 0
DECLARE eor_00231 9 0
REFERENCE ifd_00071 0
DECLARE oxm_00232 10 0
REFERENCE tji_00046 0
REFERENCE vym_00067 0
REFERENCE pkm_00173 0
DECLARE gak_00233 1 0
DECLARE fus_00234 2 0
EXIT_SCOPE 0
