# ColliScope Frequency-Matched Synthetic Trace
# Parameters: seed=74, zipf_s=1.244, scope=nested, type=lookup-heavy, replicate=3
ENTER_SCOPE 0
DECLARE sym_k0000 1 0
DECLARE sym_k0001 2 0
DECLARE sym_k0002 3 0
DECLARE sym_k0003 4 0
DECLARE sym_k0004 5 0
DECLARE sym_k0005 6 0
DECLARE sym_k0006 7 0
DECLARE sym_k0007 8 0
DECLARE sym_k0008 9 0
DECLARE sym_k0009 10 0
DECLARE sym_k0010 1 0
DECLARE sym_k0011 2 0
DECLARE sym_k0012 3 0
DECLARE sym_k0013 4 0
DECLARE sym_k0014 5 0
DECLARE sym_k0015 6 0
DECLARE sym_k0016 7 0
DECLARE sym_k0017 8 0
DECLARE sym_k0018 9 0
DECLARE sym_k0019 10 0
DECLARE sym_k0020 1 0
DECLARE sym_k0021 2 0
DECLARE sym_k0022 3 0
DECLARE sym_k0023 4 0
DECLARE sym_k0024 5 0
DECLARE sym_k0025 6 0
DECLARE sym_k0026 7 0
DECLARE sym_k0027 8 0
DECLARE sym_k0028 9 0
DECLARE sym_k0029 10 0
DECLARE sym_k0030 1 0
DECLARE sym_k0031 2 0
DECLARE sym_k0032 3 0
DECLARE sym_k0033 4 0
DECLARE sym_k0034 5 0
DECLARE sym_k0035 6 0
DECLARE sym_k0036 7 0
DECLARE sym_k0037 8 0
DECLARE sym_k0038 9 0
DECLARE sym_k0039 10 0
DECLARE sym_k0040 1 0
DECLARE sym_k0041 2 0
DECLARE sym_k0042 3 0
DECLARE sym_k0043 4 0
DECLARE sym_k0044 5 0
DECLARE sym_k0045 6 0
DECLARE sym_k0046 7 0
DECLARE sym_k0047 8 0
DECLARE sym_k0048 9 0
DECLARE sym_k0049 10 0
REFERENCE sym_k0020 0
REFERENCE sym_k0004 0
REFERENCE sym_k0012 0
REFERENCE sym_k0011 0
REFERENCE sym_k0005 0
REFERENCE sym_k0004 0
REFERENCE sym_k0000 0
REFERENCE sym_k0020 0
REFERENCE missing_4741 0
REFERENCE sym_k0041 0
REFERENCE sym_k0026 0
REFERENCE sym_k0004 0
REFERENCE sym_k0005 0
REFERENCE sym_k0008 0
REFERENCE sym_k0040 0
ENTER_SCOPE 1 0
EXIT_SCOPE 1
REFERENCE sym_k0029 0
REFERENCE sym_k0000 0
REFERENCE sym_k0000 0
DECLARE sym_k0085 11 0
REFERENCE sym_k0000 0
REFERENCE sym_k0000 0
REFERENCE missing_4045 0
REFERENCE missing_9172 0
REFERENCE sym_k0000 0
REFERENCE sym_k0001 0
REFERENCE sym_k0002 0
REFERENCE sym_k0002 0
REFERENCE sym_k0004 0
REFERENCE sym_k0004 0
REFERENCE sym_k0000 0
REFERENCE sym_k0041 0
REFERENCE sym_k0008 0
REFERENCE sym_k0001 0
REFERENCE missing_2993 0
REFERENCE sym_k0000 0
REFERENCE sym_k0009 0
DECLARE sym_k0114 10 0
REFERENCE sym_k0005 0
REFERENCE sym_k0005 0
REFERENCE sym_k0029 0
REFERENCE sym_k0085 0
REFERENCE missing_4080 0
DECLARE sym_k0120 1 0
REFERENCE sym_k0009 0
REFERENCE missing_8293 0
REFERENCE sym_k0018 0
REFERENCE sym_k0008 0
REFERENCE sym_k0028 0
REFERENCE sym_k0000 0
REFERENCE sym_k0001 0
REFERENCE sym_k0039 0
REFERENCE sym_k0000 0
REFERENCE missing_3542 0
REFERENCE sym_k0000 0
REFERENCE sym_k0000 0
ENTER_SCOPE 2 0
REFERENCE sym_k0006 2
DECLARE sym_k0003 4 2
DECLARE sym_k0001 2 2
REFERENCE sym_k0004 2
REFERENCE sym_k0022 2
REFERENCE missing_5034 2
DECLARE sym_k0002 3 2
REFERENCE sym_k0017 2
REFERENCE sym_k0035 2
REFERENCE sym_k0018 2
REFERENCE sym_k0003 2
DECLARE sym_k0000 1 2
DECLARE sym_k0004 5 2
REFERENCE sym_k0041 2
REFERENCE sym_k0000 2
ENTER_SCOPE 3 2
ENTER_SCOPE 4 3
REFERENCE sym_k0000 4
REFERENCE sym_k0003 4
REFERENCE sym_k0000 4
REFERENCE sym_k0003 4
REFERENCE missing_7191 4
REFERENCE missing_1275 4
REFERENCE sym_k0009 4
REFERENCE missing_7962 4
ENTER_SCOPE 5 4
DECLARE sym_k0001 2 5
REFERENCE sym_k0002 5
REFERENCE sym_k0007 5
REFERENCE sym_k0046 5
DECLARE sym_k0045 1 5
REFERENCE sym_k0020 5
REFERENCE missing_4536 5
REFERENCE sym_k0000 5
ENTER_SCOPE 6 5
REFERENCE sym_k0000 6
REFERENCE sym_k0000 6
REFERENCE sym_k0010 6
REFERENCE sym_k0001 6
REFERENCE sym_k0006 6
DECLARE sym_k0001 2 6
REFERENCE sym_k0001 6
REFERENCE sym_k0009 6
REFERENCE sym_k0007 6
REFERENCE sym_k0012 6
REFERENCE sym_k0000 6
REFERENCE sym_k0001 6
REFERENCE sym_k0009 6
REFERENCE sym_k0001 6
REFERENCE sym_k0013 6
REFERENCE sym_k0000 6
REFERENCE sym_k0022 6
DECLARE sym_k0002 3 6
REFERENCE sym_k0002 6
REFERENCE sym_k0035 6
REFERENCE sym_k0000 6
REFERENCE sym_k0020 6
REFERENCE sym_k0001 6
REFERENCE sym_k0006 6
REFERENCE sym_k0001 6
REFERENCE sym_k0002 6
REFERENCE sym_k0010 6
ENTER_SCOPE 7 6
REFERENCE sym_k0003 7
REFERENCE sym_k0000 7
REFERENCE sym_k0000 7
REFERENCE sym_k0006 7
ENTER_SCOPE 8 7
REFERENCE sym_k0000 8
REFERENCE sym_k0007 8
REFERENCE sym_k0030 8
REFERENCE sym_k0003 8
REFERENCE sym_k0000 8
REFERENCE sym_k0000 8
REFERENCE sym_k0015 8
REFERENCE sym_k0000 8
REFERENCE sym_k0000 8
DECLARE sym_k0001 2 8
REFERENCE missing_6737 8
REFERENCE sym_k0000 8
REFERENCE sym_k0005 8
REFERENCE sym_k0000 8
DECLARE sym_k0037 8 8
REFERENCE sym_k0044 8
REFERENCE sym_k0000 8
REFERENCE sym_k0004 8
REFERENCE sym_k0004 8
REFERENCE sym_k0048 8
DECLARE sym_k0002 3 8
REFERENCE sym_k0002 8
REFERENCE sym_k0003 8
REFERENCE sym_k0013 8
REFERENCE sym_k0005 8
REFERENCE missing_2250 8
REFERENCE sym_k0002 8
REFERENCE sym_k0000 8
REFERENCE missing_9213 8
REFERENCE missing_4979 8
REFERENCE sym_k0000 8
REFERENCE sym_k0012 8
REFERENCE sym_k0001 8
REFERENCE missing_6177 8
DECLARE sym_k0000 1 8
REFERENCE sym_k0003 8
REFERENCE sym_k0021 8
REFERENCE sym_k0012 8
REFERENCE sym_k0005 8
REFERENCE sym_k0001 8
REFERENCE sym_k0006 8
DECLARE sym_k0196 2 8
REFERENCE sym_k0000 8
REFERENCE sym_k0011 8
REFERENCE missing_2037 8
REFERENCE missing_5665 8
REFERENCE sym_k0000 8
REFERENCE sym_k0039 8
REFERENCE sym_k0029 8
REFERENCE sym_k0034 8
EXIT_SCOPE 8
REFERENCE sym_k0004 7
REFERENCE sym_k0007 7
REFERENCE missing_7651 7
DECLARE sym_k0000 1 7
REFERENCE sym_k0000 7
REFERENCE sym_k0006 7
DECLARE sym_k0038 9 7
REFERENCE missing_9376 7
ENTER_SCOPE 9 7
REFERENCE sym_k0010 9
REFERENCE sym_k0002 9
REFERENCE sym_k0042 9
REFERENCE sym_k0001 9
REFERENCE sym_k0002 9
EXIT_SCOPE 9
EXIT_SCOPE 7
ENTER_SCOPE 10 6
REFERENCE sym_k0000 10
REFERENCE sym_k0011 10
REFERENCE sym_k0008 10
REFERENCE sym_k0009 10
REFERENCE sym_k0000 10
REFERENCE sym_k0001 10
REFERENCE sym_k0036 10
REFERENCE sym_k0009 10
REFERENCE sym_k0000 10
REFERENCE sym_k0000 10
REFERENCE missing_6107 10
REFERENCE sym_k0012 10
REFERENCE sym_k0000 10
REFERENCE sym_k0010 10
REFERENCE missing_6745 10
REFERENCE sym_k0016 10
REFERENCE missing_4256 10
REFERENCE missing_4397 10
EXIT_SCOPE 10
REFERENCE sym_k0006 6
REFERENCE missing_5696 6
REFERENCE sym_k0000 6
REFERENCE missing_1360 6
REFERENCE sym_k0030 6
REFERENCE sym_k0001 6
REFERENCE sym_k0022 6
REFERENCE sym_k0005 6
EXIT_SCOPE 6
DECLARE sym_k0054 10 5
REFERENCE sym_k0002 5
REFERENCE missing_9613 5
REFERENCE sym_k0029 5
REFERENCE sym_k0002 5
REFERENCE sym_k0003 5
DECLARE sym_k0007 8 5
REFERENCE sym_k0011 5
REFERENCE sym_k0054 5
DECLARE sym_k0000 1 5
REFERENCE sym_k0002 5
DECLARE sym_k0004 5 5
REFERENCE missing_8098 5
ENTER_SCOPE 11 5
REFERENCE sym_k0000 11
REFERENCE sym_k0003 11
REFERENCE sym_k0004 11
REFERENCE sym_k0012 11
REFERENCE sym_k0000 11
REFERENCE sym_k0003 11
REFERENCE sym_k0000 11
REFERENCE sym_k0000 11
EXIT_SCOPE 11
EXIT_SCOPE 5
REFERENCE sym_k0001 4
REFERENCE sym_k0047 4
REFERENCE sym_k0006 4
DECLARE sym_k0000 1 4
REFERENCE missing_2792 4
REFERENCE sym_k0015 4
DECLARE sym_k0023 9 4
REFERENCE sym_k0002 4
REFERENCE sym_k0004 4
REFERENCE sym_k0000 4
REFERENCE sym_k0003 4
REFERENCE missing_6755 4
DECLARE sym_k0133 14 4
REFERENCE missing_8090 4
REFERENCE missing_3063 4
REFERENCE sym_k0001 4
DECLARE sym_k0028 14 4
REFERENCE sym_k0032 4
REFERENCE sym_k0010 4
REFERENCE missing_6423 4
REFERENCE missing_1155 4
REFERENCE sym_k0042 4
REFERENCE sym_k0033 4
REFERENCE missing_7094 4
REFERENCE sym_k0036 4
EXIT_SCOPE 4
REFERENCE sym_k0001 3
EXIT_SCOPE 3
REFERENCE sym_k0000 2
REFERENCE sym_k0000 2
REFERENCE sym_k0022 2
REFERENCE sym_k0003 2
ENTER_SCOPE 12 2
REFERENCE missing_4241 12
DECLARE sym_k0008 9 12
REFERENCE sym_k0000 12
REFERENCE sym_k0003 12
REFERENCE sym_k0034 12
DECLARE sym_k0007 8 12
REFERENCE sym_k0000 12
REFERENCE missing_3372 12
REFERENCE missing_8860 12
EXIT_SCOPE 12
ENTER_SCOPE 13 2
REFERENCE sym_k0002 13
REFERENCE sym_k0028 13
REFERENCE sym_k0043 13
REFERENCE sym_k0021 13
REFERENCE sym_k0017 13
REFERENCE sym_k0002 13
REFERENCE missing_9401 13
REFERENCE missing_6897 13
DECLARE sym_k0025 11 13
REFERENCE sym_k0022 13
REFERENCE sym_k0000 13
REFERENCE sym_k0001 13
REFERENCE missing_5336 13
REFERENCE missing_6658 13
ENTER_SCOPE 14 13
EXIT_SCOPE 14
REFERENCE sym_k0000 13
REFERENCE sym_k0000 13
REFERENCE sym_k0000 13
REFERENCE sym_k0005 13
REFERENCE sym_k0007 13
REFERENCE missing_9032 13
EXIT_SCOPE 13
REFERENCE sym_k0002 2
REFERENCE sym_k0007 2
DECLARE sym_k0007 8 2
REFERENCE sym_k0003 2
REFERENCE sym_k0000 2
REFERENCE sym_k0022 2
REFERENCE sym_k0036 2
REFERENCE sym_k0000 2
REFERENCE sym_k0001 2
REFERENCE sym_k0000 2
REFERENCE sym_k0001 2
REFERENCE sym_k0001 2
REFERENCE sym_k0004 2
REFERENCE sym_k0042 2
REFERENCE sym_k0000 2
REFERENCE sym_k0001 2
REFERENCE missing_8369 2
REFERENCE sym_k0003 2
REFERENCE sym_k0002 2
REFERENCE sym_k0027 2
REFERENCE sym_k0000 2
REFERENCE sym_k0003 2
REFERENCE sym_k0000 2
REFERENCE sym_k0001 2
REFERENCE sym_k0003 2
DECLARE sym_k0175 11 2
REFERENCE missing_6054 2
ENTER_SCOPE 15 2
REFERENCE missing_7936 15
REFERENCE missing_7685 15
REFERENCE sym_k0030 15
REFERENCE sym_k0034 15
REFERENCE sym_k0000 15
REFERENCE sym_k0019 15
REFERENCE sym_k0000 15
ENTER_SCOPE 16 15
REFERENCE missing_9824 16
DECLARE sym_k0031 2 16
REFERENCE sym_k0003 16
ENTER_SCOPE 17 16
REFERENCE sym_k0002 17
REFERENCE sym_k0001 17
REFERENCE sym_k0013 17
REFERENCE sym_k0026 17
REFERENCE sym_k0036 17
REFERENCE sym_k0000 17
REFERENCE sym_k0010 17
REFERENCE sym_k0003 17
REFERENCE sym_k0006 17
EXIT_SCOPE 17
REFERENCE missing_3400 16
REFERENCE sym_k0001 16
REFERENCE sym_k0000 16
DECLARE sym_k0004 5 16
REFERENCE sym_k0008 16
DECLARE sym_k0003 4 16
REFERENCE sym_k0000 16
REFERENCE sym_k0016 16
DECLARE sym_k0021 7 16
REFERENCE sym_k0001 16
REFERENCE sym_k0003 16
REFERENCE sym_k0046 16
REFERENCE missing_7372 16
REFERENCE sym_k0003 16
REFERENCE missing_5216 16
REFERENCE sym_k0003 16
DECLARE sym_k0007 8 16
DECLARE sym_k0009 10 16
REFERENCE sym_k0004 16
REFERENCE sym_k0021 16
REFERENCE sym_k0004 16
DECLARE sym_k0000 1 16
REFERENCE sym_k0006 16
REFERENCE sym_k0048 16
REFERENCE sym_k0000 16
REFERENCE sym_k0000 16
REFERENCE sym_k0021 16
REFERENCE sym_k0008 16
EXIT_SCOPE 16
REFERENCE sym_k0000 15
ENTER_SCOPE 18 15
REFERENCE sym_k0000 18
REFERENCE sym_k0022 18
REFERENCE sym_k0001 18
REFERENCE sym_k0035 18
ENTER_SCOPE 19 18
REFERENCE sym_k0031 19
REFERENCE sym_k0000 19
REFERENCE sym_k0005 19
DECLARE sym_k0000 1 19
REFERENCE missing_3889 19
REFERENCE sym_k0001 19
REFERENCE sym_k0000 19
REFERENCE sym_k0008 19
REFERENCE sym_k0000 19
REFERENCE sym_k0002 19
REFERENCE sym_k0000 19
REFERENCE sym_k0000 19
REFERENCE sym_k0019 19
REFERENCE missing_2377 19
REFERENCE sym_k0013 19
REFERENCE sym_k0000 19
REFERENCE sym_k0017 19
ENTER_SCOPE 20 19
REFERENCE sym_k0004 20
REFERENCE sym_k0006 20
ENTER_SCOPE 21 20
REFERENCE sym_k0005 21
REFERENCE sym_k0040 21
REFERENCE missing_4738 21
REFERENCE sym_k0002 21
REFERENCE sym_k0031 21
REFERENCE sym_k0019 21
REFERENCE sym_k0000 21
REFERENCE sym_k0003 21
REFERENCE sym_k0001 21
EXIT_SCOPE 21
EXIT_SCOPE 20
EXIT_SCOPE 19
DECLARE sym_k0169 5 18
EXIT_SCOPE 18
REFERENCE sym_k0002 15
ENTER_SCOPE 22 15
REFERENCE sym_k0049 22
REFERENCE sym_k0002 22
REFERENCE sym_k0002 22
REFERENCE sym_k0003 22
REFERENCE sym_k0015 22
REFERENCE sym_k0007 22
REFERENCE sym_k0002 22
REFERENCE sym_k0001 22
REFERENCE sym_k0000 22
REFERENCE missing_9272 22
DECLARE sym_k0003 4 22
REFERENCE sym_k0000 22
REFERENCE sym_k0000 22
REFERENCE sym_k0017 22
REFERENCE sym_k0000 22
REFERENCE sym_k0005 22
ENTER_SCOPE 23 22
REFERENCE sym_k0041 23
REFERENCE missing_5057 23
ENTER_SCOPE 24 23
REFERENCE sym_k0006 24
REFERENCE sym_k0000 24
REFERENCE sym_k0003 24
REFERENCE sym_k0007 24
REFERENCE sym_k0000 24
REFERENCE sym_k0031 24
ENTER_SCOPE 25 24
REFERENCE sym_k0010 25
REFERENCE sym_k0007 25
DECLARE sym_k0010 11 25
REFERENCE sym_k0000 25
REFERENCE sym_k0002 25
REFERENCE sym_k0005 25
DECLARE sym_k0006 7 25
EXIT_SCOPE 25
REFERENCE sym_k0000 24
REFERENCE missing_3300 24
REFERENCE sym_k0000 24
REFERENCE sym_k0000 24
REFERENCE sym_k0000 24
REFERENCE sym_k0004 24
REFERENCE missing_1485 24
REFERENCE sym_k0001 24
DECLARE sym_k0017 3 24
REFERENCE sym_k0015 24
REFERENCE sym_k0004 24
REFERENCE sym_k0000 24
REFERENCE sym_k0000 24
REFERENCE sym_k0007 24
REFERENCE sym_k0012 24
REFERENCE missing_8101 24
REFERENCE sym_k0001 24
DECLARE sym_k0000 1 24
REFERENCE sym_k0000 24
REFERENCE sym_k0026 24
REFERENCE sym_k0027 24
REFERENCE missing_7311 24
REFERENCE sym_k0003 24
REFERENCE sym_k0027 24
REFERENCE sym_k0000 24
REFERENCE sym_k0002 24
REFERENCE sym_k0005 24
REFERENCE sym_k0000 24
REFERENCE sym_k0000 24
REFERENCE sym_k0000 24
REFERENCE sym_k0003 24
REFERENCE sym_k0022 24
REFERENCE sym_k0005 24
EXIT_SCOPE 24
DECLARE sym_k0000 1 23
REFERENCE sym_k0010 23
REFERENCE sym_k0000 23
REFERENCE sym_k0002 23
REFERENCE sym_k0000 23
REFERENCE sym_k0007 23
REFERENCE sym_k0009 23
REFERENCE sym_k0011 23
REFERENCE sym_k0000 23
REFERENCE sym_k0003 23
REFERENCE sym_k0004 23
REFERENCE sym_k0000 23
REFERENCE sym_k0032 23
REFERENCE sym_k0014 23
REFERENCE sym_k0000 23
REFERENCE sym_k0000 23
REFERENCE sym_k0009 23
REFERENCE sym_k0013 23
REFERENCE sym_k0004 23
DECLARE sym_k0007 8 23
REFERENCE missing_2990 23
REFERENCE sym_k0000 23
REFERENCE sym_k0017 23
REFERENCE sym_k0114 23
REFERENCE sym_k0005 23
REFERENCE sym_k0001 23
REFERENCE sym_k0003 23
REFERENCE sym_k0002 23
REFERENCE sym_k0004 23
REFERENCE sym_k0020 23
REFERENCE sym_k0000 23
REFERENCE sym_k0001 23
REFERENCE sym_k0004 23
REFERENCE sym_k0021 23
DECLARE sym_k0009 10 23
REFERENCE sym_k0007 23
REFERENCE sym_k0000 23
DECLARE sym_k0008 9 23
REFERENCE sym_k0001 23
REFERENCE sym_k0025 23
REFERENCE missing_7795 23
REFERENCE sym_k0004 23
REFERENCE sym_k0017 23
REFERENCE sym_k0000 23
REFERENCE sym_k0000 23
REFERENCE sym_k0001 23
ENTER_SCOPE 26 23
REFERENCE sym_k0003 26
REFERENCE sym_k0000 26
REFERENCE sym_k0000 26
REFERENCE sym_k0000 26
REFERENCE sym_k0038 26
REFERENCE sym_k0005 26
REFERENCE sym_k0044 26
REFERENCE sym_k0000 26
REFERENCE sym_k0003 26
REFERENCE sym_k0002 26
REFERENCE missing_3881 26
REFERENCE sym_k0014 26
REFERENCE sym_k0006 26
REFERENCE sym_k0004 26
ENTER_SCOPE 27 26
REFERENCE sym_k0000 27
DECLARE sym_k0000 1 27
REFERENCE sym_k0038 27
DECLARE sym_k0014 15 27
REFERENCE sym_k0013 27
REFERENCE sym_k0017 27
DECLARE sym_k0003 4 27
REFERENCE sym_k0001 27
EXIT_SCOPE 27
DECLARE sym_k0018 4 26
REFERENCE sym_k0001 26
REFERENCE missing_9497 26
REFERENCE sym_k0005 26
DECLARE sym_k0002 3 26
REFERENCE missing_2367 26
DECLARE sym_k0012 13 26
REFERENCE sym_k0034 26
DECLARE sym_k0001 2 26
REFERENCE sym_k0013 26
REFERENCE missing_6885 26
REFERENCE sym_k0001 26
REFERENCE sym_k0000 26
REFERENCE missing_8946 26
REFERENCE sym_k0001 26
REFERENCE sym_k0001 26
REFERENCE sym_k0004 26
REFERENCE sym_k0006 26
REFERENCE missing_9147 26
REFERENCE sym_k0001 26
REFERENCE missing_8618 26
REFERENCE sym_k0007 26
REFERENCE sym_k0027 26
REFERENCE sym_k0010 26
REFERENCE sym_k0004 26
DECLARE sym_k0072 13 26
REFERENCE sym_k0000 26
REFERENCE sym_k0005 26
REFERENCE sym_k0006 26
REFERENCE missing_2453 26
REFERENCE sym_k0005 26
REFERENCE sym_k0004 26
DECLARE sym_k0011 12 26
DECLARE sym_k0013 14 26
REFERENCE sym_k0000 26
ENTER_SCOPE 28 26
REFERENCE sym_k0012 28
REFERENCE sym_k0003 28
DECLARE sym_k0008 9 28
DECLARE sym_k0037 8 28
REFERENCE sym_k0000 28
REFERENCE sym_k0002 28
DECLARE sym_k0000 1 28
REFERENCE sym_k0003 28
REFERENCE sym_k0015 28
REFERENCE missing_1763 28
REFERENCE sym_k0008 28
REFERENCE sym_k0003 28
REFERENCE sym_k0000 28
REFERENCE sym_k0001 28
REFERENCE missing_6017 28
REFERENCE sym_k0003 28
REFERENCE sym_k0004 28
REFERENCE sym_k0037 28
REFERENCE sym_k0041 28
REFERENCE sym_k0021 28
REFERENCE sym_k0000 28
DECLARE sym_k0001 2 28
REFERENCE sym_k0046 28
REFERENCE sym_k0013 28
ENTER_SCOPE 29 28
DECLARE sym_k0002 3 29
DECLARE sym_k0021 7 29
DECLARE sym_k0009 10 29
EXIT_SCOPE 29
REFERENCE sym_k0015 28
ENTER_SCOPE 30 28
REFERENCE sym_k0001 30
DECLARE sym_k0064 5 30
REFERENCE sym_k0001 30
DECLARE sym_k0009 10 30
REFERENCE sym_k0005 30
REFERENCE sym_k0002 30
REFERENCE sym_k0040 30
REFERENCE sym_k0041 30
REFERENCE sym_k0002 30
REFERENCE sym_k0026 30
REFERENCE missing_6032 30
DECLARE sym_k0004 5 30
EXIT_SCOPE 30
REFERENCE sym_k0000 28
REFERENCE sym_k0001 28
REFERENCE sym_k0012 28
REFERENCE sym_k0000 28
REFERENCE sym_k0003 28
REFERENCE sym_k0024 28
REFERENCE sym_k0000 28
REFERENCE sym_k0028 28
REFERENCE sym_k0001 28
ENTER_SCOPE 31 28
REFERENCE sym_k0000 31
REFERENCE sym_k0000 31
REFERENCE sym_k0026 31
REFERENCE sym_k0019 31
REFERENCE sym_k0002 31
REFERENCE sym_k0001 31
REFERENCE sym_k0001 31
REFERENCE sym_k0000 31
EXIT_SCOPE 31
REFERENCE missing_8351 28
REFERENCE sym_k0006 28
ENTER_SCOPE 32 28
DECLARE sym_k0003 4 32
REFERENCE sym_k0002 32
REFERENCE missing_2835 32
DECLARE sym_k0001 2 32
EXIT_SCOPE 32
REFERENCE sym_k0037 28
REFERENCE missing_9272 28
DECLARE sym_k0085 11 28
REFERENCE sym_k0000 28
DECLARE sym_k0002 3 28
REFERENCE sym_k0007 28
REFERENCE sym_k0007 28
REFERENCE sym_k0038 28
REFERENCE sym_k0000 28
REFERENCE sym_k0008 28
REFERENCE sym_k0006 28
REFERENCE missing_3378 28
REFERENCE sym_k0038 28
REFERENCE missing_1376 28
REFERENCE sym_k0001 28
EXIT_SCOPE 28
REFERENCE sym_k0120 26
REFERENCE sym_k0010 26
REFERENCE sym_k0000 26
REFERENCE sym_k0000 26
ENTER_SCOPE 33 26
REFERENCE sym_k0007 33
REFERENCE sym_k0019 33
REFERENCE sym_k0001 33
REFERENCE sym_k0004 33
REFERENCE missing_9018 33
REFERENCE sym_k0000 33
REFERENCE sym_k0009 33
ENTER_SCOPE 34 33
REFERENCE sym_k0001 34
DECLARE sym_k0006 7 34
REFERENCE sym_k0026 34
REFERENCE sym_k0001 34
REFERENCE sym_k0001 34
REFERENCE sym_k0002 34
EXIT_SCOPE 34
EXIT_SCOPE 33
REFERENCE sym_k0000 26
REFERENCE sym_k0007 26
REFERENCE sym_k0047 26
REFERENCE sym_k0034 26
REFERENCE sym_k0008 26
REFERENCE sym_k0004 26
EXIT_SCOPE 26
REFERENCE sym_k0015 23
REFERENCE sym_k0003 23
REFERENCE sym_k0000 23
REFERENCE sym_k0000 23
DECLARE sym_k0005 6 23
REFERENCE sym_k0000 23
REFERENCE missing_1800 23
REFERENCE missing_7572 23
EXIT_SCOPE 23
REFERENCE sym_k0037 22
REFERENCE sym_k0003 22
ENTER_SCOPE 35 22
REFERENCE sym_k0002 35
REFERENCE sym_k0000 35
REFERENCE missing_5579 35
DECLARE sym_k0021 7 35
DECLARE sym_k0084 10 35
REFERENCE sym_k0120 35
ENTER_SCOPE 36 35
REFERENCE sym_k0039 36
DECLARE sym_k0005 6 36
REFERENCE sym_k0009 36
REFERENCE sym_k0000 36
REFERENCE sym_k0000 36
REFERENCE sym_k0018 36
REFERENCE sym_k0026 36
REFERENCE sym_k0000 36
REFERENCE missing_7897 36
REFERENCE missing_7637 36
REFERENCE sym_k0000 36
REFERENCE sym_k0015 36
REFERENCE sym_k0026 36
REFERENCE missing_3510 36
REFERENCE missing_5317 36
REFERENCE sym_k0037 36
REFERENCE sym_k0019 36
REFERENCE sym_k0002 36
EXIT_SCOPE 36
REFERENCE sym_k0010 35
REFERENCE missing_2029 35
REFERENCE sym_k0046 35
REFERENCE sym_k0046 35
REFERENCE missing_3889 35
REFERENCE sym_k0000 35
REFERENCE missing_4579 35
REFERENCE sym_k0001 35
REFERENCE missing_6187 35
REFERENCE sym_k0012 35
REFERENCE sym_k0002 35
REFERENCE sym_k0036 35
REFERENCE sym_k0000 35
REFERENCE sym_k0000 35
REFERENCE sym_k0000 35
REFERENCE sym_k0021 35
DECLARE sym_k0002 3 35
REFERENCE missing_2515 35
REFERENCE sym_k0003 35
REFERENCE sym_k0000 35
REFERENCE sym_k0023 35
REFERENCE missing_4442 35
REFERENCE sym_k0000 35
ENTER_SCOPE 37 35
REFERENCE sym_k0000 37
ENTER_SCOPE 38 37
REFERENCE sym_k0005 38
REFERENCE sym_k0003 38
REFERENCE sym_k0009 38
DECLARE sym_k0004 5 38
REFERENCE sym_k0000 38
REFERENCE missing_7822 38
REFERENCE sym_k0000 38
DECLARE sym_k0000 1 38
REFERENCE sym_k0000 38
REFERENCE sym_k0000 38
REFERENCE sym_k0036 38
REFERENCE sym_k0038 38
DECLARE sym_k0001 2 38
REFERENCE sym_k0001 38
ENTER_SCOPE 39 38
REFERENCE sym_k0000 39
REFERENCE sym_k0001 39
REFERENCE sym_k0001 39
REFERENCE missing_3813 39
REFERENCE missing_4069 39
REFERENCE missing_8653 39
REFERENCE sym_k0000 39
REFERENCE missing_4277 39
REFERENCE sym_k0002 39
REFERENCE sym_k0049 39
DECLARE sym_k0001 2 39
REFERENCE sym_k0003 39
DECLARE sym_k0000 1 39
DECLARE sym_k0008 9 39
REFERENCE sym_k0000 39
REFERENCE sym_k0002 39
REFERENCE missing_7388 39
REFERENCE sym_k0002 39
REFERENCE missing_9261 39
EXIT_SCOPE 39
REFERENCE missing_1156 38
REFERENCE sym_k0003 38
REFERENCE sym_k0022 38
REFERENCE sym_k0000 38
REFERENCE sym_k0002 38
DECLARE sym_k0005 6 38
REFERENCE sym_k0007 38
REFERENCE sym_k0005 38
DECLARE sym_k0035 6 38
REFERENCE missing_2849 38
REFERENCE sym_k0008 38
REFERENCE sym_k0005 38
REFERENCE sym_k0000 38
REFERENCE missing_8867 38
REFERENCE sym_k0012 38
REFERENCE sym_k0035 38
REFERENCE missing_3666 38
REFERENCE sym_k0000 38
REFERENCE sym_k0001 38
REFERENCE sym_k0000 38
REFERENCE sym_k0013 38
REFERENCE missing_9544 38
REFERENCE sym_k0009 38
REFERENCE missing_3692 38
ENTER_SCOPE 40 38
REFERENCE sym_k0011 40
REFERENCE sym_k0001 40
REFERENCE sym_k0049 40
REFERENCE sym_k0001 40
REFERENCE sym_k0003 40
DECLARE sym_k0144 10 40
REFERENCE sym_k0016 40
EXIT_SCOPE 40
ENTER_SCOPE 41 38
REFERENCE sym_k0006 41
EXIT_SCOPE 41
REFERENCE sym_k0035 38
REFERENCE missing_3535 38
REFERENCE sym_k0001 38
REFERENCE sym_k0002 38
REFERENCE missing_1228 38
REFERENCE sym_k0032 38
REFERENCE sym_k0000 38
REFERENCE sym_k0000 38
REFERENCE sym_k0004 38
ENTER_SCOPE 42 38
REFERENCE sym_k0000 42
REFERENCE sym_k0012 42
REFERENCE sym_k0015 42
REFERENCE missing_3916 42
REFERENCE sym_k0001 42
REFERENCE sym_k0000 42
REFERENCE sym_k0008 42
REFERENCE sym_k0004 42
DECLARE sym_k0002 3 42
EXIT_SCOPE 42
REFERENCE sym_k0000 38
REFERENCE missing_3225 38
REFERENCE sym_k0004 38
REFERENCE sym_k0000 38
REFERENCE sym_k0025 38
REFERENCE sym_k0008 38
DECLARE sym_k0052 8 38
REFERENCE sym_k0032 38
REFERENCE sym_k0002 38
REFERENCE sym_k0002 38
REFERENCE sym_k0000 38
REFERENCE sym_k0000 38
REFERENCE sym_k0004 38
REFERENCE sym_k0015 38
REFERENCE sym_k0000 38
DECLARE sym_k0013 14 38
REFERENCE sym_k0035 38
REFERENCE sym_k0000 38
REFERENCE sym_k0000 38
REFERENCE sym_k0015 38
REFERENCE sym_k0033 38
REFERENCE sym_k0014 38
REFERENCE sym_k0000 38
ENTER_SCOPE 43 38
REFERENCE sym_k0016 43
REFERENCE sym_k0006 43
REFERENCE sym_k0000 43
DECLARE sym_k0001 2 43
DECLARE sym_k0000 1 43
REFERENCE sym_k0000 43
REFERENCE sym_k0052 43
REFERENCE sym_k0003 43
DECLARE sym_k0009 10 43
REFERENCE sym_k0000 43
REFERENCE sym_k0010 43
REFERENCE sym_k0002 43
REFERENCE missing_2970 43
REFERENCE sym_k0004 43
REFERENCE missing_6274 43
REFERENCE sym_k0007 43
REFERENCE sym_k0010 43
EXIT_SCOPE 43
REFERENCE missing_3348 38
REFERENCE sym_k0114 38
REFERENCE sym_k0000 38
REFERENCE sym_k0003 38
REFERENCE sym_k0017 38
REFERENCE sym_k0000 38
REFERENCE sym_k0027 38
REFERENCE sym_k0011 38
REFERENCE sym_k0031 38
REFERENCE sym_k0009 38
REFERENCE sym_k0048 38
REFERENCE sym_k0028 38
REFERENCE sym_k0006 38
REFERENCE sym_k0000 38
DECLARE sym_k0062 3 38
REFERENCE sym_k0017 38
REFERENCE sym_k0005 38
EXIT_SCOPE 38
REFERENCE sym_k0002 37
REFERENCE missing_9702 37
REFERENCE sym_k0006 37
REFERENCE sym_k0000 37
EXIT_SCOPE 37
REFERENCE sym_k0005 35
REFERENCE sym_k0047 35
REFERENCE sym_k0000 35
EXIT_SCOPE 35
EXIT_SCOPE 22
EXIT_SCOPE 15
EXIT_SCOPE 2
EXIT_SCOPE 0
