# ColliScope Generated Random Trace
# Parameters: seed=58, scope=nested, type=mixed, load_factor=0.7
ENTER_SCOPE 0
DECLARE pfq_00000 7 0
DECLARE blj_00001 10 0
DECLARE ugl_00002 20 0
DECLARE kwc_00003 16 0
DECLARE ftl_00004 13 0
DECLARE rbu_00005 5 0
DECLARE heh_00006 6 0
DECLARE pst_00007 3 0
DECLARE eld_00008 8 0
DECLARE avr_00009 4 0
DECLARE mvp_00010 19 0
DECLARE yzp_00011 5 0
DECLARE hfx_00012 20 0
DECLARE fqc_00013 3 0
DECLARE mhs_00014 16 0
DECLARE gmu_00015 3 0
DECLARE dna_00016 2 0
DECLARE aod_00017 2 0
DECLARE mos_00018 9 0
DECLARE rvz_00019 11 0
DECLARE ibx_00020 3 0
DECLARE zdf_00021 7 0
DECLARE rjc_00022 16 0
DECLARE dts_00023 7 0
DECLARE tbo_00024 2 0
DECLARE jkw_00025 16 0
DECLARE ctx_00026 17 0
DECLARE kzt_00027 15 0
DECLARE uvc_00028 4 0
DECLARE oqf_00029 13 0
DECLARE dyd_00030 6 0
DECLARE xjc_00031 7 0
DECLARE ckg_00032 18 0
DECLARE lbw_00033 13 0
DECLARE obh_00034 18 0
DECLARE hka_00035 20 0
DECLARE brf_00036 9 0
DECLARE vjd_00037 8 0
DECLARE cdi_00038 14 0
DECLARE ixq_00039 15 0
DECLARE voj_00040 13 0
DECLARE ryz_00041 1 0
DECLARE djz_00042 19 0
DECLARE ien_00043 16 0
DECLARE gff_00044 5 0
DECLARE ayn_00045 16 0
DECLARE olw_00046 6 0
DECLARE wdi_00047 3 0
DECLARE vdm_00048 20 0
DECLARE qxk_00049 15 0
DECLARE skx_00050 9 0
REFERENCE heh_00006 0
REFERENCE missing_9051 0
REFERENCE lbw_00033 0
REFERENCE rvz_00019 0
REFERENCE yzp_00011 0
DECLARE dvl_00051 3 0
DECLARE yan_00052 18 0
REFERENCE hfx_00012 0
DECLARE lis_00053 11 0
REFERENCE ixq_00039 0
REFERENCE rbu_00005 0
REFERENCE djz_00042 0
REFERENCE kwc_00003 0
ENTER_SCOPE 1 0
REFERENCE obh_00034 1
REFERENCE hfx_00012 1
REFERENCE olw_00046 1
REFERENCE ftl_00004 1
REFERENCE missing_3347 1
REFERENCE hfx_00012 1
DECLARE ecj_00054 2 1
REFERENCE heh_00006 1
DECLARE ekz_00055 3 1
DECLARE tik_00056 12 1
REFERENCE missing_7564 1
DECLARE vdm_00048 2 1
REFERENCE skx_00050 1
REFERENCE olw_00046 1
DECLARE lrt_00057 15 1
REFERENCE ecj_00054 1
REFERENCE qxk_00049 1
REFERENCE vjd_00037 1
ENTER_SCOPE 2 1
REFERENCE eld_00008 2
DECLARE jlf_00058 17 2
REFERENCE pfq_00000 2
REFERENCE missing_1852 2
REFERENCE ckg_00032 2
REFERENCE vdm_00048 2
DECLARE rli_00059 16 2
REFERENCE dna_00016 2
DECLARE oql_00060 16 2
REFERENCE eld_00008 2
REFERENCE pst_00007 2
DECLARE uzr_00061 7 2
REFERENCE wdi_00047 2
DECLARE dpd_00062 19 2
DECLARE qjd_00063 8 2
REFERENCE avr_00009 2
DECLARE ecj_00054 16 2
REFERENCE mhs_00014 2
DECLARE zsl_00064 5 2
REFERENCE zsl_00064 2
DECLARE mie_00065 13 2
ENTER_SCOPE 3 2
ENTER_SCOPE 4 3
DECLARE zbg_00066 20 4
REFERENCE kwc_00003 4
REFERENCE zdf_00021 4
DECLARE ogp_00067 10 4
DECLARE ski_00068 9 4
REFERENCE uzr_00061 4
DECLARE vxc_00069 10 4
REFERENCE vdm_00048 4
REFERENCE cdi_00038 4
REFERENCE heh_00006 4
DECLARE mie_00065 13 4
DECLARE ecj_00054 13 4
DECLARE jlf_00058 13 4
REFERENCE missing_7645 4
REFERENCE missing_5954 4
EXIT_SCOPE 4
DECLARE oql_00060 14 3
REFERENCE vjd_00037 3
REFERENCE oql_00060 3
REFERENCE mvp_00010 3
DECLARE dpd_00062 14 3
REFERENCE ien_00043 3
REFERENCE missing_5156 3
REFERENCE obh_00034 3
DECLARE tnk_00070 14 3
REFERENCE kwc_00003 3
REFERENCE mos_00018 3
REFERENCE mhs_00014 3
EXIT_SCOPE 3
DECLARE vwb_00071 20 2
REFERENCE voj_00040 2
DECLARE tik_00056 6 2
DECLARE qvg_00072 15 2
DECLARE gkd_00073 17 2
DECLARE qoo_00074 8 2
REFERENCE oqf_00029 2
DECLARE nhr_00075 14 2
DECLARE lrt_00057 18 2
REFERENCE rvz_00019 2
DECLARE yag_00076 19 2
REFERENCE vwb_00071 2
REFERENCE mvp_00010 2
REFERENCE vwb_00071 2
DECLARE llk_00077 2 2
DECLARE awl_00078 3 2
ENTER_SCOPE 5 2
REFERENCE yag_00076 5
DECLARE lce_00079 13 5
REFERENCE tbo_00024 5
REFERENCE missing_8300 5
ENTER_SCOPE 6 5
REFERENCE ecj_00054 6
REFERENCE tbo_00024 6
REFERENCE vjd_00037 6
REFERENCE oqf_00029 6
DECLARE arn_00080 8 6
REFERENCE lrt_00057 6
ENTER_SCOPE 7 6
REFERENCE kwc_00003 7
REFERENCE mos_00018 7
EXIT_SCOPE 7
REFERENCE mos_00018 6
ENTER_SCOPE 8 6
REFERENCE missing_2564 8
DECLARE jkr_00081 17 8
REFERENCE ecj_00054 8
REFERENCE vjd_00037 8
DECLARE bwy_00082 19 8
REFERENCE kzt_00027 8
ENTER_SCOPE 9 8
DECLARE qpv_00083 9 9
DECLARE eui_00084 9 9
REFERENCE ayn_00045 9
DECLARE klf_00085 5 9
DECLARE jkr_00081 2 9
REFERENCE qoo_00074 9
DECLARE ffy_00086 5 9
REFERENCE rvz_00019 9
REFERENCE wdi_00047 9
DECLARE bwy_00082 20 9
REFERENCE qxk_00049 9
DECLARE jud_00087 19 9
EXIT_SCOPE 9
DECLARE aam_00088 12 8
REFERENCE pfq_00000 8
REFERENCE djz_00042 8
REFERENCE lrt_00057 8
REFERENCE wdi_00047 8
EXIT_SCOPE 8
REFERENCE arn_00080 6
REFERENCE djz_00042 6
REFERENCE cdi_00038 6
DECLARE xzg_00089 10 6
REFERENCE missing_7786 6
REFERENCE qxk_00049 6
DECLARE lce_00079 10 6
REFERENCE fqc_00013 6
REFERENCE pfq_00000 6
REFERENCE vdm_00048 6
REFERENCE oqf_00029 6
REFERENCE ien_00043 6
REFERENCE missing_3449 6
REFERENCE mhs_00014 6
DECLARE uzr_00061 17 6
EXIT_SCOPE 6
REFERENCE qvg_00072 5
REFERENCE kzt_00027 5
REFERENCE missing_5080 5
REFERENCE lis_00053 5
DECLARE tjx_00090 8 5
REFERENCE ckg_00032 5
DECLARE ion_00091 5 5
REFERENCE missing_9856 5
REFERENCE kwc_00003 5
DECLARE lrt_00057 9 5
REFERENCE mvp_00010 5
DECLARE ade_00092 20 5
REFERENCE cdi_00038 5
REFERENCE hka_00035 5
REFERENCE zdf_00021 5
REFERENCE ctx_00026 5
REFERENCE lrt_00057 5
DECLARE uuo_00093 5 5
REFERENCE dyd_00030 5
DECLARE jfl_00094 4 5
DECLARE qjz_00095 13 5
REFERENCE missing_9426 5
REFERENCE qjd_00063 5
DECLARE sus_00096 11 5
DECLARE nhr_00075 14 5
DECLARE tkf_00097 9 5
DECLARE tsx_00098 4 5
REFERENCE fqc_00013 5
DECLARE uxx_00099 13 5
DECLARE ufr_00100 10 5
ENTER_SCOPE 10 5
REFERENCE rvz_00019 10
ENTER_SCOPE 11 10
DECLARE dyl_00101 13 11
DECLARE bty_00102 8 11
DECLARE lce_00079 1 11
REFERENCE missing_8019 11
REFERENCE missing_8587 11
DECLARE ksn_00103 6 11
DECLARE npf_00104 8 11
DECLARE dla_00105 9 11
DECLARE vjj_00106 18 11
DECLARE ade_00092 3 11
DECLARE bzy_00107 3 11
REFERENCE jfl_00094 11
REFERENCE pst_00007 11
DECLARE zps_00108 4 11
REFERENCE rbu_00005 11
REFERENCE uzr_00061 11
DECLARE tsx_00098 14 11
DECLARE sfa_00109 19 11
REFERENCE ftl_00004 11
REFERENCE blj_00001 11
DECLARE esy_00110 4 11
DECLARE jmv_00111 19 11
REFERENCE lrt_00057 11
DECLARE vas_00112 20 11
DECLARE pek_00113 19 11
DECLARE iiw_00114 10 11
REFERENCE missing_1330 11
DECLARE qjz_00095 14 11
REFERENCE ufr_00100 11
DECLARE pzn_00115 13 11
REFERENCE ufr_00100 11
REFERENCE mie_00065 11
REFERENCE hfx_00012 11
REFERENCE gkd_00073 11
DECLARE gec_00116 14 11
REFERENCE llk_00077 11
DECLARE skd_00117 6 11
REFERENCE rvz_00019 11
DECLARE tkf_00097 3 11
DECLARE jfl_00094 13 11
REFERENCE mie_00065 11
REFERENCE missing_2319 11
REFERENCE kwc_00003 11
DECLARE vgi_00118 5 11
DECLARE yjh_00119 13 11
DECLARE wpw_00120 1 11
REFERENCE rvz_00019 11
DECLARE lrt_00057 17 11
EXIT_SCOPE 11
REFERENCE ion_00091 10
EXIT_SCOPE 10
DECLARE qvr_00121 16 5
REFERENCE kzt_00027 5
REFERENCE lis_00053 5
DECLARE tcl_00122 1 5
REFERENCE missing_7981 5
DECLARE llk_00077 18 5
REFERENCE missing_7104 5
EXIT_SCOPE 5
REFERENCE mvp_00010 2
REFERENCE dvl_00051 2
REFERENCE missing_9911 2
DECLARE ikl_00123 10 2
REFERENCE vdm_00048 2
REFERENCE fqc_00013 2
ENTER_SCOPE 12 2
ENTER_SCOPE 13 12
REFERENCE missing_9213 13
DECLARE sxd_00124 11 13
REFERENCE yag_00076 13
REFERENCE missing_3998 13
DECLARE dpd_00062 3 13
DECLARE rwb_00125 3 13
REFERENCE ikl_00123 13
REFERENCE avr_00009 13
REFERENCE vdm_00048 13
REFERENCE llk_00077 13
ENTER_SCOPE 14 13
ENTER_SCOPE 15 14
DECLARE ggu_00126 12 15
DECLARE dpd_00062 12 15
REFERENCE missing_6407 15
REFERENCE cdi_00038 15
REFERENCE dna_00016 15
REFERENCE rvz_00019 15
DECLARE smb_00127 7 15
DECLARE rwb_00125 1 15
ENTER_SCOPE 16 15
REFERENCE mos_00018 16
REFERENCE lrt_00057 16
DECLARE sje_00128 13 16
DECLARE vtw_00129 5 16
REFERENCE qxk_00049 16
DECLARE ffm_00130 7 16
DECLARE tky_00131 20 16
REFERENCE nhr_00075 16
DECLARE sxt_00132 7 16
REFERENCE gkd_00073 16
REFERENCE nhr_00075 16
REFERENCE missing_8363 16
REFERENCE tik_00056 16
REFERENCE kwc_00003 16
REFERENCE missing_1347 16
DECLARE qzf_00133 17 16
REFERENCE aod_00017 16
REFERENCE missing_2129 16
REFERENCE qvg_00072 16
REFERENCE avr_00009 16
DECLARE bsn_00134 16 16
REFERENCE voj_00040 16
REFERENCE fqc_00013 16
REFERENCE bsn_00134 16
REFERENCE ixq_00039 16
DECLARE rct_00135 16 16
REFERENCE yzp_00011 16
REFERENCE mos_00018 16
DECLARE juv_00136 1 16
REFERENCE rbu_00005 16
REFERENCE vdm_00048 16
DECLARE xwf_00137 3 16
DECLARE ggu_00126 13 16
DECLARE lam_00138 15 16
DECLARE mnt_00139 8 16
REFERENCE kwc_00003 16
REFERENCE qxk_00049 16
REFERENCE uvc_00028 16
REFERENCE zdf_00021 16
EXIT_SCOPE 16
REFERENCE yan_00052 15
REFERENCE ayn_00045 15
DECLARE wkn_00140 5 15
DECLARE qou_00141 16 15
DECLARE drz_00142 7 15
DECLARE sxd_00124 12 15
DECLARE hje_00143 14 15
DECLARE lov_00144 20 15
REFERENCE ftl_00004 15
REFERENCE mvp_00010 15
DECLARE gvi_00145 14 15
ENTER_SCOPE 17 15
DECLARE hje_00143 12 17
REFERENCE missing_5857 17
REFERENCE missing_6973 17
DECLARE tcq_00146 12 17
REFERENCE ryz_00041 17
DECLARE irk_00147 10 17
REFERENCE missing_9689 17
EXIT_SCOPE 17
DECLARE ina_00148 14 15
REFERENCE olw_00046 15
REFERENCE rjc_00022 15
REFERENCE missing_6469 15
DECLARE tqh_00149 4 15
REFERENCE heh_00006 15
REFERENCE ayn_00045 15
DECLARE tzh_00150 13 15
REFERENCE ecj_00054 15
ENTER_SCOPE 18 15
REFERENCE missing_5052 18
REFERENCE kzt_00027 18
DECLARE drz_00142 7 18
DECLARE yec_00151 5 18
DECLARE aws_00152 11 18
DECLARE rhg_00153 5 18
DECLARE lov_00144 2 18
REFERENCE ftl_00004 18
REFERENCE gff_00044 18
DECLARE buv_00154 17 18
DECLARE wkn_00140 4 18
REFERENCE kzt_00027 18
REFERENCE lis_00053 18
DECLARE wsv_00155 13 18
REFERENCE gvi_00145 18
DECLARE ina_00148 19 18
EXIT_SCOPE 18
REFERENCE voj_00040 15
REFERENCE ecj_00054 15
DECLARE qvg_00072 20 15
REFERENCE wdi_00047 15
REFERENCE missing_5353 15
DECLARE vpb_00156 19 15
REFERENCE mos_00018 15
ENTER_SCOPE 19 15
REFERENCE ctx_00026 19
REFERENCE mos_00018 19
DECLARE smb_00127 3 19
REFERENCE ien_00043 19
EXIT_SCOPE 19
DECLARE lqx_00157 3 15
REFERENCE rli_00059 15
ENTER_SCOPE 20 15
REFERENCE obh_00034 20
REFERENCE qvg_00072 20
REFERENCE avr_00009 20
REFERENCE qoo_00074 20
REFERENCE kwc_00003 20
DECLARE kvc_00158 5 20
REFERENCE yan_00052 20
REFERENCE olw_00046 20
DECLARE few_00159 2 20
REFERENCE qvg_00072 20
REFERENCE gkd_00073 20
REFERENCE tik_00056 20
REFERENCE rjc_00022 20
DECLARE xif_00160 13 20
DECLARE wtz_00161 12 20
REFERENCE dpd_00062 20
DECLARE fif_00162 2 20
DECLARE gvi_00145 11 20
REFERENCE ggu_00126 20
DECLARE puo_00163 2 20
DECLARE qou_00141 10 20
EXIT_SCOPE 20
REFERENCE ftl_00004 15
REFERENCE jkw_00025 15
REFERENCE missing_1892 15
REFERENCE heh_00006 15
REFERENCE kzt_00027 15
REFERENCE gvi_00145 15
REFERENCE missing_9584 15
REFERENCE vwb_00071 15
DECLARE rtl_00164 17 15
ENTER_SCOPE 21 15
REFERENCE lqx_00157 21
EXIT_SCOPE 21
DECLARE lls_00165 20 15
DECLARE oql_00060 18 15
DECLARE ypk_00166 11 15
REFERENCE heh_00006 15
REFERENCE oql_00060 15
EXIT_SCOPE 15
REFERENCE blj_00001 14
REFERENCE pst_00007 14
REFERENCE rbu_00005 14
DECLARE dpd_00062 20 14
DECLARE jww_00167 15 14
REFERENCE zdf_00021 14
REFERENCE missing_1774 14
REFERENCE dpd_00062 14
REFERENCE dpd_00062 14
EXIT_SCOPE 14
REFERENCE rwb_00125 13
REFERENCE voj_00040 13
DECLARE cnw_00168 5 13
DECLARE vwb_00071 7 13
DECLARE mma_00169 11 13
REFERENCE ckg_00032 13
REFERENCE yan_00052 13
REFERENCE ibx_00020 13
DECLARE rcv_00170 14 13
ENTER_SCOPE 22 13
DECLARE pha_00171 13 22
DECLARE eqb_00172 7 22
REFERENCE dvl_00051 22
DECLARE qhg_00173 17 22
REFERENCE missing_4543 22
DECLARE rcv_00170 18 22
DECLARE qkp_00174 18 22
DECLARE vwb_00071 5 22
REFERENCE missing_1041 22
DECLARE yvc_00175 16 22
REFERENCE ecj_00054 22
EXIT_SCOPE 22
REFERENCE missing_5972 13
REFERENCE mos_00018 13
DECLARE uzn_00176 20 13
DECLARE pki_00177 2 13
REFERENCE olw_00046 13
DECLARE mit_00178 16 13
REFERENCE fqc_00013 13
REFERENCE missing_3411 13
REFERENCE djz_00042 13
DECLARE eig_00179 14 13
DECLARE brc_00180 19 13
REFERENCE uzr_00061 13
REFERENCE missing_4430 13
EXIT_SCOPE 13
DECLARE qoo_00074 6 12
ENTER_SCOPE 23 12
DECLARE eor_00181 11 23
DECLARE hod_00182 15 23
REFERENCE missing_7896 23
DECLARE jwr_00183 7 23
REFERENCE pfq_00000 23
DECLARE fin_00184 2 23
DECLARE qoo_00074 7 23
EXIT_SCOPE 23
REFERENCE jkw_00025 12
ENTER_SCOPE 24 12
REFERENCE tik_00056 24
DECLARE uhw_00185 15 24
REFERENCE ckg_00032 24
DECLARE hqw_00186 15 24
REFERENCE ctx_00026 24
DECLARE mmt_00187 13 24
REFERENCE ecj_00054 24
REFERENCE djz_00042 24
DECLARE nau_00188 15 24
REFERENCE awl_00078 24
DECLARE qoo_00074 16 24
EXIT_SCOPE 24
DECLARE yag_00189 6 12
ENTER_SCOPE 25 12
REFERENCE ftl_00004 25
REFERENCE ryz_00041 25
REFERENCE voj_00040 25
REFERENCE jkw_00025 25
DECLARE ykx_00190 17 25
REFERENCE gkd_00073 25
REFERENCE brf_00036 25
DECLARE yag_00189 13 25
DECLARE oxc_00191 16 25
REFERENCE yag_00076 25
REFERENCE kzt_00027 25
REFERENCE missing_8134 25
REFERENCE gff_00044 25
REFERENCE skx_00050 25
REFERENCE zdf_00021 25
REFERENCE ugl_00002 25
REFERENCE voj_00040 25
DECLARE xip_00192 14 25
DECLARE orz_00193 7 25
DECLARE iqp_00194 16 25
DECLARE ksm_00195 20 25
REFERENCE oql_00060 25
DECLARE mda_00196 11 25
REFERENCE yan_00052 25
REFERENCE xjc_00031 25
REFERENCE rvz_00019 25
DECLARE wrc_00197 14 25
DECLARE cqm_00198 9 25
DECLARE epc_00199 20 25
REFERENCE ecj_00054 25
REFERENCE missing_6552 25
DECLARE vji_00200 20 25
DECLARE bvz_00201 14 25
REFERENCE eld_00008 25
REFERENCE cqm_00198 25
ENTER_SCOPE 26 25
DECLARE feq_00202 13 26
DECLARE orz_00193 8 26
DECLARE snh_00203 18 26
REFERENCE zsl_00064 26
REFERENCE nhr_00075 26
DECLARE kme_00204 16 26
DECLARE arl_00205 10 26
ENTER_SCOPE 27 26
DECLARE erp_00206 14 27
REFERENCE oql_00060 27
DECLARE rok_00207 13 27
DECLARE feq_00202 5 27
REFERENCE dyd_00030 27
ENTER_SCOPE 28 27
REFERENCE uvc_00028 28
REFERENCE missing_9603 28
DECLARE rok_00207 5 28
DECLARE gpn_00208 2 28
REFERENCE xip_00192 28
DECLARE gyh_00209 6 28
DECLARE abn_00210 6 28
REFERENCE missing_5180 28
DECLARE yag_00211 20 28
DECLARE pss_00212 9 28
DECLARE kgv_00213 19 28
DECLARE erp_00206 19 28
REFERENCE rok_00207 28
DECLARE jmz_00214 4 28
REFERENCE uzr_00061 28
REFERENCE oql_00060 28
REFERENCE rbu_00005 28
DECLARE ogk_00215 19 28
REFERENCE brf_00036 28
REFERENCE jlf_00058 28
REFERENCE qoo_00074 28
EXIT_SCOPE 28
REFERENCE vdm_00048 27
DECLARE kme_00204 11 27
REFERENCE kme_00204 27
DECLARE orz_00193 19 27
DECLARE zsq_00216 1 27
REFERENCE rbu_00005 27
REFERENCE heh_00006 27
REFERENCE missing_9635 27
REFERENCE ykx_00190 27
REFERENCE missing_4430 27
DECLARE amf_00217 9 27
ENTER_SCOPE 29 27
EXIT_SCOPE 29
REFERENCE gff_00044 27
DECLARE sbx_00218 15 27
DECLARE kfa_00219 4 27
DECLARE oho_00220 7 27
DECLARE snh_00203 12 27
DECLARE arl_00205 4 27
EXIT_SCOPE 27
DECLARE bvz_00201 12 26
DECLARE iqp_00194 19 26
EXIT_SCOPE 26
REFERENCE missing_9693 25
ENTER_SCOPE 30 25
DECLARE ixw_00221 1 30
ENTER_SCOPE 31 30
REFERENCE iqp_00194 31
DECLARE enc_00222 18 31
DECLARE ixw_00221 5 31
REFERENCE missing_5561 31
REFERENCE missing_6875 31
ENTER_SCOPE 32 31
DECLARE ixw_00221 12 32
REFERENCE mie_00065 32
EXIT_SCOPE 32
REFERENCE missing_2721 31
REFERENCE oqf_00029 31
DECLARE ylv_00223 6 31
DECLARE ngf_00224 11 31
DECLARE ezq_00225 4 31
DECLARE oxc_00191 10 31
REFERENCE qvg_00072 31
REFERENCE heh_00006 31
REFERENCE rli_00059 31
ENTER_SCOPE 33 31
REFERENCE missing_7226 33
DECLARE nff_00226 4 33
DECLARE enc_00222 4 33
REFERENCE orz_00193 33
REFERENCE orz_00193 33
DECLARE ixw_00221 6 33
DECLARE pey_00227 12 33
DECLARE jqk_00228 9 33
DECLARE ngf_00224 11 33
REFERENCE vdm_00048 33
DECLARE vpt_00229 6 33
REFERENCE tbo_00024 33
DECLARE fky_00230 7 33
REFERENCE ibx_00020 33
DECLARE ezq_00225 13 33
EXIT_SCOPE 33
DECLARE qcr_00231 9 31
DECLARE jkx_00232 13 31
DECLARE yag_00189 6 31
REFERENCE ctx_00026 31
REFERENCE missing_5999 31
ENTER_SCOPE 34 31
DECLARE abi_00233 20 34
REFERENCE yag_00189 34
REFERENCE qjd_00063 34
DECLARE kjv_00234 8 34
REFERENCE missing_6285 34
DECLARE vgp_00235 5 34
DECLARE enc_00222 15 34
DECLARE jdy_00236 19 34
REFERENCE rjc_00022 34
REFERENCE missing_4798 34
DECLARE ylv_00223 3 34
EXIT_SCOPE 34
REFERENCE qxk_00049 31
DECLARE xuv_00237 2 31
REFERENCE gff_00044 31
REFERENCE wrc_00197 31
EXIT_SCOPE 31
DECLARE rox_00238 3 30
REFERENCE gkd_00073 30
DECLARE llp_00239 4 30
REFERENCE kwc_00003 30
REFERENCE missing_8697 30
ENTER_SCOPE 35 30
DECLARE rox_00238 18 35
DECLARE ntn_00240 2 35
REFERENCE mos_00018 35
REFERENCE qjd_00063 35
REFERENCE blj_00001 35
REFERENCE lrt_00057 35
DECLARE ppb_00241 5 35
DECLARE ulb_00242 11 35
DECLARE xme_00243 1 35
REFERENCE mda_00196 35
DECLARE phg_00244 18 35
REFERENCE vdm_00048 35
DECLARE mvg_00245 15 35
DECLARE zcr_00246 20 35
REFERENCE rvz_00019 35
DECLARE yli_00247 14 35
DECLARE ixw_00221 11 35
DECLARE nnw_00248 6 35
REFERENCE avr_00009 35
REFERENCE orz_00193 35
REFERENCE missing_1275 35
DECLARE llp_00239 5 35
DECLARE nby_00249 5 35
DECLARE pty_00250 14 35
REFERENCE voj_00040 35
DECLARE cnj_00251 17 35
DECLARE bpj_00252 9 35
DECLARE iqp_00194 16 35
DECLARE hry_00253 6 35
ENTER_SCOPE 36 35
REFERENCE vdm_00048 36
DECLARE bpj_00252 5 36
REFERENCE missing_9181 36
REFERENCE missing_6721 36
REFERENCE vji_00200 36
REFERENCE nby_00249 36
EXIT_SCOPE 36
DECLARE xxb_00254 11 35
REFERENCE hry_00253 35
DECLARE fdy_00255 16 35
DECLARE dqy_00256 12 35
DECLARE nof_00257 16 35
DECLARE vji_00200 3 35
REFERENCE missing_4646 35
EXIT_SCOPE 35
REFERENCE tik_00056 30
REFERENCE awl_00078 30
DECLARE dtb_00258 16 30
DECLARE ahg_00259 2 30
DECLARE xlo_00260 1 30
REFERENCE yag_00189 30
REFERENCE lis_00053 30
DECLARE orz_00193 16 30
ENTER_SCOPE 37 30
DECLARE fgb_00261 8 37
REFERENCE missing_5526 37
DECLARE ahg_00259 1 37
DECLARE slr_00262 5 37
REFERENCE missing_2217 37
ENTER_SCOPE 38 37
DECLARE fgb_00261 19 38
DECLARE efx_00263 8 38
REFERENCE zdf_00021 38
REFERENCE wrc_00197 38
REFERENCE vjd_00037 38
REFERENCE dna_00016 38
REFERENCE ahg_00259 38
REFERENCE llp_00239 38
EXIT_SCOPE 38
REFERENCE oql_00060 37
REFERENCE ctx_00026 37
REFERENCE dyd_00030 37
REFERENCE bvz_00201 37
DECLARE mbg_00264 10 37
REFERENCE ekz_00055 37
DECLARE xlo_00260 5 37
REFERENCE aod_00017 37
REFERENCE olw_00046 37
DECLARE btj_00265 3 37
REFERENCE mbg_00264 37
REFERENCE epc_00199 37
DECLARE efy_00266 20 37
DECLARE sum_00267 6 37
REFERENCE missing_5524 37
DECLARE rri_00268 3 37
DECLARE dtb_00258 9 37
DECLARE eth_00269 14 37
REFERENCE vwb_00071 37
REFERENCE oxc_00191 37
REFERENCE mbg_00264 37
REFERENCE missing_6251 37
REFERENCE vdm_00048 37
REFERENCE ecj_00054 37
REFERENCE iqp_00194 37
REFERENCE fqc_00013 37
EXIT_SCOPE 37
REFERENCE missing_7153 30
REFERENCE orz_00193 30
REFERENCE ayn_00045 30
DECLARE cqm_00198 11 30
DECLARE wrc_00197 15 30
DECLARE ggw_00270 6 30
DECLARE fco_00271 9 30
REFERENCE cqm_00198 30
REFERENCE mda_00196 30
REFERENCE cdi_00038 30
DECLARE oii_00272 10 30
DECLARE mcw_00273 12 30
REFERENCE missing_3807 30
REFERENCE ien_00043 30
DECLARE bcb_00274 19 30
EXIT_SCOPE 30
REFERENCE mda_00196 25
DECLARE odt_00275 6 25
DECLARE dgo_00276 1 25
DECLARE iio_00277 10 25
REFERENCE ctx_00026 25
REFERENCE missing_3611 25
REFERENCE djz_00042 25
REFERENCE missing_7266 25
REFERENCE tik_00056 25
DECLARE zij_00278 17 25
DECLARE ygp_00279 17 25
REFERENCE vjd_00037 25
DECLARE xkz_00280 19 25
ENTER_SCOPE 39 25
REFERENCE aod_00017 39
REFERENCE djz_00042 39
REFERENCE ksm_00195 39
DECLARE pep_00281 16 39
EXIT_SCOPE 39
REFERENCE mvp_00010 25
DECLARE jun_00282 3 25
REFERENCE missing_2026 25
REFERENCE vjd_00037 25
REFERENCE rjc_00022 25
REFERENCE qxk_00049 25
REFERENCE vwb_00071 25
DECLARE swz_00283 6 25
REFERENCE vjd_00037 25
REFERENCE missing_6830 25
REFERENCE aod_00017 25
DECLARE mog_00284 4 25
REFERENCE iio_00277 25
REFERENCE ctx_00026 25
REFERENCE missing_1047 25
REFERENCE tik_00056 25
REFERENCE rjc_00022 25
REFERENCE missing_9882 25
REFERENCE yag_00076 25
REFERENCE djz_00042 25
REFERENCE yag_00189 25
DECLARE xme_00285 19 25
DECLARE fep_00286 8 25
REFERENCE ryz_00041 25
REFERENCE eld_00008 25
REFERENCE pfq_00000 25
REFERENCE bvz_00201 25
DECLARE lsj_00287 12 25
REFERENCE hka_00035 25
REFERENCE uzr_00061 25
EXIT_SCOPE 25
REFERENCE obh_00034 12
DECLARE jlf_00058 20 12
REFERENCE missing_6040 12
DECLARE hbt_00288 12 12
REFERENCE djz_00042 12
REFERENCE ctx_00026 12
REFERENCE ecj_00054 12
REFERENCE mos_00018 12
DECLARE tok_00289 9 12
ENTER_SCOPE 40 12
DECLARE pjw_00290 18 40
ENTER_SCOPE 41 40
DECLARE kur_00291 8 41
REFERENCE ikl_00123 41
REFERENCE dts_00023 41
REFERENCE hbt_00288 41
REFERENCE dyd_00030 41
DECLARE pjw_00290 9 41
REFERENCE uvc_00028 41
DECLARE ocz_00292 3 41
REFERENCE kur_00291 41
EXIT_SCOPE 41
DECLARE pht_00293 6 40
REFERENCE mhs_00014 40
DECLARE jlf_00058 17 40
ENTER_SCOPE 42 40
DECLARE jlf_00058 17 42
REFERENCE eld_00008 42
DECLARE pht_00293 15 42
DECLARE osw_00294 8 42
REFERENCE dyd_00030 42
DECLARE vdi_00295 8 42
ENTER_SCOPE 43 42
DECLARE vdi_00295 11 43
DECLARE fyi_00296 5 43
REFERENCE brf_00036 43
ENTER_SCOPE 44 43
DECLARE wgy_00297 15 44
DECLARE xiz_00298 13 44
DECLARE vdi_00295 2 44
DECLARE vsl_00299 16 44
DECLARE orz_00300 19 44
REFERENCE lrt_00057 44
DECLARE dgb_00301 11 44
DECLARE eip_00302 14 44
DECLARE fyi_00296 20 44
REFERENCE qoo_00074 44
REFERENCE tok_00289 44
DECLARE ecl_00303 2 44
DECLARE zqu_00304 3 44
REFERENCE zdf_00021 44
DECLARE jlf_00058 15 44
EXIT_SCOPE 44
ENTER_SCOPE 45 43
REFERENCE ecj_00054 45
REFERENCE qxk_00049 45
REFERENCE vdm_00048 45
REFERENCE dpd_00062 45
DECLARE fyi_00296 2 45
REFERENCE ckg_00032 45
DECLARE fyy_00305 5 45
REFERENCE vdm_00048 45
REFERENCE qjd_00063 45
REFERENCE ayn_00045 45
REFERENCE ayn_00045 45
REFERENCE qoo_00074 45
REFERENCE tbo_00024 45
DECLARE qtm_00306 10 45
REFERENCE ikl_00123 45
REFERENCE hka_00035 45
DECLARE wsd_00307 5 45
REFERENCE ckg_00032 45
DECLARE vdi_00295 6 45
DECLARE jlf_00058 4 45
DECLARE lpo_00308 5 45
REFERENCE hbt_00288 45
REFERENCE vjd_00037 45
DECLARE jcw_00309 20 45
DECLARE noa_00310 11 45
DECLARE gnz_00311 5 45
EXIT_SCOPE 45
REFERENCE rbu_00005 43
REFERENCE jlf_00058 43
ENTER_SCOPE 46 43
REFERENCE gkd_00073 46
REFERENCE blj_00001 46
DECLARE cyq_00312 15 46
REFERENCE zsl_00064 46
DECLARE wpb_00313 20 46
REFERENCE ixq_00039 46
REFERENCE zsl_00064 46
DECLARE fyi_00296 11 46
DECLARE bvq_00314 19 46
DECLARE uqv_00315 9 46
REFERENCE avr_00009 46
REFERENCE mos_00018 46
EXIT_SCOPE 46
DECLARE ptw_00316 4 43
DECLARE zyf_00317 19 43
REFERENCE wdi_00047 43
REFERENCE ugl_00002 43
REFERENCE pjw_00290 43
ENTER_SCOPE 47 43
REFERENCE pht_00293 47
DECLARE zyf_00317 1 47
DECLARE ptw_00316 15 47
REFERENCE mvp_00010 47
REFERENCE ikl_00123 47
REFERENCE ekz_00055 47
DECLARE lin_00318 3 47
REFERENCE ryz_00041 47
REFERENCE tik_00056 47
DECLARE bre_00319 2 47
REFERENCE zdf_00021 47
EXIT_SCOPE 47
REFERENCE dpd_00062 43
REFERENCE avr_00009 43
REFERENCE qoo_00074 43
REFERENCE kzt_00027 43
DECLARE osw_00294 1 43
DECLARE cnk_00320 8 43
DECLARE jlf_00058 11 43
DECLARE fcy_00321 14 43
DECLARE iwx_00322 19 43
REFERENCE iwx_00322 43
EXIT_SCOPE 43
DECLARE wly_00323 13 42
EXIT_SCOPE 42
EXIT_SCOPE 40
EXIT_SCOPE 12
EXIT_SCOPE 2
EXIT_SCOPE 1
EXIT_SCOPE 0
