# ColliScope Frequency-Matched Synthetic Trace
# Parameters: seed=60, zipf_s=1.244, scope=flat, type=declaration-heavy, replicate=1
ENTER_SCOPE 0
DECLARE sym_k0000 1 0
DECLARE sym_k0001 2 0
DECLARE sym_k0002 3 0
DECLARE sym_k0003 4 0
DECLARE sym_k0004 5 0
DECLARE sym_k0005 6 0
DECLARE sym_k0006 7 0
DECLARE sym_k0007 8 0
DECLARE sym_k0008 9 0
DECLARE sym_k0009 10 0
DECLARE sym_k0010 1 0
DECLARE sym_k0011 2 0
DECLARE sym_k0012 3 0
DECLARE sym_k0013 4 0
DECLARE sym_k0014 5 0
DECLARE sym_k0015 6 0
DECLARE sym_k0016 7 0
DECLARE sym_k0017 8 0
DECLARE sym_k0018 9 0
DECLARE sym_k0019 10 0
DECLARE sym_k0020 1 0
DECLARE sym_k0021 2 0
DECLARE sym_k0022 3 0
DECLARE sym_k0023 4 0
DECLARE sym_k0024 5 0
DECLARE sym_k0025 6 0
DECLARE sym_k0026 7 0
DECLARE sym_k0027 8 0
DECLARE sym_k0028 9 0
DECLARE sym_k0029 10 0
DECLARE sym_k0030 1 0
DECLARE sym_k0031 2 0
DECLARE sym_k0032 3 0
DECLARE sym_k0033 4 0
DECLARE sym_k0034 5 0
DECLARE sym_k0035 6 0
DECLARE sym_k0036 7 0
DECLARE sym_k0037 8 0
DECLARE sym_k0038 9 0
DECLARE sym_k0039 10 0
DECLARE sym_k0040 1 0
DECLARE sym_k0041 2 0
DECLARE sym_k0042 3 0
DECLARE sym_k0043 4 0
DECLARE sym_k0044 5 0
DECLARE sym_k0045 6 0
DECLARE sym_k0046 7 0
DECLARE sym_k0047 8 0
DECLARE sym_k0048 9 0
DECLARE sym_k0049 10 0
REFERENCE sym_k0001 0
REFERENCE sym_k0000 0
REFERENCE sym_k0000 0
REFERENCE sym_k0040 0
REFERENCE missing_2510 0
DECLARE sym_k0057 13 0
REFERENCE sym_k0005 0
DECLARE sym_k0192 13 0
DECLARE sym_k0265 11 0
REFERENCE missing_3732 0
REFERENCE sym_k0002 0
REFERENCE sym_k0001 0
REFERENCE missing_1791 0
REFERENCE sym_k0012 0
REFERENCE sym_k0000 0
REFERENCE sym_k0005 0
REFERENCE sym_k0026 0
REFERENCE sym_k0007 0
REFERENCE sym_k0006 0
REFERENCE sym_k0004 0
REFERENCE sym_k0000 0
REFERENCE missing_5198 0
REFERENCE sym_k0002 0
REFERENCE sym_k0000 0
REFERENCE sym_k0001 0
REFERENCE sym_k0003 0
REFERENCE sym_k0000 0
REFERENCE sym_k0005 0
DECLARE sym_k0296 12 0
REFERENCE sym_k0004 0
DECLARE sym_k0235 11 0
REFERENCE missing_7384 0
DECLARE sym_k0169 5 0
REFERENCE sym_k0003 0
REFERENCE sym_k0006 0
REFERENCE sym_k0000 0
REFERENCE sym_k0000 0
REFERENCE sym_k0000 0
REFERENCE sym_k0000 0
REFERENCE sym_k0000 0
REFERENCE sym_k0011 0
REFERENCE sym_k0000 0
REFERENCE sym_k0003 0
REFERENCE missing_5178 0
REFERENCE missing_4682 0
REFERENCE sym_k0000 0
REFERENCE sym_k0003 0
DECLARE sym_k0239 15 0
REFERENCE sym_k0001 0
REFERENCE sym_k0025 0
REFERENCE sym_k0003 0
REFERENCE sym_k0028 0
REFERENCE sym_k0007 0
REFERENCE sym_k0007 0
REFERENCE sym_k0004 0
REFERENCE sym_k0000 0
REFERENCE sym_k0000 0
REFERENCE sym_k0005 0
REFERENCE sym_k0001 0
REFERENCE sym_k0030 0
REFERENCE missing_5313 0
REFERENCE sym_k0007 0
REFERENCE sym_k0000 0
REFERENCE sym_k0000 0
REFERENCE sym_k0000 0
REFERENCE sym_k0001 0
REFERENCE sym_k0000 0
REFERENCE sym_k0002 0
REFERENCE sym_k0000 0
REFERENCE sym_k0002 0
REFERENCE missing_7533 0
REFERENCE sym_k0004 0
REFERENCE sym_k0001 0
REFERENCE sym_k0008 0
REFERENCE sym_k0002 0
REFERENCE sym_k0021 0
DECLARE sym_k0141 7 0
REFERENCE sym_k0000 0
REFERENCE sym_k0013 0
REFERENCE sym_k0000 0
DECLARE sym_k0052 8 0
REFERENCE sym_k0001 0
REFERENCE sym_k0004 0
REFERENCE sym_k0001 0
REFERENCE sym_k0000 0
REFERENCE sym_k0036 0
REFERENCE sym_k0000 0
REFERENCE sym_k0018 0
REFERENCE sym_k0000 0
REFERENCE sym_k0001 0
DECLARE sym_k0072 13 0
REFERENCE sym_k0005 0
REFERENCE sym_k0014 0
REFERENCE sym_k0036 0
REFERENCE sym_k0002 0
REFERENCE sym_k0001 0
REFERENCE sym_k0028 0
REFERENCE sym_k0006 0
REFERENCE sym_k0035 0
DECLARE sym_k0217 8 0
REFERENCE sym_k0005 0
REFERENCE sym_k0001 0
REFERENCE sym_k0000 0
REFERENCE sym_k0000 0
DECLARE sym_k0203 9 0
REFERENCE sym_k0006 0
REFERENCE sym_k0000 0
REFERENCE sym_k0028 0
REFERENCE sym_k0000 0
REFERENCE sym_k0001 0
REFERENCE sym_k0000 0
REFERENCE sym_k0000 0
REFERENCE sym_k0003 0
REFERENCE sym_k0023 0
REFERENCE sym_k0000 0
REFERENCE sym_k0000 0
REFERENCE sym_k0006 0
REFERENCE sym_k0000 0
REFERENCE missing_5303 0
REFERENCE sym_k0000 0
REFERENCE sym_k0001 0
REFERENCE sym_k0000 0
REFERENCE sym_k0047 0
REFERENCE sym_k0000 0
DECLARE sym_k0068 9 0
REFERENCE sym_k0004 0
REFERENCE sym_k0031 0
REFERENCE sym_k0000 0
REFERENCE sym_k0037 0
REFERENCE sym_k0002 0
DECLARE sym_k0158 9 0
REFERENCE sym_k0040 0
REFERENCE sym_k0009 0
REFERENCE sym_k0006 0
REFERENCE sym_k0011 0
REFERENCE sym_k0000 0
REFERENCE sym_k0001 0
REFERENCE sym_k0000 0
REFERENCE sym_k0040 0
REFERENCE sym_k0000 0
REFERENCE sym_k0006 0
DECLARE sym_k0139 5 0
REFERENCE sym_k0002 0
REFERENCE sym_k0000 0
REFERENCE sym_k0018 0
REFERENCE sym_k0004 0
REFERENCE sym_k0001 0
REFERENCE sym_k0032 0
REFERENCE sym_k0033 0
REFERENCE sym_k0004 0
REFERENCE sym_k0006 0
REFERENCE sym_k0002 0
DECLARE sym_k0161 12 0
DECLARE sym_k0071 12 0
REFERENCE missing_9779 0
REFERENCE missing_9258 0
REFERENCE sym_k0001 0
REFERENCE sym_k0000 0
REFERENCE sym_k0023 0
REFERENCE sym_k0002 0
REFERENCE sym_k0000 0
REFERENCE sym_k0158 0
DECLARE sym_k0245 6 0
REFERENCE sym_k0031 0
REFERENCE sym_k0003 0
REFERENCE sym_k0003 0
DECLARE sym_k0213 4 0
REFERENCE sym_k0008 0
REFERENCE sym_k0031 0
REFERENCE sym_k0036 0
REFERENCE sym_k0000 0
REFERENCE sym_k0000 0
REFERENCE missing_8964 0
REFERENCE sym_k0002 0
DECLARE sym_k0246 7 0
REFERENCE sym_k0000 0
REFERENCE sym_k0019 0
REFERENCE missing_8043 0
DECLARE sym_k0079 5 0
REFERENCE sym_k0002 0
REFERENCE sym_k0044 0
DECLARE sym_k0058 14 0
REFERENCE sym_k0005 0
REFERENCE sym_k0001 0
REFERENCE sym_k0001 0
REFERENCE sym_k0035 0
REFERENCE sym_k0000 0
REFERENCE sym_k0000 0
REFERENCE sym_k0007 0
REFERENCE missing_1718 0
REFERENCE sym_k0000 0
REFERENCE sym_k0037 0
REFERENCE sym_k0001 0
REFERENCE sym_k0000 0
REFERENCE sym_k0023 0
REFERENCE sym_k0017 0
REFERENCE missing_2436 0
REFERENCE sym_k0001 0
REFERENCE sym_k0000 0
REFERENCE sym_k0005 0
REFERENCE sym_k0000 0
DECLARE sym_k0085 11 0
REFERENCE sym_k0006 0
REFERENCE sym_k0034 0
REFERENCE sym_k0002 0
REFERENCE sym_k0000 0
DECLARE sym_k0069 10 0
REFERENCE missing_9330 0
REFERENCE sym_k0009 0
REFERENCE sym_k0003 0
REFERENCE sym_k0021 0
REFERENCE sym_k0001 0
REFERENCE sym_k0002 0
REFERENCE sym_k0001 0
REFERENCE sym_k0000 0
DECLARE sym_k0290 6 0
REFERENCE sym_k0000 0
REFERENCE sym_k0002 0
REFERENCE sym_k0002 0
REFERENCE sym_k0000 0
DECLARE sym_k0060 1 0
REFERENCE sym_k0028 0
REFERENCE sym_k0000 0
REFERENCE sym_k0000 0
REFERENCE sym_k0001 0
REFERENCE sym_k0001 0
REFERENCE sym_k0001 0
REFERENCE sym_k0006 0
REFERENCE sym_k0000 0
REFERENCE sym_k0001 0
REFERENCE sym_k0029 0
REFERENCE sym_k0000 0
REFERENCE sym_k0052 0
REFERENCE sym_k0001 0
REFERENCE sym_k0000 0
REFERENCE sym_k0000 0
REFERENCE sym_k0005 0
REFERENCE sym_k0000 0
REFERENCE sym_k0012 0
REFERENCE sym_k0020 0
REFERENCE sym_k0213 0
REFERENCE sym_k0000 0
REFERENCE sym_k0006 0
REFERENCE sym_k0010 0
REFERENCE sym_k0000 0
REFERENCE sym_k0004 0
DECLARE sym_k0054 10 0
REFERENCE sym_k0011 0
REFERENCE sym_k0004 0
REFERENCE missing_9452 0
REFERENCE sym_k0035 0
REFERENCE sym_k0000 0
DECLARE sym_k0253 14 0
DECLARE sym_k0056 12 0
REFERENCE sym_k0000 0
REFERENCE sym_k0002 0
REFERENCE sym_k0052 0
REFERENCE missing_8212 0
REFERENCE sym_k0000 0
REFERENCE sym_k0000 0
REFERENCE sym_k0009 0
REFERENCE sym_k0019 0
REFERENCE sym_k0000 0
DECLARE sym_k0063 4 0
REFERENCE sym_k0045 0
REFERENCE sym_k0009 0
REFERENCE sym_k0001 0
DECLARE sym_k0055 11 0
REFERENCE sym_k0007 0
REFERENCE sym_k0139 0
REFERENCE sym_k0000 0
REFERENCE sym_k0035 0
REFERENCE sym_k0085 0
REFERENCE sym_k0056 0
REFERENCE sym_k0000 0
DECLARE sym_k0097 8 0
REFERENCE sym_k0002 0
REFERENCE sym_k0001 0
REFERENCE sym_k0003 0
REFERENCE sym_k0025 0
REFERENCE sym_k0010 0
REFERENCE sym_k0000 0
REFERENCE sym_k0017 0
REFERENCE sym_k0000 0
REFERENCE sym_k0000 0
REFERENCE sym_k0054 0
REFERENCE sym_k0007 0
REFERENCE sym_k0000 0
DECLARE sym_k0133 14 0
REFERENCE sym_k0034 0
REFERENCE sym_k0000 0
REFERENCE sym_k0001 0
REFERENCE sym_k0000 0
REFERENCE sym_k0000 0
REFERENCE sym_k0001 0
REFERENCE sym_k0001 0
REFERENCE sym_k0010 0
REFERENCE sym_k0001 0
REFERENCE sym_k0004 0
REFERENCE sym_k0000 0
REFERENCE sym_k0001 0
REFERENCE sym_k0001 0
REFERENCE sym_k0014 0
REFERENCE sym_k0000 0
REFERENCE sym_k0006 0
REFERENCE sym_k0239 0
REFERENCE sym_k0023 0
REFERENCE sym_k0004 0
REFERENCE sym_k0006 0
REFERENCE sym_k0002 0
REFERENCE sym_k0058 0
REFERENCE missing_9250 0
DECLARE sym_k0250 11 0
REFERENCE sym_k0031 0
DECLARE sym_k0185 6 0
REFERENCE sym_k0001 0
REFERENCE sym_k0000 0
REFERENCE sym_k0006 0
REFERENCE sym_k0006 0
REFERENCE sym_k0001 0
REFERENCE sym_k0000 0
REFERENCE sym_k0057 0
REFERENCE sym_k0001 0
REFERENCE sym_k0008 0
REFERENCE sym_k0000 0
REFERENCE sym_k0069 0
REFERENCE sym_k0000 0
DECLARE sym_k0087 13 0
REFERENCE sym_k0001 0
REFERENCE sym_k0000 0
REFERENCE sym_k0002 0
REFERENCE sym_k0018 0
REFERENCE sym_k0000 0
REFERENCE sym_k0002 0
REFERENCE sym_k0039 0
REFERENCE sym_k0002 0
REFERENCE sym_k0011 0
REFERENCE sym_k0044 0
DECLARE sym_k0098 9 0
REFERENCE sym_k0039 0
REFERENCE sym_k0000 0
REFERENCE sym_k0002 0
REFERENCE sym_k0023 0
REFERENCE sym_k0005 0
REFERENCE sym_k0001 0
REFERENCE sym_k0001 0
REFERENCE sym_k0014 0
REFERENCE sym_k0002 0
REFERENCE sym_k0004 0
REFERENCE missing_7358 0
REFERENCE sym_k0000 0
REFERENCE sym_k0001 0
REFERENCE sym_k0043 0
REFERENCE sym_k0085 0
REFERENCE sym_k0029 0
REFERENCE sym_k0000 0
REFERENCE sym_k0000 0
REFERENCE sym_k0002 0
REFERENCE sym_k0001 0
REFERENCE sym_k0010 0
REFERENCE sym_k0003 0
REFERENCE sym_k0000 0
REFERENCE sym_k0001 0
REFERENCE sym_k0001 0
REFERENCE sym_k0001 0
REFERENCE sym_k0001 0
REFERENCE sym_k0005 0
REFERENCE sym_k0000 0
REFERENCE sym_k0021 0
REFERENCE sym_k0011 0
REFERENCE sym_k0007 0
REFERENCE sym_k0001 0
REFERENCE sym_k0001 0
REFERENCE sym_k0012 0
DECLARE sym_k0075 1 0
REFERENCE sym_k0023 0
REFERENCE sym_k0000 0
REFERENCE sym_k0000 0
DECLARE sym_k0122 3 0
REFERENCE sym_k0004 0
DECLARE sym_k0093 4 0
REFERENCE sym_k0002 0
REFERENCE missing_4877 0
DECLARE sym_k0145 11 0
REFERENCE sym_k0026 0
REFERENCE sym_k0005 0
REFERENCE sym_k0001 0
REFERENCE sym_k0003 0
REFERENCE sym_k0001 0
REFERENCE sym_k0001 0
REFERENCE sym_k0004 0
REFERENCE sym_k0000 0
REFERENCE sym_k0001 0
REFERENCE sym_k0001 0
REFERENCE sym_k0000 0
REFERENCE sym_k0000 0
REFERENCE sym_k0000 0
REFERENCE sym_k0024 0
REFERENCE sym_k0000 0
REFERENCE sym_k0005 0
REFERENCE sym_k0003 0
REFERENCE sym_k0013 0
REFERENCE sym_k0000 0
REFERENCE sym_k0000 0
REFERENCE sym_k0000 0
REFERENCE sym_k0003 0
DECLARE sym_k0272 3 0
REFERENCE sym_k0253 0
REFERENCE sym_k0005 0
DECLARE sym_k0207 13 0
REFERENCE sym_k0068 0
REFERENCE missing_8223 0
REFERENCE sym_k0000 0
REFERENCE sym_k0000 0
REFERENCE sym_k0034 0
REFERENCE sym_k0000 0
REFERENCE sym_k0003 0
REFERENCE sym_k0029 0
REFERENCE missing_8695 0
REFERENCE sym_k0004 0
REFERENCE sym_k0018 0
REFERENCE sym_k0000 0
REFERENCE missing_3187 0
REFERENCE sym_k0024 0
REFERENCE sym_k0000 0
REFERENCE sym_k0000 0
REFERENCE missing_4252 0
REFERENCE sym_k0022 0
REFERENCE sym_k0022 0
REFERENCE sym_k0002 0
REFERENCE sym_k0021 0
REFERENCE sym_k0004 0
REFERENCE sym_k0001 0
REFERENCE sym_k0045 0
REFERENCE sym_k0016 0
REFERENCE sym_k0000 0
REFERENCE sym_k0002 0
REFERENCE sym_k0021 0
REFERENCE sym_k0001 0
REFERENCE sym_k0030 0
DECLARE sym_k0171 7 0
REFERENCE sym_k0004 0
REFERENCE missing_8997 0
REFERENCE sym_k0003 0
REFERENCE sym_k0023 0
REFERENCE sym_k0044 0
REFERENCE sym_k0001 0
REFERENCE sym_k0000 0
REFERENCE sym_k0003 0
REFERENCE sym_k0001 0
DECLARE sym_k0083 9 0
REFERENCE sym_k0003 0
REFERENCE sym_k0000 0
REFERENCE sym_k0004 0
REFERENCE sym_k0001 0
REFERENCE sym_k0004 0
REFERENCE sym_k0000 0
REFERENCE sym_k0001 0
DECLARE sym_k0092 3 0
REFERENCE sym_k0000 0
REFERENCE sym_k0000 0
REFERENCE sym_k0005 0
REFERENCE sym_k0001 0
REFERENCE sym_k0000 0
REFERENCE sym_k0000 0
REFERENCE sym_k0004 0
DECLARE sym_k0195 1 0
REFERENCE sym_k0012 0
REFERENCE sym_k0004 0
REFERENCE sym_k0012 0
REFERENCE sym_k0003 0
REFERENCE sym_k0000 0
DECLARE sym_k0110 6 0
REFERENCE sym_k0010 0
REFERENCE sym_k0001 0
REFERENCE sym_k0022 0
REFERENCE sym_k0000 0
REFERENCE sym_k0000 0
REFERENCE sym_k0035 0
REFERENCE sym_k0000 0
REFERENCE sym_k0010 0
REFERENCE sym_k0017 0
DECLARE sym_k0103 14 0
REFERENCE missing_9870 0
REFERENCE sym_k0000 0
REFERENCE sym_k0141 0
REFERENCE sym_k0000 0
REFERENCE sym_k0014 0
REFERENCE sym_k0000 0
REFERENCE sym_k0033 0
DECLARE sym_k0064 5 0
REFERENCE sym_k0012 0
REFERENCE sym_k0005 0
REFERENCE sym_k0008 0
REFERENCE sym_k0000 0
REFERENCE sym_k0071 0
REFERENCE sym_k0001 0
REFERENCE sym_k0000 0
REFERENCE sym_k0007 0
REFERENCE sym_k0000 0
REFERENCE sym_k0003 0
REFERENCE sym_k0000 0
REFERENCE sym_k0022 0
REFERENCE sym_k0001 0
REFERENCE sym_k0021 0
REFERENCE sym_k0006 0
REFERENCE sym_k0001 0
REFERENCE sym_k0017 0
REFERENCE sym_k0031 0
REFERENCE sym_k0030 0
REFERENCE sym_k0110 0
REFERENCE sym_k0004 0
REFERENCE sym_k0007 0
DECLARE sym_k0134 15 0
REFERENCE sym_k0000 0
REFERENCE sym_k0079 0
REFERENCE sym_k0001 0
REFERENCE sym_k0001 0
REFERENCE sym_k0000 0
REFERENCE sym_k0035 0
REFERENCE sym_k0003 0
REFERENCE sym_k0032 0
REFERENCE sym_k0001 0
REFERENCE sym_k0032 0
DECLARE sym_k0077 3 0
REFERENCE sym_k0001 0
DECLARE sym_k0074 15 0
REFERENCE sym_k0014 0
REFERENCE sym_k0001 0
REFERENCE sym_k0000 0
REFERENCE sym_k0000 0
REFERENCE sym_k0023 0
DECLARE sym_k0105 1 0
REFERENCE sym_k0000 0
REFERENCE sym_k0001 0
REFERENCE sym_k0032 0
DECLARE sym_k0053 9 0
REFERENCE sym_k0000 0
REFERENCE missing_6565 0
REFERENCE sym_k0001 0
REFERENCE sym_k0000 0
REFERENCE sym_k0002 0
REFERENCE sym_k0005 0
REFERENCE sym_k0057 0
REFERENCE missing_6414 0
REFERENCE sym_k0000 0
REFERENCE sym_k0020 0
REFERENCE sym_k0004 0
REFERENCE sym_k0133 0
REFERENCE sym_k0042 0
REFERENCE sym_k0007 0
REFERENCE sym_k0001 0
REFERENCE missing_6157 0
REFERENCE sym_k0000 0
REFERENCE sym_k0001 0
REFERENCE sym_k0000 0
REFERENCE sym_k0000 0
REFERENCE sym_k0013 0
REFERENCE sym_k0002 0
REFERENCE sym_k0000 0
REFERENCE sym_k0000 0
REFERENCE sym_k0001 0
REFERENCE sym_k0000 0
REFERENCE sym_k0005 0
REFERENCE sym_k0000 0
REFERENCE sym_k0005 0
REFERENCE sym_k0001 0
REFERENCE sym_k0002 0
REFERENCE sym_k0008 0
DECLARE sym_k0284 15 0
REFERENCE sym_k0246 0
REFERENCE sym_k0018 0
REFERENCE sym_k0001 0
REFERENCE sym_k0008 0
REFERENCE sym_k0001 0
REFERENCE sym_k0010 0
REFERENCE sym_k0055 0
REFERENCE sym_k0000 0
REFERENCE sym_k0000 0
REFERENCE sym_k0011 0
REFERENCE sym_k0002 0
REFERENCE sym_k0004 0
REFERENCE sym_k0038 0
REFERENCE sym_k0001 0
REFERENCE sym_k0017 0
REFERENCE sym_k0239 0
REFERENCE sym_k0000 0
REFERENCE sym_k0025 0
REFERENCE sym_k0034 0
REFERENCE sym_k0030 0
REFERENCE sym_k0000 0
REFERENCE sym_k0000 0
REFERENCE sym_k0008 0
REFERENCE sym_k0002 0
REFERENCE sym_k0006 0
REFERENCE sym_k0008 0
REFERENCE sym_k0001 0
REFERENCE sym_k0000 0
REFERENCE sym_k0006 0
REFERENCE sym_k0000 0
REFERENCE sym_k0000 0
REFERENCE sym_k0000 0
REFERENCE sym_k0025 0
REFERENCE sym_k0004 0
REFERENCE sym_k0004 0
REFERENCE sym_k0005 0
REFERENCE sym_k0000 0
REFERENCE sym_k0052 0
REFERENCE sym_k0001 0
REFERENCE sym_k0009 0
REFERENCE sym_k0032 0
REFERENCE sym_k0000 0
REFERENCE sym_k0052 0
REFERENCE sym_k0040 0
REFERENCE sym_k0001 0
DECLARE sym_k0131 12 0
REFERENCE sym_k0002 0
REFERENCE sym_k0000 0
REFERENCE sym_k0004 0
REFERENCE sym_k0000 0
REFERENCE sym_k0014 0
REFERENCE sym_k0001 0
REFERENCE sym_k0000 0
REFERENCE sym_k0002 0
REFERENCE sym_k0001 0
REFERENCE missing_7507 0
REFERENCE sym_k0092 0
REFERENCE sym_k0000 0
REFERENCE sym_k0000 0
REFERENCE sym_k0000 0
REFERENCE sym_k0064 0
REFERENCE sym_k0000 0
REFERENCE sym_k0000 0
REFERENCE sym_k0007 0
REFERENCE sym_k0006 0
REFERENCE sym_k0000 0
REFERENCE sym_k0005 0
REFERENCE sym_k0004 0
REFERENCE sym_k0000 0
REFERENCE sym_k0020 0
REFERENCE sym_k0000 0
REFERENCE sym_k0057 0
REFERENCE sym_k0075 0
REFERENCE missing_1292 0
REFERENCE sym_k0000 0
DECLARE sym_k0173 9 0
REFERENCE sym_k0002 0
REFERENCE sym_k0001 0
REFERENCE sym_k0003 0
REFERENCE sym_k0000 0
REFERENCE sym_k0007 0
REFERENCE sym_k0001 0
REFERENCE sym_k0000 0
REFERENCE sym_k0195 0
REFERENCE sym_k0002 0
REFERENCE sym_k0022 0
REFERENCE sym_k0046 0
REFERENCE sym_k0001 0
REFERENCE sym_k0015 0
REFERENCE sym_k0021 0
DECLARE sym_k0201 7 0
REFERENCE sym_k0083 0
REFERENCE sym_k0012 0
REFERENCE sym_k0000 0
REFERENCE sym_k0000 0
REFERENCE sym_k0006 0
REFERENCE sym_k0001 0
REFERENCE sym_k0001 0
REFERENCE sym_k0004 0
REFERENCE sym_k0131 0
REFERENCE sym_k0000 0
REFERENCE sym_k0001 0
REFERENCE sym_k0000 0
REFERENCE sym_k0000 0
REFERENCE sym_k0161 0
DECLARE sym_k0197 3 0
REFERENCE sym_k0007 0
REFERENCE sym_k0003 0
REFERENCE sym_k0000 0
REFERENCE sym_k0000 0
REFERENCE sym_k0000 0
REFERENCE sym_k0000 0
REFERENCE sym_k0003 0
REFERENCE sym_k0038 0
REFERENCE sym_k0000 0
DECLARE sym_k0125 6 0
REFERENCE sym_k0000 0
REFERENCE sym_k0000 0
REFERENCE sym_k0000 0
REFERENCE sym_k0000 0
REFERENCE sym_k0000 0
REFERENCE sym_k0010 0
REFERENCE sym_k0000 0
REFERENCE sym_k0004 0
REFERENCE sym_k0006 0
REFERENCE sym_k0008 0
REFERENCE sym_k0005 0
REFERENCE sym_k0056 0
REFERENCE sym_k0013 0
DECLARE sym_k0285 1 0
REFERENCE sym_k0001 0
REFERENCE sym_k0001 0
DECLARE sym_k0128 9 0
REFERENCE sym_k0000 0
REFERENCE sym_k0173 0
REFERENCE sym_k0014 0
REFERENCE sym_k0003 0
REFERENCE sym_k0000 0
REFERENCE sym_k0025 0
REFERENCE sym_k0003 0
REFERENCE sym_k0000 0
REFERENCE sym_k0001 0
REFERENCE sym_k0001 0
REFERENCE missing_8926 0
REFERENCE sym_k0000 0
DECLARE sym_k0259 5 0
REFERENCE sym_k0000 0
REFERENCE sym_k0010 0
REFERENCE sym_k0027 0
REFERENCE sym_k0002 0
REFERENCE sym_k0005 0
REFERENCE sym_k0008 0
REFERENCE sym_k0000 0
REFERENCE sym_k0005 0
REFERENCE sym_k0000 0
REFERENCE sym_k0000 0
REFERENCE sym_k0008 0
REFERENCE sym_k0001 0
DECLARE sym_k0070 11 0
REFERENCE sym_k0021 0
REFERENCE sym_k0027 0
REFERENCE sym_k0000 0
REFERENCE sym_k0000 0
REFERENCE sym_k0017 0
REFERENCE sym_k0000 0
REFERENCE sym_k0008 0
REFERENCE sym_k0000 0
REFERENCE sym_k0002 0
REFERENCE sym_k0016 0
REFERENCE sym_k0007 0
REFERENCE sym_k0003 0
REFERENCE sym_k0000 0
DECLARE sym_k0151 2 0
REFERENCE sym_k0004 0
REFERENCE sym_k0000 0
REFERENCE sym_k0001 0
DECLARE sym_k0165 1 0
REFERENCE sym_k0015 0
REFERENCE sym_k0001 0
REFERENCE sym_k0001 0
REFERENCE sym_k0000 0
REFERENCE sym_k0000 0
REFERENCE sym_k0001 0
REFERENCE sym_k0000 0
REFERENCE sym_k0026 0
REFERENCE sym_k0000 0
REFERENCE sym_k0000 0
REFERENCE sym_k0018 0
REFERENCE sym_k0003 0
REFERENCE sym_k0001 0
REFERENCE sym_k0000 0
REFERENCE sym_k0000 0
REFERENCE sym_k0028 0
REFERENCE sym_k0004 0
REFERENCE sym_k0034 0
REFERENCE missing_4690 0
REFERENCE sym_k0000 0
REFERENCE sym_k0003 0
REFERENCE sym_k0002 0
REFERENCE sym_k0000 0
REFERENCE sym_k0004 0
REFERENCE sym_k0000 0
REFERENCE sym_k0032 0
REFERENCE sym_k0014 0
REFERENCE sym_k0003 0
REFERENCE missing_9913 0
REFERENCE sym_k0006 0
REFERENCE missing_2836 0
REFERENCE sym_k0001 0
REFERENCE sym_k0021 0
REFERENCE sym_k0000 0
REFERENCE sym_k0000 0
REFERENCE sym_k0000 0
REFERENCE sym_k0001 0
REFERENCE sym_k0005 0
REFERENCE sym_k0000 0
REFERENCE sym_k0001 0
DECLARE sym_k0059 15 0
REFERENCE sym_k0015 0
REFERENCE sym_k0000 0
REFERENCE sym_k0000 0
REFERENCE sym_k0001 0
REFERENCE sym_k0005 0
REFERENCE sym_k0000 0
REFERENCE sym_k0010 0
REFERENCE missing_9504 0
REFERENCE sym_k0025 0
REFERENCE sym_k0000 0
REFERENCE sym_k0022 0
REFERENCE sym_k0002 0
REFERENCE sym_k0025 0
REFERENCE sym_k0015 0
REFERENCE sym_k0052 0
REFERENCE sym_k0001 0
DECLARE sym_k0078 4 0
REFERENCE sym_k0027 0
REFERENCE sym_k0004 0
REFERENCE sym_k0272 0
REFERENCE sym_k0005 0
REFERENCE sym_k0285 0
REFERENCE sym_k0005 0
REFERENCE sym_k0034 0
REFERENCE missing_2631 0
REFERENCE sym_k0000 0
DECLARE sym_k0156 7 0
REFERENCE sym_k0002 0
REFERENCE sym_k0002 0
REFERENCE sym_k0000 0
REFERENCE sym_k0002 0
DECLARE sym_k0073 14 0
REFERENCE sym_k0017 0
REFERENCE sym_k0071 0
REFERENCE sym_k0000 0
DECLARE sym_k0196 2 0
REFERENCE sym_k0213 0
REFERENCE sym_k0031 0
REFERENCE sym_k0008 0
REFERENCE sym_k0003 0
REFERENCE sym_k0002 0
REFERENCE sym_k0001 0
REFERENCE sym_k0000 0
REFERENCE sym_k0003 0
REFERENCE sym_k0001 0
REFERENCE sym_k0000 0
REFERENCE sym_k0296 0
REFERENCE sym_k0001 0
REFERENCE sym_k0001 0
REFERENCE sym_k0000 0
REFERENCE sym_k0000 0
REFERENCE sym_k0000 0
REFERENCE sym_k0016 0
REFERENCE sym_k0000 0
REFERENCE sym_k0002 0
DECLARE sym_k0252 13 0
REFERENCE sym_k0024 0
REFERENCE sym_k0173 0
REFERENCE sym_k0000 0
REFERENCE sym_k0000 0
REFERENCE sym_k0000 0
REFERENCE sym_k0000 0
REFERENCE sym_k0004 0
REFERENCE sym_k0014 0
REFERENCE sym_k0000 0
REFERENCE sym_k0014 0
REFERENCE sym_k0009 0
REFERENCE sym_k0007 0
REFERENCE sym_k0011 0
REFERENCE sym_k0000 0
REFERENCE sym_k0005 0
REFERENCE sym_k0033 0
REFERENCE sym_k0015 0
DECLARE sym_k0095 6 0
REFERENCE sym_k0000 0
REFERENCE sym_k0003 0
REFERENCE missing_9127 0
REFERENCE missing_8509 0
REFERENCE sym_k0008 0
REFERENCE sym_k0004 0
REFERENCE sym_k0004 0
REFERENCE sym_k0000 0
REFERENCE sym_k0007 0
REFERENCE sym_k0005 0
REFERENCE sym_k0003 0
REFERENCE sym_k0021 0
REFERENCE sym_k0001 0
REFERENCE sym_k0002 0
REFERENCE sym_k0003 0
REFERENCE sym_k0000 0
REFERENCE sym_k0000 0
REFERENCE missing_8590 0
REFERENCE missing_2499 0
REFERENCE sym_k0004 0
REFERENCE sym_k0000 0
DECLARE sym_k0168 4 0
REFERENCE sym_k0000 0
REFERENCE missing_8546 0
REFERENCE sym_k0001 0
DECLARE sym_k0090 1 0
REFERENCE missing_3556 0
DECLARE sym_k0160 11 0
REFERENCE sym_k0047 0
REFERENCE sym_k0007 0
REFERENCE sym_k0007 0
REFERENCE sym_k0000 0
REFERENCE sym_k0007 0
REFERENCE sym_k0012 0
REFERENCE sym_k0007 0
REFERENCE sym_k0016 0
REFERENCE sym_k0001 0
REFERENCE sym_k0000 0
REFERENCE sym_k0192 0
REFERENCE sym_k0007 0
REFERENCE sym_k0042 0
REFERENCE sym_k0131 0
REFERENCE sym_k0000 0
REFERENCE sym_k0033 0
REFERENCE sym_k0013 0
REFERENCE sym_k0002 0
REFERENCE sym_k0000 0
REFERENCE sym_k0000 0
REFERENCE sym_k0195 0
REFERENCE sym_k0012 0
REFERENCE sym_k0046 0
REFERENCE sym_k0000 0
REFERENCE sym_k0006 0
REFERENCE sym_k0000 0
REFERENCE sym_k0013 0
REFERENCE sym_k0000 0
REFERENCE sym_k0004 0
REFERENCE sym_k0001 0
REFERENCE sym_k0008 0
REFERENCE sym_k0005 0
REFERENCE sym_k0000 0
REFERENCE sym_k0001 0
REFERENCE sym_k0000 0
REFERENCE sym_k0025 0
REFERENCE sym_k0000 0
REFERENCE sym_k0000 0
REFERENCE sym_k0001 0
REFERENCE sym_k0001 0
REFERENCE sym_k0171 0
REFERENCE sym_k0000 0
REFERENCE sym_k0030 0
REFERENCE sym_k0007 0
REFERENCE sym_k0000 0
REFERENCE sym_k0002 0
REFERENCE sym_k0001 0
REFERENCE sym_k0010 0
REFERENCE sym_k0000 0
REFERENCE sym_k0012 0
REFERENCE sym_k0035 0
REFERENCE sym_k0009 0
REFERENCE sym_k0055 0
REFERENCE sym_k0001 0
REFERENCE sym_k0016 0
DECLARE sym_k0146 12 0
REFERENCE sym_k0054 0
REFERENCE sym_k0001 0
REFERENCE sym_k0015 0
REFERENCE sym_k0010 0
EXIT_SCOPE 0
