# ColliScope Frequency-Matched Synthetic Trace
# Parameters: seed=62, zipf_s=1.244, scope=flat, type=declaration-heavy, replicate=3
ENTER_SCOPE 0
DECLARE sym_k0000 1 0
DECLARE sym_k0001 2 0
DECLARE sym_k0002 3 0
DECLARE sym_k0003 4 0
DECLARE sym_k0004 5 0
DECLARE sym_k0005 6 0
DECLARE sym_k0006 7 0
DECLARE sym_k0007 8 0
DECLARE sym_k0008 9 0
DECLARE sym_k0009 10 0
DECLARE sym_k0010 1 0
DECLARE sym_k0011 2 0
DECLARE sym_k0012 3 0
DECLARE sym_k0013 4 0
DECLARE sym_k0014 5 0
DECLARE sym_k0015 6 0
DECLARE sym_k0016 7 0
DECLARE sym_k0017 8 0
DECLARE sym_k0018 9 0
DECLARE sym_k0019 10 0
DECLARE sym_k0020 1 0
DECLARE sym_k0021 2 0
DECLARE sym_k0022 3 0
DECLARE sym_k0023 4 0
DECLARE sym_k0024 5 0
DECLARE sym_k0025 6 0
DECLARE sym_k0026 7 0
DECLARE sym_k0027 8 0
DECLARE sym_k0028 9 0
DECLARE sym_k0029 10 0
DECLARE sym_k0030 1 0
DECLARE sym_k0031 2 0
DECLARE sym_k0032 3 0
DECLARE sym_k0033 4 0
DECLARE sym_k0034 5 0
DECLARE sym_k0035 6 0
DECLARE sym_k0036 7 0
DECLARE sym_k0037 8 0
DECLARE sym_k0038 9 0
DECLARE sym_k0039 10 0
DECLARE sym_k0040 1 0
DECLARE sym_k0041 2 0
DECLARE sym_k0042 3 0
DECLARE sym_k0043 4 0
DECLARE sym_k0044 5 0
DECLARE sym_k0045 6 0
DECLARE sym_k0046 7 0
DECLARE sym_k0047 8 0
DECLARE sym_k0048 9 0
DECLARE sym_k0049 10 0
REFERENCE sym_k0007 0
REFERENCE sym_k0020 0
REFERENCE sym_k0027 0
REFERENCE sym_k0001 0
REFERENCE sym_k0013 0
DECLARE sym_k0113 9 0
REFERENCE sym_k0004 0
DECLARE sym_k0064 5 0
REFERENCE sym_k0040 0
REFERENCE sym_k0000 0
REFERENCE sym_k0040 0
REFERENCE sym_k0000 0
REFERENCE sym_k0000 0
REFERENCE sym_k0001 0
REFERENCE sym_k0000 0
REFERENCE sym_k0002 0
REFERENCE sym_k0008 0
REFERENCE sym_k0002 0
REFERENCE sym_k0042 0
REFERENCE sym_k0009 0
DECLARE sym_k0050 6 0
REFERENCE sym_k0001 0
REFERENCE sym_k0007 0
REFERENCE sym_k0000 0
REFERENCE sym_k0000 0
REFERENCE sym_k0005 0
REFERENCE sym_k0008 0
REFERENCE sym_k0002 0
REFERENCE sym_k0000 0
REFERENCE sym_k0015 0
REFERENCE sym_k0037 0
REFERENCE sym_k0031 0
REFERENCE sym_k0036 0
REFERENCE sym_k0002 0
REFERENCE sym_k0000 0
REFERENCE sym_k0031 0
REFERENCE sym_k0013 0
REFERENCE sym_k0007 0
REFERENCE sym_k0000 0
REFERENCE sym_k0000 0
DECLARE sym_k0164 15 0
REFERENCE sym_k0001 0
REFERENCE sym_k0020 0
REFERENCE missing_1262 0
REFERENCE sym_k0004 0
REFERENCE sym_k0047 0
REFERENCE sym_k0000 0
REFERENCE sym_k0002 0
REFERENCE sym_k0001 0
DECLARE sym_k0103 14 0
REFERENCE sym_k0001 0
REFERENCE sym_k0026 0
REFERENCE sym_k0003 0
REFERENCE sym_k0001 0
REFERENCE sym_k0008 0
REFERENCE sym_k0000 0
REFERENCE sym_k0005 0
REFERENCE sym_k0000 0
REFERENCE sym_k0035 0
REFERENCE sym_k0001 0
REFERENCE sym_k0000 0
REFERENCE sym_k0011 0
REFERENCE sym_k0037 0
REFERENCE sym_k0043 0
REFERENCE sym_k0003 0
REFERENCE sym_k0003 0
REFERENCE sym_k0036 0
REFERENCE sym_k0001 0
REFERENCE sym_k0001 0
REFERENCE sym_k0047 0
REFERENCE sym_k0001 0
REFERENCE sym_k0017 0
REFERENCE sym_k0000 0
REFERENCE sym_k0020 0
REFERENCE sym_k0001 0
REFERENCE sym_k0035 0
REFERENCE sym_k0004 0
REFERENCE sym_k0004 0
REFERENCE sym_k0004 0
REFERENCE sym_k0016 0
REFERENCE sym_k0001 0
REFERENCE sym_k0000 0
REFERENCE sym_k0001 0
REFERENCE sym_k0000 0
REFERENCE sym_k0000 0
REFERENCE sym_k0011 0
REFERENCE sym_k0015 0
REFERENCE sym_k0021 0
REFERENCE sym_k0002 0
REFERENCE sym_k0000 0
REFERENCE sym_k0000 0
REFERENCE sym_k0005 0
REFERENCE sym_k0027 0
REFERENCE sym_k0001 0
REFERENCE sym_k0023 0
REFERENCE sym_k0003 0
DECLARE sym_k0069 10 0
REFERENCE sym_k0000 0
REFERENCE sym_k0006 0
REFERENCE sym_k0001 0
REFERENCE sym_k0049 0
REFERENCE sym_k0005 0
DECLARE sym_k0088 14 0
REFERENCE sym_k0030 0
REFERENCE sym_k0002 0
REFERENCE sym_k0001 0
REFERENCE sym_k0000 0
REFERENCE sym_k0008 0
REFERENCE sym_k0030 0
REFERENCE sym_k0009 0
REFERENCE sym_k0014 0
REFERENCE sym_k0002 0
REFERENCE missing_9244 0
REFERENCE sym_k0017 0
REFERENCE sym_k0001 0
REFERENCE sym_k0000 0
REFERENCE sym_k0013 0
REFERENCE sym_k0006 0
REFERENCE sym_k0001 0
DECLARE sym_k0100 11 0
REFERENCE sym_k0002 0
REFERENCE sym_k0004 0
DECLARE sym_k0115 11 0
REFERENCE sym_k0005 0
REFERENCE sym_k0001 0
REFERENCE sym_k0004 0
DECLARE sym_k0075 1 0
REFERENCE sym_k0000 0
REFERENCE sym_k0000 0
REFERENCE missing_3693 0
REFERENCE sym_k0000 0
REFERENCE sym_k0014 0
REFERENCE sym_k0000 0
REFERENCE sym_k0035 0
REFERENCE sym_k0016 0
REFERENCE sym_k0069 0
REFERENCE sym_k0004 0
REFERENCE sym_k0001 0
REFERENCE sym_k0002 0
DECLARE sym_k0058 14 0
REFERENCE sym_k0019 0
REFERENCE sym_k0003 0
REFERENCE sym_k0088 0
REFERENCE missing_4291 0
REFERENCE sym_k0000 0
REFERENCE sym_k0004 0
REFERENCE sym_k0009 0
REFERENCE sym_k0000 0
REFERENCE sym_k0000 0
REFERENCE sym_k0000 0
DECLARE sym_k0131 12 0
DECLARE sym_k0057 13 0
REFERENCE sym_k0000 0
DECLARE sym_k0120 1 0
DECLARE sym_k0078 4 0
REFERENCE sym_k0016 0
REFERENCE sym_k0033 0
REFERENCE sym_k0003 0
REFERENCE sym_k0006 0
DECLARE sym_k0054 10 0
REFERENCE sym_k0000 0
REFERENCE sym_k0011 0
REFERENCE sym_k0005 0
REFERENCE sym_k0006 0
REFERENCE sym_k0000 0
REFERENCE sym_k0012 0
REFERENCE sym_k0048 0
REFERENCE sym_k0002 0
REFERENCE sym_k0000 0
REFERENCE sym_k0000 0
REFERENCE sym_k0007 0
REFERENCE sym_k0000 0
REFERENCE sym_k0000 0
REFERENCE sym_k0038 0
DECLARE sym_k0092 3 0
REFERENCE sym_k0035 0
REFERENCE sym_k0003 0
REFERENCE sym_k0001 0
DECLARE sym_k0166 2 0
DECLARE sym_k0107 3 0
REFERENCE sym_k0003 0
REFERENCE sym_k0001 0
REFERENCE sym_k0002 0
REFERENCE sym_k0011 0
REFERENCE sym_k0000 0
REFERENCE sym_k0000 0
REFERENCE sym_k0019 0
REFERENCE sym_k0003 0
REFERENCE sym_k0002 0
DECLARE sym_k0053 9 0
REFERENCE sym_k0000 0
REFERENCE sym_k0000 0
REFERENCE sym_k0115 0
REFERENCE sym_k0042 0
DECLARE sym_k0152 3 0
REFERENCE sym_k0009 0
REFERENCE sym_k0006 0
REFERENCE sym_k0017 0
REFERENCE sym_k0048 0
REFERENCE sym_k0088 0
REFERENCE sym_k0015 0
REFERENCE sym_k0000 0
REFERENCE sym_k0003 0
DECLARE sym_k0173 9 0
REFERENCE sym_k0000 0
REFERENCE sym_k0003 0
REFERENCE sym_k0000 0
REFERENCE sym_k0005 0
REFERENCE sym_k0000 0
REFERENCE sym_k0017 0
REFERENCE sym_k0000 0
REFERENCE sym_k0000 0
REFERENCE sym_k0013 0
REFERENCE sym_k0005 0
REFERENCE sym_k0003 0
REFERENCE sym_k0000 0
REFERENCE sym_k0001 0
REFERENCE sym_k0035 0
REFERENCE sym_k0088 0
REFERENCE sym_k0040 0
REFERENCE sym_k0001 0
DECLARE sym_k0095 6 0
REFERENCE sym_k0007 0
REFERENCE sym_k0010 0
DECLARE sym_k0066 7 0
REFERENCE sym_k0002 0
REFERENCE sym_k0044 0
REFERENCE sym_k0038 0
REFERENCE sym_k0001 0
REFERENCE sym_k0000 0
DECLARE sym_k0234 10 0
REFERENCE sym_k0001 0
REFERENCE sym_k0003 0
REFERENCE sym_k0010 0
REFERENCE sym_k0004 0
REFERENCE sym_k0004 0
REFERENCE sym_k0000 0
REFERENCE sym_k0013 0
REFERENCE sym_k0000 0
REFERENCE sym_k0006 0
DECLARE sym_k0134 15 0
REFERENCE sym_k0000 0
REFERENCE missing_4630 0
REFERENCE sym_k0000 0
REFERENCE sym_k0000 0
REFERENCE missing_5025 0
REFERENCE sym_k0017 0
REFERENCE missing_2699 0
REFERENCE sym_k0017 0
REFERENCE sym_k0001 0
REFERENCE sym_k0025 0
REFERENCE sym_k0018 0
REFERENCE sym_k0000 0
REFERENCE sym_k0004 0
REFERENCE sym_k0003 0
REFERENCE sym_k0013 0
REFERENCE sym_k0010 0
REFERENCE sym_k0025 0
REFERENCE sym_k0008 0
REFERENCE sym_k0003 0
REFERENCE sym_k0039 0
REFERENCE sym_k0000 0
DECLARE sym_k0170 6 0
REFERENCE sym_k0000 0
REFERENCE sym_k0000 0
REFERENCE sym_k0012 0
REFERENCE sym_k0007 0
REFERENCE sym_k0000 0
REFERENCE sym_k0004 0
REFERENCE sym_k0002 0
REFERENCE sym_k0022 0
REFERENCE sym_k0000 0
REFERENCE sym_k0115 0
REFERENCE missing_9691 0
REFERENCE sym_k0000 0
DECLARE sym_k0098 9 0
REFERENCE sym_k0002 0
REFERENCE sym_k0035 0
REFERENCE sym_k0001 0
REFERENCE sym_k0000 0
DECLARE sym_k0055 11 0
REFERENCE sym_k0002 0
REFERENCE missing_5642 0
REFERENCE sym_k0000 0
REFERENCE sym_k0005 0
REFERENCE sym_k0002 0
REFERENCE sym_k0015 0
REFERENCE sym_k0000 0
REFERENCE sym_k0007 0
REFERENCE sym_k0004 0
REFERENCE sym_k0012 0
REFERENCE sym_k0041 0
REFERENCE sym_k0018 0
REFERENCE sym_k0000 0
REFERENCE sym_k0000 0
REFERENCE sym_k0004 0
REFERENCE sym_k0000 0
REFERENCE sym_k0007 0
REFERENCE sym_k0000 0
REFERENCE sym_k0002 0
REFERENCE sym_k0043 0
REFERENCE sym_k0000 0
REFERENCE sym_k0000 0
REFERENCE sym_k0001 0
DECLARE sym_k0249 10 0
REFERENCE sym_k0005 0
REFERENCE sym_k0002 0
REFERENCE sym_k0018 0
DECLARE sym_k0221 12 0
REFERENCE sym_k0035 0
REFERENCE sym_k0002 0
REFERENCE sym_k0005 0
REFERENCE sym_k0019 0
REFERENCE sym_k0007 0
REFERENCE sym_k0001 0
REFERENCE sym_k0022 0
REFERENCE sym_k0013 0
REFERENCE sym_k0003 0
REFERENCE sym_k0001 0
REFERENCE sym_k0049 0
REFERENCE sym_k0037 0
REFERENCE sym_k0002 0
REFERENCE sym_k0000 0
REFERENCE sym_k0000 0
REFERENCE sym_k0002 0
REFERENCE sym_k0000 0
REFERENCE missing_4099 0
REFERENCE sym_k0014 0
REFERENCE sym_k0008 0
REFERENCE sym_k0003 0
REFERENCE sym_k0000 0
REFERENCE sym_k0000 0
REFERENCE sym_k0001 0
REFERENCE sym_k0004 0
REFERENCE sym_k0000 0
REFERENCE sym_k0001 0
REFERENCE sym_k0046 0
DECLARE sym_k0065 6 0
REFERENCE sym_k0000 0
REFERENCE sym_k0000 0
REFERENCE sym_k0033 0
REFERENCE sym_k0000 0
REFERENCE sym_k0001 0
REFERENCE sym_k0003 0
REFERENCE sym_k0004 0
REFERENCE sym_k0032 0
REFERENCE sym_k0027 0
REFERENCE sym_k0003 0
REFERENCE sym_k0047 0
REFERENCE sym_k0000 0
REFERENCE sym_k0006 0
REFERENCE sym_k0001 0
REFERENCE sym_k0014 0
REFERENCE sym_k0032 0
REFERENCE sym_k0025 0
REFERENCE sym_k0001 0
REFERENCE sym_k0011 0
REFERENCE sym_k0000 0
REFERENCE sym_k0002 0
REFERENCE sym_k0002 0
REFERENCE missing_2949 0
REFERENCE sym_k0000 0
REFERENCE sym_k0000 0
DECLARE sym_k0150 1 0
REFERENCE sym_k0000 0
REFERENCE sym_k0002 0
REFERENCE sym_k0000 0
REFERENCE sym_k0000 0
DECLARE sym_k0202 8 0
DECLARE sym_k0056 12 0
REFERENCE sym_k0001 0
REFERENCE sym_k0004 0
DECLARE sym_k0197 3 0
REFERENCE sym_k0018 0
REFERENCE sym_k0045 0
REFERENCE sym_k0003 0
REFERENCE sym_k0000 0
REFERENCE sym_k0005 0
REFERENCE sym_k0000 0
REFERENCE sym_k0000 0
REFERENCE sym_k0000 0
REFERENCE missing_9958 0
REFERENCE sym_k0013 0
REFERENCE sym_k0000 0
REFERENCE sym_k0010 0
REFERENCE sym_k0015 0
REFERENCE sym_k0021 0
REFERENCE sym_k0021 0
REFERENCE sym_k0032 0
REFERENCE sym_k0014 0
REFERENCE sym_k0004 0
REFERENCE sym_k0000 0
REFERENCE sym_k0016 0
REFERENCE sym_k0002 0
REFERENCE sym_k0028 0
REFERENCE sym_k0001 0
REFERENCE sym_k0003 0
REFERENCE sym_k0002 0
REFERENCE sym_k0007 0
REFERENCE sym_k0000 0
REFERENCE sym_k0000 0
REFERENCE sym_k0035 0
REFERENCE sym_k0000 0
REFERENCE sym_k0003 0
REFERENCE sym_k0001 0
REFERENCE sym_k0000 0
REFERENCE sym_k0048 0
REFERENCE sym_k0042 0
REFERENCE sym_k0009 0
REFERENCE sym_k0001 0
REFERENCE sym_k0018 0
REFERENCE missing_8448 0
REFERENCE sym_k0002 0
REFERENCE sym_k0024 0
REFERENCE sym_k0037 0
REFERENCE sym_k0049 0
REFERENCE sym_k0001 0
REFERENCE sym_k0044 0
REFERENCE sym_k0006 0
REFERENCE sym_k0011 0
REFERENCE sym_k0032 0
REFERENCE sym_k0007 0
REFERENCE sym_k0003 0
REFERENCE sym_k0000 0
REFERENCE missing_3399 0
REFERENCE sym_k0005 0
REFERENCE sym_k0010 0
REFERENCE sym_k0010 0
REFERENCE sym_k0012 0
REFERENCE sym_k0000 0
REFERENCE sym_k0001 0
REFERENCE sym_k0020 0
REFERENCE sym_k0001 0
REFERENCE sym_k0000 0
REFERENCE sym_k0041 0
REFERENCE sym_k0005 0
REFERENCE sym_k0026 0
REFERENCE sym_k0000 0
REFERENCE sym_k0075 0
REFERENCE sym_k0001 0
REFERENCE sym_k0013 0
REFERENCE sym_k0006 0
REFERENCE missing_5182 0
REFERENCE sym_k0001 0
REFERENCE sym_k0000 0
REFERENCE sym_k0000 0
REFERENCE sym_k0007 0
DECLARE sym_k0240 1 0
REFERENCE sym_k0001 0
REFERENCE sym_k0001 0
REFERENCE sym_k0000 0
REFERENCE sym_k0003 0
REFERENCE sym_k0005 0
REFERENCE sym_k0040 0
REFERENCE sym_k0001 0
REFERENCE sym_k0001 0
REFERENCE sym_k0002 0
DECLARE sym_k0212 3 0
REFERENCE sym_k0002 0
REFERENCE sym_k0000 0
REFERENCE sym_k0001 0
REFERENCE sym_k0013 0
REFERENCE sym_k0000 0
REFERENCE sym_k0000 0
DECLARE sym_k0123 4 0
REFERENCE sym_k0000 0
DECLARE sym_k0086 12 0
REFERENCE sym_k0000 0
REFERENCE sym_k0002 0
REFERENCE sym_k0015 0
REFERENCE sym_k0000 0
REFERENCE sym_k0000 0
REFERENCE sym_k0001 0
REFERENCE sym_k0001 0
REFERENCE sym_k0001 0
REFERENCE sym_k0025 0
REFERENCE sym_k0000 0
REFERENCE sym_k0000 0
REFERENCE sym_k0000 0
REFERENCE sym_k0005 0
REFERENCE sym_k0002 0
REFERENCE sym_k0000 0
REFERENCE sym_k0000 0
REFERENCE sym_k0003 0
REFERENCE missing_3299 0
REFERENCE sym_k0000 0
REFERENCE sym_k0002 0
REFERENCE sym_k0046 0
REFERENCE sym_k0041 0
REFERENCE sym_k0014 0
REFERENCE sym_k0113 0
REFERENCE sym_k0000 0
REFERENCE sym_k0003 0
REFERENCE sym_k0004 0
REFERENCE sym_k0005 0
REFERENCE sym_k0001 0
REFERENCE sym_k0003 0
REFERENCE missing_2906 0
REFERENCE sym_k0001 0
DECLARE sym_k0295 11 0
REFERENCE sym_k0005 0
REFERENCE sym_k0000 0
REFERENCE sym_k0001 0
DECLARE sym_k0091 2 0
REFERENCE sym_k0041 0
REFERENCE sym_k0000 0
REFERENCE sym_k0000 0
REFERENCE sym_k0013 0
REFERENCE sym_k0001 0
REFERENCE sym_k0000 0
REFERENCE sym_k0001 0
REFERENCE sym_k0028 0
DECLARE sym_k0132 13 0
DECLARE sym_k0052 8 0
REFERENCE sym_k0009 0
REFERENCE sym_k0000 0
REFERENCE sym_k0000 0
REFERENCE sym_k0001 0
REFERENCE sym_k0221 0
REFERENCE sym_k0032 0
REFERENCE sym_k0001 0
REFERENCE sym_k0003 0
REFERENCE sym_k0034 0
REFERENCE sym_k0000 0
REFERENCE sym_k0019 0
REFERENCE sym_k0000 0
REFERENCE sym_k0001 0
REFERENCE sym_k0000 0
REFERENCE sym_k0000 0
REFERENCE sym_k0020 0
REFERENCE sym_k0000 0
REFERENCE sym_k0002 0
REFERENCE sym_k0000 0
REFERENCE sym_k0009 0
REFERENCE sym_k0001 0
REFERENCE sym_k0009 0
REFERENCE sym_k0011 0
REFERENCE sym_k0024 0
REFERENCE sym_k0295 0
REFERENCE sym_k0000 0
REFERENCE sym_k0000 0
REFERENCE sym_k0023 0
REFERENCE sym_k0001 0
REFERENCE sym_k0016 0
REFERENCE sym_k0004 0
REFERENCE sym_k0000 0
REFERENCE missing_8100 0
REFERENCE sym_k0039 0
REFERENCE sym_k0002 0
REFERENCE sym_k0000 0
REFERENCE sym_k0107 0
REFERENCE sym_k0000 0
REFERENCE sym_k0011 0
REFERENCE sym_k0000 0
REFERENCE missing_6895 0
REFERENCE sym_k0000 0
REFERENCE sym_k0003 0
REFERENCE sym_k0014 0
REFERENCE sym_k0000 0
REFERENCE sym_k0001 0
REFERENCE sym_k0009 0
DECLARE sym_k0160 11 0
REFERENCE sym_k0249 0
REFERENCE sym_k0002 0
REFERENCE sym_k0052 0
REFERENCE sym_k0002 0
REFERENCE sym_k0000 0
REFERENCE sym_k0002 0
REFERENCE sym_k0003 0
REFERENCE sym_k0000 0
REFERENCE sym_k0000 0
REFERENCE sym_k0000 0
REFERENCE missing_3138 0
REFERENCE sym_k0000 0
REFERENCE sym_k0000 0
REFERENCE sym_k0001 0
REFERENCE missing_8157 0
REFERENCE sym_k0000 0
REFERENCE sym_k0000 0
REFERENCE sym_k0000 0
REFERENCE sym_k0021 0
REFERENCE sym_k0001 0
REFERENCE sym_k0123 0
REFERENCE sym_k0000 0
REFERENCE sym_k0000 0
REFERENCE sym_k0024 0
REFERENCE sym_k0006 0
REFERENCE missing_7083 0
REFERENCE sym_k0002 0
REFERENCE sym_k0003 0
REFERENCE sym_k0012 0
REFERENCE sym_k0003 0
REFERENCE sym_k0000 0
REFERENCE sym_k0049 0
REFERENCE sym_k0003 0
DECLARE sym_k0158 9 0
REFERENCE sym_k0103 0
REFERENCE sym_k0000 0
REFERENCE sym_k0000 0
REFERENCE sym_k0000 0
REFERENCE sym_k0006 0
DECLARE sym_k0081 7 0
REFERENCE sym_k0029 0
REFERENCE sym_k0002 0
REFERENCE sym_k0008 0
DECLARE sym_k0051 7 0
DECLARE sym_k0109 5 0
DECLARE sym_k0218 9 0
REFERENCE sym_k0000 0
REFERENCE sym_k0030 0
REFERENCE sym_k0005 0
REFERENCE sym_k0000 0
REFERENCE sym_k0001 0
DECLARE sym_k0273 4 0
REFERENCE sym_k0013 0
REFERENCE sym_k0000 0
REFERENCE sym_k0000 0
REFERENCE sym_k0006 0
REFERENCE sym_k0000 0
REFERENCE sym_k0004 0
REFERENCE sym_k0001 0
REFERENCE sym_k0044 0
REFERENCE sym_k0202 0
REFERENCE sym_k0013 0
REFERENCE sym_k0000 0
REFERENCE sym_k0000 0
REFERENCE sym_k0024 0
REFERENCE sym_k0000 0
REFERENCE sym_k0000 0
REFERENCE sym_k0007 0
REFERENCE sym_k0002 0
REFERENCE sym_k0006 0
REFERENCE sym_k0006 0
REFERENCE sym_k0005 0
REFERENCE sym_k0005 0
REFERENCE sym_k0051 0
DECLARE sym_k0082 8 0
REFERENCE sym_k0000 0
REFERENCE sym_k0025 0
REFERENCE sym_k0000 0
REFERENCE sym_k0000 0
REFERENCE sym_k0000 0
REFERENCE sym_k0006 0
REFERENCE sym_k0040 0
REFERENCE sym_k0003 0
REFERENCE sym_k0002 0
REFERENCE sym_k0008 0
REFERENCE sym_k0008 0
REFERENCE sym_k0000 0
REFERENCE sym_k0016 0
REFERENCE sym_k0002 0
REFERENCE sym_k0041 0
REFERENCE sym_k0005 0
REFERENCE sym_k0002 0
REFERENCE sym_k0017 0
REFERENCE missing_1566 0
REFERENCE sym_k0043 0
DECLARE sym_k0087 13 0
REFERENCE sym_k0000 0
REFERENCE missing_2949 0
REFERENCE sym_k0002 0
REFERENCE sym_k0001 0
REFERENCE sym_k0001 0
REFERENCE sym_k0000 0
REFERENCE sym_k0000 0
REFERENCE sym_k0012 0
REFERENCE sym_k0240 0
REFERENCE sym_k0030 0
REFERENCE sym_k0011 0
DECLARE sym_k0292 8 0
REFERENCE sym_k0005 0
REFERENCE sym_k0000 0
REFERENCE sym_k0000 0
REFERENCE sym_k0000 0
REFERENCE sym_k0005 0
REFERENCE sym_k0000 0
DECLARE sym_k0196 2 0
REFERENCE sym_k0000 0
REFERENCE sym_k0001 0
REFERENCE sym_k0000 0
REFERENCE sym_k0004 0
REFERENCE sym_k0000 0
REFERENCE sym_k0008 0
REFERENCE sym_k0000 0
REFERENCE sym_k0000 0
REFERENCE sym_k0000 0
REFERENCE sym_k0000 0
REFERENCE sym_k0007 0
REFERENCE sym_k0001 0
REFERENCE sym_k0000 0
REFERENCE sym_k0001 0
REFERENCE sym_k0001 0
REFERENCE sym_k0000 0
REFERENCE sym_k0002 0
REFERENCE sym_k0007 0
REFERENCE sym_k0004 0
REFERENCE sym_k0000 0
DECLARE sym_k0199 5 0
REFERENCE sym_k0039 0
REFERENCE sym_k0000 0
REFERENCE missing_7640 0
REFERENCE sym_k0004 0
DECLARE sym_k0062 3 0
REFERENCE sym_k0001 0
REFERENCE sym_k0000 0
REFERENCE sym_k0006 0
REFERENCE sym_k0014 0
REFERENCE sym_k0000 0
REFERENCE sym_k0025 0
REFERENCE sym_k0000 0
REFERENCE sym_k0000 0
REFERENCE sym_k0025 0
REFERENCE sym_k0001 0
REFERENCE sym_k0009 0
REFERENCE sym_k0173 0
DECLARE sym_k0284 15 0
REFERENCE sym_k0034 0
REFERENCE sym_k0022 0
REFERENCE sym_k0002 0
REFERENCE sym_k0001 0
REFERENCE sym_k0045 0
REFERENCE sym_k0001 0
REFERENCE sym_k0013 0
REFERENCE sym_k0002 0
DECLARE sym_k0184 5 0
REFERENCE sym_k0000 0
REFERENCE sym_k0000 0
REFERENCE sym_k0000 0
REFERENCE sym_k0001 0
REFERENCE sym_k0131 0
REFERENCE sym_k0000 0
REFERENCE sym_k0009 0
REFERENCE sym_k0000 0
REFERENCE sym_k0001 0
REFERENCE sym_k0006 0
REFERENCE sym_k0034 0
REFERENCE sym_k0086 0
REFERENCE sym_k0000 0
REFERENCE sym_k0001 0
REFERENCE sym_k0004 0
REFERENCE missing_5555 0
REFERENCE sym_k0007 0
REFERENCE sym_k0001 0
REFERENCE sym_k0001 0
DECLARE sym_k0101 12 0
REFERENCE sym_k0039 0
REFERENCE sym_k0000 0
REFERENCE sym_k0049 0
REFERENCE sym_k0031 0
REFERENCE sym_k0000 0
REFERENCE sym_k0015 0
REFERENCE missing_5122 0
REFERENCE sym_k0001 0
REFERENCE missing_2498 0
REFERENCE sym_k0033 0
REFERENCE sym_k0004 0
REFERENCE sym_k0184 0
REFERENCE sym_k0086 0
REFERENCE sym_k0000 0
REFERENCE sym_k0001 0
REFERENCE sym_k0004 0
REFERENCE sym_k0001 0
REFERENCE sym_k0000 0
REFERENCE sym_k0000 0
REFERENCE sym_k0002 0
REFERENCE missing_7405 0
REFERENCE sym_k0002 0
REFERENCE sym_k0001 0
REFERENCE sym_k0050 0
REFERENCE sym_k0040 0
REFERENCE sym_k0003 0
REFERENCE sym_k0001 0
REFERENCE sym_k0000 0
REFERENCE sym_k0001 0
DECLARE sym_k0118 14 0
REFERENCE missing_7018 0
REFERENCE sym_k0008 0
REFERENCE sym_k0015 0
DECLARE sym_k0121 2 0
REFERENCE sym_k0002 0
REFERENCE sym_k0004 0
REFERENCE sym_k0001 0
REFERENCE sym_k0011 0
REFERENCE missing_1108 0
REFERENCE sym_k0000 0
REFERENCE sym_k0023 0
REFERENCE missing_8114 0
REFERENCE sym_k0003 0
REFERENCE sym_k0006 0
REFERENCE sym_k0003 0
DECLARE sym_k0287 3 0
DECLARE sym_k0205 11 0
REFERENCE missing_6396 0
REFERENCE sym_k0002 0
REFERENCE sym_k0000 0
REFERENCE sym_k0000 0
REFERENCE sym_k0001 0
REFERENCE sym_k0047 0
REFERENCE sym_k0009 0
REFERENCE sym_k0000 0
REFERENCE sym_k0000 0
REFERENCE sym_k0008 0
REFERENCE sym_k0013 0
REFERENCE sym_k0001 0
REFERENCE sym_k0002 0
REFERENCE sym_k0038 0
REFERENCE sym_k0005 0
REFERENCE sym_k0000 0
REFERENCE sym_k0003 0
REFERENCE sym_k0035 0
REFERENCE sym_k0009 0
REFERENCE sym_k0043 0
REFERENCE sym_k0001 0
REFERENCE sym_k0000 0
REFERENCE sym_k0004 0
REFERENCE sym_k0015 0
REFERENCE sym_k0000 0
REFERENCE sym_k0002 0
REFERENCE sym_k0000 0
REFERENCE sym_k0000 0
REFERENCE sym_k0032 0
REFERENCE sym_k0000 0
REFERENCE sym_k0005 0
REFERENCE sym_k0006 0
REFERENCE sym_k0013 0
REFERENCE sym_k0000 0
REFERENCE sym_k0033 0
REFERENCE sym_k0020 0
REFERENCE sym_k0001 0
REFERENCE sym_k0006 0
DECLARE sym_k0220 11 0
REFERENCE sym_k0021 0
REFERENCE sym_k0001 0
REFERENCE sym_k0000 0
REFERENCE sym_k0004 0
REFERENCE sym_k0002 0
REFERENCE sym_k0024 0
REFERENCE sym_k0000 0
DECLARE sym_k0080 6 0
REFERENCE sym_k0065 0
REFERENCE sym_k0018 0
REFERENCE sym_k0001 0
REFERENCE sym_k0001 0
REFERENCE sym_k0021 0
REFERENCE sym_k0000 0
REFERENCE sym_k0001 0
REFERENCE sym_k0000 0
REFERENCE sym_k0002 0
REFERENCE sym_k0007 0
REFERENCE sym_k0000 0
REFERENCE sym_k0007 0
REFERENCE sym_k0007 0
REFERENCE sym_k0012 0
REFERENCE missing_7794 0
REFERENCE sym_k0000 0
REFERENCE sym_k0005 0
REFERENCE sym_k0010 0
REFERENCE sym_k0033 0
REFERENCE sym_k0001 0
REFERENCE sym_k0000 0
REFERENCE sym_k0043 0
REFERENCE sym_k0004 0
REFERENCE sym_k0001 0
REFERENCE sym_k0004 0
REFERENCE sym_k0000 0
REFERENCE sym_k0002 0
REFERENCE sym_k0004 0
REFERENCE sym_k0054 0
REFERENCE missing_5027 0
REFERENCE sym_k0031 0
REFERENCE sym_k0001 0
REFERENCE sym_k0002 0
DECLARE sym_k0285 1 0
REFERENCE sym_k0000 0
DECLARE sym_k0112 8 0
REFERENCE sym_k0004 0
REFERENCE sym_k0002 0
REFERENCE sym_k0017 0
REFERENCE sym_k0001 0
REFERENCE sym_k0003 0
REFERENCE sym_k0002 0
REFERENCE sym_k0006 0
REFERENCE sym_k0000 0
REFERENCE sym_k0101 0
REFERENCE sym_k0017 0
REFERENCE sym_k0121 0
REFERENCE sym_k0082 0
REFERENCE sym_k0000 0
REFERENCE sym_k0000 0
REFERENCE sym_k0010 0
REFERENCE sym_k0047 0
REFERENCE sym_k0001 0
REFERENCE sym_k0081 0
REFERENCE sym_k0033 0
REFERENCE sym_k0008 0
REFERENCE sym_k0000 0
REFERENCE sym_k0016 0
REFERENCE sym_k0047 0
REFERENCE sym_k0002 0
REFERENCE sym_k0004 0
REFERENCE sym_k0005 0
REFERENCE sym_k0028 0
REFERENCE sym_k0000 0
REFERENCE sym_k0000 0
REFERENCE sym_k0000 0
REFERENCE sym_k0008 0
REFERENCE sym_k0001 0
REFERENCE sym_k0000 0
REFERENCE sym_k0013 0
REFERENCE sym_k0004 0
REFERENCE sym_k0002 0
REFERENCE sym_k0003 0
DECLARE sym_k0289 5 0
REFERENCE missing_2438 0
REFERENCE sym_k0006 0
REFERENCE sym_k0004 0
REFERENCE sym_k0064 0
REFERENCE sym_k0036 0
DECLARE sym_k0200 6 0
DECLARE sym_k0217 8 0
REFERENCE sym_k0006 0
REFERENCE sym_k0000 0
REFERENCE sym_k0000 0
REFERENCE sym_k0006 0
REFERENCE sym_k0000 0
REFERENCE sym_k0005 0
REFERENCE sym_k0004 0
REFERENCE sym_k0052 0
REFERENCE sym_k0062 0
REFERENCE sym_k0000 0
REFERENCE sym_k0003 0
REFERENCE sym_k0005 0
REFERENCE sym_k0008 0
DECLARE sym_k0154 5 0
REFERENCE sym_k0000 0
REFERENCE sym_k0015 0
REFERENCE sym_k0002 0
REFERENCE sym_k0000 0
REFERENCE sym_k0005 0
REFERENCE sym_k0039 0
REFERENCE sym_k0006 0
REFERENCE sym_k0001 0
REFERENCE sym_k0055 0
REFERENCE sym_k0008 0
REFERENCE sym_k0004 0
REFERENCE sym_k0039 0
DECLARE sym_k0236 12 0
REFERENCE sym_k0000 0
REFERENCE sym_k0000 0
REFERENCE sym_k0000 0
EXIT_SCOPE 0
