# ColliScope Generated Random Trace
# Parameters: seed=49, scope=flat, type=mixed, load_factor=0.7
ENTER_SCOPE 0
DECLARE bkc_00000 18 0
DECLARE nbb_00001 9 0
DECLARE etq_00002 17 0
DECLARE fxh_00003 12 0
DECLARE kgd_00004 14 0
DECLARE sij_00005 13 0
DECLARE zpb_00006 14 0
DECLARE rxf_00007 3 0
DECLARE oon_00008 5 0
DECLARE mfg_00009 14 0
DECLARE yms_00010 13 0
DECLARE hxr_00011 1 0
DECLARE odf_00012 3 0
DECLARE wyh_00013 2 0
DECLARE sjr_00014 14 0
DECLARE wvm_00015 14 0
DECLARE hmg_00016 11 0
DECLARE zck_00017 15 0
DECLARE qyp_00018 8 0
DECLARE gio_00019 1 0
DECLARE rjw_00020 20 0
DECLARE wdp_00021 20 0
DECLARE zcu_00022 12 0
DECLARE yrz_00023 5 0
DECLARE ldo_00024 19 0
DECLARE drp_00025 9 0
DECLARE nio_00026 14 0
DECLARE yxq_00027 17 0
DECLARE wsg_00028 8 0
DECLARE acl_00029 18 0
DECLARE akr_00030 17 0
DECLARE gdf_00031 1 0
DECLARE wpd_00032 13 0
DECLARE eyf_00033 6 0
DECLARE wpi_00034 12 0
DECLARE ybl_00035 4 0
DECLARE ccl_00036 7 0
DECLARE nhh_00037 16 0
DECLARE lxi_00038 1 0
DECLARE hrv_00039 11 0
DECLARE fas_00040 11 0
DECLARE cyu_00041 8 0
DECLARE xwf_00042 17 0
DECLARE hzd_00043 11 0
DECLARE wcf_00044 4 0
DECLARE bcg_00045 11 0
DECLARE mis_00046 10 0
DECLARE oeh_00047 3 0
DECLARE usg_00048 5 0
DECLARE aza_00049 17 0
DECLARE hyx_00050 4 0
REFERENCE drp_00025 0
DECLARE aib_00051 9 0
DECLARE qhf_00052 16 0
REFERENCE missing_3715 0
REFERENCE fas_00040 0
DECLARE ofk_00053 4 0
REFERENCE aza_00049 0
DECLARE sne_00054 10 0
DECLARE nfs_00055 17 0
REFERENCE sne_00054 0
DECLARE svz_00056 16 0
DECLARE zqm_00057 17 0
DECLARE ygt_00058 8 0
DECLARE hrp_00059 19 0
DECLARE tra_00060 17 0
DECLARE aaj_00061 10 0
DECLARE jsp_00062 16 0
REFERENCE ldo_00024 0
REFERENCE etq_00002 0
DECLARE foe_00063 1 0
REFERENCE hyx_00050 0
REFERENCE hxr_00011 0
DECLARE ijn_00064 3 0
DECLARE khs_00065 13 0
DECLARE vys_00066 15 0
REFERENCE eyf_00033 0
DECLARE rla_00067 20 0
REFERENCE tra_00060 0
DECLARE kcx_00068 11 0
DECLARE cem_00069 4 0
DECLARE ljb_00070 9 0
DECLARE mxs_00071 18 0
DECLARE gtv_00072 20 0
REFERENCE yms_00010 0
REFERENCE sjr_00014 0
REFERENCE hrv_00039 0
REFERENCE aaj_00061 0
DECLARE cuw_00073 10 0
DECLARE kdb_00074 20 0
REFERENCE wpi_00034 0
REFERENCE ijn_00064 0
DECLARE jmf_00075 13 0
DECLARE nox_00076 18 0
REFERENCE wpi_00034 0
REFERENCE wpd_00032 0
DECLARE eax_00077 4 0
REFERENCE missing_3205 0
DECLARE icb_00078 17 0
DECLARE hyt_00079 7 0
DECLARE apf_00080 5 0
DECLARE oit_00081 12 0
DECLARE bxd_00082 13 0
REFERENCE yrz_00023 0
DECLARE njb_00083 19 0
REFERENCE eax_00077 0
DECLARE vlc_00084 2 0
REFERENCE jsp_00062 0
REFERENCE kgd_00004 0
DECLARE fea_00085 3 0
DECLARE ytm_00086 12 0
REFERENCE ygt_00058 0
DECLARE vgv_00087 6 0
DECLARE oul_00088 14 0
DECLARE nbf_00089 14 0
REFERENCE rxf_00007 0
DECLARE cfz_00090 15 0
DECLARE lrt_00091 12 0
REFERENCE ofk_00053 0
REFERENCE lrt_00091 0
DECLARE bjf_00092 7 0
DECLARE rtm_00093 3 0
REFERENCE odf_00012 0
REFERENCE wsg_00028 0
REFERENCE fxh_00003 0
DECLARE jxh_00094 18 0
REFERENCE missing_6613 0
REFERENCE missing_9474 0
DECLARE wtn_00095 1 0
REFERENCE zck_00017 0
DECLARE gze_00096 4 0
DECLARE mbc_00097 1 0
REFERENCE bkc_00000 0
DECLARE kfx_00098 20 0
REFERENCE rtm_00093 0
DECLARE kob_00099 7 0
DECLARE rwu_00100 5 0
DECLARE lrw_00101 10 0
DECLARE nzz_00102 17 0
DECLARE aog_00103 1 0
DECLARE obu_00104 15 0
DECLARE mpu_00105 3 0
REFERENCE hxr_00011 0
REFERENCE hrp_00059 0
DECLARE bkk_00106 13 0
DECLARE qnv_00107 13 0
REFERENCE qhf_00052 0
REFERENCE nox_00076 0
DECLARE wbq_00108 1 0
DECLARE joe_00109 4 0
REFERENCE aog_00103 0
DECLARE cng_00110 15 0
REFERENCE etq_00002 0
DECLARE qjr_00111 19 0
DECLARE vam_00112 20 0
REFERENCE fxh_00003 0
DECLARE jfp_00113 15 0
REFERENCE usg_00048 0
REFERENCE vlc_00084 0
DECLARE npy_00114 8 0
DECLARE brz_00115 8 0
REFERENCE icb_00078 0
REFERENCE gze_00096 0
DECLARE uly_00116 15 0
REFERENCE kfx_00098 0
DECLARE zyy_00117 8 0
DECLARE lhy_00118 11 0
DECLARE vtl_00119 17 0
REFERENCE zyy_00117 0
DECLARE aij_00120 5 0
DECLARE fth_00121 6 0
REFERENCE bkc_00000 0
REFERENCE oit_00081 0
DECLARE ztv_00122 17 0
DECLARE mgv_00123 4 0
DECLARE dxs_00124 17 0
REFERENCE odf_00012 0
DECLARE wek_00125 6 0
REFERENCE kfx_00098 0
DECLARE eps_00126 5 0
REFERENCE wvm_00015 0
DECLARE dlv_00127 10 0
DECLARE bhg_00128 16 0
REFERENCE bxd_00082 0
REFERENCE bkc_00000 0
REFERENCE ztv_00122 0
REFERENCE dlv_00127 0
REFERENCE ljb_00070 0
REFERENCE oon_00008 0
REFERENCE missing_3962 0
REFERENCE mfg_00009 0
DECLARE uiy_00129 12 0
DECLARE tqb_00130 2 0
REFERENCE etq_00002 0
DECLARE tnw_00131 2 0
REFERENCE vam_00112 0
REFERENCE hrv_00039 0
REFERENCE odf_00012 0
DECLARE avb_00132 1 0
DECLARE xil_00133 18 0
REFERENCE uly_00116 0
REFERENCE bcg_00045 0
REFERENCE missing_2353 0
DECLARE bdm_00134 19 0
DECLARE mhe_00135 13 0
DECLARE xbh_00136 11 0
DECLARE aof_00137 14 0
REFERENCE hxr_00011 0
DECLARE uhh_00138 11 0
REFERENCE fxh_00003 0
DECLARE nmr_00139 10 0
REFERENCE tnw_00131 0
REFERENCE zyy_00117 0
DECLARE cvi_00140 4 0
REFERENCE missing_2023 0
REFERENCE missing_9816 0
REFERENCE xwf_00042 0
REFERENCE vys_00066 0
DECLARE fsw_00141 8 0
REFERENCE aib_00051 0
REFERENCE cng_00110 0
DECLARE yor_00142 6 0
DECLARE rjy_00143 4 0
REFERENCE missing_3524 0
DECLARE nhi_00144 18 0
DECLARE kca_00145 3 0
DECLARE exc_00146 16 0
REFERENCE akr_00030 0
REFERENCE aza_00049 0
DECLARE fcc_00147 4 0
REFERENCE ygt_00058 0
DECLARE gmg_00148 12 0
REFERENCE vlc_00084 0
DECLARE mms_00149 5 0
REFERENCE tqb_00130 0
REFERENCE cng_00110 0
REFERENCE hrp_00059 0
DECLARE cuo_00150 1 0
REFERENCE hmg_00016 0
DECLARE vxd_00151 8 0
REFERENCE kfx_00098 0
DECLARE cqz_00152 9 0
DECLARE slj_00153 3 0
DECLARE fzh_00154 12 0
DECLARE ktg_00155 5 0
REFERENCE mfg_00009 0
REFERENCE bcg_00045 0
REFERENCE wpi_00034 0
DECLARE auu_00156 8 0
DECLARE pjh_00157 15 0
DECLARE pcf_00158 17 0
REFERENCE ljb_00070 0
DECLARE eit_00159 1 0
REFERENCE lxi_00038 0
REFERENCE bdm_00134 0
DECLARE shw_00160 8 0
DECLARE iha_00161 4 0
REFERENCE vtl_00119 0
DECLARE efe_00162 19 0
DECLARE ila_00163 14 0
DECLARE iky_00164 14 0
DECLARE mty_00165 7 0
DECLARE dgb_00166 15 0
REFERENCE missing_7657 0
DECLARE cre_00167 12 0
DECLARE dxl_00168 5 0
REFERENCE cuw_00073 0
REFERENCE qnv_00107 0
DECLARE ncc_00169 10 0
DECLARE esu_00170 9 0
DECLARE fwm_00171 15 0
DECLARE ivx_00172 4 0
DECLARE sbr_00173 11 0
DECLARE fpz_00174 4 0
REFERENCE missing_3950 0
REFERENCE mis_00046 0
DECLARE rmy_00175 17 0
DECLARE mgy_00176 20 0
DECLARE gcv_00177 8 0
REFERENCE uiy_00129 0
DECLARE udr_00178 20 0
REFERENCE uly_00116 0
REFERENCE rjw_00020 0
REFERENCE ivx_00172 0
REFERENCE fth_00121 0
DECLARE mdb_00179 8 0
REFERENCE hyt_00079 0
REFERENCE wsg_00028 0
REFERENCE rtm_00093 0
DECLARE wly_00180 13 0
REFERENCE fsw_00141 0
REFERENCE missing_4062 0
DECLARE xau_00181 13 0
REFERENCE fsw_00141 0
REFERENCE avb_00132 0
DECLARE zmo_00182 7 0
REFERENCE cyu_00041 0
REFERENCE njb_00083 0
REFERENCE fth_00121 0
REFERENCE exc_00146 0
REFERENCE uhh_00138 0
REFERENCE eyf_00033 0
DECLARE yxl_00183 16 0
REFERENCE mbc_00097 0
DECLARE lkr_00184 8 0
REFERENCE wpd_00032 0
DECLARE oam_00185 9 0
REFERENCE missing_3502 0
DECLARE wir_00186 4 0
DECLARE mcn_00187 7 0
DECLARE kov_00188 19 0
REFERENCE acl_00029 0
DECLARE gii_00189 3 0
REFERENCE wpd_00032 0
DECLARE mbu_00190 15 0
DECLARE ivl_00191 20 0
DECLARE wgc_00192 4 0
REFERENCE gmg_00148 0
REFERENCE wir_00186 0
REFERENCE zpb_00006 0
REFERENCE wpd_00032 0
DECLARE gbl_00193 18 0
DECLARE ymj_00194 10 0
REFERENCE mfg_00009 0
REFERENCE zpb_00006 0
REFERENCE ldo_00024 0
DECLARE xdt_00195 7 0
DECLARE hwb_00196 19 0
DECLARE wqz_00197 12 0
DECLARE pxr_00198 18 0
DECLARE ksl_00199 17 0
REFERENCE wtn_00095 0
DECLARE rsh_00200 15 0
REFERENCE oeh_00047 0
REFERENCE vam_00112 0
DECLARE mhl_00201 3 0
DECLARE cju_00202 4 0
REFERENCE rtm_00093 0
DECLARE bbm_00203 7 0
REFERENCE hxr_00011 0
DECLARE ehy_00204 9 0
REFERENCE oit_00081 0
REFERENCE missing_6785 0
DECLARE fni_00205 9 0
DECLARE acc_00206 20 0
REFERENCE mcn_00187 0
REFERENCE bkk_00106 0
DECLARE sed_00207 10 0
REFERENCE obu_00104 0
DECLARE fym_00208 14 0
DECLARE cis_00209 13 0
REFERENCE gze_00096 0
DECLARE mrx_00210 19 0
REFERENCE slj_00153 0
REFERENCE gdf_00031 0
REFERENCE mgy_00176 0
REFERENCE yrz_00023 0
REFERENCE vys_00066 0
DECLARE yrr_00211 4 0
DECLARE uyy_00212 6 0
REFERENCE fym_00208 0
REFERENCE aog_00103 0
DECLARE yoj_00213 12 0
DECLARE oha_00214 8 0
REFERENCE missing_4498 0
DECLARE bfn_00215 7 0
DECLARE nry_00216 20 0
REFERENCE lrw_00101 0
REFERENCE obu_00104 0
REFERENCE kca_00145 0
REFERENCE eax_00077 0
REFERENCE xil_00133 0
REFERENCE fzh_00154 0
REFERENCE qjr_00111 0
REFERENCE mxs_00071 0
DECLARE azp_00217 5 0
REFERENCE ivl_00191 0
DECLARE fyj_00218 16 0
REFERENCE missing_4977 0
DECLARE vsd_00219 16 0
REFERENCE bhg_00128 0
DECLARE nan_00220 14 0
REFERENCE rjy_00143 0
REFERENCE dxl_00168 0
DECLARE cjl_00221 7 0
DECLARE lzj_00222 9 0
DECLARE skr_00223 3 0
DECLARE itl_00224 14 0
REFERENCE missing_1614 0
REFERENCE missing_9368 0
DECLARE cly_00225 13 0
REFERENCE hwb_00196 0
DECLARE ymr_00226 14 0
REFERENCE fsw_00141 0
DECLARE jke_00227 3 0
DECLARE qkt_00228 14 0
REFERENCE missing_2630 0
REFERENCE uiy_00129 0
REFERENCE vgv_00087 0
REFERENCE cqz_00152 0
DECLARE avi_00229 13 0
DECLARE mke_00230 18 0
REFERENCE pjh_00157 0
DECLARE hhh_00231 15 0
DECLARE ikw_00232 14 0
DECLARE zvi_00233 4 0
REFERENCE rjy_00143 0
DECLARE poh_00234 3 0
DECLARE uee_00235 4 0
DECLARE urs_00236 6 0
REFERENCE gcv_00177 0
DECLARE wyt_00237 3 0
REFERENCE cju_00202 0
REFERENCE missing_3604 0
DECLARE yrk_00238 4 0
REFERENCE qjr_00111 0
DECLARE zkx_00239 4 0
REFERENCE tra_00060 0
REFERENCE gbl_00193 0
REFERENCE missing_5717 0
REFERENCE oul_00088 0
REFERENCE ybl_00035 0
DECLARE pbs_00240 9 0
DECLARE tzt_00241 14 0
DECLARE qgu_00242 7 0
REFERENCE tra_00060 0
REFERENCE uyy_00212 0
DECLARE pji_00243 11 0
REFERENCE nbb_00001 0
DECLARE yzi_00244 8 0
REFERENCE nbf_00089 0
DECLARE cil_00245 16 0
REFERENCE xbh_00136 0
DECLARE rjf_00246 5 0
REFERENCE lrt_00091 0
REFERENCE qjr_00111 0
REFERENCE rxf_00007 0
DECLARE dqk_00247 8 0
REFERENCE auu_00156 0
DECLARE jko_00248 18 0
DECLARE dab_00249 9 0
DECLARE cyp_00250 19 0
REFERENCE joe_00109 0
REFERENCE yxl_00183 0
REFERENCE missing_7071 0
REFERENCE jke_00227 0
REFERENCE ygt_00058 0
DECLARE edh_00251 4 0
DECLARE nmx_00252 11 0
REFERENCE missing_6482 0
REFERENCE hrv_00039 0
DECLARE jgo_00253 7 0
REFERENCE fni_00205 0
REFERENCE ikw_00232 0
REFERENCE lkr_00184 0
DECLARE bra_00254 8 0
DECLARE gsk_00255 7 0
DECLARE bld_00256 9 0
REFERENCE rwu_00100 0
REFERENCE wpd_00032 0
REFERENCE ybl_00035 0
REFERENCE missing_7680 0
REFERENCE rla_00067 0
REFERENCE pbs_00240 0
DECLARE wjv_00257 20 0
REFERENCE rjf_00246 0
DECLARE mnb_00258 10 0
DECLARE gjf_00259 12 0
DECLARE ahe_00260 16 0
REFERENCE missing_2994 0
REFERENCE missing_5693 0
REFERENCE missing_8808 0
DECLARE adx_00261 13 0
REFERENCE nry_00216 0
REFERENCE wjv_00257 0
REFERENCE missing_5024 0
REFERENCE oul_00088 0
DECLARE lai_00262 14 0
REFERENCE wpi_00034 0
REFERENCE mxs_00071 0
REFERENCE eit_00159 0
DECLARE kvh_00263 13 0
DECLARE pyq_00264 2 0
REFERENCE missing_3292 0
REFERENCE missing_1009 0
REFERENCE ahe_00260 0
REFERENCE hyt_00079 0
REFERENCE urs_00236 0
REFERENCE jfp_00113 0
DECLARE los_00265 11 0
DECLARE adg_00266 16 0
REFERENCE gtv_00072 0
DECLARE sed_00267 13 0
REFERENCE ijn_00064 0
REFERENCE gmg_00148 0
REFERENCE fcc_00147 0
REFERENCE cfz_00090 0
REFERENCE nzz_00102 0
REFERENCE xil_00133 0
DECLARE ujn_00268 5 0
DECLARE cto_00269 15 0
REFERENCE mcn_00187 0
DECLARE gzn_00270 4 0
DECLARE jzh_00271 10 0
DECLARE bdf_00272 12 0
REFERENCE oit_00081 0
REFERENCE cil_00245 0
DECLARE pdz_00273 20 0
REFERENCE cre_00167 0
REFERENCE npy_00114 0
REFERENCE icb_00078 0
REFERENCE yxl_00183 0
REFERENCE sne_00054 0
REFERENCE rjf_00246 0
REFERENCE pxr_00198 0
DECLARE jdp_00274 12 0
REFERENCE sed_00267 0
DECLARE jgm_00275 1 0
DECLARE ayg_00276 15 0
REFERENCE uhh_00138 0
REFERENCE jko_00248 0
DECLARE ijo_00277 5 0
REFERENCE wqz_00197 0
REFERENCE vgv_00087 0
REFERENCE missing_6209 0
REFERENCE yzi_00244 0
DECLARE rpu_00278 16 0
DECLARE znz_00279 4 0
REFERENCE aza_00049 0
DECLARE gua_00280 2 0
REFERENCE wdp_00021 0
REFERENCE rxf_00007 0
REFERENCE missing_7239 0
REFERENCE sed_00207 0
REFERENCE ljb_00070 0
REFERENCE cis_00209 0
REFERENCE gbl_00193 0
REFERENCE hyx_00050 0
REFERENCE missing_4676 0
DECLARE oxk_00281 12 0
REFERENCE mxs_00071 0
REFERENCE ijn_00064 0
DECLARE jaa_00282 7 0
DECLARE xup_00283 5 0
DECLARE mjr_00284 14 0
REFERENCE avi_00229 0
DECLARE apg_00285 19 0
DECLARE smz_00286 18 0
REFERENCE hyt_00079 0
REFERENCE hxr_00011 0
REFERENCE gsk_00255 0
DECLARE kob_00287 7 0
REFERENCE missing_3903 0
DECLARE brg_00288 3 0
DECLARE eje_00289 12 0
DECLARE osu_00290 5 0
DECLARE fma_00291 4 0
REFERENCE yzi_00244 0
DECLARE rqn_00292 19 0
REFERENCE kob_00287 0
DECLARE gbo_00293 6 0
DECLARE ogw_00294 12 0
DECLARE nsc_00295 3 0
REFERENCE poh_00234 0
REFERENCE jdp_00274 0
DECLARE qng_00296 6 0
REFERENCE missing_9349 0
REFERENCE cqz_00152 0
REFERENCE sne_00054 0
REFERENCE auu_00156 0
DECLARE vqz_00297 18 0
REFERENCE rjy_00143 0
DECLARE xqj_00298 3 0
REFERENCE uly_00116 0
DECLARE lkh_00299 17 0
REFERENCE hyx_00050 0
DECLARE lxz_00300 9 0
REFERENCE bfn_00215 0
DECLARE mfw_00301 12 0
DECLARE ydn_00302 12 0
DECLARE tdf_00303 7 0
REFERENCE kca_00145 0
DECLARE rcx_00304 5 0
REFERENCE hrv_00039 0
DECLARE umw_00305 11 0
DECLARE hid_00306 1 0
REFERENCE yoj_00213 0
REFERENCE dxl_00168 0
DECLARE iug_00307 19 0
DECLARE xio_00308 8 0
DECLARE utt_00309 3 0
REFERENCE missing_2971 0
DECLARE qku_00310 8 0
REFERENCE wgc_00192 0
DECLARE hln_00311 12 0
REFERENCE missing_8151 0
DECLARE tvt_00312 1 0
DECLARE izm_00313 16 0
DECLARE sdj_00314 17 0
DECLARE tiu_00315 16 0
REFERENCE ztv_00122 0
DECLARE iue_00316 16 0
REFERENCE wvm_00015 0
DECLARE gkt_00317 20 0
REFERENCE kob_00099 0
REFERENCE sed_00207 0
REFERENCE missing_8956 0
DECLARE wwy_00318 10 0
REFERENCE nfs_00055 0
DECLARE wpi_00319 9 0
REFERENCE hln_00311 0
DECLARE dxw_00320 8 0
DECLARE tfj_00321 13 0
DECLARE tni_00322 2 0
REFERENCE kca_00145 0
DECLARE fml_00323 12 0
REFERENCE fcc_00147 0
REFERENCE yrr_00211 0
REFERENCE rjf_00246 0
REFERENCE wpi_00319 0
REFERENCE xbh_00136 0
REFERENCE dab_00249 0
DECLARE ygi_00324 19 0
DECLARE fbu_00325 17 0
REFERENCE qjr_00111 0
DECLARE gsm_00326 5 0
DECLARE qoe_00327 4 0
DECLARE ciy_00328 6 0
REFERENCE etq_00002 0
DECLARE cgv_00329 3 0
REFERENCE vlc_00084 0
DECLARE lan_00330 2 0
REFERENCE tni_00322 0
REFERENCE iky_00164 0
DECLARE pmo_00331 5 0
DECLARE ira_00332 8 0
REFERENCE mnb_00258 0
DECLARE cze_00333 2 0
REFERENCE gkt_00317 0
DECLARE ran_00334 4 0
DECLARE yrz_00335 11 0
DECLARE skt_00336 19 0
DECLARE jae_00337 7 0
DECLARE ouw_00338 8 0
DECLARE xnj_00339 16 0
REFERENCE wpi_00319 0
DECLARE vbg_00340 6 0
REFERENCE mdb_00179 0
REFERENCE missing_8204 0
REFERENCE oeh_00047 0
DECLARE mgb_00341 8 0
REFERENCE rxf_00007 0
DECLARE tvn_00342 7 0
REFERENCE yrk_00238 0
REFERENCE kov_00188 0
DECLARE oal_00343 17 0
DECLARE dlu_00344 6 0
REFERENCE mpu_00105 0
DECLARE akh_00345 10 0
REFERENCE missing_4687 0
REFERENCE zvi_00233 0
DECLARE zot_00346 13 0
REFERENCE vxd_00151 0
DECLARE jts_00347 11 0
REFERENCE uiy_00129 0
DECLARE vjd_00348 7 0
REFERENCE zpb_00006 0
REFERENCE khs_00065 0
REFERENCE rwu_00100 0
REFERENCE foe_00063 0
REFERENCE missing_1852 0
DECLARE ane_00349 20 0
REFERENCE pdz_00273 0
DECLARE fzx_00350 12 0
REFERENCE fwm_00171 0
REFERENCE dgb_00166 0
REFERENCE njb_00083 0
DECLARE mln_00351 20 0
REFERENCE ksl_00199 0
REFERENCE sjr_00014 0
DECLARE fbi_00352 19 0
REFERENCE qng_00296 0
DECLARE jcx_00353 18 0
REFERENCE lrw_00101 0
DECLARE xok_00354 4 0
REFERENCE missing_3993 0
DECLARE fjp_00355 15 0
REFERENCE missing_1616 0
DECLARE lxm_00356 3 0
REFERENCE edh_00251 0
REFERENCE missing_7833 0
REFERENCE ldo_00024 0
DECLARE zfp_00357 16 0
REFERENCE missing_4444 0
DECLARE bhd_00358 5 0
REFERENCE rmy_00175 0
REFERENCE ymr_00226 0
REFERENCE missing_1973 0
REFERENCE nhh_00037 0
REFERENCE ygi_00324 0
DECLARE sal_00359 8 0
REFERENCE kov_00188 0
REFERENCE mln_00351 0
REFERENCE missing_8323 0
REFERENCE ehy_00204 0
REFERENCE wyh_00013 0
DECLARE cqc_00360 9 0
REFERENCE bcg_00045 0
DECLARE ghj_00361 5 0
DECLARE ift_00362 1 0
REFERENCE fzx_00350 0
DECLARE nwd_00363 19 0
DECLARE uhs_00364 9 0
DECLARE nxp_00365 19 0
REFERENCE rpu_00278 0
REFERENCE lxi_00038 0
DECLARE aqt_00366 14 0
REFERENCE nbf_00089 0
DECLARE crw_00367 13 0
REFERENCE missing_3702 0
REFERENCE gjf_00259 0
REFERENCE tzt_00241 0
REFERENCE mgy_00176 0
REFERENCE ncc_00169 0
DECLARE nob_00368 8 0
DECLARE xpg_00369 1 0
REFERENCE lai_00262 0
REFERENCE nob_00368 0
REFERENCE yoj_00213 0
REFERENCE pcf_00158 0
DECLARE dom_00370 13 0
DECLARE por_00371 5 0
REFERENCE sbr_00173 0
DECLARE ixo_00372 18 0
REFERENCE gsk_00255 0
REFERENCE mdb_00179 0
DECLARE ycs_00373 5 0
DECLARE uba_00374 20 0
REFERENCE khs_00065 0
DECLARE nww_00375 13 0
REFERENCE jcx_00353 0
REFERENCE slj_00153 0
DECLARE fao_00376 15 0
REFERENCE qyp_00018 0
REFERENCE oeh_00047 0
DECLARE oft_00377 12 0
DECLARE rsk_00378 16 0
DECLARE qgn_00379 16 0
REFERENCE nry_00216 0
DECLARE jnr_00380 6 0
REFERENCE mrx_00210 0
REFERENCE ksl_00199 0
DECLARE apn_00381 16 0
DECLARE kxn_00382 16 0
DECLARE xij_00383 12 0
REFERENCE ksl_00199 0
REFERENCE vqz_00297 0
DECLARE zlr_00384 5 0
DECLARE ckl_00385 15 0
REFERENCE missing_9143 0
DECLARE qdx_00386 5 0
REFERENCE fwm_00171 0
DECLARE agv_00387 8 0
REFERENCE lan_00330 0
REFERENCE ygi_00324 0
REFERENCE ytm_00086 0
DECLARE iyk_00388 16 0
DECLARE qoi_00389 3 0
DECLARE huq_00390 4 0
DECLARE ezu_00391 4 0
REFERENCE hwb_00196 0
REFERENCE odf_00012 0
DECLARE xqf_00392 12 0
REFERENCE missing_1042 0
DECLARE vdz_00393 18 0
DECLARE iif_00394 8 0
REFERENCE uhs_00364 0
REFERENCE wek_00125 0
DECLARE gmg_00395 7 0
DECLARE wkj_00396 9 0
DECLARE trh_00397 15 0
REFERENCE jgo_00253 0
REFERENCE cgv_00329 0
REFERENCE nww_00375 0
DECLARE nkr_00398 18 0
REFERENCE cjl_00221 0
DECLARE lcs_00399 6 0
REFERENCE cqz_00152 0
REFERENCE mjr_00284 0
REFERENCE hyt_00079 0
REFERENCE cis_00209 0
REFERENCE oul_00088 0
REFERENCE mnb_00258 0
DECLARE hvw_00400 14 0
DECLARE uya_00401 16 0
REFERENCE fjp_00355 0
DECLARE ltb_00402 11 0
REFERENCE zyy_00117 0
DECLARE mrd_00403 17 0
DECLARE umw_00404 1 0
REFERENCE missing_2374 0
DECLARE yzp_00405 19 0
REFERENCE jaa_00282 0
DECLARE ozt_00406 1 0
DECLARE nty_00407 5 0
REFERENCE kxn_00382 0
REFERENCE rla_00067 0
REFERENCE por_00371 0
REFERENCE iue_00316 0
DECLARE igd_00408 5 0
DECLARE vry_00409 15 0
DECLARE fvd_00410 15 0
REFERENCE jko_00248 0
DECLARE xwq_00411 5 0
REFERENCE cju_00202 0
DECLARE sct_00412 14 0
REFERENCE yrr_00211 0
DECLARE wep_00413 8 0
DECLARE yho_00414 10 0
REFERENCE pmo_00331 0
DECLARE zaw_00415 14 0
DECLARE gnu_00416 14 0
REFERENCE rla_00067 0
DECLARE ype_00417 18 0
REFERENCE lxi_00038 0
DECLARE kmq_00418 20 0
REFERENCE qhf_00052 0
REFERENCE ayg_00276 0
DECLARE hwk_00419 9 0
REFERENCE pbs_00240 0
REFERENCE qyp_00018 0
REFERENCE missing_3443 0
DECLARE fbh_00420 5 0
DECLARE ilu_00421 13 0
REFERENCE missing_2504 0
REFERENCE mty_00165 0
REFERENCE hzd_00043 0
REFERENCE missing_6909 0
DECLARE mhy_00422 12 0
REFERENCE vam_00112 0
DECLARE fug_00423 8 0
REFERENCE missing_7575 0
DECLARE iud_00424 2 0
REFERENCE cre_00167 0
REFERENCE usg_00048 0
DECLARE lxw_00425 6 0
REFERENCE missing_5593 0
REFERENCE ydn_00302 0
DECLARE wof_00426 20 0
REFERENCE mhe_00135 0
DECLARE yhe_00427 15 0
REFERENCE vbg_00340 0
DECLARE fti_00428 15 0
DECLARE ecu_00429 12 0
REFERENCE pmo_00331 0
DECLARE gwi_00430 19 0
REFERENCE gwi_00430 0
DECLARE qew_00431 1 0
REFERENCE dqk_00247 0
DECLARE xlg_00432 18 0
REFERENCE obu_00104 0
REFERENCE xup_00283 0
DECLARE srm_00433 5 0
DECLARE nyt_00434 5 0
DECLARE rbg_00435 15 0
DECLARE lnk_00436 11 0
DECLARE vfd_00437 13 0
DECLARE qze_00438 8 0
REFERENCE ivl_00191 0
DECLARE uym_00439 18 0
DECLARE uuy_00440 8 0
REFERENCE mis_00046 0
DECLARE taq_00441 19 0
REFERENCE missing_3915 0
REFERENCE foe_00063 0
REFERENCE nio_00026 0
REFERENCE wpi_00319 0
DECLARE cqs_00442 4 0
DECLARE uhk_00443 11 0
DECLARE jdd_00444 8 0
DECLARE mbw_00445 11 0
REFERENCE qgu_00242 0
REFERENCE fsw_00141 0
DECLARE ofh_00446 2 0
DECLARE agl_00447 16 0
DECLARE qgj_00448 2 0
DECLARE nbx_00449 14 0
DECLARE siu_00450 20 0
REFERENCE missing_2397 0
REFERENCE mhy_00422 0
DECLARE yaw_00451 16 0
DECLARE xnw_00452 14 0
REFERENCE adg_00266 0
DECLARE lcr_00453 13 0
REFERENCE uyy_00212 0
DECLARE gxe_00454 5 0
DECLARE dkv_00455 13 0
DECLARE tge_00456 16 0
DECLARE dju_00457 3 0
DECLARE iqh_00458 20 0
REFERENCE gjf_00259 0
REFERENCE hhh_00231 0
DECLARE ypm_00459 1 0
REFERENCE ktg_00155 0
DECLARE ple_00460 3 0
DECLARE kjj_00461 14 0
DECLARE cva_00462 1 0
REFERENCE ozt_00406 0
DECLARE hml_00463 2 0
REFERENCE pbs_00240 0
REFERENCE acl_00029 0
DECLARE hio_00464 6 0
DECLARE nre_00465 18 0
REFERENCE sal_00359 0
REFERENCE skt_00336 0
REFERENCE uyy_00212 0
DECLARE mtk_00466 18 0
DECLARE ced_00467 12 0
DECLARE osv_00468 14 0
REFERENCE gkt_00317 0
DECLARE mna_00469 2 0
REFERENCE kfx_00098 0
DECLARE ibd_00470 18 0
DECLARE ajb_00471 5 0
REFERENCE mke_00230 0
DECLARE rub_00472 7 0
DECLARE yam_00473 3 0
DECLARE tzt_00474 2 0
REFERENCE mms_00149 0
REFERENCE uiy_00129 0
DECLARE mci_00475 11 0
REFERENCE zcu_00022 0
REFERENCE eyf_00033 0
REFERENCE wyh_00013 0
DECLARE syg_00476 8 0
DECLARE jlp_00477 6 0
REFERENCE aib_00051 0
DECLARE hza_00478 15 0
DECLARE maz_00479 4 0
DECLARE byn_00480 5 0
DECLARE gnp_00481 6 0
REFERENCE yrr_00211 0
REFERENCE nmr_00139 0
REFERENCE mna_00469 0
DECLARE dsf_00482 3 0
DECLARE tyr_00483 2 0
REFERENCE kob_00287 0
REFERENCE iha_00161 0
REFERENCE ljb_00070 0
DECLARE pgm_00484 13 0
DECLARE cpk_00485 13 0
REFERENCE cuw_00073 0
DECLARE lkk_00486 5 0
REFERENCE mln_00351 0
REFERENCE yhe_00427 0
REFERENCE pji_00243 0
DECLARE rnx_00487 14 0
REFERENCE cqz_00152 0
REFERENCE missing_1840 0
DECLARE bha_00488 5 0
REFERENCE nwd_00363 0
DECLARE voy_00489 6 0
DECLARE brm_00490 17 0
REFERENCE mrd_00403 0
DECLARE skx_00491 16 0
DECLARE fir_00492 5 0
DECLARE ppb_00493 5 0
DECLARE rhb_00494 11 0
DECLARE pcw_00495 15 0
DECLARE ynu_00496 3 0
REFERENCE nmx_00252 0
REFERENCE joe_00109 0
REFERENCE kca_00145 0
DECLARE rdd_00497 13 0
DECLARE uch_00498 2 0
DECLARE gll_00499 1 0
DECLARE ado_00500 17 0
REFERENCE kxn_00382 0
REFERENCE mhy_00422 0
DECLARE qlh_00501 20 0
DECLARE ynd_00502 2 0
REFERENCE fea_00085 0
REFERENCE wof_00426 0
DECLARE unu_00503 12 0
REFERENCE cto_00269 0
REFERENCE sne_00054 0
DECLARE mmm_00504 14 0
REFERENCE fzh_00154 0
DECLARE hrb_00505 2 0
REFERENCE fyj_00218 0
DECLARE qwm_00506 3 0
DECLARE jos_00507 7 0
REFERENCE bxd_00082 0
DECLARE enn_00508 12 0
REFERENCE nbx_00449 0
REFERENCE bxd_00082 0
REFERENCE voy_00489 0
REFERENCE dqk_00247 0
DECLARE rky_00509 13 0
REFERENCE missing_9907 0
EXIT_SCOPE 0
