# ColliScope Generated Random Trace
# Parameters: seed=46, scope=flat, type=lookup-heavy, load_factor=0.7
ENTER_SCOPE 0
DECLARE xkp_00000 8 0
DECLARE qdn_00001 2 0
DECLARE auq_00002 2 0
DECLARE vdx_00003 17 0
DECLARE ist_00004 13 0
DECLARE zme_00005 15 0
DECLARE vls_00006 20 0
DECLARE cfn_00007 9 0
DECLARE dpw_00008 20 0
DECLARE iwe_00009 10 0
DECLARE juv_00010 19 0
DECLARE gps_00011 11 0
DECLARE bhd_00012 18 0
DECLARE enr_00013 19 0
DECLARE vse_00014 13 0
DECLARE cwe_00015 1 0
DECLARE rxw_00016 13 0
DECLARE oya_00017 2 0
DECLARE fgy_00018 3 0
DECLARE kqd_00019 13 0
DECLARE owh_00020 16 0
DECLARE jzu_00021 10 0
DECLARE jjc_00022 7 0
DECLARE zji_00023 20 0
DECLARE sxx_00024 2 0
DECLARE khm_00025 10 0
DECLARE ogx_00026 11 0
DECLARE xzw_00027 13 0
DECLARE hbz_00028 17 0
DECLARE mbt_00029 10 0
DECLARE qoy_00030 1 0
DECLARE wbq_00031 20 0
DECLARE pfj_00032 10 0
DECLARE ear_00033 13 0
DECLARE cfo_00034 20 0
DECLARE jrk_00035 5 0
DECLARE fie_00036 16 0
DECLARE zke_00037 4 0
DECLARE egt_00038 11 0
DECLARE zpw_00039 3 0
DECLARE mmh_00040 8 0
DECLARE qku_00041 14 0
DECLARE yne_00042 19 0
DECLARE uyl_00043 5 0
DECLARE ubl_00044 11 0
DECLARE vvb_00045 20 0
DECLARE iwb_00046 19 0
DECLARE fjh_00047 14 0
DECLARE umd_00048 11 0
DECLARE hij_00049 6 0
REFERENCE rxw_00016 0
REFERENCE zji_00023 0
REFERENCE xkp_00000 0
REFERENCE oya_00017 0
REFERENCE pfj_00032 0
DECLARE xve_00050 7 0
REFERENCE vls_00006 0
REFERENCE missing_6395 0
REFERENCE jrk_00035 0
REFERENCE qoy_00030 0
REFERENCE cwe_00015 0
REFERENCE fie_00036 0
REFERENCE cwe_00015 0
DECLARE wea_00051 10 0
REFERENCE wea_00051 0
REFERENCE fie_00036 0
DECLARE dha_00052 13 0
REFERENCE wbq_00031 0
REFERENCE wbq_00031 0
REFERENCE vvb_00045 0
REFERENCE ubl_00044 0
REFERENCE missing_3451 0
REFERENCE vls_00006 0
REFERENCE missing_6059 0
REFERENCE juv_00010 0
REFERENCE ubl_00044 0
REFERENCE uyl_00043 0
DECLARE qlj_00053 6 0
REFERENCE zpw_00039 0
REFERENCE vls_00006 0
REFERENCE vse_00014 0
REFERENCE cfo_00034 0
REFERENCE cfn_00007 0
REFERENCE enr_00013 0
REFERENCE xkp_00000 0
REFERENCE zpw_00039 0
REFERENCE wbq_00031 0
REFERENCE iwb_00046 0
REFERENCE yne_00042 0
REFERENCE juv_00010 0
REFERENCE zme_00005 0
DECLARE hmp_00054 12 0
REFERENCE auq_00002 0
REFERENCE ear_00033 0
REFERENCE missing_8052 0
REFERENCE fjh_00047 0
DECLARE qmz_00055 6 0
REFERENCE auq_00002 0
REFERENCE juv_00010 0
REFERENCE xkp_00000 0
REFERENCE missing_9281 0
REFERENCE qlj_00053 0
DECLARE lfs_00056 11 0
REFERENCE qmz_00055 0
REFERENCE vdx_00003 0
REFERENCE cfn_00007 0
REFERENCE vse_00014 0
REFERENCE gps_00011 0
REFERENCE missing_8663 0
REFERENCE xzw_00027 0
DECLARE vtd_00057 6 0
REFERENCE lfs_00056 0
REFERENCE gps_00011 0
REFERENCE jzu_00021 0
REFERENCE dpw_00008 0
DECLARE klc_00058 12 0
REFERENCE ogx_00026 0
REFERENCE vse_00014 0
REFERENCE fjh_00047 0
REFERENCE vvb_00045 0
REFERENCE missing_3159 0
REFERENCE missing_9065 0
REFERENCE iwb_00046 0
REFERENCE vdx_00003 0
REFERENCE jrk_00035 0
REFERENCE vls_00006 0
REFERENCE missing_4854 0
REFERENCE pfj_00032 0
DECLARE rba_00059 2 0
REFERENCE fjh_00047 0
REFERENCE qdn_00001 0
REFERENCE gps_00011 0
REFERENCE umd_00048 0
REFERENCE gps_00011 0
REFERENCE qmz_00055 0
DECLARE xgu_00060 3 0
DECLARE zkm_00061 12 0
REFERENCE xgu_00060 0
REFERENCE missing_3150 0
REFERENCE missing_2440 0
REFERENCE lfs_00056 0
REFERENCE jjc_00022 0
DECLARE nfq_00062 6 0
REFERENCE fjh_00047 0
REFERENCE fjh_00047 0
REFERENCE auq_00002 0
REFERENCE iwb_00046 0
REFERENCE owh_00020 0
REFERENCE missing_2811 0
REFERENCE ogx_00026 0
REFERENCE auq_00002 0
REFERENCE ubl_00044 0
REFERENCE fgy_00018 0
DECLARE uij_00063 7 0
DECLARE glj_00064 2 0
REFERENCE wbq_00031 0
REFERENCE dha_00052 0
DECLARE qvz_00065 15 0
REFERENCE missing_7298 0
REFERENCE fjh_00047 0
REFERENCE qoy_00030 0
REFERENCE nfq_00062 0
REFERENCE xzw_00027 0
REFERENCE missing_1574 0
REFERENCE qmz_00055 0
REFERENCE ear_00033 0
REFERENCE dha_00052 0
REFERENCE uyl_00043 0
REFERENCE pfj_00032 0
REFERENCE qvz_00065 0
REFERENCE qku_00041 0
REFERENCE hmp_00054 0
REFERENCE missing_9918 0
DECLARE oaf_00066 8 0
REFERENCE oaf_00066 0
REFERENCE rba_00059 0
REFERENCE missing_7658 0
REFERENCE xkp_00000 0
DECLARE fzm_00067 5 0
REFERENCE glj_00064 0
REFERENCE kqd_00019 0
REFERENCE qku_00041 0
REFERENCE fgy_00018 0
REFERENCE zme_00005 0
REFERENCE dpw_00008 0
DECLARE dck_00068 5 0
REFERENCE uyl_00043 0
REFERENCE zke_00037 0
REFERENCE yne_00042 0
DECLARE cqf_00069 8 0
REFERENCE lfs_00056 0
REFERENCE glj_00064 0
REFERENCE missing_3746 0
DECLARE xbm_00070 11 0
REFERENCE cfn_00007 0
DECLARE yqi_00071 2 0
REFERENCE ubl_00044 0
REFERENCE qvz_00065 0
REFERENCE uyl_00043 0
REFERENCE gps_00011 0
REFERENCE vse_00014 0
DECLARE kcm_00072 13 0
REFERENCE wea_00051 0
REFERENCE mbt_00029 0
REFERENCE cfn_00007 0
REFERENCE qoy_00030 0
REFERENCE missing_2353 0
REFERENCE qlj_00053 0
REFERENCE kcm_00072 0
DECLARE ckf_00073 7 0
DECLARE kqk_00074 6 0
REFERENCE khm_00025 0
REFERENCE iwe_00009 0
REFERENCE zkm_00061 0
REFERENCE qku_00041 0
REFERENCE missing_4787 0
REFERENCE pfj_00032 0
DECLARE ved_00075 12 0
REFERENCE sxx_00024 0
REFERENCE hij_00049 0
DECLARE pgg_00076 17 0
REFERENCE missing_1090 0
REFERENCE vvb_00045 0
REFERENCE jjc_00022 0
REFERENCE missing_8891 0
DECLARE xko_00077 6 0
REFERENCE bhd_00012 0
DECLARE gjq_00078 14 0
REFERENCE qvz_00065 0
DECLARE xfz_00079 4 0
DECLARE pyh_00080 5 0
DECLARE bbn_00081 20 0
REFERENCE umd_00048 0
REFERENCE ckf_00073 0
REFERENCE fie_00036 0
REFERENCE kcm_00072 0
REFERENCE jzu_00021 0
REFERENCE missing_7576 0
REFERENCE xgu_00060 0
REFERENCE missing_4896 0
REFERENCE missing_8983 0
REFERENCE jrk_00035 0
DECLARE lnk_00082 6 0
DECLARE gzt_00083 5 0
REFERENCE xzw_00027 0
DECLARE gtz_00084 16 0
REFERENCE kqd_00019 0
REFERENCE qku_00041 0
DECLARE icz_00085 12 0
REFERENCE khm_00025 0
REFERENCE nfq_00062 0
REFERENCE gtz_00084 0
REFERENCE pfj_00032 0
REFERENCE iwb_00046 0
REFERENCE vls_00006 0
DECLARE ihw_00086 9 0
DECLARE dvm_00087 11 0
REFERENCE auq_00002 0
DECLARE fwo_00088 2 0
DECLARE kqw_00089 7 0
REFERENCE ved_00075 0
DECLARE due_00090 3 0
DECLARE ipz_00091 3 0
REFERENCE xfz_00079 0
REFERENCE gps_00011 0
REFERENCE qdn_00001 0
REFERENCE jjc_00022 0
REFERENCE pfj_00032 0
DECLARE tds_00092 2 0
REFERENCE pgg_00076 0
DECLARE enq_00093 14 0
REFERENCE umd_00048 0
REFERENCE enq_00093 0
DECLARE hcw_00094 8 0
REFERENCE xko_00077 0
REFERENCE missing_2501 0
REFERENCE vvb_00045 0
DECLARE jvi_00095 14 0
DECLARE ome_00096 12 0
REFERENCE missing_4530 0
REFERENCE uyl_00043 0
REFERENCE glj_00064 0
REFERENCE dha_00052 0
REFERENCE fgy_00018 0
REFERENCE qoy_00030 0
REFERENCE missing_6124 0
REFERENCE wea_00051 0
REFERENCE pgg_00076 0
REFERENCE cfn_00007 0
REFERENCE missing_3236 0
REFERENCE qlj_00053 0
DECLARE mts_00097 7 0
REFERENCE missing_8182 0
REFERENCE kqk_00074 0
REFERENCE gzt_00083 0
REFERENCE klc_00058 0
REFERENCE iwe_00009 0
REFERENCE vls_00006 0
REFERENCE missing_7244 0
REFERENCE ubl_00044 0
REFERENCE gjq_00078 0
REFERENCE kcm_00072 0
REFERENCE kqk_00074 0
REFERENCE zme_00005 0
REFERENCE gzt_00083 0
REFERENCE missing_4142 0
REFERENCE missing_4831 0
DECLARE lic_00098 14 0
REFERENCE xgu_00060 0
DECLARE fgs_00099 19 0
REFERENCE missing_7240 0
DECLARE vnq_00100 8 0
REFERENCE hij_00049 0
REFERENCE bhd_00012 0
REFERENCE mts_00097 0
REFERENCE missing_4272 0
REFERENCE missing_4831 0
REFERENCE jzu_00021 0
REFERENCE zkm_00061 0
REFERENCE missing_1736 0
DECLARE rny_00101 16 0
REFERENCE yne_00042 0
REFERENCE missing_3145 0
REFERENCE fzm_00067 0
REFERENCE yqi_00071 0
REFERENCE dvm_00087 0
DECLARE ojz_00102 15 0
REFERENCE qoy_00030 0
REFERENCE gzt_00083 0
REFERENCE ipz_00091 0
REFERENCE qlj_00053 0
REFERENCE klc_00058 0
DECLARE gfw_00103 5 0
REFERENCE cwe_00015 0
DECLARE ksa_00104 10 0
REFERENCE vse_00014 0
REFERENCE vnq_00100 0
REFERENCE mbt_00029 0
DECLARE uaz_00105 13 0
REFERENCE dck_00068 0
REFERENCE missing_6687 0
REFERENCE xbm_00070 0
REFERENCE qku_00041 0
REFERENCE missing_8110 0
REFERENCE kqw_00089 0
REFERENCE icz_00085 0
REFERENCE klc_00058 0
REFERENCE dha_00052 0
DECLARE muu_00106 9 0
REFERENCE xbm_00070 0
REFERENCE missing_6770 0
REFERENCE missing_7501 0
REFERENCE missing_9062 0
DECLARE zyj_00107 17 0
REFERENCE yne_00042 0
REFERENCE ogx_00026 0
REFERENCE missing_2774 0
DECLARE vkr_00108 4 0
DECLARE jjv_00109 16 0
REFERENCE uaz_00105 0
REFERENCE missing_7702 0
REFERENCE missing_6850 0
DECLARE cbx_00110 6 0
REFERENCE qvz_00065 0
REFERENCE qoy_00030 0
REFERENCE vdx_00003 0
REFERENCE missing_9617 0
REFERENCE gfw_00103 0
REFERENCE fjh_00047 0
DECLARE rtf_00111 11 0
DECLARE ygb_00112 10 0
REFERENCE hmp_00054 0
REFERENCE enr_00013 0
REFERENCE ear_00033 0
REFERENCE zyj_00107 0
REFERENCE gjq_00078 0
REFERENCE ogx_00026 0
REFERENCE missing_2432 0
REFERENCE hij_00049 0
REFERENCE zke_00037 0
REFERENCE ihw_00086 0
REFERENCE ckf_00073 0
DECLARE rdf_00113 3 0
DECLARE tuo_00114 13 0
DECLARE ydw_00115 17 0
REFERENCE pfj_00032 0
REFERENCE cfo_00034 0
REFERENCE missing_5116 0
REFERENCE zyj_00107 0
REFERENCE fgs_00099 0
REFERENCE missing_3027 0
DECLARE yxu_00116 9 0
REFERENCE missing_1383 0
REFERENCE fgs_00099 0
REFERENCE oaf_00066 0
REFERENCE bhd_00012 0
REFERENCE uaz_00105 0
DECLARE chf_00117 3 0
REFERENCE yxu_00116 0
REFERENCE xgu_00060 0
REFERENCE ygb_00112 0
REFERENCE ygb_00112 0
REFERENCE zyj_00107 0
REFERENCE xzw_00027 0
DECLARE nzd_00118 3 0
REFERENCE wea_00051 0
REFERENCE egt_00038 0
REFERENCE lnk_00082 0
REFERENCE dpw_00008 0
REFERENCE mmh_00040 0
REFERENCE qvz_00065 0
REFERENCE cqf_00069 0
REFERENCE klc_00058 0
DECLARE bxt_00119 1 0
REFERENCE lfs_00056 0
DECLARE riq_00120 6 0
REFERENCE lfs_00056 0
REFERENCE ome_00096 0
DECLARE vhg_00121 8 0
REFERENCE missing_7901 0
REFERENCE klc_00058 0
REFERENCE pyh_00080 0
REFERENCE lnk_00082 0
REFERENCE qdn_00001 0
REFERENCE vls_00006 0
REFERENCE qvz_00065 0
DECLARE diq_00122 19 0
DECLARE iyj_00123 15 0
DECLARE yxx_00124 17 0
REFERENCE missing_4112 0
DECLARE lgf_00125 17 0
REFERENCE tds_00092 0
REFERENCE iwb_00046 0
DECLARE gmc_00126 5 0
REFERENCE lnk_00082 0
REFERENCE lic_00098 0
DECLARE ccz_00127 4 0
REFERENCE vnq_00100 0
DECLARE dib_00128 4 0
DECLARE zvr_00129 11 0
REFERENCE missing_5820 0
REFERENCE lic_00098 0
DECLARE aic_00130 19 0
REFERENCE qdn_00001 0
DECLARE sjw_00131 11 0
REFERENCE mmh_00040 0
REFERENCE hij_00049 0
REFERENCE tuo_00114 0
REFERENCE oaf_00066 0
DECLARE iod_00132 17 0
REFERENCE missing_8235 0
REFERENCE sxx_00024 0
REFERENCE juv_00010 0
REFERENCE umd_00048 0
REFERENCE missing_5073 0
REFERENCE jjc_00022 0
REFERENCE vdx_00003 0
DECLARE kth_00133 1 0
REFERENCE hmp_00054 0
DECLARE snh_00134 2 0
REFERENCE missing_8740 0
REFERENCE zke_00037 0
REFERENCE bbn_00081 0
REFERENCE bbn_00081 0
REFERENCE gjq_00078 0
REFERENCE missing_2598 0
REFERENCE nzd_00118 0
REFERENCE qoy_00030 0
REFERENCE xkp_00000 0
DECLARE fwb_00135 7 0
REFERENCE missing_6855 0
REFERENCE fjh_00047 0
REFERENCE yne_00042 0
REFERENCE missing_5178 0
REFERENCE vnq_00100 0
DECLARE orv_00136 18 0
REFERENCE tuo_00114 0
DECLARE xjt_00137 6 0
REFERENCE riq_00120 0
REFERENCE iod_00132 0
REFERENCE hij_00049 0
REFERENCE missing_6593 0
DECLARE kju_00138 17 0
DECLARE bsh_00139 13 0
DECLARE vsn_00140 4 0
REFERENCE fgy_00018 0
DECLARE fdk_00141 12 0
DECLARE uea_00142 20 0
REFERENCE missing_5710 0
REFERENCE dha_00052 0
REFERENCE muu_00106 0
REFERENCE missing_1630 0
REFERENCE missing_8810 0
REFERENCE zyj_00107 0
DECLARE opd_00143 20 0
REFERENCE lgf_00125 0
REFERENCE xfz_00079 0
REFERENCE juv_00010 0
REFERENCE auq_00002 0
DECLARE gim_00144 10 0
REFERENCE rtf_00111 0
REFERENCE cqf_00069 0
REFERENCE missing_2693 0
REFERENCE missing_3577 0
REFERENCE iwe_00009 0
REFERENCE lic_00098 0
REFERENCE hmp_00054 0
DECLARE trm_00145 20 0
REFERENCE qvz_00065 0
REFERENCE qlj_00053 0
DECLARE vmc_00146 10 0
REFERENCE missing_3370 0
REFERENCE uaz_00105 0
REFERENCE vdx_00003 0
DECLARE xrm_00147 19 0
REFERENCE ojz_00102 0
DECLARE wrd_00148 9 0
REFERENCE yqi_00071 0
DECLARE hdk_00149 8 0
REFERENCE wea_00051 0
REFERENCE missing_5271 0
REFERENCE fgy_00018 0
REFERENCE xgu_00060 0
REFERENCE xkp_00000 0
REFERENCE ist_00004 0
REFERENCE jjv_00109 0
REFERENCE kqd_00019 0
DECLARE snp_00150 4 0
REFERENCE fie_00036 0
DECLARE vob_00151 15 0
REFERENCE missing_7644 0
REFERENCE vkr_00108 0
REFERENCE missing_9606 0
REFERENCE kth_00133 0
REFERENCE vsn_00140 0
REFERENCE ear_00033 0
REFERENCE rba_00059 0
DECLARE wgc_00152 15 0
REFERENCE jrk_00035 0
REFERENCE rtf_00111 0
DECLARE ias_00153 12 0
REFERENCE zji_00023 0
REFERENCE xkp_00000 0
REFERENCE zkm_00061 0
REFERENCE iyj_00123 0
REFERENCE vvb_00045 0
REFERENCE missing_4443 0
REFERENCE sxx_00024 0
REFERENCE qlj_00053 0
REFERENCE missing_4332 0
REFERENCE trm_00145 0
REFERENCE hmp_00054 0
REFERENCE missing_2511 0
REFERENCE missing_3623 0
DECLARE ume_00154 17 0
REFERENCE qdn_00001 0
REFERENCE vvb_00045 0
DECLARE nvx_00155 13 0
REFERENCE dvm_00087 0
REFERENCE xfz_00079 0
REFERENCE rny_00101 0
REFERENCE fzm_00067 0
REFERENCE missing_3426 0
DECLARE rkq_00156 17 0
REFERENCE hmp_00054 0
REFERENCE missing_3070 0
DECLARE ulc_00157 17 0
DECLARE qdt_00158 11 0
REFERENCE jjv_00109 0
REFERENCE missing_6173 0
REFERENCE iwb_00046 0
DECLARE dds_00159 16 0
REFERENCE chf_00117 0
REFERENCE zme_00005 0
REFERENCE ccz_00127 0
REFERENCE rny_00101 0
REFERENCE lnk_00082 0
DECLARE kfa_00160 7 0
REFERENCE xbm_00070 0
REFERENCE fgy_00018 0
DECLARE ghi_00161 1 0
REFERENCE missing_4625 0
DECLARE tai_00162 20 0
REFERENCE missing_2514 0
REFERENCE tds_00092 0
REFERENCE bbn_00081 0
REFERENCE umd_00048 0
REFERENCE rkq_00156 0
REFERENCE pfj_00032 0
REFERENCE dha_00052 0
REFERENCE missing_4624 0
REFERENCE ygb_00112 0
REFERENCE cfo_00034 0
REFERENCE vdx_00003 0
REFERENCE klc_00058 0
REFERENCE gjq_00078 0
REFERENCE ume_00154 0
REFERENCE enq_00093 0
REFERENCE dpw_00008 0
REFERENCE missing_2234 0
DECLARE foy_00163 18 0
REFERENCE lnk_00082 0
DECLARE hgf_00164 18 0
REFERENCE vls_00006 0
REFERENCE ckf_00073 0
REFERENCE kqw_00089 0
REFERENCE missing_5572 0
REFERENCE opd_00143 0
REFERENCE vtd_00057 0
REFERENCE vmc_00146 0
REFERENCE missing_9430 0
REFERENCE vhg_00121 0
DECLARE phb_00165 7 0
REFERENCE missing_1463 0
REFERENCE zme_00005 0
REFERENCE hcw_00094 0
DECLARE zod_00166 9 0
DECLARE klr_00167 13 0
DECLARE ugd_00168 14 0
REFERENCE riq_00120 0
REFERENCE ugd_00168 0
REFERENCE missing_3942 0
DECLARE jgd_00169 8 0
REFERENCE missing_4177 0
REFERENCE cwe_00015 0
REFERENCE ulc_00157 0
REFERENCE nvx_00155 0
REFERENCE jjv_00109 0
REFERENCE rtf_00111 0
REFERENCE gfw_00103 0
REFERENCE uij_00063 0
REFERENCE missing_5907 0
DECLARE yvq_00170 20 0
REFERENCE vse_00014 0
REFERENCE jjv_00109 0
REFERENCE iwe_00009 0
REFERENCE missing_2645 0
REFERENCE xbm_00070 0
REFERENCE wbq_00031 0
REFERENCE vse_00014 0
REFERENCE missing_9291 0
REFERENCE wbq_00031 0
REFERENCE qku_00041 0
DECLARE nrh_00171 2 0
DECLARE ilp_00172 10 0
REFERENCE missing_2389 0
REFERENCE missing_7396 0
DECLARE awj_00173 11 0
REFERENCE missing_1187 0
DECLARE org_00174 10 0
REFERENCE vhg_00121 0
REFERENCE gps_00011 0
DECLARE kaa_00175 1 0
DECLARE wan_00176 19 0
DECLARE pmg_00177 19 0
REFERENCE juv_00010 0
REFERENCE ipz_00091 0
REFERENCE missing_6579 0
REFERENCE vls_00006 0
DECLARE ywh_00178 4 0
REFERENCE missing_7897 0
DECLARE xiw_00179 9 0
REFERENCE missing_6731 0
REFERENCE zji_00023 0
REFERENCE gjq_00078 0
REFERENCE gzt_00083 0
REFERENCE ghi_00161 0
REFERENCE vtd_00057 0
DECLARE rdf_00180 3 0
REFERENCE missing_9104 0
REFERENCE yne_00042 0
REFERENCE cfn_00007 0
REFERENCE missing_8666 0
REFERENCE gjq_00078 0
REFERENCE yqi_00071 0
REFERENCE vdx_00003 0
DECLARE vaz_00181 20 0
DECLARE ufl_00182 3 0
REFERENCE mmh_00040 0
REFERENCE jvi_00095 0
REFERENCE uea_00142 0
REFERENCE enq_00093 0
DECLARE rip_00183 17 0
REFERENCE xiw_00179 0
REFERENCE gim_00144 0
DECLARE qlj_00184 16 0
REFERENCE missing_4292 0
REFERENCE bxt_00119 0
DECLARE axi_00185 18 0
REFERENCE sxx_00024 0
DECLARE emn_00186 15 0
REFERENCE glj_00064 0
REFERENCE ufl_00182 0
REFERENCE rip_00183 0
REFERENCE jgd_00169 0
DECLARE ceu_00187 18 0
DECLARE pbv_00188 6 0
REFERENCE missing_5232 0
DECLARE liw_00189 9 0
REFERENCE juv_00010 0
REFERENCE jgd_00169 0
REFERENCE xko_00077 0
REFERENCE zme_00005 0
REFERENCE icz_00085 0
REFERENCE jrk_00035 0
REFERENCE kqk_00074 0
DECLARE dqr_00190 5 0
REFERENCE icz_00085 0
REFERENCE gtz_00084 0
DECLARE zyy_00191 3 0
REFERENCE sxx_00024 0
REFERENCE missing_8776 0
DECLARE czn_00192 3 0
REFERENCE xrm_00147 0
REFERENCE wgc_00152 0
REFERENCE rip_00183 0
REFERENCE vmc_00146 0
DECLARE tlj_00193 11 0
REFERENCE yqi_00071 0
REFERENCE ywh_00178 0
REFERENCE tuo_00114 0
REFERENCE kqd_00019 0
REFERENCE tds_00092 0
DECLARE mpf_00194 9 0
DECLARE ljq_00195 14 0
REFERENCE missing_2729 0
REFERENCE ugd_00168 0
REFERENCE klr_00167 0
REFERENCE qvz_00065 0
REFERENCE fjh_00047 0
REFERENCE jrk_00035 0
REFERENCE qoy_00030 0
REFERENCE pfj_00032 0
REFERENCE pfj_00032 0
REFERENCE jzu_00021 0
REFERENCE gim_00144 0
REFERENCE yne_00042 0
REFERENCE xjt_00137 0
REFERENCE jvi_00095 0
REFERENCE missing_6589 0
DECLARE ydb_00196 5 0
DECLARE etq_00197 18 0
REFERENCE zke_00037 0
REFERENCE iwe_00009 0
DECLARE uja_00198 19 0
DECLARE ogc_00199 16 0
REFERENCE axi_00185 0
REFERENCE ksa_00104 0
REFERENCE yne_00042 0
REFERENCE foy_00163 0
REFERENCE missing_3933 0
DECLARE iyz_00200 3 0
REFERENCE hcw_00094 0
REFERENCE iyj_00123 0
REFERENCE missing_3813 0
REFERENCE xjt_00137 0
REFERENCE vnq_00100 0
REFERENCE missing_9031 0
DECLARE gdg_00201 2 0
REFERENCE missing_3801 0
DECLARE zfd_00202 18 0
REFERENCE vls_00006 0
REFERENCE kfa_00160 0
REFERENCE qlj_00184 0
DECLARE efo_00203 2 0
REFERENCE xiw_00179 0
REFERENCE ceu_00187 0
DECLARE mji_00204 1 0
REFERENCE gim_00144 0
REFERENCE ome_00096 0
REFERENCE icz_00085 0
REFERENCE hmp_00054 0
REFERENCE klc_00058 0
REFERENCE etq_00197 0
REFERENCE wbq_00031 0
REFERENCE qlj_00184 0
REFERENCE hij_00049 0
REFERENCE missing_6276 0
REFERENCE ogx_00026 0
REFERENCE missing_3126 0
DECLARE jxx_00205 6 0
REFERENCE yne_00042 0
DECLARE vwg_00206 2 0
DECLARE zis_00207 6 0
REFERENCE qku_00041 0
REFERENCE qoy_00030 0
DECLARE ots_00208 8 0
REFERENCE fie_00036 0
REFERENCE missing_6837 0
DECLARE ddh_00209 9 0
REFERENCE wbq_00031 0
REFERENCE due_00090 0
REFERENCE liw_00189 0
DECLARE hln_00210 18 0
REFERENCE vtd_00057 0
REFERENCE ilp_00172 0
DECLARE gvh_00211 12 0
REFERENCE rip_00183 0
REFERENCE hgf_00164 0
REFERENCE iwb_00046 0
REFERENCE missing_1714 0
REFERENCE yxx_00124 0
REFERENCE phb_00165 0
REFERENCE gfw_00103 0
REFERENCE zvr_00129 0
REFERENCE vob_00151 0
REFERENCE ulc_00157 0
REFERENCE enr_00013 0
DECLARE yuj_00212 2 0
REFERENCE uij_00063 0
DECLARE bqy_00213 7 0
REFERENCE ydb_00196 0
REFERENCE axi_00185 0
REFERENCE missing_1265 0
REFERENCE missing_1775 0
REFERENCE missing_6077 0
REFERENCE pgg_00076 0
REFERENCE dqr_00190 0
REFERENCE dib_00128 0
REFERENCE iod_00132 0
REFERENCE bxt_00119 0
REFERENCE bsh_00139 0
REFERENCE egt_00038 0
REFERENCE qoy_00030 0
REFERENCE iwe_00009 0
REFERENCE ydw_00115 0
REFERENCE enq_00093 0
REFERENCE emn_00186 0
DECLARE ymv_00214 6 0
REFERENCE ihw_00086 0
REFERENCE yxu_00116 0
DECLARE khu_00215 8 0
REFERENCE cfo_00034 0
REFERENCE missing_7956 0
REFERENCE nvx_00155 0
REFERENCE missing_5012 0
REFERENCE xve_00050 0
REFERENCE ome_00096 0
REFERENCE zis_00207 0
REFERENCE missing_7320 0
REFERENCE qku_00041 0
REFERENCE ceu_00187 0
REFERENCE missing_7988 0
DECLARE svd_00216 14 0
REFERENCE fwb_00135 0
REFERENCE vob_00151 0
DECLARE kzz_00217 10 0
REFERENCE hgf_00164 0
REFERENCE fzm_00067 0
REFERENCE cwe_00015 0
REFERENCE cfo_00034 0
REFERENCE missing_7889 0
REFERENCE bbn_00081 0
REFERENCE uja_00198 0
DECLARE vzt_00218 15 0
REFERENCE ceu_00187 0
REFERENCE gjq_00078 0
DECLARE qrs_00219 10 0
DECLARE ncw_00220 4 0
REFERENCE vwg_00206 0
REFERENCE chf_00117 0
REFERENCE emn_00186 0
REFERENCE ots_00208 0
REFERENCE zpw_00039 0
REFERENCE snh_00134 0
DECLARE lgm_00221 19 0
DECLARE qct_00222 13 0
DECLARE utz_00223 17 0
DECLARE zlj_00224 6 0
DECLARE xrb_00225 11 0
REFERENCE zlj_00224 0
REFERENCE missing_9158 0
REFERENCE vkr_00108 0
DECLARE hjq_00226 11 0
REFERENCE klc_00058 0
REFERENCE pmg_00177 0
DECLARE wpk_00227 15 0
REFERENCE zme_00005 0
DECLARE cul_00228 2 0
REFERENCE missing_6831 0
REFERENCE emn_00186 0
REFERENCE ogc_00199 0
DECLARE rbi_00229 4 0
REFERENCE vzt_00218 0
REFERENCE missing_3751 0
REFERENCE missing_5390 0
REFERENCE xiw_00179 0
REFERENCE xiw_00179 0
REFERENCE ugd_00168 0
REFERENCE utz_00223 0
REFERENCE pyh_00080 0
REFERENCE vob_00151 0
REFERENCE iwb_00046 0
REFERENCE missing_4089 0
REFERENCE uja_00198 0
REFERENCE ygb_00112 0
REFERENCE missing_1575 0
REFERENCE pgg_00076 0
REFERENCE org_00174 0
REFERENCE missing_5081 0
REFERENCE kqw_00089 0
REFERENCE zyy_00191 0
DECLARE jcg_00230 15 0
REFERENCE hbz_00028 0
DECLARE uxs_00231 5 0
REFERENCE missing_3017 0
REFERENCE dpw_00008 0
REFERENCE missing_1788 0
REFERENCE cfo_00034 0
REFERENCE dqr_00190 0
REFERENCE iyz_00200 0
REFERENCE rdf_00113 0
DECLARE ilc_00232 5 0
REFERENCE ubl_00044 0
REFERENCE missing_8545 0
REFERENCE ist_00004 0
REFERENCE sxx_00024 0
REFERENCE missing_4695 0
REFERENCE khu_00215 0
DECLARE szp_00233 7 0
REFERENCE qct_00222 0
REFERENCE missing_2306 0
REFERENCE missing_4962 0
REFERENCE missing_4934 0
DECLARE rbn_00234 8 0
REFERENCE wea_00051 0
REFERENCE czn_00192 0
DECLARE lie_00235 5 0
DECLARE zbq_00236 2 0
REFERENCE qku_00041 0
DECLARE coh_00237 20 0
REFERENCE sxx_00024 0
REFERENCE missing_3859 0
DECLARE osh_00238 17 0
REFERENCE zji_00023 0
REFERENCE aic_00130 0
REFERENCE ghi_00161 0
REFERENCE missing_8022 0
REFERENCE missing_4560 0
REFERENCE zvr_00129 0
REFERENCE gdg_00201 0
DECLARE jzv_00239 3 0
REFERENCE osh_00238 0
REFERENCE chf_00117 0
REFERENCE dqr_00190 0
REFERENCE missing_3402 0
REFERENCE fgs_00099 0
REFERENCE pyh_00080 0
REFERENCE missing_3851 0
REFERENCE auq_00002 0
REFERENCE auq_00002 0
REFERENCE missing_6255 0
REFERENCE missing_9784 0
REFERENCE missing_6965 0
REFERENCE owh_00020 0
REFERENCE fdk_00141 0
DECLARE ijd_00240 5 0
REFERENCE klr_00167 0
REFERENCE klc_00058 0
DECLARE noa_00241 4 0
REFERENCE rip_00183 0
REFERENCE foy_00163 0
DECLARE iae_00242 2 0
DECLARE tpw_00243 4 0
REFERENCE mji_00204 0
DECLARE ynb_00244 4 0
DECLARE akp_00245 7 0
DECLARE vyk_00246 19 0
REFERENCE gim_00144 0
DECLARE uhh_00247 5 0
REFERENCE cbx_00110 0
DECLARE vou_00248 6 0
REFERENCE kth_00133 0
REFERENCE rdf_00180 0
REFERENCE gtz_00084 0
REFERENCE kqw_00089 0
DECLARE tka_00249 7 0
REFERENCE liw_00189 0
REFERENCE czn_00192 0
REFERENCE ynb_00244 0
DECLARE wks_00250 6 0
REFERENCE opd_00143 0
REFERENCE kzz_00217 0
REFERENCE rbn_00234 0
DECLARE vyj_00251 19 0
REFERENCE trm_00145 0
DECLARE nti_00252 9 0
REFERENCE icz_00085 0
REFERENCE orv_00136 0
REFERENCE ncw_00220 0
REFERENCE snh_00134 0
REFERENCE rtf_00111 0
REFERENCE kqd_00019 0
REFERENCE missing_5344 0
REFERENCE cfo_00034 0
REFERENCE phb_00165 0
REFERENCE vls_00006 0
REFERENCE aic_00130 0
REFERENCE ugd_00168 0
REFERENCE ome_00096 0
EXIT_SCOPE 0
