# ColliScope Generated Random Trace
# Parameters: seed=48, scope=flat, type=mixed, load_factor=0.5
ENTER_SCOPE 0
DECLARE ods_00000 10 0
DECLARE uns_00001 14 0
DECLARE ezw_00002 4 0
DECLARE mft_00003 18 0
DECLARE wef_00004 3 0
DECLARE ldr_00005 5 0
DECLARE boy_00006 11 0
DECLARE cgg_00007 1 0
DECLARE yoh_00008 5 0
DECLARE jlf_00009 20 0
DECLARE hjh_00010 10 0
DECLARE psu_00011 8 0
DECLARE din_00012 11 0
DECLARE uca_00013 12 0
DECLARE kxa_00014 19 0
DECLARE xqm_00015 20 0
DECLARE gtf_00016 19 0
DECLARE yfq_00017 19 0
DECLARE eeh_00018 19 0
DECLARE vso_00019 18 0
DECLARE zkl_00020 1 0
DECLARE xnb_00021 4 0
DECLARE atr_00022 11 0
DECLARE jcu_00023 20 0
DECLARE lwl_00024 15 0
DECLARE xce_00025 3 0
DECLARE wzp_00026 7 0
DECLARE wjk_00027 18 0
DECLARE lha_00028 11 0
DECLARE xkk_00029 8 0
DECLARE ymw_00030 4 0
DECLARE qbw_00031 7 0
DECLARE ycg_00032 11 0
DECLARE fdq_00033 14 0
DECLARE ubp_00034 3 0
DECLARE knt_00035 20 0
DECLARE dyd_00036 3 0
DECLARE cju_00037 15 0
DECLARE oik_00038 10 0
DECLARE ume_00039 1 0
DECLARE rkp_00040 4 0
DECLARE fez_00041 11 0
DECLARE vkj_00042 20 0
DECLARE ewi_00043 5 0
DECLARE nor_00044 2 0
DECLARE bzq_00045 12 0
DECLARE yba_00046 2 0
DECLARE ufc_00047 15 0
DECLARE mtx_00048 4 0
DECLARE zrc_00049 18 0
REFERENCE uca_00013 0
REFERENCE ufc_00047 0
DECLARE xsk_00050 19 0
REFERENCE bzq_00045 0
REFERENCE rkp_00040 0
REFERENCE fdq_00033 0
REFERENCE hjh_00010 0
REFERENCE jcu_00023 0
REFERENCE xnb_00021 0
DECLARE gzm_00051 17 0
REFERENCE jlf_00009 0
REFERENCE missing_5485 0
DECLARE vsu_00052 6 0
DECLARE six_00053 6 0
REFERENCE xnb_00021 0
REFERENCE gzm_00051 0
DECLARE svk_00054 17 0
DECLARE yhe_00055 6 0
DECLARE mlp_00056 18 0
REFERENCE gtf_00016 0
REFERENCE xkk_00029 0
REFERENCE ods_00000 0
DECLARE ebl_00057 19 0
REFERENCE jlf_00009 0
DECLARE yzh_00058 7 0
DECLARE hku_00059 20 0
REFERENCE missing_7074 0
REFERENCE ycg_00032 0
REFERENCE missing_1450 0
REFERENCE missing_4770 0
DECLARE xch_00060 2 0
REFERENCE ymw_00030 0
DECLARE tim_00061 14 0
REFERENCE kxa_00014 0
DECLARE teu_00062 16 0
DECLARE ltq_00063 19 0
REFERENCE missing_5130 0
DECLARE cpm_00064 8 0
DECLARE hgn_00065 12 0
REFERENCE missing_8201 0
DECLARE qcr_00066 3 0
REFERENCE ebl_00057 0
DECLARE nfz_00067 6 0
DECLARE hiq_00068 14 0
DECLARE ade_00069 1 0
REFERENCE tim_00061 0
DECLARE mfa_00070 14 0
REFERENCE boy_00006 0
DECLARE tjs_00071 7 0
REFERENCE svk_00054 0
REFERENCE missing_2925 0
REFERENCE xce_00025 0
REFERENCE fdq_00033 0
REFERENCE yoh_00008 0
DECLARE hrw_00072 8 0
DECLARE yak_00073 6 0
REFERENCE fez_00041 0
REFERENCE boy_00006 0
REFERENCE xqm_00015 0
REFERENCE xqm_00015 0
REFERENCE ufc_00047 0
REFERENCE xnb_00021 0
REFERENCE hgn_00065 0
DECLARE zfk_00074 13 0
REFERENCE fdq_00033 0
REFERENCE eeh_00018 0
REFERENCE xsk_00050 0
REFERENCE nfz_00067 0
REFERENCE lha_00028 0
DECLARE fwd_00075 4 0
REFERENCE missing_1844 0
DECLARE iua_00076 15 0
REFERENCE wzp_00026 0
DECLARE sql_00077 19 0
REFERENCE yak_00073 0
REFERENCE ubp_00034 0
DECLARE zuv_00078 17 0
DECLARE gpy_00079 12 0
DECLARE bmu_00080 14 0
DECLARE ono_00081 15 0
REFERENCE psu_00011 0
DECLARE bhb_00082 6 0
REFERENCE ubp_00034 0
REFERENCE missing_7771 0
REFERENCE mft_00003 0
DECLARE hoz_00083 6 0
REFERENCE qcr_00066 0
REFERENCE hoz_00083 0
DECLARE goq_00084 16 0
DECLARE ece_00085 20 0
REFERENCE wef_00004 0
DECLARE qqo_00086 9 0
REFERENCE missing_2452 0
REFERENCE dyd_00036 0
DECLARE gyi_00087 12 0
REFERENCE knt_00035 0
REFERENCE fez_00041 0
DECLARE bub_00088 20 0
DECLARE cut_00089 11 0
DECLARE vuy_00090 15 0
REFERENCE yhe_00055 0
DECLARE mhl_00091 11 0
REFERENCE missing_3096 0
REFERENCE ldr_00005 0
DECLARE bde_00092 19 0
DECLARE mtx_00093 18 0
DECLARE dcv_00094 4 0
REFERENCE boy_00006 0
DECLARE opu_00095 19 0
DECLARE cbg_00096 17 0
REFERENCE cgg_00007 0
DECLARE rgp_00097 8 0
REFERENCE yba_00046 0
REFERENCE missing_4137 0
REFERENCE ume_00039 0
DECLARE sbp_00098 14 0
REFERENCE mfa_00070 0
DECLARE mgo_00099 19 0
REFERENCE missing_4739 0
REFERENCE zfk_00074 0
DECLARE jbn_00100 15 0
DECLARE icv_00101 11 0
DECLARE xcs_00102 18 0
DECLARE yfs_00103 12 0
REFERENCE missing_9449 0
DECLARE cld_00104 13 0
DECLARE vnz_00105 14 0
REFERENCE tjs_00071 0
DECLARE fua_00106 4 0
DECLARE ttz_00107 1 0
REFERENCE xnb_00021 0
DECLARE cvj_00108 3 0
DECLARE lkt_00109 12 0
REFERENCE nfz_00067 0
DECLARE hqw_00110 6 0
REFERENCE nfz_00067 0
DECLARE oun_00111 11 0
REFERENCE atr_00022 0
DECLARE hoo_00112 18 0
REFERENCE ttz_00107 0
DECLARE ldk_00113 18 0
DECLARE xgw_00114 13 0
REFERENCE missing_1707 0
DECLARE wuu_00115 14 0
REFERENCE gtf_00016 0
REFERENCE xce_00025 0
REFERENCE xgw_00114 0
DECLARE xvz_00116 9 0
REFERENCE xcs_00102 0
DECLARE dnf_00117 2 0
DECLARE eqp_00118 19 0
REFERENCE ubp_00034 0
DECLARE vyj_00119 20 0
REFERENCE gpy_00079 0
REFERENCE qcr_00066 0
DECLARE ndj_00120 7 0
DECLARE iqh_00121 5 0
DECLARE qet_00122 3 0
REFERENCE hku_00059 0
DECLARE amc_00123 16 0
DECLARE uom_00124 12 0
REFERENCE gpy_00079 0
REFERENCE dyd_00036 0
DECLARE zpn_00125 15 0
REFERENCE missing_6422 0
DECLARE mar_00126 9 0
REFERENCE missing_4714 0
REFERENCE missing_2087 0
DECLARE ote_00127 6 0
REFERENCE jlf_00009 0
DECLARE hwg_00128 1 0
REFERENCE kxa_00014 0
DECLARE fhe_00129 14 0
REFERENCE hgn_00065 0
REFERENCE fez_00041 0
DECLARE lrj_00130 11 0
DECLARE sye_00131 15 0
REFERENCE xgw_00114 0
DECLARE lrj_00132 20 0
REFERENCE dnf_00117 0
DECLARE bdy_00133 17 0
REFERENCE xnb_00021 0
DECLARE bku_00134 5 0
REFERENCE hgn_00065 0
REFERENCE gpy_00079 0
DECLARE foe_00135 5 0
REFERENCE fua_00106 0
DECLARE woe_00136 14 0
DECLARE tew_00137 17 0
DECLARE bol_00138 16 0
DECLARE hel_00139 8 0
REFERENCE hjh_00010 0
REFERENCE missing_5680 0
REFERENCE vnz_00105 0
DECLARE xlp_00140 7 0
REFERENCE qbw_00031 0
DECLARE obd_00141 15 0
DECLARE cjs_00142 9 0
DECLARE hwf_00143 14 0
DECLARE dww_00144 11 0
DECLARE ygo_00145 2 0
REFERENCE missing_3133 0
DECLARE qbe_00146 16 0
DECLARE oev_00147 1 0
REFERENCE goq_00084 0
REFERENCE foe_00135 0
DECLARE syz_00148 5 0
REFERENCE xce_00025 0
REFERENCE xce_00025 0
DECLARE rih_00149 10 0
REFERENCE obd_00141 0
REFERENCE cut_00089 0
DECLARE hvm_00150 16 0
DECLARE ddg_00151 12 0
DECLARE tpx_00152 1 0
REFERENCE missing_4044 0
DECLARE jnj_00153 19 0
DECLARE equ_00154 1 0
DECLARE jhm_00155 4 0
REFERENCE iqh_00121 0
REFERENCE missing_8206 0
DECLARE lbr_00156 12 0
DECLARE pvv_00157 10 0
DECLARE reu_00158 20 0
DECLARE ejb_00159 4 0
DECLARE aww_00160 11 0
DECLARE pzs_00161 4 0
DECLARE xtq_00162 8 0
REFERENCE missing_5759 0
DECLARE lsu_00163 15 0
DECLARE ewu_00164 6 0
DECLARE qdk_00165 15 0
REFERENCE ebl_00057 0
DECLARE tix_00166 11 0
DECLARE lrq_00167 11 0
DECLARE apw_00168 18 0
DECLARE lkr_00169 6 0
REFERENCE cjs_00142 0
REFERENCE hku_00059 0
REFERENCE jnj_00153 0
DECLARE ioz_00170 20 0
REFERENCE rkp_00040 0
DECLARE wzm_00171 8 0
REFERENCE ldk_00113 0
REFERENCE uca_00013 0
DECLARE xwy_00172 5 0
DECLARE hre_00173 1 0
DECLARE zop_00174 14 0
REFERENCE hre_00173 0
REFERENCE hre_00173 0
DECLARE cmg_00175 5 0
DECLARE byw_00176 20 0
REFERENCE xkk_00029 0
REFERENCE qqo_00086 0
REFERENCE missing_8390 0
REFERENCE xvz_00116 0
DECLARE owe_00177 18 0
DECLARE rze_00178 17 0
DECLARE kko_00179 18 0
DECLARE spd_00180 8 0
REFERENCE mlp_00056 0
REFERENCE wuu_00115 0
REFERENCE bol_00138 0
DECLARE hhq_00181 20 0
REFERENCE missing_4511 0
REFERENCE xnb_00021 0
DECLARE gcy_00182 2 0
REFERENCE aww_00160 0
REFERENCE xsk_00050 0
REFERENCE missing_1291 0
REFERENCE sye_00131 0
DECLARE slr_00183 11 0
REFERENCE mar_00126 0
REFERENCE wzm_00171 0
REFERENCE bub_00088 0
REFERENCE missing_6741 0
REFERENCE missing_5232 0
DECLARE yhp_00184 19 0
REFERENCE yhe_00055 0
DECLARE hzx_00185 19 0
DECLARE qvm_00186 7 0
DECLARE uem_00187 6 0
REFERENCE slr_00183 0
REFERENCE ebl_00057 0
REFERENCE dyd_00036 0
DECLARE ren_00188 2 0
DECLARE tmd_00189 2 0
REFERENCE jcu_00023 0
REFERENCE missing_6181 0
DECLARE ctg_00190 9 0
REFERENCE ewi_00043 0
DECLARE ooo_00191 12 0
REFERENCE missing_3353 0
DECLARE afq_00192 14 0
DECLARE hvv_00193 14 0
REFERENCE cgg_00007 0
DECLARE luv_00194 1 0
REFERENCE uom_00124 0
DECLARE ita_00195 7 0
DECLARE klb_00196 2 0
REFERENCE vkj_00042 0
REFERENCE fdq_00033 0
DECLARE ked_00197 1 0
DECLARE kea_00198 8 0
DECLARE gyg_00199 3 0
REFERENCE fwd_00075 0
DECLARE ght_00200 7 0
REFERENCE wzp_00026 0
DECLARE fkx_00201 12 0
DECLARE ouu_00202 3 0
DECLARE vjm_00203 8 0
DECLARE vlw_00204 18 0
DECLARE aeq_00205 8 0
DECLARE qsl_00206 8 0
DECLARE msk_00207 7 0
REFERENCE xce_00025 0
REFERENCE yhe_00055 0
DECLARE laf_00208 1 0
REFERENCE ddg_00151 0
DECLARE slh_00209 10 0
DECLARE ztp_00210 3 0
REFERENCE fkx_00201 0
REFERENCE cmg_00175 0
REFERENCE bku_00134 0
DECLARE sxy_00211 15 0
DECLARE atf_00212 12 0
DECLARE sse_00213 8 0
DECLARE kah_00214 1 0
DECLARE ugh_00215 14 0
REFERENCE tew_00137 0
DECLARE jkc_00216 19 0
DECLARE xfe_00217 11 0
REFERENCE fkx_00201 0
REFERENCE vso_00019 0
REFERENCE ezw_00002 0
DECLARE jdu_00218 18 0
REFERENCE ndj_00120 0
DECLARE bob_00219 8 0
DECLARE mrt_00220 15 0
REFERENCE tmd_00189 0
REFERENCE gcy_00182 0
DECLARE ovm_00221 1 0
REFERENCE hgn_00065 0
REFERENCE ods_00000 0
REFERENCE bzq_00045 0
REFERENCE hvm_00150 0
REFERENCE missing_6071 0
DECLARE etn_00222 8 0
DECLARE pbo_00223 20 0
DECLARE pdv_00224 2 0
REFERENCE rgp_00097 0
REFERENCE qbe_00146 0
REFERENCE ovm_00221 0
DECLARE ltx_00225 7 0
DECLARE czw_00226 18 0
REFERENCE equ_00154 0
DECLARE pxx_00227 16 0
REFERENCE xnb_00021 0
DECLARE lsr_00228 4 0
DECLARE udi_00229 18 0
DECLARE xvd_00230 17 0
DECLARE xfq_00231 17 0
DECLARE yuo_00232 15 0
REFERENCE msk_00207 0
REFERENCE bol_00138 0
DECLARE krx_00233 3 0
DECLARE ubn_00234 9 0
DECLARE rar_00235 5 0
DECLARE yvr_00236 4 0
REFERENCE qbe_00146 0
REFERENCE slr_00183 0
REFERENCE yuo_00232 0
REFERENCE missing_3768 0
REFERENCE pvv_00157 0
REFERENCE lrj_00130 0
REFERENCE mar_00126 0
DECLARE aup_00237 13 0
DECLARE lvv_00238 4 0
DECLARE puu_00239 20 0
REFERENCE six_00053 0
REFERENCE hqw_00110 0
REFERENCE lkt_00109 0
DECLARE ntv_00240 1 0
REFERENCE ldk_00113 0
REFERENCE missing_7160 0
REFERENCE hwf_00143 0
REFERENCE hoo_00112 0
DECLARE otx_00241 3 0
REFERENCE cmg_00175 0
REFERENCE hiq_00068 0
DECLARE hez_00242 1 0
DECLARE uzd_00243 8 0
DECLARE mhh_00244 5 0
DECLARE aut_00245 7 0
DECLARE yrp_00246 16 0
REFERENCE hhq_00181 0
REFERENCE hwf_00143 0
DECLARE bar_00247 8 0
REFERENCE missing_9539 0
REFERENCE cvj_00108 0
DECLARE dzu_00248 18 0
DECLARE rpk_00249 3 0
DECLARE xnf_00250 12 0
REFERENCE aup_00237 0
DECLARE shu_00251 2 0
DECLARE pxe_00252 16 0
DECLARE gjp_00253 13 0
DECLARE kcw_00254 8 0
DECLARE vwi_00255 20 0
REFERENCE iua_00076 0
DECLARE szo_00256 9 0
REFERENCE ldr_00005 0
DECLARE urc_00257 2 0
DECLARE vrd_00258 12 0
REFERENCE wzp_00026 0
REFERENCE missing_9662 0
DECLARE jqz_00259 5 0
REFERENCE pbo_00223 0
REFERENCE mtx_00048 0
REFERENCE pvv_00157 0
REFERENCE sye_00131 0
DECLARE ioe_00260 7 0
REFERENCE jqz_00259 0
DECLARE qtr_00261 13 0
DECLARE ebl_00262 5 0
DECLARE ydd_00263 18 0
REFERENCE ubn_00234 0
DECLARE crt_00264 20 0
REFERENCE uca_00013 0
REFERENCE czw_00226 0
DECLARE rag_00265 8 0
DECLARE oil_00266 2 0
REFERENCE mft_00003 0
DECLARE sck_00267 4 0
REFERENCE missing_7941 0
DECLARE iaj_00268 7 0
DECLARE rcp_00269 18 0
REFERENCE puu_00239 0
DECLARE kri_00270 19 0
DECLARE jee_00271 12 0
REFERENCE pxx_00227 0
REFERENCE slr_00183 0
DECLARE ixa_00272 16 0
DECLARE kvd_00273 19 0
DECLARE jzd_00274 10 0
DECLARE xti_00275 9 0
DECLARE cwf_00276 5 0
DECLARE mcz_00277 11 0
REFERENCE missing_4713 0
DECLARE hhp_00278 17 0
REFERENCE din_00012 0
DECLARE kuo_00279 9 0
REFERENCE fhe_00129 0
DECLARE eya_00280 1 0
REFERENCE aeq_00205 0
REFERENCE ubp_00034 0
REFERENCE czw_00226 0
DECLARE cnp_00281 17 0
REFERENCE byw_00176 0
REFERENCE ooo_00191 0
REFERENCE kah_00214 0
DECLARE qjj_00282 1 0
DECLARE srp_00283 17 0
REFERENCE xfq_00231 0
REFERENCE ioz_00170 0
DECLARE xuq_00284 15 0
REFERENCE kcw_00254 0
REFERENCE laf_00208 0
REFERENCE qjj_00282 0
DECLARE fhs_00285 10 0
DECLARE srh_00286 15 0
DECLARE xas_00287 3 0
REFERENCE hku_00059 0
REFERENCE tew_00137 0
DECLARE rhb_00288 18 0
REFERENCE kah_00214 0
DECLARE klu_00289 20 0
REFERENCE ods_00000 0
DECLARE nlg_00290 17 0
DECLARE gym_00291 20 0
DECLARE spa_00292 8 0
DECLARE bxh_00293 6 0
DECLARE pac_00294 18 0
DECLARE hhx_00295 11 0
DECLARE njj_00296 1 0
DECLARE hzt_00297 9 0
DECLARE rjd_00298 16 0
REFERENCE lrj_00132 0
DECLARE pfx_00299 14 0
DECLARE rtm_00300 15 0
REFERENCE missing_8724 0
REFERENCE byw_00176 0
REFERENCE missing_5569 0
DECLARE gqs_00301 8 0
DECLARE fvs_00302 19 0
REFERENCE missing_5515 0
REFERENCE ioz_00170 0
REFERENCE bub_00088 0
REFERENCE missing_2467 0
REFERENCE missing_1383 0
DECLARE uek_00303 4 0
DECLARE aed_00304 17 0
DECLARE weh_00305 13 0
REFERENCE yoh_00008 0
DECLARE fyp_00306 2 0
DECLARE pot_00307 5 0
DECLARE lpx_00308 3 0
REFERENCE vjm_00203 0
DECLARE fqm_00309 11 0
DECLARE rmw_00310 18 0
REFERENCE bub_00088 0
DECLARE ojt_00311 5 0
DECLARE ldh_00312 19 0
DECLARE yog_00313 8 0
DECLARE dew_00314 16 0
DECLARE pcc_00315 4 0
DECLARE mwl_00316 19 0
DECLARE eia_00317 2 0
DECLARE ajp_00318 12 0
DECLARE mwx_00319 12 0
REFERENCE vsu_00052 0
DECLARE okb_00320 2 0
REFERENCE fhe_00129 0
REFERENCE oil_00266 0
DECLARE tgc_00321 20 0
DECLARE nsx_00322 17 0
DECLARE sfh_00323 1 0
DECLARE wsb_00324 5 0
DECLARE qgl_00325 5 0
DECLARE cis_00326 17 0
DECLARE ggk_00327 2 0
REFERENCE bob_00219 0
DECLARE ilk_00328 14 0
REFERENCE pbo_00223 0
REFERENCE missing_8879 0
DECLARE cku_00329 8 0
REFERENCE ooo_00191 0
DECLARE ohj_00330 8 0
DECLARE lbj_00331 14 0
REFERENCE oun_00111 0
REFERENCE cwf_00276 0
REFERENCE xvd_00230 0
REFERENCE vwi_00255 0
REFERENCE bub_00088 0
REFERENCE xqm_00015 0
REFERENCE ilk_00328 0
REFERENCE bxh_00293 0
DECLARE uui_00332 9 0
DECLARE xgz_00333 10 0
DECLARE wrz_00334 11 0
DECLARE qkk_00335 11 0
REFERENCE dzu_00248 0
REFERENCE lkt_00109 0
DECLARE rxd_00336 13 0
DECLARE ghq_00337 8 0
DECLARE klo_00338 10 0
REFERENCE missing_8034 0
DECLARE neq_00339 8 0
DECLARE ojg_00340 6 0
DECLARE btc_00341 18 0
REFERENCE rxd_00336 0
REFERENCE yoh_00008 0
REFERENCE sck_00267 0
REFERENCE missing_9285 0
REFERENCE ooo_00191 0
REFERENCE ono_00081 0
DECLARE zet_00342 12 0
DECLARE alf_00343 12 0
DECLARE feh_00344 14 0
DECLARE sjv_00345 10 0
DECLARE wwj_00346 4 0
DECLARE gqv_00347 2 0
REFERENCE sxy_00211 0
REFERENCE ixa_00272 0
DECLARE rxy_00348 16 0
REFERENCE qtr_00261 0
DECLARE xeh_00349 5 0
REFERENCE gpy_00079 0
DECLARE jdc_00350 10 0
REFERENCE dww_00144 0
DECLARE aqz_00351 7 0
DECLARE hri_00352 1 0
DECLARE shw_00353 10 0
DECLARE bon_00354 7 0
DECLARE wbm_00355 1 0
REFERENCE rmw_00310 0
DECLARE bew_00356 19 0
DECLARE ioi_00357 8 0
REFERENCE etn_00222 0
DECLARE ovz_00358 4 0
REFERENCE mtx_00093 0
REFERENCE jbn_00100 0
DECLARE pwz_00359 2 0
DECLARE oty_00360 17 0
DECLARE pcw_00361 7 0
DECLARE qxs_00362 6 0
DECLARE zko_00363 10 0
REFERENCE ttz_00107 0
DECLARE vgt_00364 7 0
REFERENCE yhp_00184 0
DECLARE lmj_00365 2 0
REFERENCE aed_00304 0
DECLARE xfl_00366 2 0
REFERENCE ece_00085 0
DECLARE rvv_00367 19 0
REFERENCE klo_00338 0
REFERENCE sql_00077 0
DECLARE obu_00368 11 0
DECLARE fck_00369 18 0
REFERENCE tim_00061 0
REFERENCE jqz_00259 0
DECLARE mlp_00370 2 0
DECLARE afz_00371 18 0
DECLARE nls_00372 7 0
DECLARE xyt_00373 11 0
DECLARE zry_00374 13 0
REFERENCE nls_00372 0
REFERENCE lsu_00163 0
REFERENCE equ_00154 0
DECLARE lri_00375 1 0
DECLARE gbz_00376 3 0
REFERENCE missing_9580 0
DECLARE rqo_00377 15 0
DECLARE ykc_00378 15 0
DECLARE bhr_00379 8 0
DECLARE rik_00380 17 0
DECLARE pci_00381 10 0
REFERENCE wzm_00171 0
REFERENCE ldr_00005 0
REFERENCE vyj_00119 0
REFERENCE reu_00158 0
REFERENCE uom_00124 0
DECLARE yfv_00382 1 0
REFERENCE ldk_00113 0
REFERENCE uek_00303 0
DECLARE jte_00383 7 0
REFERENCE ydd_00263 0
DECLARE kpr_00384 2 0
REFERENCE kko_00179 0
REFERENCE xwy_00172 0
DECLARE ekn_00385 18 0
DECLARE fkp_00386 13 0
REFERENCE missing_2191 0
REFERENCE ajp_00318 0
REFERENCE pvv_00157 0
REFERENCE xfe_00217 0
DECLARE rby_00387 12 0
REFERENCE oil_00266 0
REFERENCE missing_7238 0
REFERENCE czw_00226 0
REFERENCE ote_00127 0
DECLARE mvo_00388 19 0
DECLARE qwk_00389 1 0
REFERENCE jhm_00155 0
REFERENCE ioi_00357 0
REFERENCE klu_00289 0
REFERENCE ioz_00170 0
REFERENCE bku_00134 0
REFERENCE ajp_00318 0
REFERENCE uui_00332 0
REFERENCE gtf_00016 0
REFERENCE xce_00025 0
REFERENCE kcw_00254 0
REFERENCE vkj_00042 0
DECLARE qlv_00390 1 0
DECLARE wvq_00391 5 0
DECLARE qov_00392 10 0
REFERENCE fhs_00285 0
DECLARE wfj_00393 16 0
REFERENCE wfj_00393 0
REFERENCE xti_00275 0
DECLARE vkx_00394 3 0
REFERENCE missing_6180 0
DECLARE vmm_00395 16 0
REFERENCE oil_00266 0
DECLARE jif_00396 9 0
REFERENCE lrj_00130 0
REFERENCE ubp_00034 0
REFERENCE hqw_00110 0
REFERENCE sql_00077 0
DECLARE rhb_00397 14 0
DECLARE qrj_00398 1 0
DECLARE ozj_00399 2 0
REFERENCE ewu_00164 0
REFERENCE qlv_00390 0
REFERENCE missing_8271 0
REFERENCE zuv_00078 0
REFERENCE qet_00122 0
DECLARE ybe_00400 7 0
DECLARE ckm_00401 5 0
REFERENCE jnj_00153 0
DECLARE bac_00402 11 0
REFERENCE lrq_00167 0
DECLARE ejq_00403 19 0
REFERENCE xgw_00114 0
REFERENCE wvq_00391 0
REFERENCE ioz_00170 0
DECLARE txw_00404 8 0
DECLARE aua_00405 18 0
DECLARE cge_00406 16 0
DECLARE upm_00407 16 0
REFERENCE missing_5958 0
DECLARE non_00408 7 0
DECLARE wgr_00409 12 0
REFERENCE rby_00387 0
REFERENCE missing_1387 0
DECLARE zth_00410 3 0
DECLARE uat_00411 4 0
DECLARE ank_00412 19 0
DECLARE frf_00413 11 0
REFERENCE rar_00235 0
REFERENCE cku_00329 0
REFERENCE vmm_00395 0
DECLARE knq_00414 15 0
REFERENCE missing_5832 0
REFERENCE eeh_00018 0
REFERENCE nor_00044 0
REFERENCE dyd_00036 0
DECLARE wnn_00415 5 0
REFERENCE missing_3516 0
DECLARE iuh_00416 14 0
REFERENCE obu_00368 0
DECLARE uia_00417 13 0
DECLARE qkv_00418 4 0
REFERENCE missing_3288 0
DECLARE pqo_00419 2 0
REFERENCE nls_00372 0
REFERENCE hjh_00010 0
REFERENCE missing_4284 0
REFERENCE missing_3087 0
REFERENCE sfh_00323 0
REFERENCE xkk_00029 0
DECLARE zjz_00420 7 0
REFERENCE lwl_00024 0
REFERENCE missing_1889 0
REFERENCE xfe_00217 0
REFERENCE rih_00149 0
REFERENCE rjd_00298 0
REFERENCE qcr_00066 0
DECLARE nuc_00421 17 0
REFERENCE spa_00292 0
REFERENCE jif_00396 0
DECLARE gwn_00422 15 0
DECLARE zou_00423 19 0
DECLARE tdo_00424 8 0
DECLARE wya_00425 16 0
DECLARE rlo_00426 8 0
REFERENCE zko_00363 0
REFERENCE teu_00062 0
DECLARE svn_00427 20 0
REFERENCE missing_6111 0
REFERENCE jhm_00155 0
DECLARE ely_00428 12 0
REFERENCE xlp_00140 0
DECLARE til_00429 6 0
REFERENCE bzq_00045 0
DECLARE znw_00430 14 0
REFERENCE ren_00188 0
DECLARE yez_00431 3 0
REFERENCE uat_00411 0
REFERENCE missing_8297 0
REFERENCE wjk_00027 0
REFERENCE mlp_00056 0
DECLARE bzj_00432 7 0
REFERENCE ufc_00047 0
DECLARE wjf_00433 11 0
REFERENCE rpk_00249 0
DECLARE bal_00434 3 0
DECLARE ulb_00435 17 0
REFERENCE gwn_00422 0
DECLARE zhz_00436 17 0
REFERENCE wfj_00393 0
DECLARE sxf_00437 16 0
REFERENCE qvm_00186 0
REFERENCE hre_00173 0
DECLARE obk_00438 4 0
DECLARE svk_00439 1 0
REFERENCE missing_4039 0
REFERENCE spd_00180 0
DECLARE kcb_00440 8 0
DECLARE ttq_00441 13 0
REFERENCE wuu_00115 0
DECLARE sgh_00442 18 0
DECLARE dzq_00443 5 0
REFERENCE pvv_00157 0
REFERENCE cld_00104 0
REFERENCE qrj_00398 0
DECLARE eyt_00444 10 0
DECLARE jff_00445 14 0
DECLARE hxu_00446 5 0
DECLARE ikk_00447 18 0
REFERENCE wuu_00115 0
DECLARE kyg_00448 4 0
REFERENCE gjp_00253 0
REFERENCE bew_00356 0
REFERENCE missing_1537 0
REFERENCE oil_00266 0
REFERENCE missing_3641 0
DECLARE kgo_00449 19 0
DECLARE dlv_00450 14 0
DECLARE ldr_00451 5 0
REFERENCE cld_00104 0
DECLARE gxr_00452 13 0
REFERENCE missing_5069 0
REFERENCE teu_00062 0
REFERENCE xce_00025 0
DECLARE kgz_00453 14 0
REFERENCE qxs_00362 0
REFERENCE lwl_00024 0
DECLARE fcz_00454 11 0
DECLARE cdb_00455 2 0
DECLARE xgi_00456 7 0
DECLARE exh_00457 4 0
REFERENCE aeq_00205 0
REFERENCE mcz_00277 0
REFERENCE gpy_00079 0
REFERENCE wwj_00346 0
REFERENCE gbz_00376 0
DECLARE zly_00458 4 0
DECLARE ydg_00459 18 0
REFERENCE ilk_00328 0
REFERENCE pcw_00361 0
REFERENCE zkl_00020 0
REFERENCE hre_00173 0
REFERENCE vlw_00204 0
DECLARE pov_00460 5 0
DECLARE bkh_00461 17 0
REFERENCE woe_00136 0
DECLARE jut_00462 17 0
DECLARE cqg_00463 15 0
REFERENCE cgg_00007 0
DECLARE loa_00464 11 0
REFERENCE klb_00196 0
REFERENCE missing_7971 0
DECLARE cil_00465 2 0
REFERENCE uat_00411 0
REFERENCE jbn_00100 0
DECLARE kzu_00466 20 0
DECLARE mmq_00467 6 0
REFERENCE atr_00022 0
REFERENCE vsu_00052 0
REFERENCE wgr_00409 0
REFERENCE gtf_00016 0
DECLARE cta_00468 10 0
REFERENCE missing_3306 0
DECLARE nfc_00469 20 0
REFERENCE ggk_00327 0
DECLARE qcz_00470 20 0
DECLARE dog_00471 3 0
DECLARE pvu_00472 11 0
REFERENCE six_00053 0
REFERENCE pci_00381 0
REFERENCE bew_00356 0
DECLARE xwt_00473 15 0
DECLARE yzd_00474 4 0
DECLARE pjw_00475 13 0
REFERENCE hez_00242 0
DECLARE rqp_00476 14 0
DECLARE ptm_00477 6 0
REFERENCE tix_00166 0
REFERENCE ufc_00047 0
REFERENCE pbo_00223 0
DECLARE ywt_00478 14 0
DECLARE ptg_00479 16 0
REFERENCE missing_8589 0
REFERENCE fcz_00454 0
DECLARE ori_00480 4 0
DECLARE yie_00481 2 0
REFERENCE aed_00304 0
DECLARE yss_00482 10 0
DECLARE iaj_00483 9 0
REFERENCE aqz_00351 0
REFERENCE wrz_00334 0
REFERENCE ebl_00057 0
DECLARE tuy_00484 4 0
DECLARE pze_00485 13 0
DECLARE vqy_00486 17 0
DECLARE kaz_00487 8 0
DECLARE nfj_00488 20 0
DECLARE tkg_00489 18 0
REFERENCE missing_7337 0
DECLARE cpu_00490 4 0
DECLARE ydh_00491 13 0
DECLARE vkh_00492 10 0
DECLARE xaj_00493 2 0
REFERENCE obu_00368 0
DECLARE iok_00494 7 0
DECLARE fnx_00495 7 0
REFERENCE ugh_00215 0
DECLARE qfw_00496 19 0
REFERENCE puu_00239 0
REFERENCE yzh_00058 0
DECLARE mte_00497 9 0
REFERENCE yfs_00103 0
REFERENCE rqp_00476 0
REFERENCE pxe_00252 0
DECLARE ivh_00498 15 0
DECLARE cgd_00499 7 0
DECLARE ukr_00500 17 0
DECLARE obg_00501 18 0
DECLARE voj_00502 13 0
REFERENCE hzt_00297 0
DECLARE cwh_00503 4 0
DECLARE mty_00504 14 0
REFERENCE nuc_00421 0
REFERENCE ptm_00477 0
DECLARE cuv_00505 4 0
DECLARE qtc_00506 11 0
DECLARE hyx_00507 3 0
DECLARE uxg_00508 11 0
DECLARE nfo_00509 16 0
DECLARE hbh_00510 11 0
REFERENCE lbj_00331 0
DECLARE yby_00511 19 0
REFERENCE vjm_00203 0
DECLARE ryq_00512 19 0
REFERENCE vqy_00486 0
REFERENCE reu_00158 0
DECLARE pla_00513 14 0
REFERENCE missing_6175 0
REFERENCE rpk_00249 0
REFERENCE hvv_00193 0
REFERENCE rhb_00288 0
DECLARE kqs_00514 17 0
REFERENCE yrp_00246 0
REFERENCE yss_00482 0
DECLARE tjo_00515 17 0
DECLARE nda_00516 19 0
DECLARE lny_00517 1 0
REFERENCE missing_4243 0
REFERENCE missing_3144 0
DECLARE yve_00518 12 0
REFERENCE kcb_00440 0
REFERENCE fck_00369 0
REFERENCE missing_9274 0
REFERENCE qvm_00186 0
REFERENCE yve_00518 0
DECLARE syw_00519 14 0
REFERENCE knt_00035 0
DECLARE vfj_00520 18 0
REFERENCE missing_5337 0
REFERENCE dzu_00248 0
REFERENCE ece_00085 0
DECLARE dem_00521 18 0
REFERENCE missing_3437 0
REFERENCE missing_9551 0
DECLARE xra_00522 16 0
REFERENCE wzp_00026 0
REFERENCE gtf_00016 0
DECLARE cja_00523 14 0
EXIT_SCOPE 0
