# ColliScope Frequency-Matched Synthetic Trace
# Parameters: seed=94, zipf_s=1.244, scope=nested, type=mixed, load_factor=0.7
ENTER_SCOPE 0
DECLARE sym_k0000 1 0
DECLARE sym_k0001 2 0
DECLARE sym_k0002 3 0
DECLARE sym_k0003 4 0
DECLARE sym_k0004 5 0
DECLARE sym_k0005 6 0
DECLARE sym_k0006 7 0
DECLARE sym_k0007 8 0
DECLARE sym_k0008 9 0
DECLARE sym_k0009 10 0
DECLARE sym_k0010 1 0
DECLARE sym_k0011 2 0
DECLARE sym_k0012 3 0
DECLARE sym_k0013 4 0
DECLARE sym_k0014 5 0
DECLARE sym_k0015 6 0
DECLARE sym_k0016 7 0
DECLARE sym_k0017 8 0
DECLARE sym_k0018 9 0
DECLARE sym_k0019 10 0
DECLARE sym_k0020 1 0
DECLARE sym_k0021 2 0
DECLARE sym_k0022 3 0
DECLARE sym_k0023 4 0
DECLARE sym_k0024 5 0
DECLARE sym_k0025 6 0
DECLARE sym_k0026 7 0
DECLARE sym_k0027 8 0
DECLARE sym_k0028 9 0
DECLARE sym_k0029 10 0
DECLARE sym_k0030 1 0
DECLARE sym_k0031 2 0
DECLARE sym_k0032 3 0
DECLARE sym_k0033 4 0
DECLARE sym_k0034 5 0
DECLARE sym_k0035 6 0
DECLARE sym_k0036 7 0
DECLARE sym_k0037 8 0
DECLARE sym_k0038 9 0
DECLARE sym_k0039 10 0
DECLARE sym_k0040 1 0
DECLARE sym_k0041 2 0
DECLARE sym_k0042 3 0
DECLARE sym_k0043 4 0
DECLARE sym_k0044 5 0
DECLARE sym_k0045 6 0
DECLARE sym_k0046 7 0
DECLARE sym_k0047 8 0
DECLARE sym_k0048 9 0
DECLARE sym_k0049 10 0
REFERENCE missing_5589 0
REFERENCE sym_k0000 0
REFERENCE sym_k0028 0
REFERENCE sym_k0016 0
REFERENCE sym_k0000 0
REFERENCE sym_k0001 0
REFERENCE sym_k0000 0
REFERENCE sym_k0005 0
REFERENCE sym_k0000 0
REFERENCE missing_8632 0
REFERENCE sym_k0001 0
DECLARE sym_k0202 8 0
ENTER_SCOPE 1 0
REFERENCE sym_k0003 1
REFERENCE sym_k0034 1
REFERENCE sym_k0024 1
DECLARE sym_k0000 1 1
REFERENCE sym_k0003 1
DECLARE sym_k0001 2 1
REFERENCE missing_8375 1
DECLARE sym_k0004 5 1
REFERENCE sym_k0000 1
EXIT_SCOPE 1
REFERENCE sym_k0000 0
REFERENCE sym_k0001 0
REFERENCE sym_k0008 0
REFERENCE sym_k0000 0
REFERENCE sym_k0021 0
REFERENCE sym_k0003 0
REFERENCE sym_k0004 0
ENTER_SCOPE 2 0
REFERENCE sym_k0003 2
DECLARE sym_k0014 15 2
REFERENCE missing_3751 2
REFERENCE sym_k0002 2
DECLARE sym_k0005 6 2
REFERENCE sym_k0000 2
REFERENCE sym_k0020 2
DECLARE sym_k0035 6 2
DECLARE sym_k0034 5 2
REFERENCE sym_k0047 2
REFERENCE sym_k0001 2
DECLARE sym_k0002 3 2
REFERENCE sym_k0004 2
DECLARE sym_k0000 1 2
REFERENCE sym_k0002 2
REFERENCE sym_k0033 2
DECLARE sym_k0041 12 2
ENTER_SCOPE 3 2
DECLARE sym_k0000 1 3
REFERENCE sym_k0000 3
REFERENCE sym_k0005 3
REFERENCE sym_k0026 3
DECLARE sym_k0001 2 3
REFERENCE sym_k0000 3
REFERENCE sym_k0034 3
REFERENCE missing_3209 3
REFERENCE sym_k0001 3
DECLARE sym_k0180 1 3
DECLARE sym_k0047 3 3
EXIT_SCOPE 3
REFERENCE sym_k0046 2
REFERENCE missing_8409 2
REFERENCE sym_k0000 2
REFERENCE sym_k0000 2
REFERENCE sym_k0037 2
REFERENCE sym_k0041 2
REFERENCE sym_k0005 2
REFERENCE sym_k0002 2
REFERENCE sym_k0003 2
DECLARE sym_k0030 1 2
DECLARE sym_k0001 2 2
REFERENCE missing_2491 2
REFERENCE sym_k0003 2
REFERENCE sym_k0031 2
REFERENCE sym_k0000 2
REFERENCE sym_k0007 2
REFERENCE sym_k0008 2
DECLARE sym_k0021 7 2
EXIT_SCOPE 2
REFERENCE sym_k0000 0
REFERENCE sym_k0002 0
REFERENCE sym_k0018 0
REFERENCE sym_k0001 0
REFERENCE sym_k0013 0
REFERENCE sym_k0001 0
DECLARE sym_k0052 8 0
REFERENCE sym_k0031 0
REFERENCE sym_k0002 0
REFERENCE sym_k0000 0
REFERENCE sym_k0008 0
DECLARE sym_k0082 8 0
REFERENCE sym_k0024 0
REFERENCE sym_k0023 0
REFERENCE sym_k0010 0
DECLARE sym_k0087 13 0
REFERENCE sym_k0022 0
REFERENCE sym_k0006 0
REFERENCE missing_8196 0
REFERENCE sym_k0000 0
REFERENCE sym_k0001 0
REFERENCE sym_k0000 0
REFERENCE sym_k0002 0
REFERENCE missing_2343 0
REFERENCE sym_k0000 0
REFERENCE sym_k0000 0
REFERENCE sym_k0018 0
REFERENCE sym_k0000 0
REFERENCE sym_k0000 0
REFERENCE sym_k0001 0
REFERENCE missing_9645 0
DECLARE sym_k0154 5 0
ENTER_SCOPE 4 0
REFERENCE sym_k0001 4
DECLARE sym_k0001 2 4
DECLARE sym_k0053 9 4
DECLARE sym_k0000 1 4
REFERENCE sym_k0000 4
ENTER_SCOPE 5 4
DECLARE sym_k0000 1 5
REFERENCE sym_k0000 5
REFERENCE sym_k0000 5
REFERENCE sym_k0047 5
REFERENCE sym_k0003 5
REFERENCE sym_k0000 5
REFERENCE sym_k0000 5
REFERENCE sym_k0000 5
REFERENCE sym_k0033 5
REFERENCE sym_k0000 5
REFERENCE sym_k0002 5
REFERENCE missing_8844 5
REFERENCE sym_k0000 5
REFERENCE sym_k0004 5
ENTER_SCOPE 6 5
REFERENCE missing_6247 6
REFERENCE sym_k0031 6
ENTER_SCOPE 7 6
REFERENCE sym_k0009 7
REFERENCE sym_k0005 7
REFERENCE sym_k0044 7
EXIT_SCOPE 7
DECLARE sym_k0000 1 6
REFERENCE sym_k0003 6
REFERENCE sym_k0015 6
DECLARE sym_k0040 11 6
ENTER_SCOPE 8 6
REFERENCE sym_k0000 8
DECLARE sym_k0000 1 8
REFERENCE sym_k0007 8
REFERENCE sym_k0000 8
DECLARE sym_k0002 3 8
DECLARE sym_k0036 7 8
REFERENCE missing_7929 8
REFERENCE sym_k0010 8
REFERENCE sym_k0009 8
REFERENCE sym_k0005 8
REFERENCE sym_k0017 8
DECLARE sym_k0001 2 8
REFERENCE sym_k0002 8
REFERENCE sym_k0008 8
DECLARE sym_k0014 15 8
REFERENCE sym_k0001 8
REFERENCE sym_k0022 8
REFERENCE missing_7683 8
DECLARE sym_k0286 2 8
REFERENCE missing_7733 8
REFERENCE sym_k0008 8
DECLARE sym_k0008 9 8
REFERENCE sym_k0003 8
EXIT_SCOPE 8
ENTER_SCOPE 9 6
REFERENCE sym_k0022 9
DECLARE sym_k0038 9 9
REFERENCE sym_k0009 9
DECLARE sym_k0095 6 9
REFERENCE sym_k0000 9
REFERENCE sym_k0009 9
REFERENCE sym_k0000 9
DECLARE sym_k0138 4 9
DECLARE sym_k0004 5 9
DECLARE sym_k0136 2 9
REFERENCE sym_k0004 9
REFERENCE sym_k0001 9
REFERENCE sym_k0000 9
REFERENCE sym_k0001 9
REFERENCE sym_k0000 9
REFERENCE sym_k0049 9
ENTER_SCOPE 10 9
DECLARE sym_k0001 2 10
REFERENCE missing_2655 10
DECLARE sym_k0000 1 10
REFERENCE sym_k0047 10
REFERENCE sym_k0000 10
REFERENCE sym_k0000 10
DECLARE sym_k0006 7 10
DECLARE sym_k0170 6 10
DECLARE sym_k0017 3 10
REFERENCE sym_k0006 10
REFERENCE sym_k0001 10
EXIT_SCOPE 10
DECLARE sym_k0002 3 9
DECLARE sym_k0051 7 9
REFERENCE sym_k0021 9
DECLARE sym_k0001 2 9
REFERENCE sym_k0001 9
REFERENCE sym_k0001 9
REFERENCE sym_k0022 9
REFERENCE sym_k0008 9
REFERENCE sym_k0005 9
DECLARE sym_k0000 1 9
DECLARE sym_k0014 15 9
EXIT_SCOPE 9
REFERENCE sym_k0011 6
REFERENCE missing_9035 6
REFERENCE sym_k0154 6
DECLARE sym_k0024 10 6
DECLARE sym_k0031 2 6
REFERENCE sym_k0033 6
REFERENCE sym_k0005 6
REFERENCE sym_k0000 6
REFERENCE sym_k0000 6
REFERENCE sym_k0029 6
REFERENCE sym_k0000 6
DECLARE sym_k0002 3 6
REFERENCE missing_5691 6
DECLARE sym_k0047 3 6
REFERENCE sym_k0006 6
REFERENCE sym_k0000 6
REFERENCE sym_k0002 6
REFERENCE sym_k0044 6
REFERENCE sym_k0000 6
REFERENCE sym_k0000 6
ENTER_SCOPE 11 6
REFERENCE missing_5859 11
REFERENCE sym_k0001 11
DECLARE sym_k0289 5 11
REFERENCE sym_k0000 11
REFERENCE sym_k0031 11
REFERENCE sym_k0000 11
DECLARE sym_k0002 3 11
ENTER_SCOPE 12 11
DECLARE sym_k0005 6 12
REFERENCE sym_k0031 12
REFERENCE sym_k0202 12
REFERENCE sym_k0000 12
DECLARE sym_k0000 1 12
DECLARE sym_k0004 5 12
REFERENCE sym_k0019 12
REFERENCE sym_k0002 12
DECLARE sym_k0043 14 12
DECLARE sym_k0009 10 12
REFERENCE sym_k0002 12
DECLARE sym_k0001 2 12
REFERENCE sym_k0009 12
DECLARE sym_k0034 5 12
REFERENCE sym_k0005 12
REFERENCE sym_k0000 12
REFERENCE sym_k0001 12
DECLARE sym_k0003 4 12
REFERENCE sym_k0003 12
REFERENCE sym_k0001 12
ENTER_SCOPE 13 12
REFERENCE missing_8025 13
REFERENCE sym_k0028 13
REFERENCE sym_k0005 13
EXIT_SCOPE 13
REFERENCE sym_k0047 12
REFERENCE sym_k0003 12
REFERENCE missing_6003 12
REFERENCE sym_k0023 12
REFERENCE missing_7507 12
DECLARE sym_k0056 12 12
EXIT_SCOPE 12
REFERENCE sym_k0002 11
REFERENCE sym_k0003 11
REFERENCE sym_k0000 11
ENTER_SCOPE 14 11
DECLARE sym_k0000 1 14
REFERENCE sym_k0026 14
ENTER_SCOPE 15 14
REFERENCE sym_k0000 15
REFERENCE sym_k0005 15
DECLARE sym_k0000 1 15
REFERENCE missing_5182 15
DECLARE sym_k0072 13 15
REFERENCE sym_k0034 15
DECLARE sym_k0010 11 15
REFERENCE sym_k0000 15
DECLARE sym_k0002 3 15
DECLARE sym_k0009 10 15
REFERENCE sym_k0006 15
REFERENCE sym_k0000 15
DECLARE sym_k0001 2 15
REFERENCE sym_k0025 15
DECLARE sym_k0022 8 15
REFERENCE sym_k0018 15
DECLARE sym_k0016 2 15
REFERENCE missing_6598 15
REFERENCE sym_k0001 15
REFERENCE sym_k0000 15
REFERENCE sym_k0024 15
REFERENCE sym_k0018 15
REFERENCE sym_k0000 15
REFERENCE missing_3472 15
DECLARE sym_k0161 12 15
REFERENCE missing_6073 15
REFERENCE sym_k0001 15
DECLARE sym_k0226 2 15
REFERENCE sym_k0002 15
REFERENCE sym_k0000 15
REFERENCE sym_k0000 15
REFERENCE sym_k0001 15
REFERENCE sym_k0001 15
REFERENCE missing_9090 15
DECLARE sym_k0100 11 15
DECLARE sym_k0005 6 15
REFERENCE sym_k0010 15
ENTER_SCOPE 16 15
EXIT_SCOPE 16
REFERENCE sym_k0000 15
DECLARE sym_k0065 6 15
DECLARE sym_k0003 4 15
DECLARE sym_k0032 3 15
ENTER_SCOPE 17 15
DECLARE sym_k0000 1 17
DECLARE sym_k0011 12 17
DECLARE sym_k0295 11 17
REFERENCE sym_k0000 17
REFERENCE sym_k0023 17
REFERENCE sym_k0000 17
REFERENCE sym_k0000 17
REFERENCE missing_5677 17
DECLARE sym_k0008 9 17
DECLARE sym_k0001 2 17
REFERENCE sym_k0011 17
DECLARE sym_k0005 6 17
REFERENCE sym_k0001 17
DECLARE sym_k0023 9 17
DECLARE sym_k0048 4 17
REFERENCE sym_k0000 17
DECLARE sym_k0003 4 17
REFERENCE missing_4680 17
REFERENCE sym_k0011 17
REFERENCE sym_k0002 17
REFERENCE sym_k0026 17
REFERENCE sym_k0000 17
REFERENCE sym_k0000 17
REFERENCE missing_4561 17
DECLARE sym_k0045 1 17
EXIT_SCOPE 17
REFERENCE sym_k0005 15
REFERENCE sym_k0000 15
REFERENCE sym_k0001 15
REFERENCE sym_k0000 15
DECLARE sym_k0004 5 15
ENTER_SCOPE 18 15
DECLARE sym_k0221 12 18
DECLARE sym_k0000 1 18
REFERENCE sym_k0040 18
REFERENCE sym_k0000 18
DECLARE sym_k0004 5 18
REFERENCE missing_3906 18
EXIT_SCOPE 18
DECLARE sym_k0006 7 15
REFERENCE sym_k0005 15
REFERENCE sym_k0001 15
REFERENCE sym_k0016 15
REFERENCE sym_k0007 15
REFERENCE sym_k0009 15
REFERENCE missing_1558 15
ENTER_SCOPE 19 15
REFERENCE missing_2324 19
REFERENCE sym_k0154 19
REFERENCE sym_k0017 19
DECLARE sym_k0000 1 19
REFERENCE missing_2125 19
REFERENCE sym_k0000 19
EXIT_SCOPE 19
DECLARE sym_k0112 8 15
REFERENCE sym_k0023 15
DECLARE sym_k0092 3 15
REFERENCE sym_k0000 15
REFERENCE sym_k0041 15
REFERENCE sym_k0000 15
REFERENCE missing_9376 15
REFERENCE sym_k0000 15
EXIT_SCOPE 15
DECLARE sym_k0072 13 14
DECLARE sym_k0001 2 14
REFERENCE sym_k0039 14
REFERENCE sym_k0002 14
DECLARE sym_k0003 4 14
REFERENCE sym_k0012 14
DECLARE sym_k0013 14 14
REFERENCE sym_k0014 14
DECLARE sym_k0002 3 14
ENTER_SCOPE 20 14
REFERENCE sym_k0010 20
DECLARE sym_k0249 10 20
ENTER_SCOPE 21 20
DECLARE sym_k0008 9 21
REFERENCE sym_k0000 21
DECLARE sym_k0000 1 21
EXIT_SCOPE 21
DECLARE sym_k0000 1 20
REFERENCE sym_k0007 20
REFERENCE missing_3092 20
ENTER_SCOPE 22 20
DECLARE sym_k0002 3 22
REFERENCE sym_k0001 22
REFERENCE missing_8701 22
REFERENCE sym_k0001 22
REFERENCE sym_k0002 22
REFERENCE sym_k0000 22
DECLARE sym_k0019 5 22
DECLARE sym_k0016 2 22
REFERENCE missing_1229 22
DECLARE sym_k0000 1 22
REFERENCE sym_k0045 22
EXIT_SCOPE 22
DECLARE sym_k0025 11 20
DECLARE sym_k0024 10 20
REFERENCE sym_k0000 20
DECLARE sym_k0004 5 20
REFERENCE sym_k0000 20
DECLARE sym_k0002 3 20
DECLARE sym_k0035 6 20
REFERENCE sym_k0003 20
REFERENCE sym_k0002 20
REFERENCE missing_5543 20
DECLARE sym_k0032 3 20
DECLARE sym_k0003 4 20
ENTER_SCOPE 23 20
REFERENCE sym_k0019 23
DECLARE sym_k0000 1 23
REFERENCE missing_4417 23
DECLARE sym_k0125 6 23
REFERENCE sym_k0000 23
EXIT_SCOPE 23
REFERENCE missing_1234 20
DECLARE sym_k0008 9 20
REFERENCE sym_k0002 20
REFERENCE sym_k0004 20
REFERENCE missing_3294 20
REFERENCE sym_k0000 20
DECLARE sym_k0001 2 20
DECLARE sym_k0014 15 20
REFERENCE missing_2143 20
REFERENCE sym_k0010 20
DECLARE sym_k0013 14 20
REFERENCE sym_k0001 20
DECLARE sym_k0043 14 20
REFERENCE sym_k0001 20
REFERENCE sym_k0017 20
REFERENCE sym_k0037 20
ENTER_SCOPE 24 20
REFERENCE sym_k0001 24
REFERENCE missing_8107 24
DECLARE sym_k0009 10 24
REFERENCE sym_k0006 24
DECLARE sym_k0021 7 24
REFERENCE sym_k0000 24
REFERENCE sym_k0000 24
DECLARE sym_k0086 12 24
REFERENCE sym_k0000 24
DECLARE sym_k0000 1 24
DECLARE sym_k0003 4 24
DECLARE sym_k0052 8 24
DECLARE sym_k0001 2 24
REFERENCE sym_k0008 24
REFERENCE sym_k0003 24
EXIT_SCOPE 24
REFERENCE missing_7094 20
REFERENCE sym_k0027 20
REFERENCE sym_k0015 20
REFERENCE sym_k0019 20
REFERENCE sym_k0031 20
REFERENCE sym_k0000 20
REFERENCE sym_k0000 20
EXIT_SCOPE 20
REFERENCE sym_k0001 14
REFERENCE sym_k0002 14
REFERENCE sym_k0000 14
DECLARE sym_k0012 13 14
REFERENCE sym_k0000 14
REFERENCE sym_k0005 14
REFERENCE sym_k0009 14
REFERENCE sym_k0044 14
EXIT_SCOPE 14
REFERENCE sym_k0039 11
REFERENCE sym_k0034 11
DECLARE sym_k0027 13 11
REFERENCE sym_k0005 11
REFERENCE missing_9166 11
DECLARE sym_k0000 1 11
REFERENCE sym_k0002 11
DECLARE sym_k0060 1 11
REFERENCE sym_k0017 11
REFERENCE sym_k0000 11
REFERENCE sym_k0000 11
REFERENCE sym_k0001 11
REFERENCE sym_k0000 11
REFERENCE sym_k0002 11
REFERENCE sym_k0010 11
DECLARE sym_k0026 12 11
REFERENCE sym_k0000 11
DECLARE sym_k0038 9 11
DECLARE sym_k0101 12 11
REFERENCE missing_1548 11
REFERENCE sym_k0019 11
REFERENCE sym_k0000 11
EXIT_SCOPE 11
REFERENCE sym_k0003 6
REFERENCE sym_k0000 6
ENTER_SCOPE 25 6
REFERENCE sym_k0007 25
EXIT_SCOPE 25
DECLARE sym_k0006 7 6
DECLARE sym_k0001 2 6
DECLARE sym_k0003 4 6
DECLARE sym_k0062 3 6
REFERENCE sym_k0014 6
EXIT_SCOPE 6
DECLARE sym_k0035 6 5
REFERENCE sym_k0000 5
REFERENCE sym_k0045 5
DECLARE sym_k0001 2 5
ENTER_SCOPE 26 5
DECLARE sym_k0000 1 26
REFERENCE sym_k0000 26
REFERENCE sym_k0000 26
REFERENCE sym_k0000 26
REFERENCE sym_k0001 26
DECLARE sym_k0001 2 26
REFERENCE sym_k0026 26
DECLARE sym_k0002 3 26
REFERENCE sym_k0001 26
REFERENCE sym_k0000 26
DECLARE sym_k0036 7 26
REFERENCE sym_k0006 26
REFERENCE sym_k0000 26
EXIT_SCOPE 26
REFERENCE sym_k0000 5
REFERENCE sym_k0036 5
REFERENCE sym_k0037 5
REFERENCE sym_k0000 5
DECLARE sym_k0072 13 5
REFERENCE sym_k0001 5
DECLARE sym_k0002 3 5
REFERENCE sym_k0000 5
REFERENCE sym_k0000 5
REFERENCE sym_k0014 5
REFERENCE sym_k0021 5
REFERENCE missing_3910 5
REFERENCE sym_k0004 5
REFERENCE sym_k0000 5
REFERENCE sym_k0000 5
REFERENCE missing_8062 5
REFERENCE sym_k0029 5
DECLARE sym_k0166 2 5
REFERENCE sym_k0001 5
REFERENCE sym_k0001 5
REFERENCE sym_k0007 5
DECLARE sym_k0077 3 5
ENTER_SCOPE 27 5
DECLARE sym_k0002 3 27
REFERENCE sym_k0021 27
DECLARE sym_k0001 2 27
REFERENCE sym_k0002 27
REFERENCE sym_k0001 27
REFERENCE missing_6948 27
REFERENCE sym_k0001 27
ENTER_SCOPE 28 27
REFERENCE sym_k0000 28
DECLARE sym_k0001 2 28
DECLARE sym_k0014 15 28
DECLARE sym_k0000 1 28
REFERENCE sym_k0000 28
DECLARE sym_k0026 12 28
DECLARE sym_k0080 6 28
REFERENCE missing_6184 28
REFERENCE sym_k0013 28
DECLARE sym_k0023 9 28
DECLARE sym_k0002 3 28
DECLARE sym_k0003 4 28
DECLARE sym_k0053 9 28
REFERENCE sym_k0000 28
ENTER_SCOPE 29 28
REFERENCE sym_k0008 29
REFERENCE sym_k0028 29
REFERENCE sym_k0000 29
REFERENCE sym_k0000 29
REFERENCE sym_k0000 29
DECLARE sym_k0007 8 29
REFERENCE sym_k0000 29
REFERENCE sym_k0022 29
ENTER_SCOPE 30 29
REFERENCE sym_k0000 30
DECLARE sym_k0000 1 30
REFERENCE missing_1701 30
REFERENCE sym_k0007 30
DECLARE sym_k0001 2 30
REFERENCE sym_k0000 30
DECLARE sym_k0080 6 30
ENTER_SCOPE 31 30
REFERENCE sym_k0000 31
REFERENCE sym_k0039 31
REFERENCE sym_k0001 31
EXIT_SCOPE 31
DECLARE sym_k0003 4 30
DECLARE sym_k0165 1 30
REFERENCE sym_k0018 30
REFERENCE sym_k0005 30
REFERENCE sym_k0026 30
EXIT_SCOPE 30
DECLARE sym_k0002 3 29
REFERENCE sym_k0002 29
DECLARE sym_k0012 13 29
REFERENCE sym_k0000 29
EXIT_SCOPE 29
REFERENCE sym_k0037 28
REFERENCE sym_k0012 28
REFERENCE missing_2857 28
REFERENCE sym_k0002 28
DECLARE sym_k0161 12 28
REFERENCE sym_k0046 28
REFERENCE sym_k0002 28
REFERENCE sym_k0001 28
DECLARE sym_k0013 14 28
REFERENCE missing_7833 28
EXIT_SCOPE 28
REFERENCE sym_k0025 27
DECLARE sym_k0007 8 27
EXIT_SCOPE 27
DECLARE sym_k0009 10 5
DECLARE sym_k0026 12 5
REFERENCE sym_k0052 5
REFERENCE sym_k0000 5
EXIT_SCOPE 5
REFERENCE sym_k0000 4
ENTER_SCOPE 32 4
REFERENCE sym_k0040 32
REFERENCE sym_k0001 32
DECLARE sym_k0008 9 32
DECLARE sym_k0002 3 32
REFERENCE sym_k0000 32
REFERENCE sym_k0001 32
REFERENCE sym_k0018 32
REFERENCE sym_k0000 32
ENTER_SCOPE 33 32
DECLARE sym_k0045 1 33
REFERENCE sym_k0010 33
REFERENCE missing_3172 33
REFERENCE sym_k0001 33
DECLARE sym_k0007 8 33
DECLARE sym_k0000 1 33
REFERENCE sym_k0000 33
DECLARE sym_k0022 8 33
REFERENCE sym_k0000 33
REFERENCE sym_k0004 33
REFERENCE sym_k0023 33
REFERENCE sym_k0007 33
REFERENCE sym_k0000 33
DECLARE sym_k0145 11 33
REFERENCE sym_k0006 33
REFERENCE sym_k0012 33
DECLARE sym_k0002 3 33
DECLARE sym_k0229 5 33
REFERENCE sym_k0011 33
REFERENCE sym_k0003 33
REFERENCE missing_3422 33
REFERENCE sym_k0000 33
REFERENCE sym_k0002 33
REFERENCE missing_4685 33
REFERENCE sym_k0011 33
DECLARE sym_k0001 2 33
DECLARE sym_k0004 5 33
ENTER_SCOPE 34 33
REFERENCE sym_k0029 34
DECLARE sym_k0024 10 34
REFERENCE sym_k0000 34
REFERENCE sym_k0010 34
DECLARE sym_k0001 2 34
REFERENCE sym_k0000 34
REFERENCE sym_k0002 34
DECLARE sym_k0000 1 34
REFERENCE sym_k0000 34
REFERENCE sym_k0022 34
DECLARE sym_k0299 15 34
REFERENCE sym_k0007 34
REFERENCE sym_k0005 34
REFERENCE sym_k0000 34
DECLARE sym_k0013 14 34
REFERENCE sym_k0000 34
DECLARE sym_k0004 5 34
REFERENCE sym_k0004 34
REFERENCE sym_k0000 34
EXIT_SCOPE 34
REFERENCE sym_k0005 33
ENTER_SCOPE 35 33
REFERENCE sym_k0053 35
DECLARE sym_k0024 10 35
REFERENCE sym_k0038 35
DECLARE sym_k0009 10 35
REFERENCE sym_k0052 35
REFERENCE sym_k0009 35
REFERENCE sym_k0001 35
DECLARE sym_k0004 5 35
REFERENCE sym_k0000 35
REFERENCE sym_k0002 35
REFERENCE sym_k0025 35
DECLARE sym_k0001 2 35
DECLARE sym_k0000 1 35
REFERENCE sym_k0024 35
REFERENCE sym_k0001 35
DECLARE sym_k0140 6 35
REFERENCE sym_k0004 35
REFERENCE sym_k0007 35
REFERENCE sym_k0000 35
DECLARE sym_k0010 11 35
REFERENCE sym_k0000 35
REFERENCE sym_k0000 35
REFERENCE sym_k0030 35
REFERENCE sym_k0008 35
REFERENCE sym_k0040 35
REFERENCE sym_k0000 35
REFERENCE sym_k0000 35
REFERENCE sym_k0000 35
REFERENCE sym_k0014 35
ENTER_SCOPE 36 35
DECLARE sym_k0011 12 36
DECLARE sym_k0001 2 36
REFERENCE sym_k0003 36
REFERENCE sym_k0003 36
REFERENCE sym_k0000 36
DECLARE sym_k0036 7 36
DECLARE sym_k0000 1 36
DECLARE sym_k0010 11 36
REFERENCE sym_k0000 36
DECLARE sym_k0005 6 36
REFERENCE missing_8502 36
REFERENCE sym_k0001 36
REFERENCE sym_k0007 36
REFERENCE sym_k0003 36
REFERENCE sym_k0000 36
REFERENCE sym_k0002 36
REFERENCE sym_k0007 36
EXIT_SCOPE 36
REFERENCE sym_k0003 35
ENTER_SCOPE 37 35
REFERENCE sym_k0001 37
REFERENCE sym_k0000 37
REFERENCE sym_k0052 37
REFERENCE sym_k0003 37
REFERENCE sym_k0016 37
REFERENCE sym_k0000 37
REFERENCE sym_k0000 37
REFERENCE sym_k0002 37
REFERENCE sym_k0009 37
DECLARE sym_k0000 1 37
REFERENCE sym_k0004 37
REFERENCE sym_k0000 37
REFERENCE sym_k0000 37
DECLARE sym_k0005 6 37
REFERENCE sym_k0001 37
REFERENCE sym_k0000 37
REFERENCE sym_k0004 37
REFERENCE sym_k0000 37
REFERENCE missing_6736 37
REFERENCE missing_4629 37
DECLARE sym_k0009 10 37
REFERENCE sym_k0006 37
REFERENCE sym_k0004 37
DECLARE sym_k0002 3 37
REFERENCE sym_k0000 37
REFERENCE sym_k0005 37
DECLARE sym_k0001 2 37
DECLARE sym_k0018 4 37
DECLARE sym_k0010 11 37
REFERENCE missing_4122 37
REFERENCE sym_k0001 37
REFERENCE sym_k0009 37
REFERENCE sym_k0018 37
REFERENCE sym_k0000 37
REFERENCE sym_k0027 37
ENTER_SCOPE 38 37
REFERENCE missing_6882 38
REFERENCE sym_k0000 38
DECLARE sym_k0001 2 38
DECLARE sym_k0023 9 38
DECLARE sym_k0026 12 38
DECLARE sym_k0121 2 38
DECLARE sym_k0003 4 38
DECLARE sym_k0016 2 38
REFERENCE sym_k0007 38
DECLARE sym_k0150 1 38
DECLARE sym_k0004 5 38
REFERENCE missing_5681 38
ENTER_SCOPE 39 38
DECLARE sym_k0164 15 39
DECLARE sym_k0027 13 39
REFERENCE sym_k0018 39
REFERENCE sym_k0004 39
REFERENCE sym_k0002 39
REFERENCE sym_k0229 39
DECLARE sym_k0000 1 39
REFERENCE sym_k0004 39
EXIT_SCOPE 39
DECLARE sym_k0008 9 38
REFERENCE sym_k0001 38
DECLARE sym_k0009 10 38
DECLARE sym_k0000 1 38
EXIT_SCOPE 38
REFERENCE sym_k0001 37
DECLARE sym_k0004 5 37
REFERENCE sym_k0000 37
REFERENCE sym_k0005 37
REFERENCE sym_k0000 37
REFERENCE sym_k0000 37
REFERENCE sym_k0001 37
REFERENCE sym_k0000 37
REFERENCE missing_3099 37
EXIT_SCOPE 37
DECLARE sym_k0003 4 35
DECLARE sym_k0020 6 35
REFERENCE sym_k0018 35
REFERENCE sym_k0015 35
REFERENCE sym_k0004 35
REFERENCE sym_k0000 35
REFERENCE sym_k0003 35
REFERENCE sym_k0009 35
REFERENCE sym_k0001 35
DECLARE sym_k0267 13 35
REFERENCE sym_k0001 35
DECLARE sym_k0196 2 35
REFERENCE sym_k0003 35
REFERENCE sym_k0014 35
ENTER_SCOPE 40 35
DECLARE sym_k0009 10 40
REFERENCE sym_k0000 40
REFERENCE sym_k0007 40
REFERENCE sym_k0000 40
REFERENCE sym_k0001 40
REFERENCE sym_k0020 40
REFERENCE sym_k0007 40
DECLARE sym_k0108 4 40
REFERENCE sym_k0002 40
DECLARE sym_k0000 1 40
DECLARE sym_k0096 7 40
DECLARE sym_k0001 2 40
REFERENCE sym_k0001 40
DECLARE sym_k0055 11 40
REFERENCE sym_k0000 40
REFERENCE missing_8335 40
REFERENCE sym_k0016 40
EXIT_SCOPE 40
DECLARE sym_k0223 14 35
DECLARE sym_k0013 14 35
DECLARE sym_k0015 1 35
DECLARE sym_k0021 7 35
ENTER_SCOPE 41 35
DECLARE sym_k0023 9 41
REFERENCE sym_k0003 41
DECLARE sym_k0036 7 41
REFERENCE sym_k0007 41
DECLARE sym_k0001 2 41
DECLARE sym_k0166 2 41
REFERENCE sym_k0002 41
DECLARE sym_k0003 4 41
REFERENCE sym_k0001 41
REFERENCE sym_k0001 41
REFERENCE sym_k0001 41
REFERENCE sym_k0012 41
DECLARE sym_k0000 1 41
REFERENCE sym_k0002 41
DECLARE sym_k0054 10 41
REFERENCE sym_k0000 41
DECLARE sym_k0125 6 41
ENTER_SCOPE 42 41
DECLARE sym_k0041 12 42
REFERENCE sym_k0000 42
REFERENCE sym_k0021 42
EXIT_SCOPE 42
REFERENCE sym_k0003 41
REFERENCE sym_k0011 41
DECLARE sym_k0075 1 41
ENTER_SCOPE 43 41
DECLARE sym_k0048 4 43
REFERENCE sym_k0004 43
DECLARE sym_k0040 11 43
REFERENCE sym_k0000 43
DECLARE sym_k0041 12 43
REFERENCE sym_k0012 43
REFERENCE sym_k0000 43
DECLARE sym_k0092 3 43
DECLARE sym_k0001 2 43
EXIT_SCOPE 43
REFERENCE sym_k0000 41
REFERENCE sym_k0033 41
ENTER_SCOPE 44 41
REFERENCE sym_k0003 44
REFERENCE missing_7535 44
REFERENCE missing_6420 44
ENTER_SCOPE 45 44
DECLARE sym_k0008 9 45
DECLARE sym_k0006 7 45
EXIT_SCOPE 45
REFERENCE sym_k0015 44
EXIT_SCOPE 44
DECLARE sym_k0065 6 41
DECLARE sym_k0012 13 41
DECLARE sym_k0025 11 41
REFERENCE sym_k0003 41
REFERENCE sym_k0003 41
REFERENCE missing_9248 41
REFERENCE sym_k0034 41
REFERENCE sym_k0000 41
REFERENCE sym_k0012 41
REFERENCE sym_k0000 41
ENTER_SCOPE 46 41
REFERENCE sym_k0044 46
REFERENCE sym_k0011 46
REFERENCE sym_k0013 46
DECLARE sym_k0005 6 46
REFERENCE missing_8614 46
REFERENCE sym_k0003 46
EXIT_SCOPE 46
REFERENCE sym_k0000 41
REFERENCE sym_k0000 41
REFERENCE missing_4184 41
DECLARE sym_k0014 15 41
REFERENCE sym_k0000 41
REFERENCE sym_k0023 41
REFERENCE sym_k0000 41
REFERENCE sym_k0000 41
REFERENCE sym_k0003 41
DECLARE sym_k0005 6 41
REFERENCE sym_k0011 41
REFERENCE sym_k0020 41
REFERENCE sym_k0033 41
REFERENCE sym_k0125 41
REFERENCE sym_k0000 41
REFERENCE sym_k0000 41
ENTER_SCOPE 47 41
DECLARE sym_k0000 1 47
ENTER_SCOPE 48 47
REFERENCE missing_1616 48
REFERENCE sym_k0048 48
REFERENCE sym_k0003 48
REFERENCE sym_k0007 48
EXIT_SCOPE 48
EXIT_SCOPE 47
EXIT_SCOPE 41
EXIT_SCOPE 35
EXIT_SCOPE 33
EXIT_SCOPE 32
EXIT_SCOPE 4
EXIT_SCOPE 0
