# ColliScope Frequency-Matched Synthetic Trace
# Parameters: seed=95, zipf_s=1.244, scope=nested, type=mixed, load_factor=0.9
ENTER_SCOPE 0
DECLARE sym_k0000 1 0
DECLARE sym_k0001 2 0
DECLARE sym_k0002 3 0
DECLARE sym_k0003 4 0
DECLARE sym_k0004 5 0
DECLARE sym_k0005 6 0
DECLARE sym_k0006 7 0
DECLARE sym_k0007 8 0
DECLARE sym_k0008 9 0
DECLARE sym_k0009 10 0
DECLARE sym_k0010 1 0
DECLARE sym_k0011 2 0
DECLARE sym_k0012 3 0
DECLARE sym_k0013 4 0
DECLARE sym_k0014 5 0
DECLARE sym_k0015 6 0
DECLARE sym_k0016 7 0
DECLARE sym_k0017 8 0
DECLARE sym_k0018 9 0
DECLARE sym_k0019 10 0
DECLARE sym_k0020 1 0
DECLARE sym_k0021 2 0
DECLARE sym_k0022 3 0
DECLARE sym_k0023 4 0
DECLARE sym_k0024 5 0
DECLARE sym_k0025 6 0
DECLARE sym_k0026 7 0
DECLARE sym_k0027 8 0
DECLARE sym_k0028 9 0
DECLARE sym_k0029 10 0
DECLARE sym_k0030 1 0
DECLARE sym_k0031 2 0
DECLARE sym_k0032 3 0
DECLARE sym_k0033 4 0
DECLARE sym_k0034 5 0
DECLARE sym_k0035 6 0
DECLARE sym_k0036 7 0
DECLARE sym_k0037 8 0
DECLARE sym_k0038 9 0
DECLARE sym_k0039 10 0
DECLARE sym_k0040 1 0
DECLARE sym_k0041 2 0
DECLARE sym_k0042 3 0
DECLARE sym_k0043 4 0
DECLARE sym_k0044 5 0
DECLARE sym_k0045 6 0
DECLARE sym_k0046 7 0
DECLARE sym_k0047 8 0
DECLARE sym_k0048 9 0
DECLARE sym_k0049 10 0
REFERENCE sym_k0004 0
REFERENCE sym_k0017 0
REFERENCE missing_1210 0
REFERENCE sym_k0000 0
REFERENCE missing_9669 0
REFERENCE sym_k0001 0
REFERENCE sym_k0002 0
REFERENCE sym_k0003 0
REFERENCE sym_k0000 0
REFERENCE sym_k0026 0
REFERENCE sym_k0030 0
REFERENCE sym_k0002 0
REFERENCE sym_k0000 0
REFERENCE sym_k0003 0
REFERENCE sym_k0001 0
REFERENCE missing_2607 0
REFERENCE sym_k0022 0
REFERENCE sym_k0001 0
ENTER_SCOPE 1 0
DECLARE sym_k0038 9 1
REFERENCE sym_k0005 1
DECLARE sym_k0000 1 1
DECLARE sym_k0019 5 1
DECLARE sym_k0011 12 1
REFERENCE missing_3168 1
REFERENCE missing_1487 1
ENTER_SCOPE 2 1
DECLARE sym_k0002 3 2
REFERENCE sym_k0000 2
REFERENCE sym_k0000 2
REFERENCE sym_k0035 2
REFERENCE missing_2833 2
DECLARE sym_k0029 15 2
DECLARE sym_k0025 11 2
REFERENCE sym_k0001 2
DECLARE sym_k0003 4 2
REFERENCE sym_k0005 2
DECLARE sym_k0004 5 2
DECLARE sym_k0001 2 2
REFERENCE sym_k0001 2
REFERENCE sym_k0006 2
REFERENCE sym_k0012 2
REFERENCE sym_k0001 2
REFERENCE sym_k0002 2
REFERENCE sym_k0003 2
REFERENCE sym_k0003 2
REFERENCE sym_k0027 2
ENTER_SCOPE 3 2
REFERENCE sym_k0000 3
REFERENCE sym_k0000 3
DECLARE sym_k0013 14 3
REFERENCE sym_k0001 3
REFERENCE sym_k0012 3
DECLARE sym_k0000 1 3
ENTER_SCOPE 4 3
DECLARE sym_k0001 2 4
DECLARE sym_k0000 1 4
DECLARE sym_k0007 8 4
DECLARE sym_k0157 8 4
DECLARE sym_k0016 2 4
EXIT_SCOPE 4
REFERENCE sym_k0000 3
EXIT_SCOPE 3
REFERENCE sym_k0000 2
REFERENCE sym_k0001 2
REFERENCE sym_k0016 2
DECLARE sym_k0049 5 2
EXIT_SCOPE 2
REFERENCE missing_9288 1
REFERENCE sym_k0000 1
DECLARE sym_k0014 15 1
DECLARE sym_k0005 6 1
REFERENCE sym_k0029 1
REFERENCE sym_k0008 1
REFERENCE sym_k0001 1
REFERENCE sym_k0033 1
REFERENCE sym_k0016 1
ENTER_SCOPE 5 1
ENTER_SCOPE 6 5
REFERENCE sym_k0001 6
REFERENCE sym_k0018 6
DECLARE sym_k0001 2 6
DECLARE sym_k0003 4 6
REFERENCE missing_8164 6
DECLARE sym_k0030 1 6
REFERENCE sym_k0004 6
REFERENCE sym_k0010 6
REFERENCE sym_k0012 6
EXIT_SCOPE 6
REFERENCE sym_k0002 5
DECLARE sym_k0000 1 5
REFERENCE sym_k0000 5
REFERENCE sym_k0005 5
REFERENCE sym_k0000 5
DECLARE sym_k0168 4 5
REFERENCE sym_k0000 5
DECLARE sym_k0001 2 5
REFERENCE sym_k0017 5
REFERENCE sym_k0002 5
REFERENCE sym_k0000 5
REFERENCE sym_k0000 5
REFERENCE sym_k0000 5
REFERENCE sym_k0000 5
REFERENCE sym_k0036 5
DECLARE sym_k0007 8 5
DECLARE sym_k0062 3 5
ENTER_SCOPE 7 5
REFERENCE sym_k0002 7
DECLARE sym_k0000 1 7
REFERENCE missing_5828 7
REFERENCE missing_3721 7
REFERENCE sym_k0001 7
DECLARE sym_k0153 4 7
REFERENCE sym_k0002 7
DECLARE sym_k0001 2 7
EXIT_SCOPE 7
REFERENCE sym_k0000 5
DECLARE sym_k0011 12 5
DECLARE sym_k0002 3 5
DECLARE sym_k0004 5 5
DECLARE sym_k0018 4 5
EXIT_SCOPE 5
REFERENCE sym_k0018 1
DECLARE sym_k0020 6 1
DECLARE sym_k0058 14 1
REFERENCE sym_k0001 1
DECLARE sym_k0006 7 1
ENTER_SCOPE 8 1
DECLARE sym_k0015 1 8
DECLARE sym_k0005 6 8
REFERENCE sym_k0014 8
REFERENCE missing_2019 8
REFERENCE missing_4152 8
DECLARE sym_k0056 12 8
REFERENCE sym_k0001 8
REFERENCE missing_8015 8
REFERENCE sym_k0000 8
DECLARE sym_k0001 2 8
DECLARE sym_k0003 4 8
REFERENCE sym_k0003 8
REFERENCE sym_k0005 8
DECLARE sym_k0000 1 8
DECLARE sym_k0013 14 8
DECLARE sym_k0183 4 8
DECLARE sym_k0022 8 8
REFERENCE sym_k0000 8
REFERENCE sym_k0000 8
REFERENCE sym_k0031 8
REFERENCE sym_k0000 8
REFERENCE sym_k0018 8
REFERENCE sym_k0002 8
REFERENCE sym_k0001 8
REFERENCE sym_k0012 8
ENTER_SCOPE 9 8
REFERENCE sym_k0009 9
REFERENCE sym_k0000 9
DECLARE sym_k0002 3 9
ENTER_SCOPE 10 9
REFERENCE missing_3955 10
REFERENCE sym_k0002 10
REFERENCE sym_k0000 10
DECLARE sym_k0004 5 10
REFERENCE sym_k0006 10
DECLARE sym_k0000 1 10
ENTER_SCOPE 11 10
DECLARE sym_k0145 11 11
REFERENCE sym_k0041 11
DECLARE sym_k0023 9 11
DECLARE sym_k0001 2 11
ENTER_SCOPE 12 11
DECLARE sym_k0001 2 12
REFERENCE sym_k0008 12
REFERENCE sym_k0001 12
DECLARE sym_k0013 14 12
REFERENCE sym_k0005 12
DECLARE sym_k0005 6 12
DECLARE sym_k0003 4 12
DECLARE sym_k0000 1 12
DECLARE sym_k0056 12 12
DECLARE sym_k0002 3 12
ENTER_SCOPE 13 12
REFERENCE sym_k0021 13
DECLARE sym_k0034 5 13
REFERENCE sym_k0002 13
REFERENCE sym_k0001 13
REFERENCE sym_k0013 13
DECLARE sym_k0002 3 13
DECLARE sym_k0001 2 13
REFERENCE sym_k0001 13
DECLARE sym_k0000 1 13
DECLARE sym_k0051 7 13
REFERENCE missing_4175 13
REFERENCE sym_k0000 13
DECLARE sym_k0037 8 13
DECLARE sym_k0274 5 13
REFERENCE sym_k0000 13
REFERENCE missing_4456 13
EXIT_SCOPE 13
REFERENCE sym_k0000 12
REFERENCE sym_k0002 12
REFERENCE sym_k0002 12
REFERENCE sym_k0011 12
REFERENCE sym_k0000 12
REFERENCE sym_k0003 12
REFERENCE sym_k0002 12
REFERENCE sym_k0000 12
DECLARE sym_k0037 8 12
DECLARE sym_k0063 4 12
EXIT_SCOPE 12
REFERENCE missing_3854 11
DECLARE sym_k0000 1 11
DECLARE sym_k0004 5 11
REFERENCE sym_k0030 11
REFERENCE sym_k0001 11
REFERENCE sym_k0001 11
REFERENCE sym_k0000 11
REFERENCE sym_k0001 11
REFERENCE sym_k0000 11
REFERENCE sym_k0000 11
REFERENCE sym_k0003 11
DECLARE sym_k0127 8 11
REFERENCE sym_k0010 11
REFERENCE missing_4689 11
EXIT_SCOPE 11
REFERENCE sym_k0004 10
REFERENCE sym_k0000 10
DECLARE sym_k0020 6 10
REFERENCE sym_k0029 10
REFERENCE sym_k0000 10
DECLARE sym_k0011 12 10
REFERENCE sym_k0000 10
REFERENCE sym_k0007 10
EXIT_SCOPE 10
DECLARE sym_k0000 1 9
REFERENCE sym_k0000 9
REFERENCE missing_7541 9
REFERENCE sym_k0000 9
REFERENCE sym_k0000 9
REFERENCE sym_k0003 9
REFERENCE sym_k0001 9
REFERENCE sym_k0000 9
DECLARE sym_k0011 12 9
DECLARE sym_k0131 12 9
DECLARE sym_k0001 2 9
REFERENCE sym_k0000 9
REFERENCE missing_5466 9
REFERENCE sym_k0000 9
ENTER_SCOPE 14 9
DECLARE sym_k0026 12 14
REFERENCE sym_k0044 14
REFERENCE missing_2263 14
DECLARE sym_k0021 7 14
DECLARE sym_k0000 1 14
REFERENCE sym_k0000 14
DECLARE sym_k0108 4 14
REFERENCE sym_k0008 14
DECLARE sym_k0003 4 14
REFERENCE sym_k0000 14
REFERENCE sym_k0000 14
REFERENCE sym_k0000 14
ENTER_SCOPE 15 14
REFERENCE sym_k0002 15
DECLARE sym_k0001 2 15
REFERENCE sym_k0011 15
DECLARE sym_k0000 1 15
REFERENCE sym_k0000 15
REFERENCE sym_k0003 15
DECLARE sym_k0011 12 15
REFERENCE sym_k0002 15
REFERENCE sym_k0000 15
REFERENCE sym_k0056 15
EXIT_SCOPE 15
ENTER_SCOPE 16 14
REFERENCE sym_k0131 16
REFERENCE sym_k0006 16
DECLARE sym_k0123 4 16
DECLARE sym_k0002 3 16
DECLARE sym_k0013 14 16
REFERENCE sym_k0020 16
DECLARE sym_k0073 14 16
REFERENCE sym_k0000 16
DECLARE sym_k0006 7 16
REFERENCE sym_k0000 16
DECLARE sym_k0004 5 16
REFERENCE sym_k0003 16
DECLARE sym_k0000 1 16
REFERENCE sym_k0007 16
REFERENCE sym_k0000 16
REFERENCE sym_k0000 16
REFERENCE sym_k0000 16
REFERENCE sym_k0014 16
REFERENCE missing_8958 16
REFERENCE sym_k0000 16
REFERENCE missing_7810 16
REFERENCE sym_k0002 16
REFERENCE sym_k0004 16
ENTER_SCOPE 17 16
REFERENCE sym_k0000 17
REFERENCE missing_1152 17
DECLARE sym_k0002 3 17
ENTER_SCOPE 18 17
DECLARE sym_k0000 1 18
EXIT_SCOPE 18
DECLARE sym_k0224 15 17
REFERENCE sym_k0000 17
DECLARE sym_k0145 11 17
REFERENCE sym_k0013 17
DECLARE sym_k0003 4 17
DECLARE sym_k0006 7 17
REFERENCE sym_k0000 17
REFERENCE sym_k0004 17
REFERENCE sym_k0029 17
EXIT_SCOPE 17
REFERENCE sym_k0010 16
REFERENCE sym_k0005 16
REFERENCE sym_k0004 16
REFERENCE sym_k0003 16
DECLARE sym_k0028 14 16
DECLARE sym_k0008 9 16
ENTER_SCOPE 19 16
REFERENCE sym_k0001 19
REFERENCE sym_k0006 19
ENTER_SCOPE 20 19
DECLARE sym_k0001 2 20
REFERENCE missing_4024 20
REFERENCE sym_k0000 20
REFERENCE sym_k0005 20
EXIT_SCOPE 20
REFERENCE sym_k0042 19
DECLARE sym_k0001 2 19
REFERENCE sym_k0001 19
REFERENCE missing_4105 19
EXIT_SCOPE 19
ENTER_SCOPE 21 16
EXIT_SCOPE 21
REFERENCE sym_k0003 16
REFERENCE sym_k0019 16
REFERENCE sym_k0006 16
REFERENCE sym_k0000 16
REFERENCE missing_7545 16
REFERENCE sym_k0001 16
DECLARE sym_k0012 13 16
REFERENCE sym_k0000 16
DECLARE sym_k0225 1 16
DECLARE sym_k0001 2 16
REFERENCE sym_k0000 16
REFERENCE sym_k0000 16
DECLARE sym_k0058 14 16
REFERENCE sym_k0000 16
REFERENCE sym_k0001 16
DECLARE sym_k0034 5 16
REFERENCE sym_k0036 16
REFERENCE sym_k0008 16
REFERENCE sym_k0000 16
REFERENCE sym_k0000 16
DECLARE sym_k0109 5 16
DECLARE sym_k0026 12 16
DECLARE sym_k0061 2 16
REFERENCE sym_k0000 16
REFERENCE sym_k0008 16
ENTER_SCOPE 22 16
ENTER_SCOPE 23 22
DECLARE sym_k0039 10 23
DECLARE sym_k0073 14 23
EXIT_SCOPE 23
REFERENCE sym_k0028 22
DECLARE sym_k0054 10 22
DECLARE sym_k0001 2 22
REFERENCE sym_k0015 22
DECLARE sym_k0025 11 22
DECLARE sym_k0011 12 22
DECLARE sym_k0003 4 22
DECLARE sym_k0000 1 22
REFERENCE sym_k0026 22
DECLARE sym_k0173 9 22
REFERENCE sym_k0000 22
REFERENCE sym_k0006 22
REFERENCE sym_k0038 22
REFERENCE sym_k0006 22
REFERENCE sym_k0003 22
REFERENCE sym_k0002 22
DECLARE sym_k0061 2 22
DECLARE sym_k0174 10 22
REFERENCE sym_k0006 22
REFERENCE sym_k0003 22
REFERENCE sym_k0002 22
REFERENCE sym_k0000 22
DECLARE sym_k0002 3 22
DECLARE sym_k0008 9 22
REFERENCE sym_k0014 22
REFERENCE sym_k0000 22
REFERENCE sym_k0058 22
DECLARE sym_k0027 13 22
REFERENCE sym_k0004 22
REFERENCE sym_k0007 22
REFERENCE sym_k0007 22
ENTER_SCOPE 24 22
REFERENCE sym_k0014 24
EXIT_SCOPE 24
EXIT_SCOPE 22
REFERENCE sym_k0015 16
REFERENCE sym_k0000 16
REFERENCE sym_k0002 16
REFERENCE sym_k0000 16
REFERENCE sym_k0000 16
DECLARE sym_k0078 4 16
REFERENCE sym_k0000 16
REFERENCE sym_k0002 16
DECLARE sym_k0003 4 16
DECLARE sym_k0018 4 16
REFERENCE sym_k0000 16
ENTER_SCOPE 25 16
REFERENCE sym_k0023 25
REFERENCE sym_k0000 25
REFERENCE sym_k0014 25
REFERENCE sym_k0001 25
DECLARE sym_k0000 1 25
DECLARE sym_k0004 5 25
REFERENCE missing_8598 25
REFERENCE sym_k0000 25
EXIT_SCOPE 25
DECLARE sym_k0014 15 16
REFERENCE sym_k0026 16
REFERENCE sym_k0000 16
REFERENCE sym_k0000 16
REFERENCE sym_k0000 16
REFERENCE sym_k0006 16
ENTER_SCOPE 26 16
REFERENCE sym_k0031 26
EXIT_SCOPE 26
REFERENCE sym_k0000 16
REFERENCE sym_k0000 16
REFERENCE sym_k0001 16
EXIT_SCOPE 16
REFERENCE sym_k0005 14
DECLARE sym_k0004 5 14
DECLARE sym_k0043 14 14
EXIT_SCOPE 14
REFERENCE sym_k0010 9
REFERENCE sym_k0000 9
REFERENCE sym_k0001 9
ENTER_SCOPE 27 9
ENTER_SCOPE 28 27
REFERENCE sym_k0004 28
REFERENCE sym_k0000 28
REFERENCE missing_3357 28
REFERENCE sym_k0002 28
DECLARE sym_k0003 4 28
REFERENCE sym_k0003 28
REFERENCE sym_k0012 28
REFERENCE sym_k0000 28
REFERENCE missing_8615 28
DECLARE sym_k0002 3 28
REFERENCE sym_k0000 28
REFERENCE sym_k0019 28
DECLARE sym_k0015 1 28
DECLARE sym_k0020 6 28
DECLARE sym_k0093 4 28
REFERENCE sym_k0002 28
REFERENCE sym_k0000 28
REFERENCE sym_k0006 28
REFERENCE sym_k0008 28
REFERENCE sym_k0027 28
REFERENCE missing_2499 28
DECLARE sym_k0042 13 28
REFERENCE sym_k0021 28
REFERENCE sym_k0003 28
REFERENCE sym_k0022 28
ENTER_SCOPE 29 28
DECLARE sym_k0001 2 29
DECLARE sym_k0000 1 29
REFERENCE sym_k0001 29
ENTER_SCOPE 30 29
REFERENCE sym_k0009 30
DECLARE sym_k0001 2 30
EXIT_SCOPE 30
REFERENCE sym_k0014 29
REFERENCE sym_k0041 29
REFERENCE sym_k0008 29
ENTER_SCOPE 31 29
DECLARE sym_k0081 7 31
DECLARE sym_k0001 2 31
EXIT_SCOPE 31
DECLARE sym_k0055 11 29
DECLARE sym_k0032 3 29
REFERENCE sym_k0000 29
REFERENCE sym_k0000 29
REFERENCE sym_k0001 29
REFERENCE sym_k0000 29
REFERENCE sym_k0032 29
ENTER_SCOPE 32 29
DECLARE sym_k0000 1 32
REFERENCE sym_k0002 32
DECLARE sym_k0009 10 32
REFERENCE sym_k0001 32
DECLARE sym_k0018 4 32
DECLARE sym_k0065 6 32
REFERENCE missing_4692 32
DECLARE sym_k0002 3 32
DECLARE sym_k0004 5 32
REFERENCE sym_k0001 32
EXIT_SCOPE 32
REFERENCE sym_k0002 29
REFERENCE sym_k0003 29
REFERENCE sym_k0000 29
DECLARE sym_k0013 14 29
DECLARE sym_k0002 3 29
REFERENCE sym_k0000 29
REFERENCE sym_k0001 29
REFERENCE sym_k0042 29
REFERENCE sym_k0001 29
REFERENCE sym_k0000 29
REFERENCE sym_k0003 29
DECLARE sym_k0080 6 29
REFERENCE sym_k0000 29
REFERENCE sym_k0016 29
REFERENCE sym_k0000 29
REFERENCE sym_k0021 29
DECLARE sym_k0009 10 29
REFERENCE sym_k0015 29
ENTER_SCOPE 33 29
REFERENCE sym_k0000 33
DECLARE sym_k0000 1 33
EXIT_SCOPE 33
REFERENCE sym_k0000 29
DECLARE sym_k0035 6 29
DECLARE sym_k0003 4 29
REFERENCE sym_k0025 29
DECLARE sym_k0016 2 29
DECLARE sym_k0011 12 29
REFERENCE sym_k0005 29
REFERENCE sym_k0003 29
REFERENCE sym_k0000 29
REFERENCE sym_k0022 29
REFERENCE sym_k0013 29
REFERENCE sym_k0002 29
REFERENCE sym_k0013 29
DECLARE sym_k0006 7 29
REFERENCE missing_4880 29
DECLARE sym_k0201 7 29
REFERENCE missing_6048 29
REFERENCE sym_k0002 29
REFERENCE sym_k0024 29
REFERENCE sym_k0000 29
DECLARE sym_k0027 13 29
DECLARE sym_k0008 9 29
REFERENCE sym_k0005 29
REFERENCE sym_k0001 29
REFERENCE sym_k0009 29
REFERENCE sym_k0000 29
REFERENCE sym_k0201 29
REFERENCE sym_k0008 29
EXIT_SCOPE 29
DECLARE sym_k0065 6 28
DECLARE sym_k0007 8 28
REFERENCE sym_k0022 28
REFERENCE sym_k0000 28
DECLARE sym_k0180 1 28
REFERENCE sym_k0007 28
REFERENCE sym_k0038 28
DECLARE sym_k0158 9 28
REFERENCE sym_k0065 28
REFERENCE sym_k0002 28
EXIT_SCOPE 28
REFERENCE sym_k0001 27
REFERENCE sym_k0000 27
DECLARE sym_k0001 2 27
REFERENCE missing_6201 27
DECLARE sym_k0000 1 27
REFERENCE sym_k0000 27
DECLARE sym_k0007 8 27
REFERENCE sym_k0021 27
DECLARE sym_k0070 11 27
REFERENCE sym_k0001 27
DECLARE sym_k0011 12 27
DECLARE sym_k0023 9 27
DECLARE sym_k0024 10 27
ENTER_SCOPE 34 27
REFERENCE sym_k0000 34
DECLARE sym_k0019 5 34
REFERENCE sym_k0014 34
DECLARE sym_k0000 1 34
REFERENCE sym_k0018 34
REFERENCE sym_k0000 34
REFERENCE sym_k0000 34
REFERENCE sym_k0030 34
REFERENCE sym_k0001 34
REFERENCE sym_k0007 34
EXIT_SCOPE 34
REFERENCE sym_k0001 27
REFERENCE sym_k0003 27
DECLARE sym_k0002 3 27
REFERENCE sym_k0046 27
DECLARE sym_k0004 5 27
ENTER_SCOPE 35 27
REFERENCE sym_k0003 35
DECLARE sym_k0010 11 35
ENTER_SCOPE 36 35
DECLARE sym_k0255 1 36
REFERENCE missing_7094 36
DECLARE sym_k0008 9 36
REFERENCE sym_k0000 36
REFERENCE sym_k0000 36
EXIT_SCOPE 36
DECLARE sym_k0033 4 35
REFERENCE sym_k0000 35
REFERENCE sym_k0009 35
REFERENCE sym_k0032 35
DECLARE sym_k0000 1 35
REFERENCE sym_k0000 35
REFERENCE sym_k0000 35
REFERENCE sym_k0000 35
DECLARE sym_k0001 2 35
REFERENCE sym_k0001 35
DECLARE sym_k0004 5 35
REFERENCE sym_k0000 35
ENTER_SCOPE 37 35
DECLARE sym_k0000 1 37
REFERENCE sym_k0000 37
REFERENCE sym_k0013 37
REFERENCE missing_1446 37
REFERENCE sym_k0000 37
ENTER_SCOPE 38 37
REFERENCE sym_k0017 38
DECLARE sym_k0028 14 38
DECLARE sym_k0041 12 38
DECLARE sym_k0094 5 38
DECLARE sym_k0050 6 38
DECLARE sym_k0176 12 38
REFERENCE sym_k0001 38
DECLARE sym_k0001 2 38
DECLARE sym_k0005 6 38
DECLARE sym_k0000 1 38
REFERENCE sym_k0023 38
REFERENCE missing_6779 38
DECLARE sym_k0273 4 38
REFERENCE sym_k0005 38
DECLARE sym_k0047 3 38
DECLARE sym_k0019 5 38
DECLARE sym_k0026 12 38
DECLARE sym_k0004 5 38
REFERENCE sym_k0005 38
EXIT_SCOPE 38
DECLARE sym_k0001 2 37
REFERENCE sym_k0001 37
REFERENCE sym_k0023 37
REFERENCE sym_k0007 37
ENTER_SCOPE 39 37
DECLARE sym_k0090 1 39
DECLARE sym_k0001 2 39
REFERENCE sym_k0000 39
EXIT_SCOPE 39
REFERENCE sym_k0001 37
REFERENCE missing_2182 37
REFERENCE sym_k0000 37
REFERENCE sym_k0000 37
REFERENCE sym_k0000 37
REFERENCE sym_k0002 37
REFERENCE sym_k0000 37
REFERENCE missing_9227 37
DECLARE sym_k0006 7 37
REFERENCE sym_k0000 37
ENTER_SCOPE 40 37
DECLARE sym_k0058 14 40
REFERENCE missing_2658 40
EXIT_SCOPE 40
REFERENCE sym_k0006 37
ENTER_SCOPE 41 37
REFERENCE missing_8621 41
REFERENCE sym_k0000 41
DECLARE sym_k0022 8 41
REFERENCE sym_k0005 41
DECLARE sym_k0000 1 41
DECLARE sym_k0232 8 41
DECLARE sym_k0001 2 41
REFERENCE sym_k0001 41
EXIT_SCOPE 41
DECLARE sym_k0005 6 37
DECLARE sym_k0008 9 37
REFERENCE sym_k0000 37
DECLARE sym_k0014 15 37
REFERENCE sym_k0037 37
REFERENCE sym_k0045 37
REFERENCE sym_k0001 37
DECLARE sym_k0003 4 37
ENTER_SCOPE 42 37
REFERENCE sym_k0000 42
REFERENCE missing_2277 42
EXIT_SCOPE 42
REFERENCE sym_k0000 37
ENTER_SCOPE 43 37
DECLARE sym_k0001 2 43
DECLARE sym_k0000 1 43
REFERENCE sym_k0001 43
REFERENCE sym_k0000 43
DECLARE sym_k0125 6 43
REFERENCE sym_k0019 43
REFERENCE sym_k0000 43
REFERENCE sym_k0003 43
DECLARE sym_k0002 3 43
REFERENCE sym_k0000 43
REFERENCE sym_k0000 43
REFERENCE sym_k0009 43
REFERENCE missing_2655 43
REFERENCE sym_k0007 43
DECLARE sym_k0059 15 43
REFERENCE missing_2839 43
REFERENCE sym_k0002 43
DECLARE sym_k0016 2 43
REFERENCE sym_k0009 43
REFERENCE sym_k0001 43
REFERENCE sym_k0001 43
EXIT_SCOPE 43
REFERENCE sym_k0006 37
REFERENCE sym_k0000 37
REFERENCE sym_k0001 37
DECLARE sym_k0007 8 37
REFERENCE sym_k0011 37
ENTER_SCOPE 44 37
REFERENCE sym_k0026 44
DECLARE sym_k0008 9 44
DECLARE sym_k0179 15 44
DECLARE sym_k0000 1 44
REFERENCE sym_k0001 44
DECLARE sym_k0020 6 44
DECLARE sym_k0004 5 44
DECLARE sym_k0027 13 44
EXIT_SCOPE 44
REFERENCE sym_k0000 37
DECLARE sym_k0002 3 37
REFERENCE sym_k0002 37
REFERENCE missing_3535 37
REFERENCE sym_k0007 37
REFERENCE sym_k0001 37
REFERENCE sym_k0017 37
REFERENCE sym_k0045 37
REFERENCE sym_k0022 37
DECLARE sym_k0011 12 37
DECLARE sym_k0076 2 37
REFERENCE sym_k0008 37
REFERENCE sym_k0000 37
REFERENCE sym_k0000 37
DECLARE sym_k0026 12 37
REFERENCE sym_k0003 37
REFERENCE sym_k0001 37
DECLARE sym_k0018 4 37
ENTER_SCOPE 45 37
DECLARE sym_k0005 6 45
REFERENCE missing_4212 45
REFERENCE sym_k0000 45
DECLARE sym_k0077 3 45
REFERENCE sym_k0028 45
EXIT_SCOPE 45
ENTER_SCOPE 46 37
DECLARE sym_k0014 15 46
DECLARE sym_k0000 1 46
REFERENCE sym_k0029 46
REFERENCE sym_k0000 46
REFERENCE sym_k0034 46
REFERENCE sym_k0021 46
REFERENCE sym_k0006 46
REFERENCE sym_k0000 46
DECLARE sym_k0001 2 46
EXIT_SCOPE 46
ENTER_SCOPE 47 37
REFERENCE sym_k0012 47
REFERENCE missing_1810 47
REFERENCE sym_k0043 47
REFERENCE sym_k0012 47
REFERENCE sym_k0005 47
REFERENCE sym_k0000 47
EXIT_SCOPE 47
DECLARE sym_k0073 14 37
REFERENCE sym_k0001 37
REFERENCE sym_k0001 37
REFERENCE sym_k0002 37
REFERENCE sym_k0000 37
REFERENCE sym_k0018 37
REFERENCE sym_k0000 37
DECLARE sym_k0004 5 37
REFERENCE missing_3259 37
REFERENCE sym_k0000 37
REFERENCE missing_7304 37
DECLARE sym_k0163 14 37
REFERENCE sym_k0004 37
REFERENCE sym_k0002 37
REFERENCE sym_k0009 37
REFERENCE sym_k0032 37
REFERENCE sym_k0019 37
EXIT_SCOPE 37
REFERENCE sym_k0000 35
REFERENCE sym_k0005 35
REFERENCE sym_k0004 35
REFERENCE missing_5857 35
REFERENCE sym_k0000 35
DECLARE sym_k0003 4 35
REFERENCE sym_k0003 35
REFERENCE missing_5033 35
REFERENCE missing_2678 35
REFERENCE sym_k0024 35
REFERENCE sym_k0021 35
DECLARE sym_k0005 6 35
REFERENCE sym_k0000 35
REFERENCE sym_k0014 35
REFERENCE sym_k0001 35
REFERENCE sym_k0002 35
ENTER_SCOPE 48 35
DECLARE sym_k0033 4 48
REFERENCE sym_k0005 48
DECLARE sym_k0168 4 48
DECLARE sym_k0007 8 48
DECLARE sym_k0002 3 48
REFERENCE sym_k0000 48
REFERENCE sym_k0002 48
DECLARE sym_k0038 9 48
DECLARE sym_k0000 1 48
DECLARE sym_k0001 2 48
REFERENCE sym_k0006 48
REFERENCE sym_k0027 48
REFERENCE sym_k0001 48
REFERENCE sym_k0015 48
REFERENCE sym_k0001 48
REFERENCE sym_k0000 48
REFERENCE sym_k0003 48
REFERENCE sym_k0017 48
REFERENCE sym_k0002 48
DECLARE sym_k0144 10 48
REFERENCE missing_5983 48
REFERENCE sym_k0048 48
REFERENCE sym_k0001 48
REFERENCE sym_k0003 48
REFERENCE sym_k0000 48
REFERENCE sym_k0000 48
DECLARE sym_k0003 4 48
REFERENCE sym_k0000 48
REFERENCE sym_k0000 48
EXIT_SCOPE 48
REFERENCE sym_k0001 35
REFERENCE sym_k0006 35
DECLARE sym_k0002 3 35
REFERENCE sym_k0008 35
REFERENCE sym_k0000 35
DECLARE sym_k0006 7 35
REFERENCE sym_k0000 35
REFERENCE sym_k0023 35
REFERENCE sym_k0001 35
REFERENCE sym_k0000 35
REFERENCE sym_k0000 35
REFERENCE sym_k0008 35
REFERENCE sym_k0011 35
REFERENCE missing_6059 35
REFERENCE sym_k0025 35
REFERENCE missing_4700 35
REFERENCE missing_1949 35
REFERENCE sym_k0002 35
REFERENCE sym_k0004 35
REFERENCE sym_k0000 35
REFERENCE sym_k0001 35
REFERENCE sym_k0002 35
REFERENCE sym_k0000 35
REFERENCE sym_k0004 35
REFERENCE sym_k0003 35
ENTER_SCOPE 49 35
DECLARE sym_k0078 4 49
REFERENCE sym_k0078 49
REFERENCE sym_k0039 49
REFERENCE missing_5443 49
DECLARE sym_k0000 1 49
REFERENCE sym_k0014 49
REFERENCE sym_k0001 49
REFERENCE sym_k0000 49
REFERENCE sym_k0000 49
REFERENCE sym_k0000 49
REFERENCE sym_k0008 49
REFERENCE sym_k0003 49
REFERENCE sym_k0017 49
DECLARE sym_k0001 2 49
DECLARE sym_k0002 3 49
DECLARE sym_k0072 13 49
REFERENCE sym_k0003 49
DECLARE sym_k0104 15 49
REFERENCE sym_k0005 49
REFERENCE sym_k0000 49
DECLARE sym_k0145 11 49
DECLARE sym_k0137 3 49
REFERENCE sym_k0002 49
REFERENCE sym_k0004 49
EXIT_SCOPE 49
ENTER_SCOPE 50 35
REFERENCE sym_k0003 50
DECLARE sym_k0005 6 50
DECLARE sym_k0000 1 50
DECLARE sym_k0003 4 50
EXIT_SCOPE 50
REFERENCE sym_k0003 35
REFERENCE sym_k0002 35
REFERENCE sym_k0000 35
REFERENCE missing_2362 35
ENTER_SCOPE 51 35
REFERENCE sym_k0015 51
DECLARE sym_k0020 6 51
DECLARE sym_k0001 2 51
REFERENCE missing_8844 51
REFERENCE missing_8735 51
REFERENCE missing_3547 51
REFERENCE sym_k0001 51
DECLARE sym_k0000 1 51
EXIT_SCOPE 51
REFERENCE sym_k0004 35
REFERENCE sym_k0002 35
ENTER_SCOPE 52 35
REFERENCE sym_k0000 52
REFERENCE sym_k0001 52
REFERENCE sym_k0000 52
REFERENCE sym_k0001 52
DECLARE sym_k0000 1 52
DECLARE sym_k0002 3 52
DECLARE sym_k0017 3 52
EXIT_SCOPE 52
REFERENCE sym_k0001 35
DECLARE sym_k0230 6 35
REFERENCE sym_k0006 35
DECLARE sym_k0061 2 35
ENTER_SCOPE 53 35
REFERENCE missing_9421 53
DECLARE sym_k0104 15 53
DECLARE sym_k0000 1 53
REFERENCE sym_k0003 53
DECLARE sym_k0012 13 53
DECLARE sym_k0008 9 53
REFERENCE sym_k0000 53
REFERENCE sym_k0000 53
REFERENCE sym_k0000 53
REFERENCE sym_k0006 53
REFERENCE sym_k0022 53
REFERENCE missing_5223 53
REFERENCE sym_k0000 53
REFERENCE sym_k0000 53
DECLARE sym_k0005 6 53
DECLARE sym_k0002 3 53
REFERENCE sym_k0000 53
REFERENCE sym_k0000 53
REFERENCE sym_k0000 53
REFERENCE sym_k0000 53
REFERENCE sym_k0000 53
REFERENCE sym_k0034 53
REFERENCE sym_k0001 53
REFERENCE sym_k0008 53
REFERENCE sym_k0015 53
REFERENCE sym_k0002 53
EXIT_SCOPE 53
EXIT_SCOPE 35
EXIT_SCOPE 27
EXIT_SCOPE 9
EXIT_SCOPE 8
EXIT_SCOPE 1
EXIT_SCOPE 0
