# ColliScope Frequency-Matched Synthetic Trace
# Parameters: seed=63, zipf_s=1.244, scope=flat, type=lookup-heavy, replicate=1
ENTER_SCOPE 0
DECLARE sym_k0000 1 0
DECLARE sym_k0001 2 0
DECLARE sym_k0002 3 0
DECLARE sym_k0003 4 0
DECLARE sym_k0004 5 0
DECLARE sym_k0005 6 0
DECLARE sym_k0006 7 0
DECLARE sym_k0007 8 0
DECLARE sym_k0008 9 0
DECLARE sym_k0009 10 0
DECLARE sym_k0010 1 0
DECLARE sym_k0011 2 0
DECLARE sym_k0012 3 0
DECLARE sym_k0013 4 0
DECLARE sym_k0014 5 0
DECLARE sym_k0015 6 0
DECLARE sym_k0016 7 0
DECLARE sym_k0017 8 0
DECLARE sym_k0018 9 0
DECLARE sym_k0019 10 0
DECLARE sym_k0020 1 0
DECLARE sym_k0021 2 0
DECLARE sym_k0022 3 0
DECLARE sym_k0023 4 0
DECLARE sym_k0024 5 0
DECLARE sym_k0025 6 0
DECLARE sym_k0026 7 0
DECLARE sym_k0027 8 0
DECLARE sym_k0028 9 0
DECLARE sym_k0029 10 0
DECLARE sym_k0030 1 0
DECLARE sym_k0031 2 0
DECLARE sym_k0032 3 0
DECLARE sym_k0033 4 0
DECLARE sym_k0034 5 0
DECLARE sym_k0035 6 0
DECLARE sym_k0036 7 0
DECLARE sym_k0037 8 0
DECLARE sym_k0038 9 0
DECLARE sym_k0039 10 0
DECLARE sym_k0040 1 0
DECLARE sym_k0041 2 0
DECLARE sym_k0042 3 0
DECLARE sym_k0043 4 0
DECLARE sym_k0044 5 0
DECLARE sym_k0045 6 0
DECLARE sym_k0046 7 0
DECLARE sym_k0047 8 0
DECLARE sym_k0048 9 0
DECLARE sym_k0049 10 0
REFERENCE sym_k0005 0
REFERENCE sym_k0025 0
REFERENCE missing_4317 0
REFERENCE sym_k0000 0
REFERENCE sym_k0004 0
REFERENCE sym_k0000 0
REFERENCE sym_k0000 0
REFERENCE sym_k0001 0
REFERENCE sym_k0001 0
REFERENCE sym_k0002 0
DECLARE sym_k0257 3 0
REFERENCE sym_k0003 0
REFERENCE sym_k0003 0
REFERENCE sym_k0000 0
REFERENCE sym_k0001 0
REFERENCE missing_1524 0
REFERENCE sym_k0001 0
REFERENCE sym_k0001 0
REFERENCE missing_3794 0
REFERENCE sym_k0004 0
REFERENCE sym_k0000 0
REFERENCE sym_k0026 0
REFERENCE missing_9865 0
REFERENCE sym_k0001 0
REFERENCE sym_k0001 0
REFERENCE sym_k0010 0
REFERENCE sym_k0000 0
REFERENCE sym_k0004 0
REFERENCE sym_k0000 0
REFERENCE sym_k0000 0
DECLARE sym_k0233 9 0
REFERENCE sym_k0002 0
REFERENCE missing_6917 0
REFERENCE sym_k0003 0
REFERENCE sym_k0030 0
REFERENCE sym_k0049 0
REFERENCE sym_k0003 0
REFERENCE sym_k0008 0
REFERENCE sym_k0006 0
REFERENCE sym_k0011 0
REFERENCE sym_k0002 0
REFERENCE sym_k0000 0
DECLARE sym_k0112 8 0
REFERENCE sym_k0004 0
REFERENCE sym_k0018 0
REFERENCE sym_k0003 0
REFERENCE sym_k0002 0
REFERENCE sym_k0001 0
REFERENCE sym_k0006 0
REFERENCE sym_k0049 0
REFERENCE sym_k0000 0
REFERENCE sym_k0000 0
REFERENCE sym_k0002 0
REFERENCE sym_k0001 0
REFERENCE sym_k0000 0
REFERENCE sym_k0000 0
REFERENCE sym_k0012 0
REFERENCE sym_k0026 0
REFERENCE sym_k0000 0
REFERENCE sym_k0001 0
REFERENCE sym_k0000 0
REFERENCE sym_k0028 0
REFERENCE sym_k0000 0
REFERENCE missing_2938 0
REFERENCE sym_k0012 0
REFERENCE sym_k0000 0
REFERENCE sym_k0005 0
REFERENCE sym_k0000 0
REFERENCE missing_3722 0
REFERENCE sym_k0005 0
REFERENCE missing_1439 0
DECLARE sym_k0199 5 0
REFERENCE sym_k0002 0
REFERENCE sym_k0004 0
REFERENCE sym_k0001 0
REFERENCE sym_k0005 0
REFERENCE sym_k0020 0
REFERENCE sym_k0000 0
REFERENCE sym_k0004 0
REFERENCE sym_k0000 0
REFERENCE missing_8056 0
REFERENCE sym_k0041 0
REFERENCE sym_k0000 0
REFERENCE sym_k0022 0
REFERENCE sym_k0002 0
REFERENCE sym_k0005 0
REFERENCE sym_k0020 0
REFERENCE sym_k0006 0
REFERENCE sym_k0004 0
REFERENCE sym_k0000 0
REFERENCE sym_k0035 0
REFERENCE sym_k0000 0
REFERENCE sym_k0000 0
REFERENCE sym_k0007 0
REFERENCE sym_k0002 0
REFERENCE sym_k0233 0
REFERENCE missing_3746 0
REFERENCE sym_k0005 0
REFERENCE sym_k0023 0
REFERENCE sym_k0043 0
REFERENCE sym_k0004 0
REFERENCE sym_k0013 0
REFERENCE sym_k0000 0
REFERENCE sym_k0000 0
REFERENCE sym_k0049 0
REFERENCE sym_k0008 0
DECLARE sym_k0067 8 0
REFERENCE missing_6227 0
REFERENCE sym_k0067 0
DECLARE sym_k0076 2 0
REFERENCE sym_k0036 0
REFERENCE sym_k0008 0
REFERENCE sym_k0016 0
REFERENCE sym_k0000 0
REFERENCE sym_k0031 0
REFERENCE sym_k0000 0
DECLARE sym_k0245 6 0
REFERENCE sym_k0025 0
REFERENCE sym_k0021 0
REFERENCE sym_k0001 0
REFERENCE missing_2833 0
REFERENCE sym_k0001 0
REFERENCE sym_k0033 0
REFERENCE sym_k0000 0
REFERENCE sym_k0000 0
DECLARE sym_k0292 8 0
REFERENCE sym_k0001 0
REFERENCE sym_k0039 0
REFERENCE missing_7871 0
REFERENCE sym_k0000 0
REFERENCE sym_k0000 0
REFERENCE missing_2785 0
REFERENCE sym_k0000 0
REFERENCE sym_k0041 0
REFERENCE sym_k0005 0
REFERENCE sym_k0002 0
REFERENCE sym_k0011 0
REFERENCE sym_k0000 0
REFERENCE sym_k0002 0
REFERENCE missing_8767 0
REFERENCE sym_k0030 0
REFERENCE missing_6202 0
REFERENCE missing_4110 0
REFERENCE sym_k0001 0
REFERENCE sym_k0044 0
REFERENCE sym_k0001 0
REFERENCE sym_k0001 0
REFERENCE sym_k0001 0
REFERENCE sym_k0001 0
REFERENCE sym_k0003 0
REFERENCE sym_k0001 0
REFERENCE sym_k0000 0
REFERENCE sym_k0000 0
REFERENCE sym_k0000 0
REFERENCE sym_k0002 0
REFERENCE sym_k0000 0
REFERENCE sym_k0000 0
REFERENCE sym_k0023 0
REFERENCE sym_k0001 0
REFERENCE sym_k0000 0
REFERENCE sym_k0001 0
REFERENCE sym_k0000 0
REFERENCE sym_k0000 0
REFERENCE sym_k0001 0
REFERENCE missing_8866 0
REFERENCE sym_k0001 0
REFERENCE sym_k0002 0
DECLARE sym_k0053 9 0
REFERENCE sym_k0007 0
REFERENCE sym_k0046 0
REFERENCE sym_k0001 0
REFERENCE missing_3472 0
REFERENCE sym_k0019 0
REFERENCE sym_k0000 0
REFERENCE sym_k0013 0
REFERENCE sym_k0008 0
REFERENCE sym_k0005 0
REFERENCE sym_k0000 0
REFERENCE sym_k0001 0
REFERENCE sym_k0000 0
REFERENCE sym_k0000 0
REFERENCE sym_k0000 0
REFERENCE sym_k0000 0
REFERENCE sym_k0046 0
REFERENCE sym_k0008 0
REFERENCE sym_k0009 0
REFERENCE missing_3038 0
REFERENCE sym_k0000 0
REFERENCE sym_k0028 0
REFERENCE sym_k0045 0
REFERENCE sym_k0001 0
REFERENCE sym_k0022 0
REFERENCE sym_k0002 0
REFERENCE sym_k0000 0
REFERENCE sym_k0048 0
REFERENCE sym_k0000 0
REFERENCE sym_k0006 0
REFERENCE sym_k0000 0
REFERENCE sym_k0001 0
REFERENCE sym_k0000 0
REFERENCE sym_k0001 0
REFERENCE missing_6684 0
REFERENCE sym_k0001 0
REFERENCE sym_k0000 0
REFERENCE sym_k0021 0
REFERENCE sym_k0199 0
REFERENCE sym_k0005 0
REFERENCE sym_k0032 0
REFERENCE sym_k0000 0
REFERENCE sym_k0000 0
REFERENCE missing_3611 0
REFERENCE sym_k0010 0
REFERENCE sym_k0003 0
REFERENCE sym_k0004 0
REFERENCE missing_6546 0
REFERENCE sym_k0033 0
REFERENCE sym_k0003 0
REFERENCE sym_k0006 0
REFERENCE sym_k0002 0
REFERENCE sym_k0000 0
REFERENCE sym_k0001 0
REFERENCE sym_k0006 0
REFERENCE sym_k0017 0
REFERENCE sym_k0001 0
REFERENCE sym_k0076 0
REFERENCE sym_k0002 0
REFERENCE sym_k0000 0
REFERENCE sym_k0001 0
REFERENCE sym_k0048 0
REFERENCE sym_k0002 0
REFERENCE sym_k0001 0
REFERENCE sym_k0007 0
REFERENCE missing_7035 0
REFERENCE sym_k0046 0
REFERENCE sym_k0010 0
REFERENCE missing_4782 0
REFERENCE sym_k0023 0
REFERENCE sym_k0006 0
DECLARE sym_k0220 11 0
REFERENCE sym_k0001 0
REFERENCE sym_k0017 0
REFERENCE sym_k0000 0
REFERENCE sym_k0001 0
REFERENCE missing_8342 0
REFERENCE sym_k0045 0
REFERENCE sym_k0016 0
REFERENCE sym_k0005 0
REFERENCE sym_k0048 0
REFERENCE sym_k0001 0
REFERENCE sym_k0001 0
REFERENCE sym_k0000 0
REFERENCE sym_k0005 0
REFERENCE sym_k0049 0
REFERENCE sym_k0002 0
REFERENCE sym_k0004 0
REFERENCE sym_k0015 0
REFERENCE sym_k0010 0
REFERENCE sym_k0004 0
REFERENCE sym_k0000 0
REFERENCE missing_7944 0
REFERENCE sym_k0004 0
REFERENCE sym_k0049 0
REFERENCE sym_k0002 0
REFERENCE sym_k0020 0
REFERENCE sym_k0018 0
REFERENCE sym_k0000 0
REFERENCE sym_k0000 0
REFERENCE sym_k0001 0
REFERENCE missing_5875 0
REFERENCE sym_k0001 0
REFERENCE sym_k0015 0
REFERENCE missing_6749 0
REFERENCE sym_k0002 0
REFERENCE missing_3088 0
REFERENCE sym_k0024 0
REFERENCE sym_k0010 0
REFERENCE sym_k0045 0
REFERENCE missing_2739 0
REFERENCE sym_k0003 0
REFERENCE sym_k0000 0
REFERENCE sym_k0001 0
REFERENCE sym_k0016 0
REFERENCE sym_k0000 0
REFERENCE sym_k0013 0
REFERENCE sym_k0000 0
REFERENCE sym_k0000 0
REFERENCE sym_k0029 0
REFERENCE sym_k0000 0
REFERENCE sym_k0026 0
REFERENCE sym_k0007 0
REFERENCE sym_k0005 0
REFERENCE sym_k0003 0
REFERENCE sym_k0001 0
REFERENCE sym_k0043 0
REFERENCE sym_k0000 0
REFERENCE sym_k0014 0
REFERENCE sym_k0008 0
REFERENCE sym_k0004 0
REFERENCE sym_k0112 0
REFERENCE sym_k0000 0
REFERENCE sym_k0000 0
REFERENCE sym_k0017 0
REFERENCE sym_k0004 0
REFERENCE sym_k0022 0
REFERENCE sym_k0024 0
REFERENCE sym_k0000 0
REFERENCE sym_k0000 0
REFERENCE sym_k0003 0
REFERENCE missing_3402 0
REFERENCE sym_k0002 0
REFERENCE sym_k0006 0
REFERENCE sym_k0002 0
REFERENCE sym_k0000 0
REFERENCE sym_k0003 0
REFERENCE sym_k0019 0
REFERENCE missing_7015 0
REFERENCE sym_k0003 0
REFERENCE sym_k0000 0
REFERENCE sym_k0010 0
REFERENCE sym_k0002 0
REFERENCE sym_k0000 0
REFERENCE missing_5413 0
REFERENCE sym_k0000 0
REFERENCE sym_k0000 0
REFERENCE sym_k0000 0
REFERENCE sym_k0032 0
REFERENCE sym_k0003 0
REFERENCE sym_k0000 0
REFERENCE sym_k0000 0
REFERENCE sym_k0003 0
REFERENCE sym_k0000 0
REFERENCE sym_k0000 0
REFERENCE sym_k0002 0
REFERENCE sym_k0043 0
REFERENCE sym_k0004 0
REFERENCE sym_k0043 0
REFERENCE sym_k0000 0
REFERENCE sym_k0000 0
REFERENCE sym_k0000 0
REFERENCE sym_k0000 0
REFERENCE sym_k0022 0
REFERENCE sym_k0005 0
REFERENCE sym_k0001 0
REFERENCE sym_k0001 0
REFERENCE missing_7133 0
REFERENCE sym_k0003 0
REFERENCE sym_k0007 0
REFERENCE sym_k0014 0
REFERENCE sym_k0016 0
REFERENCE sym_k0002 0
REFERENCE sym_k0003 0
REFERENCE missing_5644 0
DECLARE sym_k0222 13 0
REFERENCE sym_k0002 0
REFERENCE missing_7531 0
REFERENCE missing_2320 0
REFERENCE sym_k0015 0
REFERENCE sym_k0006 0
REFERENCE sym_k0001 0
REFERENCE sym_k0257 0
REFERENCE sym_k0045 0
REFERENCE sym_k0000 0
REFERENCE sym_k0005 0
REFERENCE sym_k0000 0
REFERENCE sym_k0019 0
REFERENCE sym_k0005 0
REFERENCE sym_k0000 0
REFERENCE sym_k0000 0
REFERENCE missing_9962 0
REFERENCE sym_k0021 0
REFERENCE sym_k0003 0
REFERENCE sym_k0000 0
REFERENCE sym_k0017 0
DECLARE sym_k0237 13 0
REFERENCE sym_k0011 0
REFERENCE sym_k0000 0
REFERENCE sym_k0000 0
REFERENCE sym_k0000 0
REFERENCE sym_k0002 0
REFERENCE sym_k0019 0
REFERENCE sym_k0011 0
REFERENCE sym_k0025 0
REFERENCE missing_3436 0
REFERENCE sym_k0001 0
REFERENCE sym_k0001 0
REFERENCE sym_k0004 0
REFERENCE sym_k0042 0
REFERENCE sym_k0001 0
REFERENCE sym_k0000 0
REFERENCE sym_k0037 0
REFERENCE sym_k0045 0
REFERENCE sym_k0026 0
REFERENCE sym_k0009 0
REFERENCE sym_k0015 0
REFERENCE sym_k0002 0
REFERENCE sym_k0001 0
REFERENCE sym_k0001 0
REFERENCE sym_k0003 0
REFERENCE sym_k0000 0
REFERENCE sym_k0000 0
REFERENCE sym_k0001 0
REFERENCE sym_k0006 0
REFERENCE sym_k0000 0
REFERENCE missing_3684 0
REFERENCE sym_k0002 0
REFERENCE sym_k0007 0
REFERENCE sym_k0001 0
REFERENCE sym_k0027 0
REFERENCE sym_k0000 0
REFERENCE sym_k0014 0
REFERENCE sym_k0000 0
REFERENCE sym_k0049 0
REFERENCE sym_k0034 0
REFERENCE sym_k0003 0
DECLARE sym_k0168 4 0
REFERENCE missing_9997 0
REFERENCE sym_k0076 0
REFERENCE sym_k0032 0
REFERENCE sym_k0000 0
REFERENCE sym_k0015 0
REFERENCE sym_k0001 0
REFERENCE sym_k0002 0
REFERENCE sym_k0010 0
REFERENCE sym_k0001 0
REFERENCE sym_k0000 0
REFERENCE sym_k0000 0
REFERENCE sym_k0001 0
REFERENCE sym_k0001 0
REFERENCE sym_k0017 0
REFERENCE sym_k0004 0
REFERENCE missing_4193 0
REFERENCE sym_k0003 0
REFERENCE sym_k0001 0
REFERENCE sym_k0001 0
REFERENCE missing_4405 0
REFERENCE sym_k0043 0
REFERENCE sym_k0001 0
REFERENCE sym_k0005 0
REFERENCE missing_1679 0
REFERENCE sym_k0030 0
REFERENCE sym_k0002 0
REFERENCE missing_3080 0
REFERENCE sym_k0001 0
REFERENCE missing_7151 0
REFERENCE sym_k0001 0
REFERENCE sym_k0005 0
REFERENCE missing_2307 0
REFERENCE sym_k0010 0
REFERENCE sym_k0003 0
REFERENCE sym_k0000 0
REFERENCE missing_5263 0
REFERENCE sym_k0044 0
REFERENCE sym_k0007 0
REFERENCE sym_k0018 0
REFERENCE sym_k0001 0
REFERENCE sym_k0013 0
REFERENCE sym_k0030 0
REFERENCE sym_k0012 0
REFERENCE sym_k0001 0
REFERENCE sym_k0014 0
DECLARE sym_k0135 1 0
REFERENCE sym_k0002 0
REFERENCE missing_9075 0
REFERENCE sym_k0000 0
REFERENCE sym_k0010 0
REFERENCE sym_k0004 0
REFERENCE sym_k0005 0
REFERENCE sym_k0135 0
DECLARE sym_k0161 12 0
REFERENCE sym_k0014 0
REFERENCE sym_k0001 0
REFERENCE sym_k0002 0
REFERENCE sym_k0010 0
REFERENCE sym_k0047 0
REFERENCE missing_7831 0
REFERENCE sym_k0000 0
REFERENCE sym_k0003 0
REFERENCE sym_k0053 0
REFERENCE sym_k0000 0
REFERENCE sym_k0000 0
REFERENCE sym_k0017 0
REFERENCE missing_5932 0
DECLARE sym_k0054 10 0
REFERENCE sym_k0015 0
REFERENCE sym_k0048 0
REFERENCE sym_k0002 0
REFERENCE sym_k0029 0
REFERENCE sym_k0054 0
REFERENCE missing_6900 0
REFERENCE sym_k0001 0
REFERENCE sym_k0161 0
REFERENCE sym_k0000 0
REFERENCE sym_k0042 0
REFERENCE sym_k0007 0
REFERENCE sym_k0001 0
REFERENCE sym_k0001 0
REFERENCE sym_k0003 0
REFERENCE sym_k0002 0
REFERENCE sym_k0001 0
REFERENCE sym_k0001 0
REFERENCE sym_k0025 0
REFERENCE sym_k0000 0
REFERENCE sym_k0002 0
REFERENCE sym_k0045 0
REFERENCE sym_k0002 0
REFERENCE sym_k0014 0
REFERENCE missing_1573 0
REFERENCE sym_k0000 0
REFERENCE sym_k0032 0
REFERENCE sym_k0005 0
REFERENCE sym_k0000 0
REFERENCE sym_k0004 0
REFERENCE sym_k0001 0
REFERENCE sym_k0014 0
REFERENCE sym_k0019 0
REFERENCE sym_k0000 0
REFERENCE sym_k0008 0
REFERENCE sym_k0016 0
REFERENCE sym_k0022 0
REFERENCE sym_k0014 0
REFERENCE sym_k0033 0
REFERENCE missing_3884 0
REFERENCE sym_k0014 0
REFERENCE sym_k0007 0
REFERENCE sym_k0222 0
REFERENCE sym_k0000 0
REFERENCE sym_k0054 0
REFERENCE sym_k0001 0
REFERENCE sym_k0004 0
DECLARE sym_k0063 4 0
REFERENCE sym_k0001 0
REFERENCE missing_8777 0
REFERENCE sym_k0002 0
REFERENCE sym_k0015 0
DECLARE sym_k0064 5 0
REFERENCE sym_k0008 0
DECLARE sym_k0174 10 0
REFERENCE sym_k0025 0
REFERENCE sym_k0029 0
REFERENCE sym_k0028 0
REFERENCE sym_k0001 0
REFERENCE sym_k0008 0
REFERENCE sym_k0001 0
REFERENCE sym_k0029 0
REFERENCE sym_k0037 0
REFERENCE sym_k0000 0
REFERENCE sym_k0000 0
REFERENCE sym_k0000 0
REFERENCE sym_k0000 0
REFERENCE missing_9081 0
REFERENCE sym_k0002 0
REFERENCE sym_k0007 0
REFERENCE sym_k0004 0
REFERENCE sym_k0000 0
REFERENCE sym_k0011 0
REFERENCE sym_k0000 0
REFERENCE missing_2367 0
REFERENCE sym_k0013 0
REFERENCE sym_k0021 0
REFERENCE sym_k0000 0
REFERENCE sym_k0007 0
REFERENCE sym_k0001 0
REFERENCE sym_k0040 0
REFERENCE sym_k0007 0
REFERENCE sym_k0001 0
REFERENCE sym_k0012 0
REFERENCE sym_k0017 0
REFERENCE sym_k0036 0
REFERENCE sym_k0004 0
REFERENCE sym_k0000 0
REFERENCE sym_k0002 0
REFERENCE sym_k0010 0
REFERENCE sym_k0000 0
REFERENCE sym_k0011 0
REFERENCE sym_k0000 0
REFERENCE missing_3340 0
REFERENCE sym_k0002 0
REFERENCE sym_k0001 0
REFERENCE sym_k0000 0
REFERENCE sym_k0030 0
REFERENCE sym_k0033 0
REFERENCE sym_k0007 0
REFERENCE sym_k0000 0
REFERENCE sym_k0001 0
REFERENCE sym_k0003 0
REFERENCE missing_4828 0
REFERENCE sym_k0013 0
REFERENCE missing_3833 0
REFERENCE sym_k0030 0
REFERENCE missing_8861 0
REFERENCE sym_k0000 0
REFERENCE sym_k0001 0
REFERENCE sym_k0000 0
REFERENCE missing_5762 0
REFERENCE sym_k0007 0
REFERENCE sym_k0006 0
REFERENCE sym_k0222 0
REFERENCE sym_k0022 0
REFERENCE sym_k0000 0
REFERENCE sym_k0002 0
REFERENCE sym_k0005 0
REFERENCE sym_k0000 0
REFERENCE sym_k0001 0
REFERENCE missing_6168 0
REFERENCE sym_k0003 0
REFERENCE sym_k0030 0
REFERENCE sym_k0000 0
REFERENCE sym_k0015 0
DECLARE sym_k0279 10 0
REFERENCE sym_k0000 0
REFERENCE sym_k0030 0
REFERENCE sym_k0001 0
REFERENCE sym_k0020 0
REFERENCE sym_k0001 0
REFERENCE sym_k0001 0
REFERENCE sym_k0003 0
REFERENCE missing_6789 0
REFERENCE sym_k0048 0
REFERENCE sym_k0001 0
REFERENCE sym_k0000 0
REFERENCE sym_k0000 0
REFERENCE sym_k0003 0
REFERENCE sym_k0022 0
REFERENCE missing_7485 0
REFERENCE sym_k0001 0
REFERENCE sym_k0013 0
REFERENCE sym_k0000 0
REFERENCE sym_k0001 0
REFERENCE sym_k0000 0
REFERENCE sym_k0007 0
REFERENCE sym_k0020 0
REFERENCE sym_k0013 0
REFERENCE sym_k0003 0
REFERENCE sym_k0008 0
REFERENCE sym_k0000 0
REFERENCE sym_k0000 0
REFERENCE sym_k0003 0
REFERENCE sym_k0021 0
REFERENCE sym_k0006 0
REFERENCE missing_7500 0
DECLARE sym_k0113 9 0
REFERENCE sym_k0002 0
REFERENCE sym_k0001 0
REFERENCE sym_k0000 0
REFERENCE sym_k0000 0
REFERENCE sym_k0011 0
REFERENCE sym_k0007 0
REFERENCE sym_k0002 0
DECLARE sym_k0062 3 0
REFERENCE sym_k0003 0
DECLARE sym_k0152 3 0
REFERENCE sym_k0042 0
REFERENCE sym_k0004 0
REFERENCE missing_3831 0
REFERENCE sym_k0017 0
REFERENCE sym_k0002 0
REFERENCE sym_k0007 0
REFERENCE sym_k0010 0
REFERENCE sym_k0002 0
DECLARE sym_k0089 15 0
REFERENCE missing_7362 0
REFERENCE sym_k0002 0
REFERENCE sym_k0018 0
REFERENCE sym_k0000 0
REFERENCE sym_k0000 0
REFERENCE sym_k0006 0
DECLARE sym_k0066 7 0
REFERENCE sym_k0004 0
REFERENCE sym_k0000 0
REFERENCE sym_k0222 0
REFERENCE sym_k0040 0
REFERENCE sym_k0000 0
REFERENCE sym_k0016 0
REFERENCE sym_k0001 0
REFERENCE sym_k0006 0
REFERENCE sym_k0000 0
REFERENCE sym_k0004 0
REFERENCE sym_k0001 0
REFERENCE sym_k0008 0
REFERENCE missing_9136 0
REFERENCE missing_5068 0
REFERENCE sym_k0015 0
REFERENCE sym_k0000 0
REFERENCE sym_k0015 0
REFERENCE sym_k0000 0
REFERENCE sym_k0035 0
DECLARE sym_k0214 5 0
REFERENCE missing_7424 0
REFERENCE sym_k0003 0
REFERENCE sym_k0008 0
REFERENCE sym_k0039 0
REFERENCE missing_4204 0
REFERENCE sym_k0013 0
REFERENCE missing_8728 0
REFERENCE sym_k0012 0
REFERENCE sym_k0001 0
REFERENCE sym_k0010 0
REFERENCE sym_k0001 0
REFERENCE sym_k0004 0
REFERENCE sym_k0000 0
REFERENCE sym_k0001 0
REFERENCE sym_k0003 0
REFERENCE sym_k0000 0
REFERENCE sym_k0003 0
REFERENCE sym_k0005 0
REFERENCE sym_k0009 0
REFERENCE sym_k0002 0
REFERENCE missing_2492 0
REFERENCE sym_k0013 0
REFERENCE sym_k0006 0
REFERENCE sym_k0011 0
REFERENCE sym_k0089 0
REFERENCE sym_k0002 0
REFERENCE sym_k0000 0
REFERENCE sym_k0000 0
REFERENCE sym_k0001 0
REFERENCE sym_k0001 0
REFERENCE sym_k0002 0
REFERENCE sym_k0010 0
REFERENCE sym_k0019 0
REFERENCE sym_k0005 0
REFERENCE sym_k0022 0
REFERENCE sym_k0042 0
REFERENCE sym_k0019 0
REFERENCE missing_2082 0
REFERENCE sym_k0222 0
REFERENCE sym_k0018 0
REFERENCE sym_k0002 0
REFERENCE sym_k0015 0
REFERENCE sym_k0036 0
REFERENCE sym_k0036 0
REFERENCE sym_k0000 0
REFERENCE sym_k0000 0
REFERENCE sym_k0022 0
REFERENCE sym_k0036 0
REFERENCE sym_k0039 0
REFERENCE sym_k0001 0
REFERENCE sym_k0034 0
REFERENCE sym_k0152 0
REFERENCE sym_k0011 0
REFERENCE sym_k0002 0
REFERENCE sym_k0000 0
REFERENCE sym_k0018 0
REFERENCE sym_k0008 0
REFERENCE sym_k0000 0
REFERENCE sym_k0000 0
REFERENCE sym_k0006 0
REFERENCE sym_k0005 0
REFERENCE sym_k0003 0
REFERENCE sym_k0002 0
REFERENCE sym_k0005 0
REFERENCE sym_k0008 0
REFERENCE sym_k0008 0
REFERENCE missing_7193 0
REFERENCE sym_k0003 0
REFERENCE sym_k0005 0
REFERENCE sym_k0003 0
REFERENCE sym_k0000 0
REFERENCE sym_k0029 0
REFERENCE sym_k0006 0
DECLARE sym_k0057 13 0
REFERENCE sym_k0013 0
REFERENCE sym_k0000 0
REFERENCE sym_k0002 0
REFERENCE sym_k0000 0
REFERENCE missing_8202 0
REFERENCE sym_k0012 0
REFERENCE sym_k0006 0
REFERENCE sym_k0003 0
REFERENCE sym_k0004 0
REFERENCE sym_k0135 0
REFERENCE sym_k0000 0
REFERENCE missing_1749 0
REFERENCE sym_k0041 0
REFERENCE sym_k0000 0
REFERENCE missing_5914 0
REFERENCE sym_k0041 0
REFERENCE sym_k0007 0
REFERENCE sym_k0000 0
REFERENCE sym_k0000 0
REFERENCE sym_k0012 0
REFERENCE sym_k0001 0
REFERENCE missing_2234 0
REFERENCE missing_6457 0
REFERENCE sym_k0022 0
REFERENCE sym_k0000 0
REFERENCE missing_5338 0
REFERENCE sym_k0001 0
REFERENCE sym_k0062 0
REFERENCE sym_k0001 0
REFERENCE sym_k0045 0
REFERENCE missing_7746 0
REFERENCE missing_4067 0
REFERENCE sym_k0001 0
REFERENCE sym_k0024 0
REFERENCE sym_k0000 0
REFERENCE sym_k0032 0
REFERENCE sym_k0004 0
REFERENCE missing_6936 0
REFERENCE sym_k0007 0
REFERENCE sym_k0001 0
REFERENCE sym_k0010 0
REFERENCE missing_4360 0
REFERENCE sym_k0001 0
REFERENCE sym_k0010 0
REFERENCE sym_k0003 0
REFERENCE sym_k0000 0
REFERENCE sym_k0000 0
REFERENCE sym_k0002 0
REFERENCE sym_k0000 0
REFERENCE sym_k0000 0
REFERENCE sym_k0003 0
REFERENCE sym_k0009 0
REFERENCE missing_9603 0
REFERENCE sym_k0028 0
REFERENCE missing_9724 0
REFERENCE sym_k0002 0
REFERENCE sym_k0002 0
REFERENCE missing_5165 0
REFERENCE sym_k0022 0
REFERENCE sym_k0000 0
REFERENCE sym_k0019 0
REFERENCE missing_1696 0
REFERENCE sym_k0008 0
REFERENCE sym_k0001 0
REFERENCE sym_k0016 0
REFERENCE sym_k0001 0
REFERENCE missing_5457 0
REFERENCE sym_k0004 0
REFERENCE sym_k0009 0
REFERENCE sym_k0001 0
REFERENCE missing_8314 0
REFERENCE sym_k0000 0
REFERENCE sym_k0214 0
REFERENCE sym_k0000 0
REFERENCE sym_k0013 0
REFERENCE sym_k0168 0
REFERENCE sym_k0000 0
REFERENCE sym_k0002 0
REFERENCE sym_k0000 0
REFERENCE sym_k0042 0
REFERENCE sym_k0005 0
REFERENCE sym_k0035 0
REFERENCE sym_k0000 0
REFERENCE sym_k0000 0
REFERENCE sym_k0030 0
REFERENCE sym_k0000 0
REFERENCE sym_k0007 0
DECLARE sym_k0204 10 0
REFERENCE sym_k0047 0
REFERENCE missing_5347 0
REFERENCE missing_6174 0
REFERENCE sym_k0000 0
REFERENCE missing_1638 0
REFERENCE sym_k0002 0
REFERENCE sym_k0001 0
REFERENCE sym_k0000 0
REFERENCE sym_k0000 0
REFERENCE sym_k0043 0
REFERENCE sym_k0010 0
REFERENCE sym_k0000 0
REFERENCE sym_k0001 0
REFERENCE sym_k0006 0
REFERENCE sym_k0000 0
REFERENCE sym_k0002 0
REFERENCE sym_k0023 0
REFERENCE sym_k0005 0
REFERENCE sym_k0022 0
REFERENCE sym_k0000 0
REFERENCE sym_k0029 0
REFERENCE sym_k0002 0
REFERENCE sym_k0019 0
REFERENCE missing_4544 0
REFERENCE sym_k0000 0
REFERENCE sym_k0000 0
REFERENCE sym_k0000 0
REFERENCE missing_7365 0
REFERENCE sym_k0000 0
REFERENCE sym_k0003 0
REFERENCE sym_k0033 0
REFERENCE missing_6941 0
REFERENCE sym_k0000 0
REFERENCE missing_6164 0
REFERENCE sym_k0002 0
REFERENCE sym_k0000 0
REFERENCE missing_2022 0
REFERENCE sym_k0015 0
DECLARE sym_k0209 15 0
REFERENCE sym_k0049 0
REFERENCE sym_k0001 0
REFERENCE sym_k0019 0
REFERENCE sym_k0027 0
REFERENCE sym_k0002 0
REFERENCE sym_k0007 0
REFERENCE sym_k0222 0
REFERENCE sym_k0006 0
REFERENCE sym_k0008 0
REFERENCE sym_k0007 0
REFERENCE sym_k0048 0
REFERENCE missing_5576 0
REFERENCE sym_k0000 0
REFERENCE sym_k0004 0
REFERENCE sym_k0000 0
REFERENCE sym_k0001 0
REFERENCE sym_k0000 0
REFERENCE sym_k0002 0
REFERENCE sym_k0000 0
DECLARE sym_k0051 7 0
REFERENCE missing_9422 0
REFERENCE sym_k0004 0
REFERENCE sym_k0000 0
REFERENCE sym_k0047 0
REFERENCE sym_k0030 0
DECLARE sym_k0200 6 0
REFERENCE sym_k0031 0
DECLARE sym_k0179 15 0
REFERENCE sym_k0004 0
REFERENCE sym_k0000 0
REFERENCE sym_k0113 0
REFERENCE sym_k0003 0
REFERENCE sym_k0023 0
REFERENCE sym_k0000 0
REFERENCE sym_k0005 0
REFERENCE sym_k0007 0
REFERENCE sym_k0004 0
REFERENCE sym_k0009 0
REFERENCE sym_k0001 0
REFERENCE sym_k0001 0
REFERENCE sym_k0012 0
REFERENCE sym_k0046 0
REFERENCE sym_k0017 0
REFERENCE missing_4189 0
REFERENCE sym_k0004 0
REFERENCE sym_k0000 0
REFERENCE missing_4132 0
REFERENCE sym_k0035 0
REFERENCE sym_k0000 0
REFERENCE sym_k0000 0
REFERENCE sym_k0002 0
REFERENCE sym_k0000 0
REFERENCE sym_k0032 0
REFERENCE sym_k0012 0
REFERENCE sym_k0000 0
REFERENCE sym_k0000 0
REFERENCE sym_k0000 0
REFERENCE sym_k0004 0
REFERENCE missing_1386 0
REFERENCE sym_k0008 0
REFERENCE sym_k0001 0
REFERENCE sym_k0051 0
EXIT_SCOPE 0
