# ColliScope Frequency-Matched Synthetic Trace
# Parameters: seed=90, zipf_s=1.244, scope=nested, type=lookup-heavy, load_factor=0.5
ENTER_SCOPE 0
DECLARE sym_k0000 1 0
DECLARE sym_k0001 2 0
DECLARE sym_k0002 3 0
DECLARE sym_k0003 4 0
DECLARE sym_k0004 5 0
DECLARE sym_k0005 6 0
DECLARE sym_k0006 7 0
DECLARE sym_k0007 8 0
DECLARE sym_k0008 9 0
DECLARE sym_k0009 10 0
DECLARE sym_k0010 1 0
DECLARE sym_k0011 2 0
DECLARE sym_k0012 3 0
DECLARE sym_k0013 4 0
DECLARE sym_k0014 5 0
DECLARE sym_k0015 6 0
DECLARE sym_k0016 7 0
DECLARE sym_k0017 8 0
DECLARE sym_k0018 9 0
DECLARE sym_k0019 10 0
DECLARE sym_k0020 1 0
DECLARE sym_k0021 2 0
DECLARE sym_k0022 3 0
DECLARE sym_k0023 4 0
DECLARE sym_k0024 5 0
DECLARE sym_k0025 6 0
DECLARE sym_k0026 7 0
DECLARE sym_k0027 8 0
DECLARE sym_k0028 9 0
DECLARE sym_k0029 10 0
DECLARE sym_k0030 1 0
DECLARE sym_k0031 2 0
DECLARE sym_k0032 3 0
DECLARE sym_k0033 4 0
DECLARE sym_k0034 5 0
DECLARE sym_k0035 6 0
DECLARE sym_k0036 7 0
DECLARE sym_k0037 8 0
DECLARE sym_k0038 9 0
DECLARE sym_k0039 10 0
DECLARE sym_k0040 1 0
DECLARE sym_k0041 2 0
DECLARE sym_k0042 3 0
DECLARE sym_k0043 4 0
DECLARE sym_k0044 5 0
DECLARE sym_k0045 6 0
DECLARE sym_k0046 7 0
DECLARE sym_k0047 8 0
DECLARE sym_k0048 9 0
DECLARE sym_k0049 10 0
REFERENCE missing_6075 0
REFERENCE sym_k0001 0
REFERENCE sym_k0012 0
REFERENCE sym_k0004 0
REFERENCE missing_3357 0
ENTER_SCOPE 1 0
REFERENCE sym_k0002 1
REFERENCE sym_k0013 1
REFERENCE missing_9631 1
DECLARE sym_k0000 1 1
REFERENCE missing_9270 1
REFERENCE sym_k0014 1
DECLARE sym_k0054 10 1
REFERENCE missing_1061 1
EXIT_SCOPE 1
REFERENCE sym_k0002 0
REFERENCE sym_k0000 0
REFERENCE sym_k0000 0
REFERENCE sym_k0044 0
REFERENCE sym_k0004 0
REFERENCE sym_k0011 0
REFERENCE sym_k0013 0
REFERENCE sym_k0001 0
REFERENCE sym_k0042 0
REFERENCE sym_k0000 0
ENTER_SCOPE 2 0
REFERENCE sym_k0009 2
REFERENCE sym_k0000 2
DECLARE sym_k0001 2 2
REFERENCE sym_k0001 2
REFERENCE sym_k0005 2
REFERENCE missing_3539 2
REFERENCE sym_k0045 2
REFERENCE sym_k0002 2
REFERENCE sym_k0011 2
REFERENCE sym_k0000 2
REFERENCE sym_k0011 2
REFERENCE sym_k0000 2
REFERENCE sym_k0000 2
REFERENCE sym_k0001 2
REFERENCE sym_k0011 2
REFERENCE sym_k0000 2
REFERENCE sym_k0007 2
REFERENCE sym_k0002 2
REFERENCE sym_k0000 2
ENTER_SCOPE 3 2
REFERENCE missing_5976 3
REFERENCE sym_k0014 3
REFERENCE sym_k0002 3
DECLARE sym_k0063 4 3
ENTER_SCOPE 4 3
REFERENCE sym_k0002 4
DECLARE sym_k0000 1 4
REFERENCE sym_k0000 4
REFERENCE sym_k0000 4
REFERENCE missing_7311 4
REFERENCE sym_k0019 4
REFERENCE sym_k0000 4
REFERENCE sym_k0003 4
REFERENCE sym_k0002 4
REFERENCE sym_k0009 4
REFERENCE sym_k0001 4
REFERENCE sym_k0000 4
REFERENCE sym_k0000 4
REFERENCE sym_k0000 4
REFERENCE sym_k0003 4
REFERENCE sym_k0004 4
REFERENCE sym_k0010 4
REFERENCE sym_k0000 4
REFERENCE sym_k0047 4
REFERENCE sym_k0001 4
REFERENCE missing_4727 4
REFERENCE sym_k0001 4
REFERENCE sym_k0000 4
REFERENCE missing_1228 4
ENTER_SCOPE 5 4
REFERENCE sym_k0001 5
REFERENCE sym_k0000 5
REFERENCE sym_k0004 5
REFERENCE sym_k0000 5
REFERENCE missing_6468 5
REFERENCE sym_k0003 5
REFERENCE sym_k0000 5
REFERENCE sym_k0000 5
REFERENCE missing_7597 5
REFERENCE sym_k0025 5
REFERENCE sym_k0002 5
REFERENCE sym_k0019 5
REFERENCE sym_k0000 5
REFERENCE sym_k0004 5
EXIT_SCOPE 5
REFERENCE sym_k0010 4
REFERENCE sym_k0000 4
REFERENCE sym_k0002 4
DECLARE sym_k0024 10 4
REFERENCE sym_k0046 4
REFERENCE sym_k0011 4
REFERENCE sym_k0005 4
REFERENCE sym_k0008 4
REFERENCE sym_k0002 4
DECLARE sym_k0006 7 4
REFERENCE missing_5784 4
ENTER_SCOPE 6 4
REFERENCE sym_k0003 6
EXIT_SCOPE 6
REFERENCE sym_k0000 4
REFERENCE sym_k0007 4
EXIT_SCOPE 4
REFERENCE sym_k0011 3
REFERENCE sym_k0000 3
EXIT_SCOPE 3
REFERENCE sym_k0002 2
ENTER_SCOPE 7 2
DECLARE sym_k0043 14 7
REFERENCE sym_k0028 7
REFERENCE sym_k0001 7
REFERENCE sym_k0013 7
REFERENCE sym_k0025 7
DECLARE sym_k0000 1 7
REFERENCE sym_k0000 7
REFERENCE sym_k0018 7
REFERENCE sym_k0000 7
ENTER_SCOPE 8 7
REFERENCE sym_k0000 8
REFERENCE sym_k0007 8
REFERENCE sym_k0005 8
REFERENCE sym_k0000 8
REFERENCE sym_k0000 8
REFERENCE sym_k0014 8
REFERENCE sym_k0000 8
REFERENCE sym_k0030 8
REFERENCE sym_k0024 8
REFERENCE sym_k0002 8
EXIT_SCOPE 8
DECLARE sym_k0021 7 7
REFERENCE sym_k0001 7
ENTER_SCOPE 9 7
REFERENCE sym_k0000 9
REFERENCE sym_k0000 9
ENTER_SCOPE 10 9
REFERENCE sym_k0021 10
REFERENCE sym_k0021 10
REFERENCE sym_k0003 10
REFERENCE sym_k0002 10
REFERENCE missing_3191 10
REFERENCE sym_k0001 10
REFERENCE sym_k0035 10
REFERENCE sym_k0001 10
REFERENCE sym_k0001 10
REFERENCE sym_k0000 10
REFERENCE sym_k0048 10
REFERENCE sym_k0002 10
REFERENCE sym_k0010 10
REFERENCE sym_k0012 10
REFERENCE missing_6934 10
REFERENCE sym_k0046 10
REFERENCE sym_k0004 10
REFERENCE missing_1772 10
REFERENCE missing_1571 10
REFERENCE sym_k0028 10
REFERENCE sym_k0005 10
REFERENCE sym_k0010 10
REFERENCE sym_k0030 10
DECLARE sym_k0004 5 10
EXIT_SCOPE 10
REFERENCE sym_k0006 9
REFERENCE sym_k0001 9
REFERENCE sym_k0000 9
REFERENCE sym_k0000 9
REFERENCE sym_k0017 9
REFERENCE sym_k0001 9
REFERENCE sym_k0004 9
REFERENCE sym_k0001 9
REFERENCE sym_k0043 9
REFERENCE sym_k0005 9
EXIT_SCOPE 9
REFERENCE missing_2501 7
REFERENCE missing_7318 7
REFERENCE missing_7446 7
REFERENCE sym_k0000 7
REFERENCE sym_k0003 7
REFERENCE sym_k0012 7
REFERENCE sym_k0001 7
EXIT_SCOPE 7
REFERENCE missing_6234 2
REFERENCE sym_k0037 2
REFERENCE sym_k0027 2
REFERENCE sym_k0005 2
DECLARE sym_k0000 1 2
REFERENCE sym_k0000 2
REFERENCE sym_k0006 2
DECLARE sym_k0029 15 2
REFERENCE sym_k0004 2
REFERENCE missing_1943 2
REFERENCE sym_k0006 2
REFERENCE sym_k0008 2
REFERENCE sym_k0005 2
REFERENCE sym_k0000 2
REFERENCE missing_7532 2
REFERENCE sym_k0000 2
DECLARE sym_k0038 9 2
ENTER_SCOPE 11 2
REFERENCE missing_8454 11
REFERENCE sym_k0000 11
REFERENCE sym_k0000 11
DECLARE sym_k0012 13 11
REFERENCE sym_k0000 11
REFERENCE sym_k0020 11
REFERENCE sym_k0031 11
REFERENCE sym_k0007 11
REFERENCE sym_k0000 11
REFERENCE sym_k0005 11
ENTER_SCOPE 12 11
REFERENCE sym_k0000 12
REFERENCE sym_k0004 12
REFERENCE sym_k0003 12
REFERENCE missing_6792 12
EXIT_SCOPE 12
DECLARE sym_k0004 5 11
REFERENCE missing_5745 11
REFERENCE sym_k0000 11
REFERENCE sym_k0001 11
REFERENCE missing_4668 11
REFERENCE sym_k0026 11
REFERENCE sym_k0000 11
REFERENCE sym_k0004 11
REFERENCE sym_k0020 11
REFERENCE sym_k0000 11
REFERENCE sym_k0002 11
REFERENCE sym_k0023 11
DECLARE sym_k0000 1 11
REFERENCE sym_k0002 11
REFERENCE missing_9734 11
REFERENCE sym_k0000 11
REFERENCE sym_k0011 11
REFERENCE sym_k0002 11
REFERENCE sym_k0003 11
REFERENCE sym_k0026 11
REFERENCE sym_k0002 11
REFERENCE sym_k0013 11
EXIT_SCOPE 11
REFERENCE sym_k0044 2
REFERENCE sym_k0005 2
REFERENCE sym_k0007 2
REFERENCE sym_k0003 2
REFERENCE sym_k0017 2
DECLARE sym_k0003 4 2
REFERENCE missing_4787 2
REFERENCE sym_k0000 2
REFERENCE sym_k0000 2
ENTER_SCOPE 13 2
REFERENCE sym_k0002 13
DECLARE sym_k0012 13 13
REFERENCE sym_k0007 13
REFERENCE sym_k0005 13
DECLARE sym_k0006 7 13
REFERENCE sym_k0000 13
REFERENCE missing_2491 13
DECLARE sym_k0000 1 13
ENTER_SCOPE 14 13
REFERENCE sym_k0002 14
ENTER_SCOPE 15 14
REFERENCE sym_k0019 15
REFERENCE sym_k0001 15
DECLARE sym_k0038 9 15
EXIT_SCOPE 15
REFERENCE sym_k0002 14
REFERENCE sym_k0001 14
ENTER_SCOPE 16 14
REFERENCE sym_k0025 16
REFERENCE sym_k0027 16
REFERENCE sym_k0029 16
REFERENCE missing_2049 16
REFERENCE sym_k0018 16
REFERENCE sym_k0001 16
REFERENCE sym_k0004 16
REFERENCE sym_k0014 16
REFERENCE sym_k0011 16
REFERENCE missing_5396 16
REFERENCE sym_k0006 16
REFERENCE missing_4701 16
REFERENCE sym_k0009 16
REFERENCE sym_k0029 16
REFERENCE sym_k0006 16
REFERENCE missing_6160 16
REFERENCE sym_k0000 16
REFERENCE sym_k0036 16
REFERENCE sym_k0000 16
REFERENCE sym_k0000 16
REFERENCE sym_k0044 16
DECLARE sym_k0019 5 16
REFERENCE sym_k0000 16
REFERENCE missing_9455 16
REFERENCE sym_k0003 16
REFERENCE sym_k0005 16
REFERENCE sym_k0000 16
REFERENCE sym_k0031 16
REFERENCE sym_k0005 16
REFERENCE missing_9940 16
EXIT_SCOPE 16
REFERENCE sym_k0000 14
REFERENCE sym_k0000 14
DECLARE sym_k0001 2 14
DECLARE sym_k0018 4 14
REFERENCE sym_k0006 14
REFERENCE sym_k0004 14
DECLARE sym_k0027 13 14
REFERENCE sym_k0001 14
ENTER_SCOPE 17 14
REFERENCE sym_k0000 17
REFERENCE sym_k0028 17
REFERENCE sym_k0000 17
REFERENCE sym_k0017 17
REFERENCE sym_k0000 17
REFERENCE missing_6254 17
DECLARE sym_k0039 10 17
REFERENCE sym_k0002 17
REFERENCE sym_k0004 17
REFERENCE missing_4472 17
REFERENCE sym_k0004 17
REFERENCE sym_k0000 17
REFERENCE sym_k0000 17
REFERENCE sym_k0023 17
REFERENCE sym_k0007 17
REFERENCE sym_k0028 17
DECLARE sym_k0000 1 17
REFERENCE sym_k0014 17
REFERENCE sym_k0024 17
REFERENCE sym_k0000 17
EXIT_SCOPE 17
REFERENCE sym_k0006 14
REFERENCE sym_k0002 14
REFERENCE sym_k0036 14
REFERENCE missing_1310 14
REFERENCE sym_k0007 14
REFERENCE missing_7609 14
REFERENCE sym_k0018 14
REFERENCE sym_k0000 14
REFERENCE sym_k0031 14
REFERENCE sym_k0018 14
REFERENCE missing_8241 14
REFERENCE sym_k0028 14
ENTER_SCOPE 18 14
REFERENCE missing_7658 18
REFERENCE sym_k0022 18
REFERENCE sym_k0032 18
REFERENCE sym_k0004 18
REFERENCE sym_k0000 18
ENTER_SCOPE 19 18
REFERENCE sym_k0017 19
REFERENCE sym_k0029 19
REFERENCE missing_6775 19
REFERENCE sym_k0020 19
ENTER_SCOPE 20 19
REFERENCE sym_k0048 20
REFERENCE sym_k0031 20
REFERENCE sym_k0000 20
ENTER_SCOPE 21 20
REFERENCE sym_k0000 21
REFERENCE missing_5570 21
DECLARE sym_k0124 5 21
DECLARE sym_k0133 14 21
REFERENCE sym_k0000 21
REFERENCE sym_k0024 21
REFERENCE sym_k0003 21
EXIT_SCOPE 21
REFERENCE sym_k0048 20
REFERENCE sym_k0046 20
REFERENCE sym_k0000 20
REFERENCE sym_k0002 20
REFERENCE sym_k0043 20
REFERENCE sym_k0001 20
REFERENCE sym_k0001 20
REFERENCE sym_k0012 20
ENTER_SCOPE 22 20
DECLARE sym_k0000 1 22
REFERENCE sym_k0002 22
EXIT_SCOPE 22
REFERENCE sym_k0036 20
REFERENCE sym_k0027 20
REFERENCE missing_3648 20
REFERENCE missing_8371 20
REFERENCE sym_k0001 20
REFERENCE sym_k0000 20
REFERENCE sym_k0049 20
REFERENCE sym_k0000 20
ENTER_SCOPE 23 20
REFERENCE sym_k0000 23
REFERENCE sym_k0000 23
REFERENCE sym_k0001 23
REFERENCE sym_k0024 23
EXIT_SCOPE 23
REFERENCE sym_k0000 20
REFERENCE sym_k0007 20
REFERENCE sym_k0000 20
REFERENCE sym_k0000 20
REFERENCE sym_k0001 20
REFERENCE sym_k0000 20
DECLARE sym_k0002 3 20
REFERENCE sym_k0004 20
REFERENCE sym_k0006 20
DECLARE sym_k0029 15 20
REFERENCE missing_2283 20
REFERENCE missing_4168 20
REFERENCE sym_k0007 20
REFERENCE sym_k0004 20
REFERENCE sym_k0001 20
REFERENCE sym_k0000 20
REFERENCE sym_k0023 20
DECLARE sym_k0001 2 20
REFERENCE sym_k0001 20
EXIT_SCOPE 20
REFERENCE sym_k0000 19
REFERENCE sym_k0040 19
REFERENCE sym_k0001 19
REFERENCE sym_k0008 19
REFERENCE missing_8187 19
REFERENCE sym_k0017 19
REFERENCE sym_k0004 19
ENTER_SCOPE 24 19
REFERENCE sym_k0001 24
REFERENCE sym_k0003 24
REFERENCE sym_k0001 24
REFERENCE missing_6755 24
REFERENCE sym_k0008 24
REFERENCE sym_k0008 24
ENTER_SCOPE 25 24
REFERENCE sym_k0032 25
REFERENCE sym_k0000 25
REFERENCE sym_k0020 25
DECLARE sym_k0021 7 25
REFERENCE missing_8438 25
REFERENCE sym_k0003 25
REFERENCE sym_k0013 25
DECLARE sym_k0022 8 25
REFERENCE sym_k0019 25
REFERENCE missing_4618 25
EXIT_SCOPE 25
EXIT_SCOPE 24
REFERENCE sym_k0028 19
REFERENCE sym_k0004 19
REFERENCE sym_k0000 19
REFERENCE sym_k0006 19
REFERENCE sym_k0013 19
REFERENCE missing_3861 19
ENTER_SCOPE 26 19
REFERENCE sym_k0001 26
REFERENCE sym_k0009 26
REFERENCE sym_k0000 26
REFERENCE sym_k0013 26
REFERENCE sym_k0002 26
REFERENCE missing_7455 26
REFERENCE sym_k0012 26
REFERENCE sym_k0027 26
REFERENCE sym_k0002 26
REFERENCE sym_k0023 26
DECLARE sym_k0000 1 26
DECLARE sym_k0155 6 26
REFERENCE sym_k0000 26
DECLARE sym_k0139 5 26
REFERENCE sym_k0007 26
REFERENCE missing_3298 26
REFERENCE sym_k0000 26
REFERENCE sym_k0001 26
REFERENCE sym_k0023 26
REFERENCE sym_k0000 26
REFERENCE sym_k0002 26
REFERENCE sym_k0139 26
REFERENCE sym_k0016 26
REFERENCE sym_k0000 26
REFERENCE sym_k0016 26
REFERENCE sym_k0012 26
REFERENCE sym_k0042 26
ENTER_SCOPE 27 26
REFERENCE sym_k0000 27
REFERENCE missing_9477 27
REFERENCE sym_k0038 27
REFERENCE sym_k0006 27
REFERENCE sym_k0000 27
REFERENCE sym_k0001 27
REFERENCE sym_k0034 27
REFERENCE missing_9419 27
REFERENCE sym_k0000 27
REFERENCE sym_k0000 27
REFERENCE sym_k0003 27
DECLARE sym_k0000 1 27
EXIT_SCOPE 27
DECLARE sym_k0002 3 26
DECLARE sym_k0058 14 26
REFERENCE sym_k0000 26
REFERENCE sym_k0002 26
REFERENCE sym_k0004 26
REFERENCE sym_k0000 26
REFERENCE sym_k0036 26
REFERENCE sym_k0032 26
REFERENCE missing_9581 26
REFERENCE sym_k0005 26
REFERENCE missing_3562 26
REFERENCE sym_k0007 26
REFERENCE sym_k0139 26
REFERENCE sym_k0000 26
REFERENCE sym_k0000 26
DECLARE sym_k0021 7 26
REFERENCE sym_k0000 26
REFERENCE sym_k0002 26
REFERENCE sym_k0012 26
REFERENCE sym_k0155 26
REFERENCE sym_k0000 26
REFERENCE sym_k0013 26
REFERENCE missing_4153 26
REFERENCE sym_k0038 26
REFERENCE sym_k0002 26
REFERENCE sym_k0008 26
REFERENCE sym_k0005 26
REFERENCE sym_k0004 26
REFERENCE sym_k0000 26
REFERENCE missing_1222 26
REFERENCE sym_k0025 26
REFERENCE missing_1425 26
REFERENCE sym_k0000 26
REFERENCE sym_k0058 26
REFERENCE sym_k0015 26
REFERENCE sym_k0018 26
REFERENCE sym_k0009 26
ENTER_SCOPE 28 26
REFERENCE sym_k0000 28
DECLARE sym_k0000 1 28
REFERENCE sym_k0003 28
REFERENCE sym_k0006 28
REFERENCE sym_k0000 28
REFERENCE sym_k0002 28
REFERENCE sym_k0000 28
REFERENCE sym_k0000 28
EXIT_SCOPE 28
REFERENCE sym_k0026 26
REFERENCE sym_k0000 26
REFERENCE sym_k0000 26
REFERENCE sym_k0000 26
REFERENCE sym_k0049 26
REFERENCE sym_k0001 26
ENTER_SCOPE 29 26
REFERENCE sym_k0018 29
REFERENCE sym_k0016 29
EXIT_SCOPE 29
REFERENCE sym_k0041 26
REFERENCE sym_k0003 26
REFERENCE sym_k0003 26
REFERENCE sym_k0002 26
REFERENCE sym_k0000 26
REFERENCE sym_k0000 26
REFERENCE sym_k0001 26
REFERENCE sym_k0002 26
REFERENCE sym_k0002 26
REFERENCE sym_k0004 26
REFERENCE sym_k0002 26
REFERENCE sym_k0012 26
REFERENCE sym_k0001 26
REFERENCE sym_k0000 26
REFERENCE sym_k0002 26
DECLARE sym_k0077 3 26
REFERENCE sym_k0005 26
REFERENCE sym_k0000 26
REFERENCE sym_k0003 26
REFERENCE sym_k0000 26
REFERENCE sym_k0000 26
REFERENCE sym_k0000 26
REFERENCE sym_k0000 26
EXIT_SCOPE 26
REFERENCE sym_k0016 19
REFERENCE missing_6373 19
REFERENCE sym_k0001 19
REFERENCE sym_k0000 19
EXIT_SCOPE 19
REFERENCE sym_k0004 18
REFERENCE missing_9835 18
REFERENCE sym_k0015 18
REFERENCE sym_k0010 18
REFERENCE sym_k0011 18
REFERENCE sym_k0008 18
REFERENCE sym_k0000 18
REFERENCE sym_k0006 18
DECLARE sym_k0007 8 18
REFERENCE sym_k0005 18
REFERENCE missing_2196 18
ENTER_SCOPE 30 18
EXIT_SCOPE 30
REFERENCE missing_8156 18
REFERENCE sym_k0000 18
DECLARE sym_k0000 1 18
REFERENCE missing_2601 18
DECLARE sym_k0009 10 18
ENTER_SCOPE 31 18
REFERENCE sym_k0018 31
DECLARE sym_k0053 9 31
DECLARE sym_k0002 3 31
REFERENCE missing_7789 31
ENTER_SCOPE 32 31
REFERENCE missing_5746 32
REFERENCE sym_k0000 32
REFERENCE sym_k0001 32
REFERENCE sym_k0014 32
REFERENCE sym_k0049 32
ENTER_SCOPE 33 32
REFERENCE sym_k0030 33
REFERENCE sym_k0020 33
EXIT_SCOPE 33
REFERENCE sym_k0030 32
REFERENCE sym_k0005 32
REFERENCE sym_k0000 32
REFERENCE sym_k0000 32
REFERENCE sym_k0004 32
REFERENCE sym_k0025 32
EXIT_SCOPE 32
REFERENCE missing_2914 31
DECLARE sym_k0001 2 31
REFERENCE sym_k0000 31
REFERENCE sym_k0002 31
REFERENCE sym_k0005 31
REFERENCE sym_k0001 31
REFERENCE missing_2603 31
REFERENCE sym_k0000 31
REFERENCE sym_k0027 31
REFERENCE sym_k0000 31
REFERENCE sym_k0001 31
REFERENCE sym_k0001 31
REFERENCE sym_k0005 31
REFERENCE sym_k0011 31
REFERENCE sym_k0030 31
DECLARE sym_k0048 4 31
REFERENCE sym_k0002 31
REFERENCE sym_k0003 31
REFERENCE sym_k0038 31
REFERENCE sym_k0020 31
REFERENCE sym_k0000 31
REFERENCE missing_8873 31
REFERENCE sym_k0000 31
REFERENCE missing_7498 31
ENTER_SCOPE 34 31
REFERENCE sym_k0000 34
REFERENCE missing_3578 34
REFERENCE sym_k0017 34
REFERENCE sym_k0047 34
REFERENCE sym_k0003 34
REFERENCE sym_k0022 34
REFERENCE sym_k0000 34
ENTER_SCOPE 35 34
REFERENCE missing_4479 35
REFERENCE sym_k0001 35
DECLARE sym_k0000 1 35
REFERENCE missing_3381 35
REFERENCE sym_k0001 35
REFERENCE sym_k0000 35
REFERENCE sym_k0002 35
REFERENCE sym_k0001 35
REFERENCE sym_k0002 35
REFERENCE sym_k0001 35
REFERENCE sym_k0002 35
DECLARE sym_k0001 2 35
REFERENCE missing_6024 35
DECLARE sym_k0130 11 35
DECLARE sym_k0010 11 35
REFERENCE sym_k0000 35
DECLARE sym_k0093 4 35
REFERENCE sym_k0000 35
REFERENCE sym_k0012 35
REFERENCE sym_k0000 35
REFERENCE sym_k0022 35
DECLARE sym_k0027 13 35
REFERENCE sym_k0001 35
REFERENCE sym_k0001 35
REFERENCE sym_k0002 35
EXIT_SCOPE 35
REFERENCE sym_k0001 34
REFERENCE sym_k0009 34
REFERENCE sym_k0000 34
EXIT_SCOPE 34
REFERENCE sym_k0000 31
REFERENCE missing_3256 31
REFERENCE missing_3012 31
REFERENCE missing_8578 31
DECLARE sym_k0000 1 31
REFERENCE sym_k0001 31
REFERENCE sym_k0001 31
REFERENCE sym_k0000 31
REFERENCE sym_k0027 31
REFERENCE sym_k0000 31
REFERENCE sym_k0001 31
REFERENCE sym_k0000 31
REFERENCE sym_k0000 31
REFERENCE sym_k0004 31
ENTER_SCOPE 36 31
REFERENCE sym_k0006 36
REFERENCE sym_k0001 36
REFERENCE missing_9541 36
DECLARE sym_k0000 1 36
REFERENCE sym_k0000 36
REFERENCE missing_3936 36
REFERENCE sym_k0001 36
REFERENCE sym_k0001 36
DECLARE sym_k0002 3 36
REFERENCE sym_k0022 36
REFERENCE missing_6883 36
REFERENCE sym_k0046 36
REFERENCE sym_k0000 36
REFERENCE missing_6984 36
EXIT_SCOPE 36
REFERENCE sym_k0000 31
REFERENCE sym_k0017 31
REFERENCE sym_k0000 31
REFERENCE sym_k0000 31
REFERENCE sym_k0007 31
REFERENCE sym_k0004 31
REFERENCE sym_k0012 31
REFERENCE sym_k0043 31
REFERENCE sym_k0006 31
REFERENCE sym_k0021 31
REFERENCE sym_k0000 31
REFERENCE sym_k0003 31
REFERENCE sym_k0001 31
REFERENCE sym_k0005 31
REFERENCE sym_k0001 31
REFERENCE sym_k0000 31
REFERENCE sym_k0001 31
REFERENCE sym_k0001 31
DECLARE sym_k0108 4 31
REFERENCE sym_k0014 31
REFERENCE sym_k0000 31
REFERENCE sym_k0000 31
REFERENCE sym_k0003 31
DECLARE sym_k0005 6 31
DECLARE sym_k0008 9 31
REFERENCE sym_k0001 31
REFERENCE sym_k0000 31
REFERENCE sym_k0001 31
REFERENCE sym_k0001 31
REFERENCE sym_k0023 31
REFERENCE sym_k0046 31
REFERENCE sym_k0028 31
REFERENCE sym_k0041 31
REFERENCE sym_k0049 31
REFERENCE sym_k0000 31
REFERENCE sym_k0001 31
ENTER_SCOPE 37 31
REFERENCE sym_k0002 37
REFERENCE sym_k0009 37
REFERENCE sym_k0000 37
ENTER_SCOPE 38 37
REFERENCE sym_k0016 38
REFERENCE sym_k0027 38
REFERENCE missing_4511 38
REFERENCE sym_k0013 38
DECLARE sym_k0001 2 38
REFERENCE sym_k0001 38
REFERENCE sym_k0017 38
REFERENCE sym_k0000 38
REFERENCE sym_k0004 38
REFERENCE missing_9065 38
REFERENCE sym_k0007 38
EXIT_SCOPE 38
EXIT_SCOPE 37
REFERENCE sym_k0004 31
REFERENCE sym_k0012 31
REFERENCE sym_k0000 31
REFERENCE sym_k0000 31
REFERENCE sym_k0035 31
ENTER_SCOPE 39 31
REFERENCE sym_k0002 39
REFERENCE sym_k0047 39
REFERENCE sym_k0002 39
REFERENCE sym_k0009 39
ENTER_SCOPE 40 39
REFERENCE sym_k0000 40
REFERENCE sym_k0031 40
EXIT_SCOPE 40
REFERENCE missing_1533 39
REFERENCE sym_k0020 39
REFERENCE sym_k0037 39
REFERENCE sym_k0000 39
REFERENCE sym_k0000 39
REFERENCE sym_k0000 39
DECLARE sym_k0008 9 39
REFERENCE sym_k0002 39
REFERENCE sym_k0008 39
REFERENCE sym_k0048 39
REFERENCE sym_k0019 39
REFERENCE sym_k0001 39
REFERENCE sym_k0000 39
REFERENCE sym_k0044 39
ENTER_SCOPE 41 39
REFERENCE sym_k0001 41
REFERENCE sym_k0000 41
REFERENCE sym_k0002 41
REFERENCE missing_5183 41
REFERENCE sym_k0022 41
REFERENCE sym_k0000 41
REFERENCE sym_k0040 41
REFERENCE sym_k0002 41
REFERENCE sym_k0000 41
REFERENCE sym_k0000 41
REFERENCE sym_k0001 41
REFERENCE sym_k0040 41
REFERENCE sym_k0000 41
DECLARE sym_k0008 9 41
REFERENCE sym_k0001 41
REFERENCE sym_k0000 41
REFERENCE sym_k0032 41
EXIT_SCOPE 41
REFERENCE sym_k0002 39
REFERENCE sym_k0001 39
REFERENCE sym_k0004 39
REFERENCE sym_k0018 39
REFERENCE sym_k0005 39
REFERENCE sym_k0000 39
REFERENCE sym_k0002 39
REFERENCE sym_k0046 39
REFERENCE sym_k0000 39
EXIT_SCOPE 39
ENTER_SCOPE 42 31
REFERENCE sym_k0029 42
EXIT_SCOPE 42
REFERENCE sym_k0000 31
REFERENCE sym_k0000 31
EXIT_SCOPE 31
DECLARE sym_k0012 13 18
REFERENCE sym_k0031 18
REFERENCE sym_k0030 18
REFERENCE sym_k0001 18
REFERENCE sym_k0014 18
REFERENCE sym_k0000 18
REFERENCE sym_k0000 18
ENTER_SCOPE 43 18
ENTER_SCOPE 44 43
REFERENCE sym_k0026 44
REFERENCE sym_k0009 44
REFERENCE sym_k0021 44
ENTER_SCOPE 45 44
EXIT_SCOPE 45
ENTER_SCOPE 46 44
REFERENCE missing_7662 46
REFERENCE sym_k0002 46
REFERENCE sym_k0000 46
REFERENCE sym_k0018 46
REFERENCE missing_1882 46
DECLARE sym_k0000 1 46
REFERENCE missing_5898 46
EXIT_SCOPE 46
DECLARE sym_k0026 12 44
REFERENCE sym_k0000 44
REFERENCE missing_7813 44
REFERENCE sym_k0038 44
REFERENCE sym_k0011 44
REFERENCE sym_k0000 44
REFERENCE sym_k0014 44
REFERENCE sym_k0005 44
REFERENCE sym_k0007 44
REFERENCE sym_k0006 44
REFERENCE sym_k0000 44
REFERENCE sym_k0027 44
REFERENCE missing_3260 44
EXIT_SCOPE 44
REFERENCE sym_k0000 43
REFERENCE sym_k0000 43
DECLARE sym_k0057 13 43
DECLARE sym_k0002 3 43
REFERENCE sym_k0004 43
REFERENCE sym_k0027 43
REFERENCE sym_k0021 43
REFERENCE sym_k0002 43
REFERENCE missing_5700 43
REFERENCE sym_k0000 43
ENTER_SCOPE 47 43
REFERENCE sym_k0002 47
REFERENCE missing_4886 47
REFERENCE sym_k0009 47
REFERENCE sym_k0000 47
REFERENCE missing_4542 47
REFERENCE sym_k0004 47
REFERENCE sym_k0001 47
DECLARE sym_k0001 2 47
REFERENCE sym_k0001 47
REFERENCE sym_k0001 47
REFERENCE sym_k0018 47
REFERENCE sym_k0005 47
REFERENCE sym_k0000 47
REFERENCE sym_k0023 47
REFERENCE sym_k0047 47
DECLARE sym_k0000 1 47
REFERENCE sym_k0000 47
REFERENCE sym_k0008 47
REFERENCE sym_k0009 47
REFERENCE sym_k0001 47
REFERENCE sym_k0041 47
REFERENCE sym_k0001 47
EXIT_SCOPE 47
DECLARE sym_k0000 1 43
EXIT_SCOPE 43
REFERENCE sym_k0035 18
REFERENCE sym_k0031 18
ENTER_SCOPE 48 18
REFERENCE sym_k0000 48
REFERENCE sym_k0000 48
REFERENCE sym_k0000 48
REFERENCE sym_k0003 48
REFERENCE sym_k0001 48
REFERENCE sym_k0000 48
REFERENCE sym_k0047 48
EXIT_SCOPE 48
REFERENCE sym_k0000 18
REFERENCE sym_k0007 18
REFERENCE sym_k0014 18
REFERENCE sym_k0002 18
REFERENCE sym_k0028 18
REFERENCE sym_k0002 18
REFERENCE sym_k0004 18
REFERENCE sym_k0000 18
REFERENCE sym_k0012 18
REFERENCE sym_k0010 18
REFERENCE sym_k0002 18
REFERENCE missing_3213 18
REFERENCE missing_2639 18
REFERENCE sym_k0003 18
REFERENCE sym_k0018 18
EXIT_SCOPE 18
REFERENCE missing_3863 14
EXIT_SCOPE 14
EXIT_SCOPE 13
EXIT_SCOPE 2
ENTER_SCOPE 49 0
REFERENCE sym_k0004 49
REFERENCE sym_k0001 49
REFERENCE sym_k0006 49
REFERENCE sym_k0030 49
ENTER_SCOPE 50 49
REFERENCE sym_k0008 50
ENTER_SCOPE 51 50
REFERENCE sym_k0000 51
REFERENCE missing_5030 51
REFERENCE sym_k0031 51
REFERENCE sym_k0047 51
REFERENCE sym_k0002 51
EXIT_SCOPE 51
REFERENCE sym_k0007 50
REFERENCE sym_k0009 50
REFERENCE sym_k0005 50
REFERENCE sym_k0005 50
EXIT_SCOPE 50
REFERENCE sym_k0001 49
REFERENCE sym_k0007 49
REFERENCE sym_k0029 49
REFERENCE sym_k0001 49
EXIT_SCOPE 49
EXIT_SCOPE 0
