# ColliScope Frequency-Matched Synthetic Trace
# Parameters: seed=93, zipf_s=1.244, scope=nested, type=mixed, load_factor=0.5
ENTER_SCOPE 0
DECLARE sym_k0000 1 0
DECLARE sym_k0001 2 0
DECLARE sym_k0002 3 0
DECLARE sym_k0003 4 0
DECLARE sym_k0004 5 0
DECLARE sym_k0005 6 0
DECLARE sym_k0006 7 0
DECLARE sym_k0007 8 0
DECLARE sym_k0008 9 0
DECLARE sym_k0009 10 0
DECLARE sym_k0010 1 0
DECLARE sym_k0011 2 0
DECLARE sym_k0012 3 0
DECLARE sym_k0013 4 0
DECLARE sym_k0014 5 0
DECLARE sym_k0015 6 0
DECLARE sym_k0016 7 0
DECLARE sym_k0017 8 0
DECLARE sym_k0018 9 0
DECLARE sym_k0019 10 0
DECLARE sym_k0020 1 0
DECLARE sym_k0021 2 0
DECLARE sym_k0022 3 0
DECLARE sym_k0023 4 0
DECLARE sym_k0024 5 0
DECLARE sym_k0025 6 0
DECLARE sym_k0026 7 0
DECLARE sym_k0027 8 0
DECLARE sym_k0028 9 0
DECLARE sym_k0029 10 0
DECLARE sym_k0030 1 0
DECLARE sym_k0031 2 0
DECLARE sym_k0032 3 0
DECLARE sym_k0033 4 0
DECLARE sym_k0034 5 0
DECLARE sym_k0035 6 0
DECLARE sym_k0036 7 0
DECLARE sym_k0037 8 0
DECLARE sym_k0038 9 0
DECLARE sym_k0039 10 0
DECLARE sym_k0040 1 0
DECLARE sym_k0041 2 0
DECLARE sym_k0042 3 0
DECLARE sym_k0043 4 0
DECLARE sym_k0044 5 0
DECLARE sym_k0045 6 0
DECLARE sym_k0046 7 0
DECLARE sym_k0047 8 0
DECLARE sym_k0048 9 0
DECLARE sym_k0049 10 0
REFERENCE sym_k0038 0
REFERENCE sym_k0005 0
ENTER_SCOPE 1 0
DECLARE sym_k0003 4 1
DECLARE sym_k0002 3 1
REFERENCE sym_k0011 1
REFERENCE sym_k0000 1
REFERENCE sym_k0018 1
REFERENCE sym_k0002 1
REFERENCE sym_k0023 1
REFERENCE sym_k0000 1
REFERENCE sym_k0008 1
REFERENCE sym_k0010 1
DECLARE sym_k0000 1 1
ENTER_SCOPE 2 1
REFERENCE sym_k0013 2
REFERENCE missing_5615 2
REFERENCE sym_k0002 2
DECLARE sym_k0126 7 2
DECLARE sym_k0000 1 2
REFERENCE sym_k0000 2
REFERENCE sym_k0026 2
REFERENCE sym_k0000 2
REFERENCE sym_k0000 2
REFERENCE sym_k0032 2
REFERENCE sym_k0000 2
DECLARE sym_k0186 7 2
REFERENCE sym_k0044 2
ENTER_SCOPE 3 2
REFERENCE missing_9241 3
EXIT_SCOPE 3
REFERENCE sym_k0006 2
ENTER_SCOPE 4 2
REFERENCE sym_k0001 4
DECLARE sym_k0000 1 4
DECLARE sym_k0002 3 4
REFERENCE sym_k0000 4
REFERENCE missing_4682 4
ENTER_SCOPE 5 4
REFERENCE missing_6184 5
DECLARE sym_k0014 15 5
ENTER_SCOPE 6 5
DECLARE sym_k0028 14 6
REFERENCE sym_k0007 6
DECLARE sym_k0002 3 6
REFERENCE sym_k0029 6
ENTER_SCOPE 7 6
REFERENCE sym_k0001 7
EXIT_SCOPE 7
REFERENCE sym_k0021 6
DECLARE sym_k0004 5 6
REFERENCE sym_k0023 6
EXIT_SCOPE 6
REFERENCE sym_k0015 5
DECLARE sym_k0023 9 5
REFERENCE missing_5642 5
DECLARE sym_k0000 1 5
REFERENCE sym_k0000 5
EXIT_SCOPE 5
REFERENCE sym_k0002 4
REFERENCE sym_k0000 4
REFERENCE sym_k0029 4
REFERENCE sym_k0032 4
REFERENCE sym_k0007 4
EXIT_SCOPE 4
REFERENCE sym_k0000 2
REFERENCE sym_k0000 2
REFERENCE sym_k0000 2
DECLARE sym_k0013 14 2
REFERENCE missing_7676 2
ENTER_SCOPE 8 2
REFERENCE sym_k0000 8
REFERENCE missing_2708 8
REFERENCE sym_k0013 8
DECLARE sym_k0047 3 8
REFERENCE sym_k0000 8
REFERENCE sym_k0035 8
REFERENCE sym_k0000 8
DECLARE sym_k0000 1 8
DECLARE sym_k0002 3 8
REFERENCE sym_k0013 8
DECLARE sym_k0009 10 8
EXIT_SCOPE 8
REFERENCE missing_4928 2
REFERENCE sym_k0000 2
REFERENCE sym_k0023 2
DECLARE sym_k0054 10 2
REFERENCE sym_k0000 2
DECLARE sym_k0002 3 2
REFERENCE sym_k0005 2
REFERENCE sym_k0002 2
REFERENCE sym_k0000 2
REFERENCE sym_k0000 2
REFERENCE sym_k0000 2
REFERENCE sym_k0001 2
REFERENCE sym_k0000 2
REFERENCE sym_k0000 2
REFERENCE sym_k0002 2
REFERENCE sym_k0002 2
REFERENCE sym_k0014 2
REFERENCE missing_4051 2
REFERENCE missing_3171 2
DECLARE sym_k0007 8 2
REFERENCE sym_k0002 2
REFERENCE sym_k0000 2
REFERENCE sym_k0002 2
REFERENCE sym_k0032 2
REFERENCE sym_k0000 2
EXIT_SCOPE 2
REFERENCE sym_k0001 1
DECLARE sym_k0004 5 1
REFERENCE missing_9558 1
ENTER_SCOPE 9 1
REFERENCE sym_k0000 9
REFERENCE sym_k0026 9
DECLARE sym_k0006 7 9
DECLARE sym_k0003 4 9
EXIT_SCOPE 9
REFERENCE sym_k0000 1
DECLARE sym_k0007 8 1
ENTER_SCOPE 10 1
REFERENCE sym_k0002 10
DECLARE sym_k0070 11 10
DECLARE sym_k0000 1 10
REFERENCE sym_k0002 10
DECLARE sym_k0064 5 10
DECLARE sym_k0029 15 10
REFERENCE sym_k0000 10
REFERENCE sym_k0005 10
DECLARE sym_k0017 3 10
DECLARE sym_k0045 1 10
DECLARE sym_k0002 3 10
REFERENCE sym_k0041 10
ENTER_SCOPE 11 10
REFERENCE missing_6831 11
DECLARE sym_k0010 11 11
REFERENCE sym_k0004 11
REFERENCE sym_k0044 11
ENTER_SCOPE 12 11
DECLARE sym_k0000 1 12
REFERENCE missing_1537 12
DECLARE sym_k0031 2 12
DECLARE sym_k0007 8 12
REFERENCE sym_k0000 12
REFERENCE sym_k0005 12
REFERENCE sym_k0000 12
EXIT_SCOPE 12
EXIT_SCOPE 11
DECLARE sym_k0026 12 10
REFERENCE sym_k0015 10
DECLARE sym_k0032 3 10
REFERENCE sym_k0037 10
REFERENCE sym_k0000 10
DECLARE sym_k0001 2 10
REFERENCE sym_k0000 10
REFERENCE sym_k0015 10
DECLARE sym_k0024 10 10
ENTER_SCOPE 13 10
REFERENCE sym_k0039 13
REFERENCE missing_3052 13
REFERENCE sym_k0000 13
DECLARE sym_k0004 5 13
REFERENCE sym_k0001 13
DECLARE sym_k0000 1 13
DECLARE sym_k0010 11 13
DECLARE sym_k0006 7 13
DECLARE sym_k0001 2 13
REFERENCE sym_k0000 13
DECLARE sym_k0017 3 13
DECLARE sym_k0002 3 13
REFERENCE missing_7015 13
DECLARE sym_k0005 6 13
DECLARE sym_k0040 11 13
REFERENCE missing_9800 13
EXIT_SCOPE 13
REFERENCE sym_k0020 10
REFERENCE sym_k0026 10
REFERENCE sym_k0000 10
REFERENCE sym_k0000 10
REFERENCE sym_k0010 10
REFERENCE sym_k0000 10
REFERENCE sym_k0001 10
REFERENCE sym_k0020 10
DECLARE sym_k0016 2 10
REFERENCE missing_2767 10
REFERENCE missing_2138 10
REFERENCE sym_k0000 10
REFERENCE missing_2167 10
DECLARE sym_k0044 15 10
REFERENCE sym_k0001 10
REFERENCE sym_k0030 10
REFERENCE sym_k0001 10
REFERENCE sym_k0029 10
REFERENCE sym_k0011 10
REFERENCE sym_k0000 10
REFERENCE sym_k0000 10
REFERENCE sym_k0000 10
REFERENCE sym_k0000 10
REFERENCE sym_k0017 10
REFERENCE sym_k0021 10
REFERENCE sym_k0004 10
REFERENCE sym_k0000 10
DECLARE sym_k0039 10 10
REFERENCE sym_k0002 10
ENTER_SCOPE 14 10
DECLARE sym_k0052 8 14
REFERENCE sym_k0032 14
REFERENCE sym_k0000 14
DECLARE sym_k0001 2 14
DECLARE sym_k0009 10 14
REFERENCE sym_k0018 14
REFERENCE sym_k0033 14
REFERENCE sym_k0000 14
DECLARE sym_k0002 3 14
DECLARE sym_k0000 1 14
REFERENCE missing_3187 14
REFERENCE sym_k0001 14
REFERENCE sym_k0001 14
REFERENCE sym_k0000 14
REFERENCE sym_k0009 14
REFERENCE sym_k0003 14
DECLARE sym_k0004 5 14
REFERENCE sym_k0001 14
ENTER_SCOPE 15 14
DECLARE sym_k0002 3 15
DECLARE sym_k0000 1 15
EXIT_SCOPE 15
REFERENCE sym_k0001 14
DECLARE sym_k0003 4 14
REFERENCE sym_k0009 14
REFERENCE sym_k0020 14
REFERENCE sym_k0002 14
REFERENCE sym_k0000 14
REFERENCE sym_k0000 14
REFERENCE sym_k0000 14
REFERENCE sym_k0038 14
DECLARE sym_k0007 8 14
ENTER_SCOPE 16 14
DECLARE sym_k0001 2 16
REFERENCE missing_8942 16
REFERENCE sym_k0001 16
DECLARE sym_k0004 5 16
DECLARE sym_k0252 13 16
REFERENCE sym_k0014 16
REFERENCE sym_k0000 16
DECLARE sym_k0003 4 16
DECLARE sym_k0002 3 16
DECLARE sym_k0005 6 16
REFERENCE sym_k0001 16
REFERENCE sym_k0010 16
DECLARE sym_k0011 12 16
REFERENCE sym_k0000 16
REFERENCE sym_k0030 16
DECLARE sym_k0007 8 16
REFERENCE sym_k0001 16
EXIT_SCOPE 16
REFERENCE sym_k0000 14
DECLARE sym_k0057 13 14
REFERENCE sym_k0004 14
REFERENCE sym_k0002 14
REFERENCE sym_k0012 14
REFERENCE sym_k0001 14
REFERENCE sym_k0010 14
REFERENCE sym_k0000 14
REFERENCE sym_k0001 14
DECLARE sym_k0024 10 14
REFERENCE sym_k0012 14
REFERENCE sym_k0001 14
REFERENCE missing_7732 14
DECLARE sym_k0106 2 14
REFERENCE sym_k0028 14
REFERENCE sym_k0008 14
DECLARE sym_k0019 5 14
REFERENCE sym_k0000 14
EXIT_SCOPE 14
DECLARE sym_k0019 5 10
REFERENCE sym_k0008 10
REFERENCE sym_k0000 10
REFERENCE sym_k0003 10
REFERENCE missing_2931 10
REFERENCE sym_k0001 10
EXIT_SCOPE 10
REFERENCE sym_k0003 1
REFERENCE sym_k0032 1
REFERENCE sym_k0030 1
REFERENCE sym_k0002 1
REFERENCE sym_k0002 1
REFERENCE sym_k0000 1
REFERENCE sym_k0000 1
REFERENCE sym_k0000 1
REFERENCE missing_5997 1
REFERENCE sym_k0001 1
REFERENCE missing_5678 1
REFERENCE sym_k0013 1
REFERENCE missing_9847 1
DECLARE sym_k0034 5 1
DECLARE sym_k0027 13 1
REFERENCE sym_k0000 1
DECLARE sym_k0040 11 1
REFERENCE sym_k0048 1
REFERENCE sym_k0000 1
REFERENCE sym_k0003 1
REFERENCE sym_k0004 1
DECLARE sym_k0008 9 1
REFERENCE sym_k0003 1
REFERENCE sym_k0000 1
REFERENCE sym_k0012 1
REFERENCE sym_k0038 1
REFERENCE sym_k0000 1
DECLARE sym_k0018 4 1
REFERENCE sym_k0007 1
REFERENCE sym_k0000 1
ENTER_SCOPE 17 1
REFERENCE sym_k0000 17
REFERENCE missing_4433 17
REFERENCE missing_3050 17
REFERENCE sym_k0015 17
REFERENCE sym_k0010 17
REFERENCE sym_k0003 17
DECLARE sym_k0098 9 17
DECLARE sym_k0000 1 17
REFERENCE sym_k0000 17
REFERENCE sym_k0001 17
REFERENCE sym_k0020 17
REFERENCE missing_9973 17
ENTER_SCOPE 18 17
ENTER_SCOPE 19 18
REFERENCE sym_k0016 19
REFERENCE sym_k0000 19
REFERENCE sym_k0032 19
DECLARE sym_k0000 1 19
DECLARE sym_k0007 8 19
REFERENCE missing_7263 19
REFERENCE sym_k0036 19
REFERENCE sym_k0012 19
REFERENCE sym_k0000 19
DECLARE sym_k0096 7 19
REFERENCE sym_k0000 19
REFERENCE sym_k0000 19
DECLARE sym_k0023 9 19
REFERENCE sym_k0000 19
DECLARE sym_k0247 8 19
EXIT_SCOPE 19
DECLARE sym_k0054 10 18
DECLARE sym_k0000 1 18
DECLARE sym_k0001 2 18
REFERENCE sym_k0002 18
REFERENCE sym_k0000 18
REFERENCE sym_k0036 18
DECLARE sym_k0041 12 18
REFERENCE sym_k0007 18
REFERENCE sym_k0000 18
REFERENCE sym_k0049 18
ENTER_SCOPE 20 18
DECLARE sym_k0000 1 20
ENTER_SCOPE 21 20
DECLARE sym_k0026 12 21
EXIT_SCOPE 21
REFERENCE missing_5064 20
REFERENCE sym_k0041 20
REFERENCE sym_k0009 20
REFERENCE sym_k0000 20
REFERENCE sym_k0019 20
REFERENCE sym_k0000 20
DECLARE sym_k0002 3 20
ENTER_SCOPE 22 20
DECLARE sym_k0016 2 22
REFERENCE sym_k0005 22
DECLARE sym_k0008 9 22
REFERENCE sym_k0000 22
DECLARE sym_k0018 4 22
REFERENCE sym_k0003 22
DECLARE sym_k0256 2 22
REFERENCE sym_k0006 22
DECLARE sym_k0001 2 22
REFERENCE sym_k0017 22
DECLARE sym_k0083 9 22
REFERENCE missing_9158 22
EXIT_SCOPE 22
DECLARE sym_k0001 2 20
REFERENCE sym_k0000 20
EXIT_SCOPE 20
DECLARE sym_k0008 9 18
REFERENCE sym_k0007 18
DECLARE sym_k0036 7 18
REFERENCE sym_k0001 18
REFERENCE sym_k0001 18
DECLARE sym_k0007 8 18
REFERENCE sym_k0029 18
REFERENCE sym_k0000 18
DECLARE sym_k0006 7 18
ENTER_SCOPE 23 18
REFERENCE sym_k0008 23
DECLARE sym_k0027 13 23
DECLARE sym_k0003 4 23
REFERENCE sym_k0000 23
REFERENCE sym_k0019 23
REFERENCE missing_4876 23
DECLARE sym_k0001 2 23
DECLARE sym_k0000 1 23
REFERENCE sym_k0026 23
REFERENCE sym_k0000 23
DECLARE sym_k0046 2 23
REFERENCE sym_k0004 23
DECLARE sym_k0187 8 23
DECLARE sym_k0020 6 23
REFERENCE missing_7176 23
REFERENCE sym_k0001 23
REFERENCE sym_k0000 23
ENTER_SCOPE 24 23
DECLARE sym_k0005 6 24
DECLARE sym_k0208 14 24
ENTER_SCOPE 25 24
DECLARE sym_k0000 1 25
REFERENCE sym_k0054 25
REFERENCE missing_7589 25
REFERENCE sym_k0000 25
REFERENCE sym_k0000 25
REFERENCE sym_k0000 25
REFERENCE sym_k0002 25
DECLARE sym_k0011 12 25
REFERENCE sym_k0042 25
REFERENCE sym_k0035 25
REFERENCE sym_k0001 25
REFERENCE sym_k0000 25
REFERENCE sym_k0000 25
REFERENCE sym_k0001 25
DECLARE sym_k0012 13 25
REFERENCE sym_k0022 25
REFERENCE sym_k0000 25
REFERENCE sym_k0000 25
DECLARE sym_k0013 14 25
DECLARE sym_k0003 4 25
REFERENCE sym_k0001 25
DECLARE sym_k0002 3 25
REFERENCE sym_k0003 25
REFERENCE sym_k0008 25
DECLARE sym_k0009 10 25
DECLARE sym_k0005 6 25
REFERENCE sym_k0000 25
DECLARE sym_k0006 7 25
REFERENCE sym_k0002 25
EXIT_SCOPE 25
DECLARE sym_k0000 1 24
EXIT_SCOPE 24
REFERENCE sym_k0000 23
REFERENCE sym_k0000 23
REFERENCE sym_k0001 23
REFERENCE sym_k0005 23
REFERENCE sym_k0016 23
REFERENCE sym_k0000 23
REFERENCE sym_k0033 23
DECLARE sym_k0032 3 23
REFERENCE sym_k0004 23
REFERENCE sym_k0007 23
DECLARE sym_k0012 13 23
REFERENCE sym_k0017 23
REFERENCE sym_k0001 23
DECLARE sym_k0230 6 23
ENTER_SCOPE 26 23
REFERENCE sym_k0001 26
REFERENCE missing_4846 26
REFERENCE missing_8227 26
DECLARE sym_k0032 3 26
DECLARE sym_k0001 2 26
REFERENCE missing_3035 26
REFERENCE sym_k0004 26
REFERENCE sym_k0002 26
REFERENCE sym_k0004 26
REFERENCE missing_8103 26
DECLARE sym_k0031 2 26
REFERENCE sym_k0008 26
REFERENCE sym_k0012 26
REFERENCE sym_k0003 26
EXIT_SCOPE 26
REFERENCE sym_k0007 23
ENTER_SCOPE 27 23
DECLARE sym_k0064 5 27
DECLARE sym_k0000 1 27
REFERENCE sym_k0000 27
REFERENCE missing_7195 27
REFERENCE sym_k0013 27
REFERENCE missing_6637 27
DECLARE sym_k0004 5 27
REFERENCE sym_k0001 27
REFERENCE sym_k0004 27
REFERENCE sym_k0011 27
DECLARE sym_k0019 5 27
ENTER_SCOPE 28 27
REFERENCE missing_5371 28
DECLARE sym_k0000 1 28
DECLARE sym_k0103 14 28
REFERENCE sym_k0001 28
REFERENCE sym_k0001 28
REFERENCE sym_k0028 28
DECLARE sym_k0009 10 28
REFERENCE sym_k0000 28
ENTER_SCOPE 29 28
DECLARE sym_k0000 1 29
REFERENCE sym_k0001 29
DECLARE sym_k0009 10 29
REFERENCE missing_5718 29
REFERENCE sym_k0000 29
REFERENCE sym_k0009 29
REFERENCE sym_k0016 29
DECLARE sym_k0003 4 29
REFERENCE missing_5157 29
REFERENCE sym_k0000 29
REFERENCE sym_k0002 29
REFERENCE sym_k0010 29
DECLARE sym_k0071 12 29
EXIT_SCOPE 29
REFERENCE sym_k0000 28
DECLARE sym_k0241 2 28
REFERENCE sym_k0019 28
REFERENCE missing_1095 28
REFERENCE sym_k0002 28
EXIT_SCOPE 28
REFERENCE sym_k0000 27
REFERENCE sym_k0000 27
REFERENCE sym_k0001 27
REFERENCE missing_8365 27
REFERENCE sym_k0027 27
REFERENCE sym_k0000 27
REFERENCE sym_k0001 27
REFERENCE sym_k0011 27
DECLARE sym_k0016 2 27
REFERENCE sym_k0001 27
REFERENCE sym_k0002 27
REFERENCE sym_k0001 27
REFERENCE sym_k0001 27
REFERENCE sym_k0008 27
REFERENCE sym_k0007 27
REFERENCE missing_3961 27
DECLARE sym_k0012 13 27
REFERENCE sym_k0012 27
REFERENCE sym_k0009 27
REFERENCE sym_k0000 27
DECLARE sym_k0001 2 27
REFERENCE missing_1636 27
ENTER_SCOPE 30 27
REFERENCE sym_k0018 30
REFERENCE missing_4523 30
REFERENCE sym_k0003 30
DECLARE sym_k0072 13 30
REFERENCE sym_k0022 30
DECLARE sym_k0004 5 30
REFERENCE sym_k0012 30
DECLARE sym_k0000 1 30
REFERENCE sym_k0001 30
DECLARE sym_k0048 4 30
REFERENCE sym_k0028 30
DECLARE sym_k0007 8 30
EXIT_SCOPE 30
REFERENCE sym_k0001 27
REFERENCE sym_k0001 27
DECLARE sym_k0036 7 27
REFERENCE sym_k0000 27
REFERENCE sym_k0006 27
REFERENCE missing_7342 27
REFERENCE sym_k0001 27
REFERENCE sym_k0003 27
REFERENCE sym_k0011 27
REFERENCE sym_k0001 27
REFERENCE sym_k0000 27
REFERENCE sym_k0000 27
REFERENCE sym_k0001 27
REFERENCE sym_k0004 27
REFERENCE sym_k0004 27
EXIT_SCOPE 27
REFERENCE sym_k0001 23
REFERENCE sym_k0000 23
REFERENCE sym_k0000 23
REFERENCE sym_k0001 23
REFERENCE sym_k0000 23
EXIT_SCOPE 23
REFERENCE sym_k0000 18
REFERENCE sym_k0017 18
REFERENCE sym_k0000 18
REFERENCE sym_k0008 18
REFERENCE missing_8313 18
REFERENCE sym_k0000 18
DECLARE sym_k0096 7 18
REFERENCE sym_k0005 18
REFERENCE sym_k0000 18
DECLARE sym_k0128 9 18
REFERENCE sym_k0014 18
REFERENCE missing_4827 18
REFERENCE sym_k0000 18
REFERENCE sym_k0006 18
REFERENCE sym_k0000 18
REFERENCE sym_k0009 18
ENTER_SCOPE 31 18
REFERENCE sym_k0013 31
REFERENCE sym_k0054 31
REFERENCE sym_k0014 31
ENTER_SCOPE 32 31
REFERENCE sym_k0000 32
ENTER_SCOPE 33 32
DECLARE sym_k0001 2 33
REFERENCE sym_k0016 33
REFERENCE sym_k0002 33
REFERENCE sym_k0006 33
REFERENCE sym_k0001 33
REFERENCE sym_k0009 33
DECLARE sym_k0000 1 33
REFERENCE sym_k0009 33
REFERENCE sym_k0000 33
REFERENCE sym_k0002 33
DECLARE sym_k0013 14 33
REFERENCE sym_k0000 33
DECLARE sym_k0114 10 33
REFERENCE sym_k0001 33
REFERENCE sym_k0005 33
REFERENCE sym_k0005 33
REFERENCE sym_k0000 33
DECLARE sym_k0057 13 33
REFERENCE sym_k0000 33
REFERENCE sym_k0000 33
REFERENCE missing_2438 33
REFERENCE sym_k0003 33
REFERENCE sym_k0000 33
DECLARE sym_k0123 4 33
ENTER_SCOPE 34 33
DECLARE sym_k0057 13 34
REFERENCE sym_k0012 34
REFERENCE sym_k0001 34
DECLARE sym_k0002 3 34
DECLARE sym_k0005 6 34
DECLARE sym_k0059 15 34
REFERENCE sym_k0001 34
REFERENCE sym_k0000 34
DECLARE sym_k0000 1 34
REFERENCE sym_k0000 34
EXIT_SCOPE 34
REFERENCE sym_k0006 33
REFERENCE sym_k0000 33
REFERENCE sym_k0003 33
DECLARE sym_k0050 6 33
REFERENCE sym_k0002 33
DECLARE sym_k0060 1 33
REFERENCE missing_9517 33
REFERENCE sym_k0000 33
REFERENCE sym_k0128 33
REFERENCE sym_k0001 33
ENTER_SCOPE 35 33
REFERENCE sym_k0008 35
DECLARE sym_k0005 6 35
DECLARE sym_k0004 5 35
REFERENCE sym_k0004 35
REFERENCE sym_k0003 35
DECLARE sym_k0083 9 35
DECLARE sym_k0001 2 35
REFERENCE missing_9986 35
REFERENCE sym_k0000 35
DECLARE sym_k0199 5 35
DECLARE sym_k0010 11 35
REFERENCE sym_k0000 35
REFERENCE sym_k0002 35
DECLARE sym_k0002 3 35
DECLARE sym_k0000 1 35
EXIT_SCOPE 35
REFERENCE sym_k0000 33
REFERENCE sym_k0007 33
REFERENCE sym_k0013 33
REFERENCE sym_k0006 33
DECLARE sym_k0267 13 33
DECLARE sym_k0002 3 33
ENTER_SCOPE 36 33
REFERENCE sym_k0005 36
EXIT_SCOPE 36
REFERENCE sym_k0030 33
ENTER_SCOPE 37 33
REFERENCE sym_k0013 37
DECLARE sym_k0018 4 37
REFERENCE sym_k0098 37
REFERENCE sym_k0002 37
DECLARE sym_k0009 10 37
REFERENCE sym_k0000 37
DECLARE sym_k0000 1 37
REFERENCE sym_k0000 37
REFERENCE sym_k0000 37
REFERENCE sym_k0001 37
REFERENCE sym_k0009 37
REFERENCE sym_k0000 37
DECLARE sym_k0004 5 37
REFERENCE sym_k0000 37
EXIT_SCOPE 37
DECLARE sym_k0105 1 33
REFERENCE sym_k0001 33
REFERENCE sym_k0096 33
ENTER_SCOPE 38 33
DECLARE sym_k0172 8 38
EXIT_SCOPE 38
REFERENCE sym_k0001 33
REFERENCE sym_k0004 33
DECLARE sym_k0004 5 33
REFERENCE sym_k0004 33
REFERENCE sym_k0003 33
REFERENCE sym_k0000 33
DECLARE sym_k0249 10 33
REFERENCE sym_k0060 33
REFERENCE missing_4634 33
REFERENCE sym_k0000 33
REFERENCE missing_7603 33
REFERENCE sym_k0002 33
REFERENCE sym_k0001 33
REFERENCE sym_k0000 33
REFERENCE sym_k0007 33
REFERENCE missing_2850 33
REFERENCE missing_7029 33
DECLARE sym_k0014 15 33
REFERENCE sym_k0010 33
REFERENCE sym_k0001 33
EXIT_SCOPE 33
DECLARE sym_k0001 2 32
ENTER_SCOPE 39 32
REFERENCE sym_k0011 39
REFERENCE sym_k0002 39
DECLARE sym_k0031 2 39
REFERENCE sym_k0000 39
REFERENCE sym_k0042 39
DECLARE sym_k0050 6 39
DECLARE sym_k0003 4 39
DECLARE sym_k0004 5 39
REFERENCE sym_k0021 39
REFERENCE sym_k0048 39
DECLARE sym_k0028 14 39
ENTER_SCOPE 40 39
DECLARE sym_k0003 4 40
DECLARE sym_k0001 2 40
REFERENCE sym_k0001 40
EXIT_SCOPE 40
DECLARE sym_k0005 6 39
REFERENCE sym_k0000 39
REFERENCE missing_6650 39
DECLARE sym_k0000 1 39
REFERENCE sym_k0000 39
REFERENCE sym_k0000 39
REFERENCE sym_k0000 39
DECLARE sym_k0012 13 39
DECLARE sym_k0001 2 39
REFERENCE missing_7668 39
REFERENCE sym_k0015 39
REFERENCE sym_k0000 39
DECLARE sym_k0002 3 39
REFERENCE sym_k0014 39
EXIT_SCOPE 39
DECLARE sym_k0145 11 32
REFERENCE sym_k0043 32
REFERENCE sym_k0000 32
DECLARE sym_k0003 4 32
DECLARE sym_k0000 1 32
REFERENCE missing_6427 32
EXIT_SCOPE 32
REFERENCE sym_k0001 31
REFERENCE sym_k0004 31
DECLARE sym_k0028 14 31
DECLARE sym_k0001 2 31
REFERENCE sym_k0004 31
DECLARE sym_k0000 1 31
REFERENCE sym_k0000 31
DECLARE sym_k0003 4 31
REFERENCE sym_k0030 31
REFERENCE sym_k0000 31
DECLARE sym_k0008 9 31
EXIT_SCOPE 31
REFERENCE sym_k0000 18
REFERENCE sym_k0015 18
REFERENCE sym_k0006 18
REFERENCE sym_k0000 18
DECLARE sym_k0003 4 18
REFERENCE sym_k0009 18
REFERENCE sym_k0000 18
DECLARE sym_k0018 4 18
ENTER_SCOPE 41 18
REFERENCE sym_k0042 41
REFERENCE sym_k0002 41
REFERENCE sym_k0000 41
DECLARE sym_k0000 1 41
DECLARE sym_k0006 7 41
ENTER_SCOPE 42 41
REFERENCE sym_k0007 42
DECLARE sym_k0004 5 42
REFERENCE sym_k0000 42
DECLARE sym_k0000 1 42
REFERENCE sym_k0005 42
DECLARE sym_k0058 14 42
ENTER_SCOPE 43 42
DECLARE sym_k0005 6 43
REFERENCE missing_9178 43
ENTER_SCOPE 44 43
REFERENCE sym_k0000 44
DECLARE sym_k0035 6 44
DECLARE sym_k0038 9 44
EXIT_SCOPE 44
REFERENCE sym_k0000 43
REFERENCE sym_k0005 43
DECLARE sym_k0012 13 43
DECLARE sym_k0076 2 43
REFERENCE sym_k0023 43
REFERENCE sym_k0001 43
DECLARE sym_k0000 1 43
REFERENCE sym_k0076 43
REFERENCE sym_k0002 43
DECLARE sym_k0014 15 43
REFERENCE sym_k0000 43
DECLARE sym_k0065 6 43
REFERENCE sym_k0000 43
REFERENCE sym_k0011 43
REFERENCE sym_k0022 43
ENTER_SCOPE 45 43
DECLARE sym_k0012 13 45
REFERENCE sym_k0008 45
REFERENCE sym_k0036 45
REFERENCE sym_k0002 45
DECLARE sym_k0183 4 45
DECLARE sym_k0000 1 45
REFERENCE sym_k0002 45
REFERENCE missing_4989 45
REFERENCE sym_k0028 45
REFERENCE sym_k0054 45
EXIT_SCOPE 45
REFERENCE sym_k0005 43
REFERENCE sym_k0011 43
REFERENCE missing_7315 43
REFERENCE sym_k0000 43
REFERENCE sym_k0005 43
REFERENCE sym_k0003 43
REFERENCE sym_k0005 43
REFERENCE missing_9061 43
DECLARE sym_k0009 10 43
ENTER_SCOPE 46 43
REFERENCE sym_k0000 46
REFERENCE sym_k0000 46
REFERENCE sym_k0002 46
DECLARE sym_k0001 2 46
REFERENCE sym_k0000 46
REFERENCE sym_k0008 46
DECLARE sym_k0000 1 46
REFERENCE sym_k0000 46
DECLARE sym_k0007 8 46
REFERENCE missing_3727 46
REFERENCE missing_2671 46
DECLARE sym_k0006 7 46
REFERENCE sym_k0001 46
REFERENCE sym_k0000 46
DECLARE sym_k0214 5 46
REFERENCE sym_k0006 46
REFERENCE sym_k0000 46
DECLARE sym_k0002 3 46
DECLARE sym_k0044 15 46
REFERENCE sym_k0011 46
REFERENCE sym_k0000 46
REFERENCE sym_k0001 46
EXIT_SCOPE 46
DECLARE sym_k0152 3 43
REFERENCE missing_7600 43
DECLARE sym_k0004 5 43
DECLARE sym_k0103 14 43
REFERENCE sym_k0004 43
EXIT_SCOPE 43
REFERENCE sym_k0021 42
REFERENCE missing_6070 42
REFERENCE sym_k0010 42
REFERENCE sym_k0001 42
REFERENCE sym_k0008 42
REFERENCE sym_k0004 42
REFERENCE sym_k0008 42
DECLARE sym_k0013 14 42
REFERENCE sym_k0004 42
DECLARE sym_k0073 14 42
DECLARE sym_k0001 2 42
REFERENCE sym_k0000 42
DECLARE sym_k0005 6 42
REFERENCE sym_k0000 42
REFERENCE sym_k0006 42
REFERENCE sym_k0000 42
REFERENCE missing_2909 42
ENTER_SCOPE 47 42
DECLARE sym_k0005 6 47
DECLARE sym_k0004 5 47
DECLARE sym_k0000 1 47
REFERENCE sym_k0021 47
REFERENCE sym_k0002 47
REFERENCE sym_k0000 47
REFERENCE sym_k0002 47
DECLARE sym_k0037 8 47
DECLARE sym_k0014 15 47
REFERENCE sym_k0001 47
REFERENCE sym_k0041 47
ENTER_SCOPE 48 47
REFERENCE sym_k0000 48
REFERENCE sym_k0044 48
REFERENCE sym_k0000 48
DECLARE sym_k0003 4 48
REFERENCE sym_k0001 48
DECLARE sym_k0004 5 48
REFERENCE sym_k0012 48
EXIT_SCOPE 48
ENTER_SCOPE 49 47
REFERENCE sym_k0007 49
DECLARE sym_k0110 6 49
REFERENCE sym_k0001 49
DECLARE sym_k0039 10 49
DECLARE sym_k0000 1 49
REFERENCE sym_k0000 49
REFERENCE sym_k0014 49
REFERENCE sym_k0000 49
REFERENCE sym_k0000 49
REFERENCE sym_k0000 49
EXIT_SCOPE 49
REFERENCE sym_k0000 47
DECLARE sym_k0178 14 47
REFERENCE sym_k0000 47
EXIT_SCOPE 47
REFERENCE sym_k0000 42
REFERENCE sym_k0034 42
ENTER_SCOPE 50 42
REFERENCE sym_k0005 50
REFERENCE sym_k0000 50
DECLARE sym_k0024 10 50
REFERENCE sym_k0000 50
REFERENCE missing_7613 50
ENTER_SCOPE 51 50
DECLARE sym_k0011 12 51
REFERENCE sym_k0000 51
REFERENCE sym_k0000 51
REFERENCE sym_k0054 51
DECLARE sym_k0058 14 51
REFERENCE sym_k0021 51
DECLARE sym_k0004 5 51
REFERENCE sym_k0022 51
REFERENCE sym_k0004 51
DECLARE sym_k0000 1 51
DECLARE sym_k0028 14 51
REFERENCE sym_k0049 51
DECLARE sym_k0005 6 51
REFERENCE sym_k0018 51
REFERENCE sym_k0007 51
DECLARE sym_k0025 11 51
REFERENCE sym_k0001 51
EXIT_SCOPE 51
DECLARE sym_k0022 8 50
ENTER_SCOPE 52 50
REFERENCE sym_k0001 52
REFERENCE missing_5349 52
REFERENCE sym_k0002 52
REFERENCE sym_k0006 52
REFERENCE sym_k0004 52
EXIT_SCOPE 52
EXIT_SCOPE 50
EXIT_SCOPE 42
EXIT_SCOPE 41
EXIT_SCOPE 18
EXIT_SCOPE 17
EXIT_SCOPE 1
EXIT_SCOPE 0
