# ColliScope Generated Random Trace
# Parameters: seed=56, scope=nested, type=lookup-heavy, replicate=3
ENTER_SCOPE 0
DECLARE zom_00000 17 0
DECLARE hoy_00001 8 0
DECLARE cqi_00002 9 0
DECLARE zft_00003 7 0
DECLARE bpd_00004 1 0
DECLARE ykg_00005 4 0
DECLARE pol_00006 13 0
DECLARE drb_00007 7 0
DECLARE nee_00008 18 0
DECLARE mqa_00009 2 0
DECLARE pao_00010 1 0
DECLARE ncm_00011 12 0
DECLARE mjn_00012 18 0
DECLARE mbx_00013 6 0
DECLARE isd_00014 7 0
DECLARE hpl_00015 5 0
DECLARE avw_00016 6 0
DECLARE ucy_00017 10 0
DECLARE pks_00018 17 0
DECLARE mth_00019 7 0
DECLARE bsk_00020 6 0
DECLARE roo_00021 17 0
DECLARE qrb_00022 16 0
DECLARE gnb_00023 5 0
DECLARE tyy_00024 4 0
DECLARE zks_00025 8 0
DECLARE fci_00026 18 0
DECLARE dxo_00027 8 0
DECLARE kys_00028 7 0
DECLARE uyh_00029 20 0
DECLARE qye_00030 2 0
DECLARE qlv_00031 20 0
DECLARE uvo_00032 18 0
DECLARE jkg_00033 2 0
DECLARE ult_00034 4 0
DECLARE jjh_00035 15 0
DECLARE dzq_00036 15 0
DECLARE inv_00037 1 0
DECLARE sll_00038 10 0
DECLARE gsx_00039 14 0
DECLARE wfx_00040 18 0
DECLARE vuz_00041 9 0
DECLARE bow_00042 12 0
DECLARE arm_00043 14 0
DECLARE szc_00044 6 0
DECLARE jem_00045 5 0
DECLARE opp_00046 14 0
DECLARE fts_00047 16 0
DECLARE mxf_00048 4 0
DECLARE jgk_00049 11 0
REFERENCE tyy_00024 0
REFERENCE zks_00025 0
REFERENCE vuz_00041 0
DECLARE bjr_00050 11 0
REFERENCE dxo_00027 0
REFERENCE bpd_00004 0
REFERENCE uyh_00029 0
REFERENCE hpl_00015 0
REFERENCE jkg_00033 0
REFERENCE hpl_00015 0
REFERENCE inv_00037 0
DECLARE djx_00051 3 0
REFERENCE szc_00044 0
DECLARE cgi_00052 17 0
REFERENCE missing_3886 0
REFERENCE hoy_00001 0
REFERENCE jem_00045 0
REFERENCE hoy_00001 0
REFERENCE arm_00043 0
REFERENCE uyh_00029 0
ENTER_SCOPE 1 0
REFERENCE jgk_00049 1
REFERENCE ucy_00017 1
REFERENCE bsk_00020 1
REFERENCE missing_2496 1
REFERENCE dzq_00036 1
DECLARE lkm_00053 20 1
REFERENCE missing_5770 1
REFERENCE vuz_00041 1
ENTER_SCOPE 2 1
REFERENCE missing_6094 2
DECLARE euc_00054 18 2
REFERENCE jgk_00049 2
REFERENCE ncm_00011 2
REFERENCE qrb_00022 2
REFERENCE pol_00006 2
REFERENCE szc_00044 2
REFERENCE arm_00043 2
REFERENCE jem_00045 2
REFERENCE missing_1016 2
REFERENCE dzq_00036 2
DECLARE awe_00055 9 2
REFERENCE missing_1156 2
ENTER_SCOPE 3 2
REFERENCE roo_00021 3
REFERENCE missing_1650 3
REFERENCE euc_00054 3
REFERENCE missing_2281 3
REFERENCE ykg_00005 3
ENTER_SCOPE 4 3
REFERENCE mqa_00009 4
REFERENCE pao_00010 4
REFERENCE awe_00055 4
REFERENCE missing_5950 4
REFERENCE zft_00003 4
REFERENCE gsx_00039 4
REFERENCE ncm_00011 4
REFERENCE bjr_00050 4
DECLARE gzm_00056 17 4
REFERENCE ult_00034 4
REFERENCE mth_00019 4
REFERENCE mxf_00048 4
REFERENCE ykg_00005 4
REFERENCE missing_5033 4
REFERENCE jem_00045 4
REFERENCE jkg_00033 4
REFERENCE mxf_00048 4
REFERENCE mjn_00012 4
REFERENCE awe_00055 4
REFERENCE avw_00016 4
REFERENCE qlv_00031 4
REFERENCE euc_00054 4
REFERENCE hoy_00001 4
REFERENCE missing_3924 4
REFERENCE qlv_00031 4
ENTER_SCOPE 5 4
REFERENCE bjr_00050 5
REFERENCE szc_00044 5
REFERENCE bjr_00050 5
REFERENCE ncm_00011 5
REFERENCE qlv_00031 5
REFERENCE szc_00044 5
REFERENCE ncm_00011 5
EXIT_SCOPE 5
REFERENCE pol_00006 4
REFERENCE mth_00019 4
REFERENCE hpl_00015 4
ENTER_SCOPE 6 4
REFERENCE lkm_00053 6
REFERENCE pol_00006 6
REFERENCE hoy_00001 6
REFERENCE opp_00046 6
REFERENCE ult_00034 6
REFERENCE jjh_00035 6
REFERENCE missing_9036 6
REFERENCE mqa_00009 6
REFERENCE szc_00044 6
REFERENCE hoy_00001 6
REFERENCE arm_00043 6
REFERENCE uyh_00029 6
REFERENCE fts_00047 6
REFERENCE cqi_00002 6
REFERENCE vuz_00041 6
REFERENCE uvo_00032 6
DECLARE ndt_00057 18 6
REFERENCE ncm_00011 6
REFERENCE awe_00055 6
DECLARE thc_00058 17 6
REFERENCE zft_00003 6
REFERENCE mth_00019 6
DECLARE mhh_00059 16 6
REFERENCE ndt_00057 6
REFERENCE jgk_00049 6
DECLARE sdn_00060 5 6
REFERENCE cqi_00002 6
REFERENCE mbx_00013 6
REFERENCE bsk_00020 6
REFERENCE mhh_00059 6
DECLARE dbv_00061 15 6
REFERENCE hoy_00001 6
REFERENCE ndt_00057 6
REFERENCE gzm_00056 6
ENTER_SCOPE 7 6
REFERENCE pks_00018 7
EXIT_SCOPE 7
REFERENCE thc_00058 6
REFERENCE pks_00018 6
REFERENCE euc_00054 6
REFERENCE bjr_00050 6
REFERENCE jgk_00049 6
DECLARE eaq_00062 8 6
REFERENCE missing_1642 6
REFERENCE missing_8624 6
REFERENCE dxo_00027 6
REFERENCE ndt_00057 6
REFERENCE ult_00034 6
REFERENCE mhh_00059 6
REFERENCE wfx_00040 6
REFERENCE euc_00054 6
DECLARE elj_00063 2 6
REFERENCE missing_2448 6
REFERENCE szc_00044 6
EXIT_SCOPE 6
REFERENCE arm_00043 4
ENTER_SCOPE 8 4
REFERENCE jgk_00049 8
REFERENCE jgk_00049 8
REFERENCE zks_00025 8
DECLARE gzm_00056 19 8
REFERENCE djx_00051 8
REFERENCE pks_00018 8
ENTER_SCOPE 9 8
REFERENCE mqa_00009 9
REFERENCE cqi_00002 9
REFERENCE dzq_00036 9
REFERENCE missing_9190 9
REFERENCE missing_5009 9
DECLARE rql_00064 15 9
REFERENCE hpl_00015 9
EXIT_SCOPE 9
REFERENCE ucy_00017 8
REFERENCE gsx_00039 8
REFERENCE gzm_00056 8
REFERENCE isd_00014 8
REFERENCE cqi_00002 8
ENTER_SCOPE 10 8
REFERENCE missing_7825 10
REFERENCE bjr_00050 10
REFERENCE drb_00007 10
DECLARE sbc_00065 17 10
REFERENCE missing_3322 10
REFERENCE qrb_00022 10
REFERENCE jjh_00035 10
REFERENCE cgi_00052 10
REFERENCE mxf_00048 10
REFERENCE awe_00055 10
REFERENCE gsx_00039 10
REFERENCE mjn_00012 10
REFERENCE lkm_00053 10
REFERENCE zks_00025 10
REFERENCE missing_6077 10
ENTER_SCOPE 11 10
REFERENCE qye_00030 11
REFERENCE bow_00042 11
REFERENCE sbc_00065 11
DECLARE wey_00066 8 11
EXIT_SCOPE 11
REFERENCE missing_2046 10
REFERENCE missing_9803 10
REFERENCE lkm_00053 10
DECLARE tjp_00067 17 10
DECLARE hwa_00068 6 10
REFERENCE arm_00043 10
REFERENCE missing_1159 10
REFERENCE missing_6869 10
REFERENCE hpl_00015 10
REFERENCE uyh_00029 10
ENTER_SCOPE 12 10
REFERENCE gzm_00056 12
EXIT_SCOPE 12
REFERENCE tyy_00024 10
ENTER_SCOPE 13 10
REFERENCE tjp_00067 13
EXIT_SCOPE 13
REFERENCE tyy_00024 10
REFERENCE ult_00034 10
REFERENCE hwa_00068 10
DECLARE gzm_00056 9 10
REFERENCE isd_00014 10
REFERENCE jkg_00033 10
REFERENCE mqa_00009 10
REFERENCE bjr_00050 10
REFERENCE vuz_00041 10
REFERENCE bpd_00004 10
REFERENCE fts_00047 10
ENTER_SCOPE 14 10
EXIT_SCOPE 14
REFERENCE hoy_00001 10
REFERENCE bpd_00004 10
REFERENCE missing_8505 10
REFERENCE jjh_00035 10
REFERENCE mqa_00009 10
REFERENCE missing_4545 10
REFERENCE bjr_00050 10
REFERENCE gzm_00056 10
REFERENCE mjn_00012 10
REFERENCE bow_00042 10
DECLARE awe_00055 6 10
REFERENCE missing_2141 10
REFERENCE qye_00030 10
REFERENCE ncm_00011 10
REFERENCE missing_5299 10
DECLARE txn_00069 5 10
REFERENCE opp_00046 10
REFERENCE uyh_00029 10
REFERENCE gzm_00056 10
REFERENCE ult_00034 10
REFERENCE sll_00038 10
ENTER_SCOPE 15 10
DECLARE txn_00069 19 15
REFERENCE uyh_00029 15
REFERENCE avw_00016 15
REFERENCE hwa_00068 15
DECLARE tjp_00067 6 15
REFERENCE zks_00025 15
REFERENCE gsx_00039 15
EXIT_SCOPE 15
REFERENCE mjn_00012 10
REFERENCE avw_00016 10
REFERENCE opp_00046 10
REFERENCE mbx_00013 10
REFERENCE cgi_00052 10
REFERENCE dzq_00036 10
REFERENCE ykg_00005 10
REFERENCE gzm_00056 10
EXIT_SCOPE 10
REFERENCE zom_00000 8
EXIT_SCOPE 8
ENTER_SCOPE 16 4
REFERENCE ncm_00011 16
REFERENCE mbx_00013 16
DECLARE gzm_00056 9 16
REFERENCE jem_00045 16
REFERENCE djx_00051 16
DECLARE bzl_00070 1 16
REFERENCE pao_00010 16
REFERENCE missing_3782 16
REFERENCE missing_7891 16
DECLARE ftf_00071 4 16
REFERENCE bsk_00020 16
REFERENCE jgk_00049 16
ENTER_SCOPE 17 16
REFERENCE mbx_00013 17
REFERENCE qye_00030 17
EXIT_SCOPE 17
DECLARE vtz_00072 19 16
REFERENCE gzm_00056 16
REFERENCE zom_00000 16
REFERENCE ncm_00011 16
REFERENCE qrb_00022 16
REFERENCE uyh_00029 16
REFERENCE sll_00038 16
REFERENCE missing_3869 16
REFERENCE missing_7342 16
REFERENCE bjr_00050 16
REFERENCE missing_3243 16
DECLARE nzx_00073 5 16
REFERENCE bzl_00070 16
REFERENCE jgk_00049 16
REFERENCE fci_00026 16
ENTER_SCOPE 18 16
REFERENCE hpl_00015 18
REFERENCE pao_00010 18
DECLARE fqy_00074 19 18
REFERENCE jkg_00033 18
EXIT_SCOPE 18
REFERENCE mqa_00009 16
REFERENCE dzq_00036 16
REFERENCE euc_00054 16
EXIT_SCOPE 16
REFERENCE vuz_00041 4
DECLARE awe_00055 7 4
ENTER_SCOPE 19 4
REFERENCE mjn_00012 19
REFERENCE missing_6142 19
REFERENCE dxo_00027 19
REFERENCE awe_00055 19
EXIT_SCOPE 19
REFERENCE jkg_00033 4
DECLARE qom_00075 4 4
ENTER_SCOPE 20 4
REFERENCE qrb_00022 20
REFERENCE qrb_00022 20
REFERENCE jjh_00035 20
REFERENCE djx_00051 20
REFERENCE drb_00007 20
REFERENCE fci_00026 20
REFERENCE szc_00044 20
REFERENCE zks_00025 20
REFERENCE mxf_00048 20
REFERENCE lkm_00053 20
REFERENCE arm_00043 20
REFERENCE mxf_00048 20
EXIT_SCOPE 20
REFERENCE cgi_00052 4
REFERENCE inv_00037 4
REFERENCE euc_00054 4
REFERENCE hoy_00001 4
REFERENCE euc_00054 4
REFERENCE dxo_00027 4
REFERENCE missing_3216 4
REFERENCE jgk_00049 4
REFERENCE missing_2531 4
REFERENCE qom_00075 4
REFERENCE bow_00042 4
DECLARE euc_00054 2 4
ENTER_SCOPE 21 4
EXIT_SCOPE 21
REFERENCE isd_00014 4
ENTER_SCOPE 22 4
DECLARE flc_00076 15 22
REFERENCE mjn_00012 22
REFERENCE zks_00025 22
REFERENCE pks_00018 22
REFERENCE missing_3734 22
REFERENCE nee_00008 22
DECLARE bjg_00077 1 22
REFERENCE euc_00054 22
ENTER_SCOPE 23 22
DECLARE kub_00078 8 23
REFERENCE avw_00016 23
REFERENCE mxf_00048 23
REFERENCE cgi_00052 23
REFERENCE euc_00054 23
REFERENCE jjh_00035 23
REFERENCE dxo_00027 23
REFERENCE bjg_00077 23
REFERENCE wfx_00040 23
REFERENCE drb_00007 23
REFERENCE missing_4333 23
REFERENCE vuz_00041 23
EXIT_SCOPE 23
REFERENCE gzm_00056 22
ENTER_SCOPE 24 22
DECLARE bjg_00077 16 24
REFERENCE mjn_00012 24
ENTER_SCOPE 25 24
REFERENCE qrb_00022 25
REFERENCE avw_00016 25
EXIT_SCOPE 25
REFERENCE missing_4675 24
REFERENCE bsk_00020 24
REFERENCE uvo_00032 24
REFERENCE awe_00055 24
REFERENCE gsx_00039 24
REFERENCE avw_00016 24
REFERENCE zks_00025 24
REFERENCE kys_00028 24
REFERENCE inv_00037 24
REFERENCE missing_5107 24
REFERENCE awe_00055 24
REFERENCE zks_00025 24
REFERENCE jjh_00035 24
REFERENCE fci_00026 24
REFERENCE opp_00046 24
REFERENCE missing_7719 24
REFERENCE pao_00010 24
REFERENCE gnb_00023 24
DECLARE mqs_00079 19 24
REFERENCE missing_3976 24
DECLARE flc_00076 5 24
REFERENCE mth_00019 24
REFERENCE gsx_00039 24
DECLARE nhm_00080 14 24
ENTER_SCOPE 26 24
REFERENCE dxo_00027 26
REFERENCE avw_00016 26
REFERENCE awe_00055 26
REFERENCE qom_00075 26
REFERENCE pol_00006 26
REFERENCE gsx_00039 26
REFERENCE flc_00076 26
REFERENCE arm_00043 26
REFERENCE jem_00045 26
REFERENCE mxf_00048 26
REFERENCE ult_00034 26
REFERENCE gnb_00023 26
REFERENCE gsx_00039 26
REFERENCE uvo_00032 26
REFERENCE mxf_00048 26
EXIT_SCOPE 26
REFERENCE missing_7754 24
REFERENCE dxo_00027 24
ENTER_SCOPE 27 24
REFERENCE bjg_00077 27
DECLARE qqn_00081 20 27
REFERENCE bjg_00077 27
REFERENCE missing_1782 27
REFERENCE opp_00046 27
REFERENCE avw_00016 27
REFERENCE mbx_00013 27
EXIT_SCOPE 27
REFERENCE mth_00019 24
REFERENCE missing_3658 24
REFERENCE gsx_00039 24
ENTER_SCOPE 28 24
REFERENCE missing_9926 28
EXIT_SCOPE 28
REFERENCE hpl_00015 24
REFERENCE missing_4115 24
REFERENCE qlv_00031 24
REFERENCE missing_2691 24
REFERENCE mxf_00048 24
DECLARE pza_00082 7 24
REFERENCE opp_00046 24
REFERENCE euc_00054 24
REFERENCE qom_00075 24
REFERENCE roo_00021 24
REFERENCE uyh_00029 24
REFERENCE inv_00037 24
REFERENCE bjg_00077 24
REFERENCE opp_00046 24
REFERENCE sll_00038 24
REFERENCE zks_00025 24
REFERENCE missing_7731 24
REFERENCE opp_00046 24
REFERENCE jgk_00049 24
REFERENCE zom_00000 24
REFERENCE fts_00047 24
REFERENCE drb_00007 24
ENTER_SCOPE 29 24
REFERENCE pao_00010 29
REFERENCE lkm_00053 29
REFERENCE avw_00016 29
REFERENCE missing_7242 29
REFERENCE zks_00025 29
REFERENCE ncm_00011 29
REFERENCE opp_00046 29
REFERENCE mqa_00009 29
REFERENCE jjh_00035 29
REFERENCE euc_00054 29
REFERENCE missing_3070 29
REFERENCE missing_3737 29
REFERENCE qlv_00031 29
REFERENCE tyy_00024 29
EXIT_SCOPE 29
DECLARE awe_00055 19 24
EXIT_SCOPE 24
REFERENCE ucy_00017 22
REFERENCE tyy_00024 22
REFERENCE missing_2105 22
REFERENCE hpl_00015 22
REFERENCE zft_00003 22
REFERENCE ult_00034 22
DECLARE eae_00083 14 22
REFERENCE missing_7649 22
REFERENCE cgi_00052 22
REFERENCE sll_00038 22
DECLARE rdc_00084 4 22
ENTER_SCOPE 30 22
REFERENCE dxo_00027 30
REFERENCE uvo_00032 30
REFERENCE qom_00075 30
REFERENCE djx_00051 30
ENTER_SCOPE 31 30
REFERENCE missing_5633 31
REFERENCE missing_5808 31
REFERENCE isd_00014 31
EXIT_SCOPE 31
DECLARE bjg_00077 5 30
REFERENCE bsk_00020 30
ENTER_SCOPE 32 30
DECLARE bjg_00077 19 32
REFERENCE missing_6394 32
EXIT_SCOPE 32
REFERENCE mxf_00048 30
REFERENCE missing_1780 30
REFERENCE missing_9689 30
DECLARE flc_00076 3 30
REFERENCE jgk_00049 30
REFERENCE missing_5353 30
REFERENCE bjg_00077 30
REFERENCE inv_00037 30
REFERENCE vuz_00041 30
REFERENCE awe_00055 30
DECLARE gov_00085 19 30
REFERENCE rdc_00084 30
REFERENCE ykg_00005 30
DECLARE rdc_00084 9 30
REFERENCE missing_4924 30
REFERENCE mqa_00009 30
REFERENCE pao_00010 30
REFERENCE sll_00038 30
REFERENCE pks_00018 30
REFERENCE missing_2827 30
ENTER_SCOPE 33 30
REFERENCE missing_3527 33
REFERENCE pol_00006 33
REFERENCE mxf_00048 33
REFERENCE missing_6986 33
REFERENCE missing_4517 33
REFERENCE missing_2666 33
REFERENCE roo_00021 33
REFERENCE mbx_00013 33
REFERENCE missing_4505 33
REFERENCE zom_00000 33
DECLARE bcc_00086 7 33
REFERENCE gsx_00039 33
REFERENCE missing_2214 33
REFERENCE ncm_00011 33
REFERENCE missing_3058 33
REFERENCE dzq_00036 33
REFERENCE pks_00018 33
REFERENCE mxf_00048 33
REFERENCE bsk_00020 33
REFERENCE gnb_00023 33
REFERENCE bsk_00020 33
REFERENCE mqa_00009 33
REFERENCE jgk_00049 33
EXIT_SCOPE 33
REFERENCE bjg_00077 30
REFERENCE missing_2765 30
EXIT_SCOPE 30
ENTER_SCOPE 34 22
REFERENCE bjr_00050 34
REFERENCE missing_7220 34
REFERENCE szc_00044 34
REFERENCE euc_00054 34
REFERENCE sll_00038 34
REFERENCE vuz_00041 34
ENTER_SCOPE 35 34
DECLARE sbk_00087 18 35
REFERENCE euc_00054 35
REFERENCE zks_00025 35
DECLARE tox_00088 16 35
REFERENCE ncm_00011 35
REFERENCE mjn_00012 35
EXIT_SCOPE 35
REFERENCE cgi_00052 34
REFERENCE qlv_00031 34
REFERENCE missing_2954 34
REFERENCE mxf_00048 34
REFERENCE mxf_00048 34
REFERENCE inv_00037 34
DECLARE lki_00089 6 34
EXIT_SCOPE 34
REFERENCE vuz_00041 22
REFERENCE missing_3160 22
DECLARE hjw_00090 17 22
REFERENCE pks_00018 22
REFERENCE missing_9673 22
REFERENCE opp_00046 22
REFERENCE opp_00046 22
REFERENCE gnb_00023 22
REFERENCE missing_7389 22
REFERENCE kys_00028 22
REFERENCE qlv_00031 22
REFERENCE bjg_00077 22
REFERENCE qye_00030 22
REFERENCE zks_00025 22
ENTER_SCOPE 36 22
REFERENCE missing_9717 36
REFERENCE ult_00034 36
REFERENCE mjn_00012 36
REFERENCE hoy_00001 36
EXIT_SCOPE 36
REFERENCE zom_00000 22
REFERENCE missing_4935 22
REFERENCE wfx_00040 22
EXIT_SCOPE 22
REFERENCE tyy_00024 4
REFERENCE kys_00028 4
REFERENCE mbx_00013 4
REFERENCE missing_4678 4
REFERENCE dzq_00036 4
REFERENCE bsk_00020 4
REFERENCE nee_00008 4
REFERENCE qrb_00022 4
EXIT_SCOPE 4
EXIT_SCOPE 3
ENTER_SCOPE 37 2
REFERENCE drb_00007 37
REFERENCE bsk_00020 37
REFERENCE szc_00044 37
DECLARE ivy_00091 14 37
REFERENCE jgk_00049 37
REFERENCE gsx_00039 37
REFERENCE qrb_00022 37
REFERENCE mbx_00013 37
REFERENCE mjn_00012 37
REFERENCE fts_00047 37
ENTER_SCOPE 38 37
REFERENCE fci_00026 38
DECLARE yjs_00092 5 38
REFERENCE ucy_00017 38
REFERENCE dxo_00027 38
REFERENCE awe_00055 38
REFERENCE gsx_00039 38
REFERENCE fci_00026 38
EXIT_SCOPE 38
REFERENCE jem_00045 37
REFERENCE awe_00055 37
REFERENCE missing_3831 37
EXIT_SCOPE 37
REFERENCE jgk_00049 2
REFERENCE missing_7277 2
REFERENCE qrb_00022 2
REFERENCE missing_8138 2
REFERENCE roo_00021 2
DECLARE heg_00093 5 2
EXIT_SCOPE 2
REFERENCE jjh_00035 1
REFERENCE tyy_00024 1
REFERENCE mjn_00012 1
REFERENCE bjr_00050 1
DECLARE nxq_00094 2 1
REFERENCE bpd_00004 1
REFERENCE ncm_00011 1
REFERENCE pao_00010 1
EXIT_SCOPE 1
REFERENCE ucy_00017 0
REFERENCE dxo_00027 0
REFERENCE vuz_00041 0
REFERENCE zom_00000 0
REFERENCE inv_00037 0
REFERENCE missing_2906 0
REFERENCE nee_00008 0
REFERENCE bow_00042 0
REFERENCE qrb_00022 0
REFERENCE jem_00045 0
REFERENCE qye_00030 0
ENTER_SCOPE 39 0
REFERENCE avw_00016 39
REFERENCE missing_2730 39
REFERENCE fts_00047 39
ENTER_SCOPE 40 39
REFERENCE missing_7055 40
REFERENCE hoy_00001 40
REFERENCE vuz_00041 40
REFERENCE qrb_00022 40
REFERENCE missing_1619 40
REFERENCE missing_8396 40
REFERENCE bpd_00004 40
REFERENCE inv_00037 40
REFERENCE opp_00046 40
EXIT_SCOPE 40
REFERENCE jkg_00033 39
REFERENCE ykg_00005 39
REFERENCE gsx_00039 39
REFERENCE gsx_00039 39
REFERENCE zft_00003 39
REFERENCE jgk_00049 39
REFERENCE zom_00000 39
REFERENCE avw_00016 39
REFERENCE gnb_00023 39
DECLARE qji_00095 17 39
REFERENCE jjh_00035 39
ENTER_SCOPE 41 39
REFERENCE szc_00044 41
REFERENCE missing_7987 41
EXIT_SCOPE 41
REFERENCE jkg_00033 39
DECLARE hpl_00015 3 39
REFERENCE ult_00034 39
REFERENCE missing_4449 39
REFERENCE arm_00043 39
REFERENCE mqa_00009 39
REFERENCE jkg_00033 39
REFERENCE zom_00000 39
REFERENCE bjr_00050 39
REFERENCE inv_00037 39
REFERENCE drb_00007 39
REFERENCE missing_2611 39
DECLARE nro_00096 10 39
REFERENCE missing_2610 39
REFERENCE missing_5015 39
REFERENCE mqa_00009 39
REFERENCE avw_00016 39
REFERENCE sll_00038 39
REFERENCE dxo_00027 39
REFERENCE qji_00095 39
REFERENCE gsx_00039 39
REFERENCE inv_00037 39
REFERENCE gnb_00023 39
REFERENCE cqi_00002 39
REFERENCE missing_6838 39
REFERENCE gnb_00023 39
REFERENCE qlv_00031 39
REFERENCE inv_00037 39
DECLARE yzm_00097 1 39
REFERENCE wfx_00040 39
EXIT_SCOPE 39
REFERENCE bpd_00004 0
REFERENCE jgk_00049 0
ENTER_SCOPE 42 0
REFERENCE wfx_00040 42
REFERENCE wfx_00040 42
REFERENCE dzq_00036 42
ENTER_SCOPE 43 42
REFERENCE uvo_00032 43
DECLARE xzr_00098 3 43
REFERENCE qlv_00031 43
DECLARE ukh_00099 10 43
REFERENCE dxo_00027 43
REFERENCE uvo_00032 43
REFERENCE mjn_00012 43
REFERENCE uyh_00029 43
REFERENCE dxo_00027 43
REFERENCE zks_00025 43
REFERENCE bow_00042 43
REFERENCE fts_00047 43
DECLARE slg_00100 11 43
REFERENCE uyh_00029 43
REFERENCE pol_00006 43
REFERENCE gsx_00039 43
REFERENCE cgi_00052 43
REFERENCE kys_00028 43
REFERENCE ykg_00005 43
REFERENCE ncm_00011 43
REFERENCE mxf_00048 43
REFERENCE uyh_00029 43
REFERENCE djx_00051 43
DECLARE fdv_00101 11 43
REFERENCE vuz_00041 43
REFERENCE ult_00034 43
REFERENCE xzr_00098 43
ENTER_SCOPE 44 43
REFERENCE uyh_00029 44
REFERENCE zft_00003 44
REFERENCE ncm_00011 44
ENTER_SCOPE 45 44
REFERENCE isd_00014 45
EXIT_SCOPE 45
REFERENCE jgk_00049 44
ENTER_SCOPE 46 44
REFERENCE nee_00008 46
REFERENCE dzq_00036 46
EXIT_SCOPE 46
REFERENCE hoy_00001 44
REFERENCE jjh_00035 44
REFERENCE ucy_00017 44
REFERENCE ukh_00099 44
REFERENCE missing_3110 44
REFERENCE missing_6630 44
REFERENCE fdv_00101 44
REFERENCE jem_00045 44
REFERENCE mxf_00048 44
REFERENCE mbx_00013 44
DECLARE tzw_00102 19 44
REFERENCE missing_2020 44
REFERENCE opp_00046 44
REFERENCE fts_00047 44
REFERENCE cqi_00002 44
REFERENCE bpd_00004 44
REFERENCE missing_5480 44
REFERENCE missing_9180 44
REFERENCE mbx_00013 44
DECLARE pdb_00103 13 44
REFERENCE bpd_00004 44
REFERENCE kys_00028 44
REFERENCE bsk_00020 44
REFERENCE jgk_00049 44
REFERENCE bsk_00020 44
REFERENCE hoy_00001 44
REFERENCE ukh_00099 44
REFERENCE jjh_00035 44
REFERENCE ukh_00099 44
EXIT_SCOPE 44
REFERENCE vuz_00041 43
ENTER_SCOPE 47 43
REFERENCE dxo_00027 47
REFERENCE drb_00007 47
REFERENCE pao_00010 47
REFERENCE hpl_00015 47
ENTER_SCOPE 48 47
REFERENCE ukh_00099 48
REFERENCE missing_6500 48
REFERENCE ukh_00099 48
REFERENCE fdv_00101 48
REFERENCE qye_00030 48
REFERENCE qrb_00022 48
REFERENCE missing_2021 48
REFERENCE uyh_00029 48
DECLARE xzr_00098 12 48
REFERENCE missing_8354 48
REFERENCE avw_00016 48
DECLARE ktz_00104 9 48
REFERENCE cgi_00052 48
DECLARE dla_00105 4 48
REFERENCE fts_00047 48
REFERENCE pol_00006 48
REFERENCE mbx_00013 48
REFERENCE mqa_00009 48
REFERENCE ukh_00099 48
REFERENCE kys_00028 48
REFERENCE hpl_00015 48
REFERENCE dzq_00036 48
REFERENCE jjh_00035 48
DECLARE fdv_00101 12 48
REFERENCE djx_00051 48
REFERENCE avw_00016 48
REFERENCE missing_7998 48
REFERENCE pol_00006 48
REFERENCE ucy_00017 48
REFERENCE hoy_00001 48
REFERENCE nee_00008 48
DECLARE slg_00100 16 48
REFERENCE slg_00100 48
REFERENCE xzr_00098 48
REFERENCE isd_00014 48
ENTER_SCOPE 49 48
REFERENCE missing_6551 49
REFERENCE xzr_00098 49
DECLARE veg_00106 14 49
REFERENCE mxf_00048 49
REFERENCE missing_4327 49
REFERENCE dla_00105 49
REFERENCE cqi_00002 49
REFERENCE bow_00042 49
REFERENCE mth_00019 49
DECLARE wot_00107 11 49
REFERENCE zft_00003 49
REFERENCE missing_9915 49
DECLARE quq_00108 13 49
REFERENCE szc_00044 49
REFERENCE missing_4290 49
REFERENCE pol_00006 49
REFERENCE slg_00100 49
REFERENCE uvo_00032 49
REFERENCE mjn_00012 49
REFERENCE slg_00100 49
DECLARE gdt_00109 17 49
REFERENCE dla_00105 49
ENTER_SCOPE 50 49
REFERENCE pks_00018 50
DECLARE gkx_00110 1 50
REFERENCE dzq_00036 50
REFERENCE xzr_00098 50
REFERENCE ukh_00099 50
DECLARE mwl_00111 8 50
EXIT_SCOPE 50
REFERENCE slg_00100 49
REFERENCE xzr_00098 49
REFERENCE roo_00021 49
REFERENCE fts_00047 49
DECLARE tjs_00112 9 49
REFERENCE gsx_00039 49
EXIT_SCOPE 49
ENTER_SCOPE 51 48
REFERENCE jgk_00049 51
REFERENCE mbx_00013 51
REFERENCE mth_00019 51
DECLARE aki_00113 11 51
REFERENCE fci_00026 51
REFERENCE fdv_00101 51
REFERENCE bow_00042 51
REFERENCE vuz_00041 51
REFERENCE roo_00021 51
REFERENCE aki_00113 51
REFERENCE mqa_00009 51
REFERENCE vuz_00041 51
ENTER_SCOPE 52 51
DECLARE dum_00114 16 52
REFERENCE sll_00038 52
ENTER_SCOPE 53 52
EXIT_SCOPE 53
REFERENCE slg_00100 52
REFERENCE mqa_00009 52
REFERENCE missing_3275 52
REFERENCE uyh_00029 52
REFERENCE tyy_00024 52
REFERENCE gsx_00039 52
REFERENCE jgk_00049 52
REFERENCE uyh_00029 52
REFERENCE missing_7778 52
EXIT_SCOPE 52
REFERENCE missing_4706 51
REFERENCE mth_00019 51
REFERENCE kys_00028 51
REFERENCE roo_00021 51
REFERENCE ncm_00011 51
REFERENCE qlv_00031 51
REFERENCE bow_00042 51
REFERENCE missing_8106 51
REFERENCE missing_6355 51
REFERENCE gsx_00039 51
REFERENCE roo_00021 51
REFERENCE ktz_00104 51
REFERENCE jem_00045 51
REFERENCE jkg_00033 51
REFERENCE ktz_00104 51
REFERENCE kys_00028 51
REFERENCE ktz_00104 51
REFERENCE dla_00105 51
REFERENCE missing_1740 51
REFERENCE missing_5420 51
REFERENCE jem_00045 51
DECLARE ftb_00115 5 51
DECLARE bsu_00116 11 51
REFERENCE fdv_00101 51
ENTER_SCOPE 54 51
REFERENCE fdv_00101 54
EXIT_SCOPE 54
REFERENCE slg_00100 51
REFERENCE pao_00010 51
REFERENCE arm_00043 51
REFERENCE aki_00113 51
REFERENCE missing_6628 51
REFERENCE fci_00026 51
REFERENCE bpd_00004 51
REFERENCE jkg_00033 51
REFERENCE aki_00113 51
REFERENCE missing_3857 51
REFERENCE szc_00044 51
REFERENCE cgi_00052 51
REFERENCE pol_00006 51
REFERENCE dla_00105 51
REFERENCE tyy_00024 51
REFERENCE missing_5647 51
DECLARE lfz_00117 20 51
REFERENCE mth_00019 51
REFERENCE mqa_00009 51
REFERENCE missing_9731 51
REFERENCE missing_6026 51
REFERENCE ult_00034 51
REFERENCE xzr_00098 51
ENTER_SCOPE 55 51
REFERENCE arm_00043 55
DECLARE ogv_00118 11 55
ENTER_SCOPE 56 55
EXIT_SCOPE 56
EXIT_SCOPE 55
EXIT_SCOPE 51
EXIT_SCOPE 48
EXIT_SCOPE 47
EXIT_SCOPE 43
EXIT_SCOPE 42
EXIT_SCOPE 0
