# ColliScope Frequency-Matched Synthetic Trace
# Parameters: seed=78, zipf_s=1.244, scope=flat, type=declaration-heavy, load_factor=0.5
ENTER_SCOPE 0
DECLARE sym_k0000 1 0
DECLARE sym_k0001 2 0
DECLARE sym_k0002 3 0
DECLARE sym_k0003 4 0
DECLARE sym_k0004 5 0
DECLARE sym_k0005 6 0
DECLARE sym_k0006 7 0
DECLARE sym_k0007 8 0
DECLARE sym_k0008 9 0
DECLARE sym_k0009 10 0
DECLARE sym_k0010 1 0
DECLARE sym_k0011 2 0
DECLARE sym_k0012 3 0
DECLARE sym_k0013 4 0
DECLARE sym_k0014 5 0
DECLARE sym_k0015 6 0
DECLARE sym_k0016 7 0
DECLARE sym_k0017 8 0
DECLARE sym_k0018 9 0
DECLARE sym_k0019 10 0
DECLARE sym_k0020 1 0
DECLARE sym_k0021 2 0
DECLARE sym_k0022 3 0
DECLARE sym_k0023 4 0
DECLARE sym_k0024 5 0
DECLARE sym_k0025 6 0
DECLARE sym_k0026 7 0
DECLARE sym_k0027 8 0
DECLARE sym_k0028 9 0
DECLARE sym_k0029 10 0
DECLARE sym_k0030 1 0
DECLARE sym_k0031 2 0
DECLARE sym_k0032 3 0
DECLARE sym_k0033 4 0
DECLARE sym_k0034 5 0
DECLARE sym_k0035 6 0
DECLARE sym_k0036 7 0
DECLARE sym_k0037 8 0
DECLARE sym_k0038 9 0
DECLARE sym_k0039 10 0
DECLARE sym_k0040 1 0
DECLARE sym_k0041 2 0
DECLARE sym_k0042 3 0
DECLARE sym_k0043 4 0
DECLARE sym_k0044 5 0
DECLARE sym_k0045 6 0
DECLARE sym_k0046 7 0
DECLARE sym_k0047 8 0
DECLARE sym_k0048 9 0
DECLARE sym_k0049 10 0
REFERENCE missing_5216 0
REFERENCE sym_k0002 0
DECLARE sym_k0100 11 0
REFERENCE sym_k0004 0
REFERENCE sym_k0044 0
REFERENCE sym_k0001 0
REFERENCE missing_4860 0
REFERENCE sym_k0005 0
REFERENCE sym_k0001 0
REFERENCE sym_k0001 0
REFERENCE sym_k0006 0
REFERENCE sym_k0011 0
DECLARE sym_k0050 6 0
REFERENCE sym_k0000 0
REFERENCE sym_k0015 0
REFERENCE sym_k0015 0
DECLARE sym_k0060 1 0
REFERENCE sym_k0000 0
DECLARE sym_k0113 9 0
REFERENCE sym_k0000 0
REFERENCE sym_k0002 0
DECLARE sym_k0124 5 0
REFERENCE sym_k0004 0
REFERENCE sym_k0001 0
REFERENCE sym_k0003 0
REFERENCE sym_k0003 0
REFERENCE sym_k0008 0
REFERENCE sym_k0003 0
DECLARE sym_k0084 10 0
REFERENCE sym_k0002 0
REFERENCE sym_k0001 0
REFERENCE missing_7134 0
DECLARE sym_k0075 1 0
DECLARE sym_k0107 3 0
REFERENCE sym_k0003 0
REFERENCE sym_k0041 0
REFERENCE sym_k0000 0
REFERENCE missing_7508 0
REFERENCE sym_k0004 0
REFERENCE sym_k0026 0
REFERENCE sym_k0040 0
REFERENCE sym_k0000 0
REFERENCE sym_k0007 0
REFERENCE sym_k0004 0
REFERENCE sym_k0004 0
REFERENCE sym_k0019 0
REFERENCE sym_k0000 0
REFERENCE sym_k0000 0
DECLARE sym_k0063 4 0
REFERENCE sym_k0006 0
DECLARE sym_k0174 10 0
REFERENCE missing_4479 0
REFERENCE sym_k0000 0
REFERENCE sym_k0002 0
REFERENCE sym_k0002 0
REFERENCE sym_k0060 0
REFERENCE sym_k0001 0
REFERENCE sym_k0005 0
REFERENCE sym_k0021 0
REFERENCE sym_k0001 0
REFERENCE sym_k0003 0
REFERENCE sym_k0001 0
REFERENCE sym_k0002 0
DECLARE sym_k0071 12 0
REFERENCE sym_k0000 0
REFERENCE sym_k0007 0
DECLARE sym_k0161 12 0
REFERENCE sym_k0016 0
REFERENCE sym_k0002 0
REFERENCE sym_k0000 0
REFERENCE sym_k0012 0
REFERENCE sym_k0003 0
REFERENCE sym_k0002 0
REFERENCE sym_k0000 0
REFERENCE sym_k0000 0
REFERENCE sym_k0000 0
REFERENCE sym_k0030 0
REFERENCE sym_k0063 0
REFERENCE sym_k0005 0
REFERENCE sym_k0000 0
REFERENCE sym_k0000 0
REFERENCE sym_k0007 0
REFERENCE sym_k0000 0
REFERENCE sym_k0005 0
REFERENCE sym_k0000 0
REFERENCE sym_k0001 0
REFERENCE sym_k0002 0
REFERENCE sym_k0107 0
REFERENCE sym_k0000 0
REFERENCE sym_k0000 0
DECLARE sym_k0072 13 0
REFERENCE sym_k0001 0
REFERENCE sym_k0060 0
REFERENCE sym_k0000 0
REFERENCE sym_k0001 0
REFERENCE sym_k0018 0
REFERENCE sym_k0006 0
REFERENCE sym_k0000 0
REFERENCE sym_k0001 0
REFERENCE sym_k0007 0
DECLARE sym_k0170 6 0
REFERENCE sym_k0023 0
REFERENCE sym_k0002 0
REFERENCE sym_k0000 0
REFERENCE sym_k0004 0
REFERENCE sym_k0000 0
REFERENCE sym_k0003 0
REFERENCE sym_k0005 0
REFERENCE sym_k0004 0
REFERENCE sym_k0001 0
REFERENCE sym_k0000 0
REFERENCE sym_k0001 0
REFERENCE sym_k0020 0
REFERENCE sym_k0031 0
REFERENCE sym_k0000 0
REFERENCE missing_5937 0
REFERENCE sym_k0019 0
REFERENCE sym_k0010 0
REFERENCE sym_k0000 0
REFERENCE sym_k0023 0
REFERENCE sym_k0000 0
REFERENCE sym_k0000 0
REFERENCE sym_k0001 0
REFERENCE sym_k0000 0
REFERENCE sym_k0000 0
REFERENCE sym_k0001 0
REFERENCE sym_k0003 0
REFERENCE sym_k0000 0
REFERENCE sym_k0005 0
REFERENCE sym_k0011 0
REFERENCE sym_k0005 0
REFERENCE sym_k0000 0
REFERENCE sym_k0003 0
REFERENCE sym_k0000 0
REFERENCE sym_k0009 0
REFERENCE sym_k0000 0
REFERENCE sym_k0004 0
REFERENCE sym_k0008 0
REFERENCE sym_k0004 0
REFERENCE sym_k0050 0
REFERENCE sym_k0032 0
REFERENCE sym_k0000 0
REFERENCE sym_k0002 0
REFERENCE sym_k0003 0
REFERENCE sym_k0003 0
REFERENCE missing_7871 0
REFERENCE sym_k0014 0
REFERENCE sym_k0001 0
DECLARE sym_k0101 12 0
REFERENCE sym_k0042 0
REFERENCE sym_k0027 0
REFERENCE sym_k0009 0
REFERENCE sym_k0001 0
REFERENCE sym_k0100 0
REFERENCE sym_k0000 0
REFERENCE sym_k0018 0
REFERENCE sym_k0003 0
REFERENCE sym_k0001 0
DECLARE sym_k0257 3 0
REFERENCE sym_k0001 0
REFERENCE sym_k0018 0
DECLARE sym_k0291 7 0
DECLARE sym_k0144 10 0
REFERENCE sym_k0028 0
REFERENCE sym_k0000 0
REFERENCE sym_k0002 0
REFERENCE sym_k0006 0
REFERENCE sym_k0000 0
REFERENCE sym_k0001 0
REFERENCE sym_k0000 0
REFERENCE sym_k0050 0
REFERENCE sym_k0030 0
REFERENCE sym_k0013 0
REFERENCE sym_k0000 0
REFERENCE sym_k0084 0
REFERENCE sym_k0013 0
REFERENCE sym_k0000 0
REFERENCE sym_k0001 0
REFERENCE sym_k0002 0
REFERENCE sym_k0021 0
DECLARE sym_k0283 14 0
DECLARE sym_k0280 11 0
REFERENCE missing_5958 0
REFERENCE sym_k0037 0
REFERENCE sym_k0001 0
DECLARE sym_k0064 5 0
REFERENCE sym_k0006 0
REFERENCE sym_k0009 0
REFERENCE sym_k0010 0
DECLARE sym_k0178 14 0
REFERENCE sym_k0000 0
REFERENCE sym_k0006 0
DECLARE sym_k0055 11 0
REFERENCE sym_k0006 0
REFERENCE sym_k0000 0
DECLARE sym_k0163 14 0
DECLARE sym_k0184 5 0
REFERENCE sym_k0047 0
DECLARE sym_k0062 3 0
REFERENCE sym_k0004 0
REFERENCE sym_k0004 0
REFERENCE sym_k0002 0
REFERENCE sym_k0003 0
REFERENCE sym_k0002 0
REFERENCE sym_k0007 0
REFERENCE sym_k0000 0
REFERENCE sym_k0001 0
REFERENCE sym_k0000 0
REFERENCE sym_k0000 0
REFERENCE sym_k0011 0
REFERENCE sym_k0006 0
REFERENCE missing_3752 0
REFERENCE sym_k0000 0
REFERENCE sym_k0002 0
REFERENCE sym_k0017 0
REFERENCE sym_k0004 0
REFERENCE sym_k0002 0
REFERENCE sym_k0001 0
REFERENCE sym_k0045 0
REFERENCE sym_k0017 0
REFERENCE missing_3848 0
REFERENCE sym_k0000 0
REFERENCE sym_k0013 0
REFERENCE sym_k0003 0
REFERENCE sym_k0000 0
DECLARE sym_k0112 8 0
REFERENCE sym_k0004 0
REFERENCE sym_k0018 0
REFERENCE sym_k0002 0
REFERENCE sym_k0002 0
REFERENCE missing_5305 0
REFERENCE sym_k0024 0
REFERENCE sym_k0039 0
REFERENCE sym_k0017 0
REFERENCE sym_k0000 0
REFERENCE sym_k0000 0
DECLARE sym_k0066 7 0
REFERENCE sym_k0000 0
REFERENCE missing_8079 0
REFERENCE sym_k0008 0
REFERENCE sym_k0015 0
REFERENCE sym_k0000 0
REFERENCE sym_k0000 0
REFERENCE sym_k0011 0
REFERENCE missing_8297 0
REFERENCE sym_k0013 0
REFERENCE sym_k0027 0
DECLARE sym_k0132 13 0
REFERENCE sym_k0004 0
REFERENCE sym_k0003 0
REFERENCE sym_k0006 0
REFERENCE sym_k0001 0
REFERENCE sym_k0011 0
REFERENCE sym_k0000 0
REFERENCE sym_k0017 0
REFERENCE sym_k0020 0
REFERENCE sym_k0007 0
REFERENCE sym_k0000 0
REFERENCE sym_k0000 0
REFERENCE sym_k0004 0
REFERENCE sym_k0008 0
REFERENCE sym_k0009 0
DECLARE sym_k0070 11 0
DECLARE sym_k0122 3 0
REFERENCE sym_k0005 0
DECLARE sym_k0284 15 0
REFERENCE sym_k0009 0
REFERENCE sym_k0002 0
REFERENCE missing_8646 0
REFERENCE sym_k0020 0
REFERENCE sym_k0006 0
REFERENCE sym_k0012 0
REFERENCE sym_k0001 0
REFERENCE sym_k0005 0
REFERENCE sym_k0000 0
REFERENCE sym_k0000 0
REFERENCE sym_k0001 0
REFERENCE sym_k0020 0
REFERENCE sym_k0017 0
REFERENCE sym_k0007 0
DECLARE sym_k0059 15 0
DECLARE sym_k0076 2 0
DECLARE sym_k0083 9 0
REFERENCE sym_k0007 0
REFERENCE sym_k0000 0
REFERENCE sym_k0007 0
REFERENCE sym_k0008 0
REFERENCE sym_k0017 0
DECLARE sym_k0069 10 0
REFERENCE sym_k0005 0
REFERENCE sym_k0015 0
REFERENCE sym_k0000 0
REFERENCE sym_k0000 0
DECLARE sym_k0097 8 0
REFERENCE sym_k0019 0
REFERENCE sym_k0040 0
REFERENCE sym_k0012 0
DECLARE sym_k0208 14 0
REFERENCE sym_k0000 0
REFERENCE sym_k0001 0
REFERENCE sym_k0000 0
REFERENCE sym_k0000 0
REFERENCE sym_k0000 0
REFERENCE sym_k0023 0
REFERENCE sym_k0006 0
REFERENCE sym_k0007 0
DECLARE sym_k0123 4 0
REFERENCE sym_k0003 0
REFERENCE sym_k0031 0
REFERENCE sym_k0005 0
REFERENCE sym_k0000 0
REFERENCE sym_k0007 0
REFERENCE sym_k0027 0
REFERENCE sym_k0007 0
REFERENCE sym_k0002 0
REFERENCE sym_k0107 0
REFERENCE sym_k0016 0
REFERENCE sym_k0002 0
REFERENCE sym_k0003 0
REFERENCE sym_k0004 0
REFERENCE sym_k0005 0
REFERENCE sym_k0009 0
REFERENCE sym_k0062 0
REFERENCE sym_k0027 0
REFERENCE sym_k0003 0
REFERENCE sym_k0000 0
REFERENCE sym_k0001 0
REFERENCE sym_k0003 0
REFERENCE sym_k0001 0
REFERENCE sym_k0000 0
REFERENCE sym_k0007 0
REFERENCE sym_k0004 0
REFERENCE sym_k0025 0
REFERENCE sym_k0019 0
REFERENCE missing_4233 0
REFERENCE sym_k0000 0
REFERENCE sym_k0076 0
REFERENCE sym_k0011 0
REFERENCE sym_k0002 0
REFERENCE sym_k0000 0
REFERENCE missing_3324 0
REFERENCE sym_k0008 0
REFERENCE sym_k0003 0
REFERENCE sym_k0083 0
DECLARE sym_k0081 7 0
REFERENCE sym_k0000 0
DECLARE sym_k0157 8 0
REFERENCE sym_k0036 0
REFERENCE sym_k0004 0
REFERENCE sym_k0000 0
DECLARE sym_k0181 2 0
REFERENCE sym_k0000 0
REFERENCE sym_k0012 0
DECLARE sym_k0091 2 0
REFERENCE sym_k0001 0
REFERENCE sym_k0000 0
REFERENCE sym_k0011 0
DECLARE sym_k0092 3 0
REFERENCE sym_k0026 0
REFERENCE sym_k0001 0
REFERENCE sym_k0000 0
REFERENCE sym_k0000 0
REFERENCE sym_k0000 0
REFERENCE sym_k0030 0
REFERENCE sym_k0000 0
DECLARE sym_k0261 7 0
REFERENCE sym_k0006 0
REFERENCE sym_k0000 0
REFERENCE sym_k0005 0
REFERENCE sym_k0000 0
REFERENCE sym_k0001 0
REFERENCE sym_k0019 0
REFERENCE sym_k0029 0
REFERENCE sym_k0001 0
DECLARE sym_k0111 7 0
REFERENCE sym_k0001 0
REFERENCE sym_k0000 0
REFERENCE sym_k0001 0
REFERENCE sym_k0011 0
REFERENCE sym_k0000 0
REFERENCE sym_k0000 0
REFERENCE sym_k0007 0
REFERENCE sym_k0000 0
REFERENCE sym_k0000 0
REFERENCE sym_k0000 0
REFERENCE sym_k0045 0
REFERENCE sym_k0019 0
REFERENCE sym_k0000 0
REFERENCE sym_k0000 0
REFERENCE sym_k0000 0
REFERENCE sym_k0001 0
REFERENCE sym_k0003 0
REFERENCE sym_k0000 0
REFERENCE sym_k0009 0
REFERENCE sym_k0009 0
REFERENCE sym_k0007 0
REFERENCE sym_k0001 0
REFERENCE sym_k0001 0
REFERENCE sym_k0002 0
REFERENCE missing_7496 0
REFERENCE sym_k0000 0
REFERENCE sym_k0007 0
REFERENCE sym_k0002 0
REFERENCE sym_k0006 0
REFERENCE sym_k0001 0
REFERENCE sym_k0004 0
REFERENCE sym_k0004 0
REFERENCE sym_k0157 0
REFERENCE sym_k0006 0
REFERENCE sym_k0000 0
REFERENCE sym_k0021 0
REFERENCE sym_k0000 0
REFERENCE sym_k0001 0
REFERENCE sym_k0062 0
REFERENCE sym_k0000 0
REFERENCE sym_k0008 0
REFERENCE sym_k0040 0
REFERENCE sym_k0000 0
REFERENCE sym_k0050 0
REFERENCE sym_k0004 0
DECLARE sym_k0105 1 0
REFERENCE sym_k0044 0
REFERENCE sym_k0000 0
REFERENCE sym_k0002 0
REFERENCE sym_k0000 0
REFERENCE sym_k0000 0
REFERENCE sym_k0010 0
REFERENCE sym_k0006 0
REFERENCE sym_k0000 0
REFERENCE sym_k0007 0
REFERENCE sym_k0004 0
REFERENCE sym_k0002 0
REFERENCE sym_k0009 0
REFERENCE missing_9905 0
REFERENCE sym_k0003 0
REFERENCE sym_k0038 0
REFERENCE sym_k0000 0
REFERENCE sym_k0002 0
REFERENCE sym_k0002 0
REFERENCE sym_k0000 0
REFERENCE sym_k0001 0
REFERENCE sym_k0000 0
REFERENCE sym_k0283 0
REFERENCE sym_k0012 0
REFERENCE sym_k0011 0
REFERENCE sym_k0070 0
REFERENCE sym_k0004 0
REFERENCE sym_k0004 0
REFERENCE sym_k0001 0
REFERENCE sym_k0016 0
REFERENCE sym_k0001 0
REFERENCE sym_k0005 0
REFERENCE sym_k0014 0
REFERENCE sym_k0003 0
REFERENCE sym_k0015 0
REFERENCE sym_k0105 0
REFERENCE sym_k0000 0
REFERENCE sym_k0000 0
REFERENCE sym_k0002 0
REFERENCE sym_k0013 0
REFERENCE sym_k0002 0
REFERENCE sym_k0000 0
DECLARE sym_k0186 7 0
DECLARE sym_k0194 15 0
DECLARE sym_k0143 9 0
REFERENCE sym_k0037 0
REFERENCE sym_k0020 0
REFERENCE sym_k0008 0
REFERENCE missing_6318 0
REFERENCE sym_k0000 0
REFERENCE sym_k0001 0
DECLARE sym_k0127 8 0
REFERENCE sym_k0040 0
REFERENCE sym_k0004 0
REFERENCE sym_k0002 0
REFERENCE sym_k0000 0
REFERENCE sym_k0007 0
REFERENCE sym_k0011 0
DECLARE sym_k0173 9 0
REFERENCE sym_k0004 0
REFERENCE sym_k0005 0
REFERENCE sym_k0084 0
REFERENCE sym_k0000 0
REFERENCE sym_k0009 0
REFERENCE sym_k0012 0
REFERENCE sym_k0055 0
REFERENCE sym_k0000 0
REFERENCE sym_k0001 0
REFERENCE sym_k0000 0
REFERENCE sym_k0000 0
REFERENCE sym_k0000 0
DECLARE sym_k0286 2 0
REFERENCE missing_2439 0
REFERENCE sym_k0075 0
REFERENCE sym_k0001 0
REFERENCE sym_k0016 0
REFERENCE sym_k0026 0
REFERENCE sym_k0022 0
REFERENCE sym_k0005 0
REFERENCE sym_k0000 0
REFERENCE sym_k0002 0
REFERENCE sym_k0031 0
REFERENCE sym_k0000 0
REFERENCE sym_k0034 0
REFERENCE sym_k0002 0
REFERENCE sym_k0004 0
REFERENCE sym_k0013 0
REFERENCE sym_k0019 0
REFERENCE sym_k0000 0
REFERENCE sym_k0000 0
REFERENCE sym_k0001 0
REFERENCE sym_k0000 0
DECLARE sym_k0229 5 0
DECLARE sym_k0141 7 0
REFERENCE sym_k0041 0
REFERENCE sym_k0000 0
REFERENCE sym_k0000 0
REFERENCE sym_k0005 0
REFERENCE sym_k0001 0
REFERENCE sym_k0001 0
REFERENCE sym_k0123 0
REFERENCE sym_k0000 0
REFERENCE sym_k0004 0
REFERENCE sym_k0012 0
REFERENCE sym_k0001 0
REFERENCE sym_k0002 0
REFERENCE sym_k0072 0
REFERENCE sym_k0000 0
REFERENCE sym_k0069 0
REFERENCE sym_k0007 0
REFERENCE sym_k0001 0
DECLARE sym_k0088 14 0
REFERENCE sym_k0001 0
REFERENCE sym_k0001 0
REFERENCE sym_k0000 0
REFERENCE sym_k0000 0
REFERENCE sym_k0007 0
REFERENCE sym_k0001 0
DECLARE sym_k0217 8 0
REFERENCE sym_k0001 0
REFERENCE sym_k0000 0
REFERENCE sym_k0000 0
REFERENCE sym_k0000 0
REFERENCE sym_k0009 0
DECLARE sym_k0051 7 0
REFERENCE sym_k0002 0
REFERENCE sym_k0000 0
REFERENCE sym_k0002 0
REFERENCE sym_k0000 0
REFERENCE missing_2549 0
REFERENCE sym_k0000 0
REFERENCE missing_5918 0
REFERENCE sym_k0000 0
REFERENCE sym_k0014 0
REFERENCE sym_k0001 0
REFERENCE sym_k0001 0
REFERENCE sym_k0000 0
REFERENCE sym_k0069 0
REFERENCE sym_k0001 0
REFERENCE sym_k0009 0
REFERENCE sym_k0000 0
REFERENCE sym_k0033 0
REFERENCE sym_k0001 0
REFERENCE sym_k0001 0
REFERENCE sym_k0002 0
REFERENCE sym_k0005 0
REFERENCE sym_k0021 0
REFERENCE sym_k0016 0
REFERENCE sym_k0000 0
REFERENCE sym_k0091 0
REFERENCE sym_k0017 0
REFERENCE sym_k0012 0
REFERENCE sym_k0000 0
REFERENCE missing_1843 0
REFERENCE sym_k0002 0
REFERENCE sym_k0042 0
REFERENCE sym_k0001 0
REFERENCE sym_k0000 0
REFERENCE sym_k0011 0
REFERENCE sym_k0001 0
REFERENCE missing_1356 0
REFERENCE sym_k0003 0
REFERENCE sym_k0012 0
REFERENCE sym_k0000 0
REFERENCE sym_k0000 0
REFERENCE sym_k0022 0
REFERENCE sym_k0003 0
REFERENCE sym_k0042 0
REFERENCE sym_k0006 0
REFERENCE sym_k0008 0
DECLARE sym_k0133 14 0
REFERENCE sym_k0007 0
REFERENCE sym_k0003 0
REFERENCE sym_k0003 0
REFERENCE sym_k0000 0
REFERENCE sym_k0000 0
REFERENCE sym_k0034 0
REFERENCE sym_k0002 0
REFERENCE sym_k0001 0
REFERENCE sym_k0000 0
REFERENCE sym_k0006 0
REFERENCE sym_k0012 0
REFERENCE sym_k0028 0
REFERENCE missing_5631 0
REFERENCE sym_k0042 0
REFERENCE sym_k0000 0
REFERENCE sym_k0071 0
REFERENCE sym_k0010 0
REFERENCE sym_k0014 0
REFERENCE sym_k0024 0
REFERENCE sym_k0001 0
REFERENCE sym_k0001 0
REFERENCE sym_k0000 0
REFERENCE sym_k0000 0
REFERENCE sym_k0000 0
REFERENCE sym_k0000 0
REFERENCE sym_k0011 0
REFERENCE sym_k0006 0
REFERENCE sym_k0001 0
REFERENCE sym_k0026 0
REFERENCE sym_k0003 0
REFERENCE sym_k0000 0
REFERENCE sym_k0000 0
REFERENCE sym_k0001 0
REFERENCE sym_k0001 0
REFERENCE sym_k0002 0
REFERENCE sym_k0000 0
REFERENCE sym_k0004 0
REFERENCE sym_k0011 0
REFERENCE sym_k0004 0
REFERENCE sym_k0000 0
REFERENCE sym_k0066 0
REFERENCE sym_k0003 0
REFERENCE sym_k0000 0
REFERENCE sym_k0028 0
REFERENCE sym_k0001 0
REFERENCE sym_k0024 0
REFERENCE sym_k0016 0
DECLARE sym_k0126 7 0
REFERENCE sym_k0001 0
REFERENCE sym_k0000 0
REFERENCE sym_k0064 0
REFERENCE sym_k0035 0
REFERENCE sym_k0003 0
REFERENCE sym_k0010 0
DECLARE sym_k0128 9 0
REFERENCE missing_7441 0
DECLARE sym_k0198 4 0
REFERENCE sym_k0002 0
REFERENCE sym_k0020 0
REFERENCE sym_k0107 0
REFERENCE sym_k0001 0
REFERENCE missing_3731 0
REFERENCE sym_k0011 0
REFERENCE sym_k0025 0
REFERENCE missing_9120 0
REFERENCE sym_k0000 0
REFERENCE sym_k0003 0
REFERENCE sym_k0032 0
REFERENCE sym_k0001 0
REFERENCE sym_k0000 0
DECLARE sym_k0129 10 0
REFERENCE sym_k0017 0
REFERENCE sym_k0000 0
REFERENCE sym_k0002 0
REFERENCE sym_k0000 0
REFERENCE sym_k0000 0
REFERENCE sym_k0012 0
REFERENCE sym_k0000 0
REFERENCE sym_k0003 0
REFERENCE sym_k0000 0
REFERENCE sym_k0003 0
REFERENCE sym_k0013 0
REFERENCE sym_k0009 0
REFERENCE missing_6373 0
DECLARE sym_k0115 11 0
REFERENCE sym_k0115 0
REFERENCE sym_k0033 0
REFERENCE sym_k0001 0
REFERENCE sym_k0000 0
REFERENCE sym_k0011 0
DECLARE sym_k0053 9 0
REFERENCE sym_k0008 0
REFERENCE sym_k0015 0
REFERENCE sym_k0000 0
REFERENCE sym_k0000 0
REFERENCE sym_k0011 0
REFERENCE sym_k0000 0
REFERENCE sym_k0001 0
REFERENCE sym_k0092 0
REFERENCE missing_4210 0
DECLARE sym_k0058 14 0
REFERENCE sym_k0000 0
REFERENCE sym_k0000 0
REFERENCE sym_k0006 0
REFERENCE sym_k0013 0
REFERENCE sym_k0004 0
DECLARE sym_k0080 6 0
REFERENCE sym_k0000 0
DECLARE sym_k0114 10 0
REFERENCE sym_k0000 0
REFERENCE sym_k0001 0
DECLARE sym_k0201 7 0
REFERENCE sym_k0002 0
REFERENCE sym_k0024 0
REFERENCE sym_k0003 0
REFERENCE sym_k0027 0
REFERENCE sym_k0005 0
REFERENCE sym_k0042 0
REFERENCE sym_k0000 0
REFERENCE sym_k0008 0
REFERENCE sym_k0097 0
REFERENCE sym_k0023 0
REFERENCE sym_k0000 0
REFERENCE sym_k0000 0
REFERENCE sym_k0030 0
REFERENCE sym_k0000 0
REFERENCE sym_k0004 0
DECLARE sym_k0109 5 0
REFERENCE sym_k0005 0
REFERENCE sym_k0000 0
REFERENCE sym_k0006 0
REFERENCE sym_k0012 0
REFERENCE sym_k0000 0
REFERENCE sym_k0039 0
REFERENCE sym_k0007 0
REFERENCE sym_k0011 0
REFERENCE sym_k0001 0
REFERENCE missing_3665 0
REFERENCE sym_k0003 0
REFERENCE sym_k0002 0
REFERENCE sym_k0031 0
REFERENCE sym_k0001 0
REFERENCE sym_k0000 0
REFERENCE sym_k0001 0
REFERENCE sym_k0002 0
REFERENCE sym_k0000 0
REFERENCE sym_k0001 0
REFERENCE sym_k0001 0
REFERENCE sym_k0001 0
REFERENCE sym_k0000 0
REFERENCE sym_k0133 0
REFERENCE sym_k0026 0
REFERENCE sym_k0001 0
REFERENCE sym_k0000 0
REFERENCE sym_k0001 0
REFERENCE missing_1928 0
REFERENCE sym_k0000 0
REFERENCE sym_k0001 0
REFERENCE sym_k0024 0
REFERENCE sym_k0001 0
REFERENCE sym_k0010 0
REFERENCE sym_k0032 0
REFERENCE sym_k0033 0
REFERENCE sym_k0028 0
REFERENCE sym_k0283 0
REFERENCE sym_k0064 0
REFERENCE sym_k0132 0
REFERENCE sym_k0010 0
DECLARE sym_k0209 15 0
REFERENCE sym_k0002 0
REFERENCE sym_k0030 0
REFERENCE sym_k0101 0
DECLARE sym_k0065 6 0
REFERENCE sym_k0021 0
REFERENCE sym_k0000 0
REFERENCE sym_k0000 0
REFERENCE sym_k0000 0
REFERENCE sym_k0000 0
REFERENCE sym_k0000 0
REFERENCE sym_k0006 0
REFERENCE sym_k0000 0
REFERENCE sym_k0018 0
REFERENCE sym_k0000 0
REFERENCE sym_k0001 0
REFERENCE sym_k0008 0
REFERENCE sym_k0000 0
REFERENCE sym_k0003 0
REFERENCE sym_k0001 0
REFERENCE missing_7119 0
REFERENCE sym_k0000 0
REFERENCE sym_k0038 0
REFERENCE sym_k0112 0
REFERENCE sym_k0004 0
DECLARE sym_k0199 5 0
REFERENCE sym_k0000 0
REFERENCE sym_k0002 0
REFERENCE sym_k0000 0
REFERENCE sym_k0000 0
REFERENCE sym_k0000 0
REFERENCE sym_k0018 0
REFERENCE sym_k0000 0
REFERENCE sym_k0000 0
REFERENCE sym_k0002 0
REFERENCE sym_k0010 0
REFERENCE sym_k0291 0
REFERENCE sym_k0055 0
REFERENCE sym_k0000 0
REFERENCE sym_k0004 0
REFERENCE sym_k0001 0
REFERENCE sym_k0000 0
REFERENCE sym_k0000 0
REFERENCE sym_k0003 0
REFERENCE sym_k0163 0
REFERENCE sym_k0000 0
REFERENCE sym_k0030 0
REFERENCE sym_k0016 0
REFERENCE sym_k0001 0
REFERENCE sym_k0001 0
REFERENCE sym_k0123 0
REFERENCE missing_2859 0
REFERENCE sym_k0004 0
REFERENCE sym_k0003 0
DECLARE sym_k0078 4 0
REFERENCE sym_k0000 0
REFERENCE sym_k0127 0
REFERENCE sym_k0075 0
DECLARE sym_k0095 6 0
REFERENCE sym_k0019 0
REFERENCE sym_k0000 0
REFERENCE sym_k0029 0
REFERENCE sym_k0005 0
REFERENCE sym_k0002 0
REFERENCE sym_k0000 0
REFERENCE sym_k0007 0
REFERENCE sym_k0000 0
REFERENCE sym_k0000 0
REFERENCE sym_k0002 0
REFERENCE sym_k0000 0
REFERENCE sym_k0002 0
REFERENCE sym_k0017 0
REFERENCE sym_k0000 0
REFERENCE sym_k0001 0
DECLARE sym_k0061 2 0
REFERENCE sym_k0023 0
REFERENCE sym_k0000 0
REFERENCE sym_k0035 0
REFERENCE sym_k0045 0
REFERENCE sym_k0004 0
REFERENCE sym_k0000 0
REFERENCE sym_k0002 0
REFERENCE sym_k0026 0
REFERENCE sym_k0000 0
REFERENCE sym_k0020 0
REFERENCE sym_k0011 0
DECLARE sym_k0287 3 0
REFERENCE sym_k0003 0
REFERENCE sym_k0028 0
REFERENCE sym_k0050 0
REFERENCE sym_k0012 0
REFERENCE sym_k0003 0
REFERENCE sym_k0005 0
REFERENCE sym_k0143 0
REFERENCE sym_k0009 0
REFERENCE sym_k0001 0
REFERENCE sym_k0016 0
REFERENCE sym_k0031 0
REFERENCE sym_k0000 0
REFERENCE sym_k0050 0
REFERENCE sym_k0000 0
REFERENCE sym_k0000 0
REFERENCE sym_k0000 0
REFERENCE sym_k0039 0
REFERENCE sym_k0000 0
REFERENCE sym_k0000 0
REFERENCE sym_k0015 0
REFERENCE sym_k0009 0
REFERENCE sym_k0038 0
REFERENCE sym_k0000 0
REFERENCE sym_k0001 0
REFERENCE sym_k0047 0
REFERENCE sym_k0001 0
REFERENCE sym_k0001 0
REFERENCE missing_5847 0
REFERENCE sym_k0001 0
REFERENCE sym_k0029 0
REFERENCE missing_2539 0
DECLARE sym_k0187 8 0
REFERENCE sym_k0012 0
REFERENCE sym_k0001 0
REFERENCE sym_k0002 0
REFERENCE sym_k0000 0
REFERENCE sym_k0002 0
REFERENCE sym_k0000 0
REFERENCE sym_k0033 0
REFERENCE sym_k0003 0
REFERENCE sym_k0001 0
REFERENCE sym_k0000 0
REFERENCE sym_k0113 0
REFERENCE sym_k0040 0
REFERENCE sym_k0006 0
REFERENCE sym_k0009 0
DECLARE sym_k0093 4 0
REFERENCE sym_k0006 0
REFERENCE sym_k0178 0
REFERENCE sym_k0043 0
REFERENCE sym_k0000 0
REFERENCE missing_6305 0
REFERENCE sym_k0001 0
REFERENCE sym_k0000 0
REFERENCE sym_k0032 0
REFERENCE sym_k0001 0
REFERENCE sym_k0002 0
REFERENCE sym_k0002 0
REFERENCE missing_3183 0
REFERENCE sym_k0004 0
REFERENCE sym_k0000 0
REFERENCE sym_k0064 0
REFERENCE sym_k0000 0
REFERENCE sym_k0001 0
REFERENCE sym_k0007 0
REFERENCE sym_k0001 0
REFERENCE sym_k0002 0
REFERENCE sym_k0050 0
REFERENCE sym_k0000 0
REFERENCE sym_k0003 0
REFERENCE sym_k0000 0
REFERENCE sym_k0044 0
REFERENCE sym_k0004 0
REFERENCE sym_k0000 0
REFERENCE sym_k0005 0
REFERENCE sym_k0000 0
DECLARE sym_k0074 15 0
REFERENCE sym_k0003 0
REFERENCE sym_k0083 0
REFERENCE sym_k0283 0
REFERENCE sym_k0000 0
REFERENCE sym_k0011 0
REFERENCE sym_k0008 0
REFERENCE sym_k0027 0
REFERENCE sym_k0015 0
REFERENCE sym_k0111 0
REFERENCE missing_8895 0
REFERENCE sym_k0002 0
REFERENCE sym_k0088 0
REFERENCE sym_k0100 0
REFERENCE sym_k0000 0
REFERENCE sym_k0004 0
REFERENCE sym_k0003 0
DECLARE sym_k0139 5 0
DECLARE sym_k0108 4 0
REFERENCE sym_k0108 0
REFERENCE sym_k0002 0
REFERENCE missing_1861 0
REFERENCE sym_k0006 0
REFERENCE sym_k0004 0
REFERENCE sym_k0002 0
REFERENCE sym_k0000 0
REFERENCE sym_k0001 0
DECLARE sym_k0212 3 0
EXIT_SCOPE 0
