# ColliScope Frequency-Matched Synthetic Trace
# Parameters: seed=66, zipf_s=1.244, scope=flat, type=mixed, replicate=1
ENTER_SCOPE 0
DECLARE sym_k0000 1 0
DECLARE sym_k0001 2 0
DECLARE sym_k0002 3 0
DECLARE sym_k0003 4 0
DECLARE sym_k0004 5 0
DECLARE sym_k0005 6 0
DECLARE sym_k0006 7 0
DECLARE sym_k0007 8 0
DECLARE sym_k0008 9 0
DECLARE sym_k0009 10 0
DECLARE sym_k0010 1 0
DECLARE sym_k0011 2 0
DECLARE sym_k0012 3 0
DECLARE sym_k0013 4 0
DECLARE sym_k0014 5 0
DECLARE sym_k0015 6 0
DECLARE sym_k0016 7 0
DECLARE sym_k0017 8 0
DECLARE sym_k0018 9 0
DECLARE sym_k0019 10 0
DECLARE sym_k0020 1 0
DECLARE sym_k0021 2 0
DECLARE sym_k0022 3 0
DECLARE sym_k0023 4 0
DECLARE sym_k0024 5 0
DECLARE sym_k0025 6 0
DECLARE sym_k0026 7 0
DECLARE sym_k0027 8 0
DECLARE sym_k0028 9 0
DECLARE sym_k0029 10 0
DECLARE sym_k0030 1 0
DECLARE sym_k0031 2 0
DECLARE sym_k0032 3 0
DECLARE sym_k0033 4 0
DECLARE sym_k0034 5 0
DECLARE sym_k0035 6 0
DECLARE sym_k0036 7 0
DECLARE sym_k0037 8 0
DECLARE sym_k0038 9 0
DECLARE sym_k0039 10 0
DECLARE sym_k0040 1 0
DECLARE sym_k0041 2 0
DECLARE sym_k0042 3 0
DECLARE sym_k0043 4 0
DECLARE sym_k0044 5 0
DECLARE sym_k0045 6 0
DECLARE sym_k0046 7 0
DECLARE sym_k0047 8 0
DECLARE sym_k0048 9 0
DECLARE sym_k0049 10 0
DECLARE sym_k0110 6 0
REFERENCE sym_k0013 0
REFERENCE sym_k0000 0
REFERENCE sym_k0008 0
REFERENCE sym_k0003 0
REFERENCE sym_k0039 0
REFERENCE sym_k0000 0
REFERENCE sym_k0002 0
REFERENCE sym_k0003 0
REFERENCE sym_k0048 0
REFERENCE sym_k0029 0
REFERENCE sym_k0004 0
REFERENCE sym_k0000 0
REFERENCE sym_k0018 0
REFERENCE sym_k0000 0
REFERENCE sym_k0001 0
REFERENCE sym_k0000 0
REFERENCE sym_k0000 0
REFERENCE sym_k0003 0
REFERENCE sym_k0000 0
REFERENCE sym_k0000 0
REFERENCE sym_k0009 0
REFERENCE sym_k0005 0
REFERENCE sym_k0000 0
REFERENCE sym_k0011 0
DECLARE sym_k0129 10 0
REFERENCE sym_k0011 0
REFERENCE sym_k0021 0
REFERENCE sym_k0000 0
REFERENCE sym_k0003 0
REFERENCE sym_k0022 0
DECLARE sym_k0184 5 0
REFERENCE sym_k0042 0
REFERENCE sym_k0043 0
REFERENCE sym_k0009 0
REFERENCE sym_k0003 0
REFERENCE sym_k0018 0
DECLARE sym_k0064 5 0
REFERENCE sym_k0046 0
REFERENCE sym_k0003 0
REFERENCE sym_k0000 0
REFERENCE sym_k0000 0
DECLARE sym_k0050 6 0
DECLARE sym_k0194 15 0
REFERENCE sym_k0001 0
REFERENCE sym_k0000 0
REFERENCE sym_k0011 0
REFERENCE sym_k0000 0
REFERENCE sym_k0000 0
REFERENCE sym_k0000 0
REFERENCE sym_k0000 0
REFERENCE sym_k0023 0
REFERENCE sym_k0002 0
REFERENCE sym_k0001 0
REFERENCE sym_k0012 0
REFERENCE sym_k0005 0
REFERENCE sym_k0000 0
DECLARE sym_k0205 11 0
REFERENCE sym_k0015 0
REFERENCE sym_k0000 0
REFERENCE sym_k0000 0
REFERENCE missing_2456 0
REFERENCE sym_k0000 0
REFERENCE sym_k0006 0
REFERENCE sym_k0006 0
REFERENCE sym_k0033 0
REFERENCE sym_k0000 0
REFERENCE sym_k0018 0
DECLARE sym_k0094 5 0
REFERENCE sym_k0003 0
REFERENCE sym_k0015 0
REFERENCE sym_k0005 0
REFERENCE sym_k0003 0
REFERENCE sym_k0000 0
REFERENCE sym_k0003 0
REFERENCE sym_k0001 0
REFERENCE sym_k0003 0
DECLARE sym_k0228 4 0
REFERENCE sym_k0049 0
REFERENCE sym_k0033 0
REFERENCE sym_k0007 0
REFERENCE missing_6579 0
REFERENCE sym_k0013 0
REFERENCE sym_k0001 0
REFERENCE sym_k0000 0
REFERENCE sym_k0041 0
REFERENCE sym_k0005 0
REFERENCE sym_k0021 0
REFERENCE missing_4319 0
DECLARE sym_k0197 3 0
REFERENCE sym_k0000 0
REFERENCE sym_k0020 0
REFERENCE sym_k0003 0
REFERENCE sym_k0000 0
REFERENCE missing_3027 0
REFERENCE sym_k0010 0
REFERENCE sym_k0019 0
REFERENCE sym_k0031 0
REFERENCE sym_k0002 0
REFERENCE sym_k0012 0
REFERENCE sym_k0004 0
REFERENCE sym_k0024 0
REFERENCE sym_k0004 0
REFERENCE sym_k0000 0
REFERENCE sym_k0004 0
REFERENCE sym_k0043 0
REFERENCE sym_k0000 0
REFERENCE sym_k0000 0
REFERENCE sym_k0000 0
REFERENCE sym_k0000 0
REFERENCE sym_k0000 0
REFERENCE sym_k0012 0
REFERENCE sym_k0000 0
REFERENCE sym_k0001 0
REFERENCE sym_k0000 0
REFERENCE missing_3196 0
REFERENCE sym_k0007 0
REFERENCE sym_k0003 0
REFERENCE sym_k0003 0
REFERENCE sym_k0024 0
REFERENCE sym_k0002 0
REFERENCE missing_6230 0
REFERENCE sym_k0003 0
DECLARE sym_k0150 1 0
DECLARE sym_k0090 1 0
REFERENCE sym_k0001 0
REFERENCE sym_k0003 0
REFERENCE sym_k0007 0
REFERENCE sym_k0000 0
REFERENCE sym_k0000 0
REFERENCE missing_9695 0
REFERENCE sym_k0000 0
REFERENCE sym_k0003 0
REFERENCE sym_k0003 0
REFERENCE sym_k0000 0
REFERENCE sym_k0037 0
REFERENCE sym_k0049 0
REFERENCE sym_k0002 0
REFERENCE sym_k0014 0
REFERENCE sym_k0014 0
REFERENCE missing_5005 0
REFERENCE sym_k0001 0
REFERENCE sym_k0020 0
REFERENCE sym_k0000 0
REFERENCE missing_5175 0
REFERENCE sym_k0002 0
REFERENCE sym_k0000 0
REFERENCE sym_k0034 0
REFERENCE sym_k0000 0
REFERENCE sym_k0001 0
REFERENCE sym_k0027 0
REFERENCE sym_k0022 0
DECLARE sym_k0075 1 0
REFERENCE sym_k0001 0
REFERENCE sym_k0009 0
REFERENCE missing_4453 0
REFERENCE sym_k0000 0
DECLARE sym_k0241 2 0
REFERENCE sym_k0001 0
REFERENCE sym_k0004 0
DECLARE sym_k0054 10 0
REFERENCE sym_k0000 0
REFERENCE sym_k0000 0
REFERENCE sym_k0006 0
DECLARE sym_k0111 7 0
REFERENCE sym_k0001 0
REFERENCE sym_k0000 0
REFERENCE sym_k0002 0
REFERENCE sym_k0000 0
REFERENCE sym_k0002 0
REFERENCE sym_k0000 0
REFERENCE missing_3608 0
REFERENCE sym_k0002 0
REFERENCE sym_k0004 0
REFERENCE missing_6003 0
REFERENCE sym_k0039 0
REFERENCE sym_k0000 0
REFERENCE sym_k0000 0
REFERENCE sym_k0034 0
REFERENCE sym_k0001 0
REFERENCE sym_k0001 0
REFERENCE sym_k0011 0
REFERENCE sym_k0000 0
REFERENCE sym_k0000 0
REFERENCE sym_k0000 0
REFERENCE sym_k0003 0
DECLARE sym_k0220 11 0
REFERENCE sym_k0001 0
REFERENCE sym_k0002 0
REFERENCE sym_k0000 0
REFERENCE missing_9384 0
REFERENCE sym_k0000 0
REFERENCE sym_k0027 0
REFERENCE sym_k0002 0
REFERENCE sym_k0007 0
REFERENCE sym_k0007 0
REFERENCE sym_k0000 0
REFERENCE sym_k0006 0
REFERENCE sym_k0003 0
REFERENCE sym_k0023 0
REFERENCE sym_k0024 0
REFERENCE sym_k0001 0
REFERENCE sym_k0000 0
REFERENCE sym_k0004 0
REFERENCE sym_k0008 0
DECLARE sym_k0234 10 0
REFERENCE sym_k0017 0
REFERENCE sym_k0001 0
REFERENCE sym_k0000 0
DECLARE sym_k0231 7 0
REFERENCE sym_k0001 0
REFERENCE sym_k0031 0
REFERENCE sym_k0000 0
REFERENCE missing_6227 0
REFERENCE sym_k0018 0
REFERENCE sym_k0017 0
REFERENCE sym_k0017 0
REFERENCE missing_2309 0
REFERENCE sym_k0002 0
REFERENCE sym_k0009 0
DECLARE sym_k0195 1 0
DECLARE sym_k0188 9 0
REFERENCE sym_k0002 0
REFERENCE sym_k0000 0
REFERENCE sym_k0000 0
REFERENCE sym_k0003 0
REFERENCE sym_k0000 0
DECLARE sym_k0102 13 0
REFERENCE sym_k0038 0
REFERENCE sym_k0010 0
REFERENCE missing_5514 0
REFERENCE sym_k0000 0
REFERENCE sym_k0034 0
REFERENCE sym_k0009 0
DECLARE sym_k0070 11 0
REFERENCE sym_k0000 0
REFERENCE sym_k0000 0
REFERENCE missing_2327 0
REFERENCE sym_k0008 0
DECLARE sym_k0072 13 0
DECLARE sym_k0052 8 0
REFERENCE sym_k0000 0
REFERENCE sym_k0013 0
REFERENCE sym_k0044 0
DECLARE sym_k0139 5 0
REFERENCE sym_k0000 0
REFERENCE sym_k0005 0
REFERENCE sym_k0000 0
REFERENCE sym_k0002 0
REFERENCE sym_k0000 0
REFERENCE sym_k0006 0
REFERENCE sym_k0000 0
REFERENCE sym_k0000 0
REFERENCE sym_k0002 0
REFERENCE sym_k0003 0
REFERENCE missing_1832 0
REFERENCE sym_k0000 0
REFERENCE sym_k0020 0
REFERENCE sym_k0023 0
REFERENCE sym_k0020 0
REFERENCE missing_8554 0
REFERENCE sym_k0000 0
REFERENCE sym_k0001 0
REFERENCE sym_k0016 0
REFERENCE sym_k0001 0
REFERENCE sym_k0004 0
REFERENCE sym_k0000 0
REFERENCE sym_k0018 0
REFERENCE sym_k0014 0
REFERENCE missing_7222 0
REFERENCE sym_k0001 0
REFERENCE missing_7657 0
REFERENCE sym_k0000 0
REFERENCE sym_k0001 0
REFERENCE sym_k0026 0
REFERENCE sym_k0032 0
REFERENCE missing_7049 0
REFERENCE missing_6823 0
REFERENCE sym_k0021 0
REFERENCE sym_k0026 0
REFERENCE sym_k0044 0
REFERENCE sym_k0003 0
REFERENCE sym_k0009 0
REFERENCE sym_k0000 0
REFERENCE sym_k0017 0
REFERENCE sym_k0000 0
REFERENCE sym_k0001 0
REFERENCE sym_k0002 0
DECLARE sym_k0158 9 0
REFERENCE sym_k0006 0
REFERENCE sym_k0110 0
REFERENCE missing_6962 0
REFERENCE sym_k0006 0
REFERENCE sym_k0000 0
REFERENCE sym_k0000 0
REFERENCE sym_k0000 0
REFERENCE sym_k0000 0
REFERENCE sym_k0000 0
REFERENCE sym_k0006 0
REFERENCE sym_k0010 0
REFERENCE sym_k0000 0
REFERENCE sym_k0005 0
REFERENCE sym_k0017 0
REFERENCE missing_2469 0
REFERENCE sym_k0042 0
REFERENCE sym_k0009 0
REFERENCE sym_k0024 0
REFERENCE sym_k0010 0
REFERENCE sym_k0003 0
REFERENCE sym_k0000 0
REFERENCE sym_k0025 0
REFERENCE sym_k0008 0
REFERENCE sym_k0000 0
REFERENCE sym_k0001 0
REFERENCE sym_k0001 0
REFERENCE sym_k0000 0
REFERENCE sym_k0003 0
REFERENCE sym_k0006 0
REFERENCE sym_k0012 0
REFERENCE sym_k0002 0
REFERENCE sym_k0000 0
REFERENCE sym_k0000 0
REFERENCE sym_k0002 0
REFERENCE sym_k0000 0
REFERENCE sym_k0042 0
REFERENCE sym_k0000 0
REFERENCE missing_2494 0
REFERENCE sym_k0000 0
REFERENCE sym_k0000 0
REFERENCE sym_k0003 0
REFERENCE sym_k0000 0
REFERENCE sym_k0001 0
REFERENCE sym_k0006 0
REFERENCE missing_9846 0
REFERENCE sym_k0029 0
REFERENCE sym_k0000 0
REFERENCE sym_k0024 0
REFERENCE sym_k0000 0
REFERENCE sym_k0000 0
REFERENCE sym_k0000 0
REFERENCE sym_k0070 0
REFERENCE sym_k0004 0
REFERENCE sym_k0002 0
REFERENCE sym_k0008 0
REFERENCE sym_k0004 0
REFERENCE sym_k0049 0
REFERENCE sym_k0075 0
REFERENCE sym_k0004 0
REFERENCE sym_k0000 0
REFERENCE sym_k0004 0
REFERENCE sym_k0001 0
REFERENCE sym_k0001 0
REFERENCE sym_k0000 0
REFERENCE sym_k0024 0
REFERENCE sym_k0000 0
REFERENCE sym_k0003 0
REFERENCE sym_k0002 0
REFERENCE sym_k0023 0
REFERENCE sym_k0016 0
REFERENCE sym_k0001 0
REFERENCE missing_6846 0
REFERENCE sym_k0020 0
REFERENCE sym_k0004 0
REFERENCE sym_k0001 0
REFERENCE sym_k0000 0
REFERENCE sym_k0004 0
REFERENCE missing_7418 0
REFERENCE sym_k0002 0
REFERENCE sym_k0027 0
REFERENCE sym_k0000 0
REFERENCE sym_k0000 0
REFERENCE sym_k0024 0
REFERENCE sym_k0018 0
REFERENCE sym_k0188 0
REFERENCE sym_k0000 0
REFERENCE sym_k0000 0
REFERENCE sym_k0000 0
REFERENCE sym_k0029 0
REFERENCE sym_k0001 0
REFERENCE sym_k0000 0
REFERENCE sym_k0006 0
REFERENCE sym_k0027 0
REFERENCE sym_k0000 0
REFERENCE sym_k0001 0
REFERENCE sym_k0027 0
REFERENCE sym_k0002 0
REFERENCE sym_k0000 0
DECLARE sym_k0088 14 0
REFERENCE sym_k0011 0
REFERENCE sym_k0025 0
REFERENCE sym_k0013 0
REFERENCE sym_k0004 0
REFERENCE sym_k0006 0
REFERENCE sym_k0003 0
REFERENCE sym_k0009 0
REFERENCE sym_k0000 0
REFERENCE sym_k0000 0
REFERENCE sym_k0038 0
REFERENCE sym_k0037 0
DECLARE sym_k0073 14 0
REFERENCE sym_k0023 0
REFERENCE sym_k0004 0
REFERENCE sym_k0001 0
DECLARE sym_k0124 5 0
REFERENCE sym_k0014 0
REFERENCE sym_k0004 0
REFERENCE sym_k0000 0
REFERENCE sym_k0001 0
REFERENCE sym_k0000 0
REFERENCE sym_k0017 0
REFERENCE sym_k0018 0
REFERENCE sym_k0013 0
REFERENCE sym_k0021 0
REFERENCE sym_k0006 0
REFERENCE sym_k0000 0
REFERENCE sym_k0001 0
REFERENCE sym_k0001 0
REFERENCE sym_k0007 0
REFERENCE sym_k0015 0
REFERENCE sym_k0094 0
REFERENCE sym_k0001 0
REFERENCE sym_k0048 0
REFERENCE sym_k0000 0
REFERENCE missing_4365 0
REFERENCE sym_k0005 0
REFERENCE sym_k0004 0
REFERENCE sym_k0002 0
REFERENCE sym_k0010 0
REFERENCE missing_2649 0
REFERENCE sym_k0002 0
REFERENCE sym_k0011 0
REFERENCE missing_8900 0
REFERENCE sym_k0052 0
REFERENCE sym_k0007 0
REFERENCE sym_k0002 0
REFERENCE sym_k0000 0
REFERENCE sym_k0001 0
REFERENCE sym_k0003 0
REFERENCE sym_k0008 0
REFERENCE sym_k0040 0
REFERENCE sym_k0002 0
REFERENCE sym_k0000 0
REFERENCE sym_k0000 0
REFERENCE sym_k0000 0
REFERENCE sym_k0007 0
REFERENCE sym_k0000 0
REFERENCE missing_5989 0
REFERENCE sym_k0009 0
REFERENCE sym_k0009 0
REFERENCE sym_k0008 0
REFERENCE sym_k0001 0
REFERENCE sym_k0034 0
REFERENCE sym_k0000 0
REFERENCE sym_k0006 0
REFERENCE sym_k0011 0
REFERENCE sym_k0004 0
REFERENCE sym_k0001 0
REFERENCE missing_4687 0
REFERENCE sym_k0000 0
REFERENCE missing_2003 0
REFERENCE missing_5853 0
REFERENCE sym_k0000 0
REFERENCE sym_k0028 0
REFERENCE sym_k0004 0
REFERENCE sym_k0001 0
REFERENCE sym_k0000 0
REFERENCE sym_k0004 0
REFERENCE sym_k0018 0
REFERENCE sym_k0001 0
REFERENCE sym_k0006 0
REFERENCE sym_k0000 0
REFERENCE sym_k0006 0
REFERENCE missing_8029 0
REFERENCE sym_k0000 0
REFERENCE sym_k0000 0
REFERENCE sym_k0018 0
REFERENCE sym_k0040 0
REFERENCE sym_k0000 0
REFERENCE sym_k0000 0
DECLARE sym_k0122 3 0
REFERENCE sym_k0005 0
REFERENCE missing_6676 0
REFERENCE sym_k0001 0
REFERENCE sym_k0012 0
DECLARE sym_k0145 11 0
REFERENCE sym_k0001 0
REFERENCE sym_k0005 0
REFERENCE sym_k0000 0
REFERENCE sym_k0002 0
REFERENCE sym_k0001 0
REFERENCE missing_8905 0
REFERENCE sym_k0000 0
REFERENCE sym_k0000 0
REFERENCE sym_k0020 0
DECLARE sym_k0101 12 0
REFERENCE missing_8473 0
REFERENCE sym_k0027 0
REFERENCE sym_k0004 0
DECLARE sym_k0249 10 0
REFERENCE sym_k0000 0
REFERENCE sym_k0001 0
REFERENCE sym_k0006 0
REFERENCE sym_k0016 0
DECLARE sym_k0191 12 0
REFERENCE sym_k0000 0
REFERENCE sym_k0001 0
REFERENCE sym_k0000 0
REFERENCE sym_k0013 0
REFERENCE sym_k0018 0
REFERENCE sym_k0002 0
REFERENCE sym_k0000 0
REFERENCE sym_k0036 0
REFERENCE missing_8855 0
REFERENCE missing_1902 0
REFERENCE sym_k0004 0
REFERENCE sym_k0000 0
REFERENCE missing_4708 0
REFERENCE sym_k0000 0
REFERENCE sym_k0035 0
REFERENCE sym_k0184 0
REFERENCE sym_k0001 0
REFERENCE sym_k0002 0
REFERENCE sym_k0043 0
REFERENCE sym_k0004 0
REFERENCE sym_k0003 0
REFERENCE sym_k0009 0
REFERENCE missing_6121 0
REFERENCE sym_k0017 0
REFERENCE sym_k0001 0
REFERENCE missing_7385 0
REFERENCE missing_7518 0
REFERENCE sym_k0000 0
REFERENCE missing_9859 0
REFERENCE sym_k0000 0
REFERENCE sym_k0000 0
REFERENCE sym_k0000 0
REFERENCE missing_7745 0
REFERENCE sym_k0228 0
REFERENCE sym_k0000 0
REFERENCE sym_k0101 0
REFERENCE sym_k0015 0
REFERENCE sym_k0002 0
REFERENCE missing_8684 0
REFERENCE sym_k0000 0
REFERENCE sym_k0011 0
REFERENCE sym_k0002 0
REFERENCE sym_k0001 0
REFERENCE sym_k0001 0
REFERENCE sym_k0048 0
REFERENCE sym_k0005 0
REFERENCE sym_k0000 0
REFERENCE sym_k0122 0
REFERENCE sym_k0001 0
REFERENCE sym_k0000 0
REFERENCE sym_k0002 0
REFERENCE sym_k0014 0
REFERENCE sym_k0000 0
REFERENCE sym_k0090 0
REFERENCE sym_k0015 0
REFERENCE sym_k0000 0
REFERENCE sym_k0001 0
REFERENCE sym_k0000 0
REFERENCE sym_k0034 0
REFERENCE sym_k0000 0
REFERENCE sym_k0000 0
REFERENCE sym_k0013 0
REFERENCE sym_k0234 0
REFERENCE sym_k0002 0
REFERENCE sym_k0036 0
REFERENCE sym_k0035 0
DECLARE sym_k0285 1 0
REFERENCE sym_k0003 0
REFERENCE sym_k0003 0
REFERENCE sym_k0002 0
REFERENCE sym_k0005 0
REFERENCE sym_k0004 0
REFERENCE sym_k0000 0
REFERENCE sym_k0006 0
REFERENCE sym_k0000 0
REFERENCE sym_k0010 0
REFERENCE sym_k0002 0
REFERENCE sym_k0002 0
REFERENCE sym_k0028 0
REFERENCE sym_k0000 0
REFERENCE sym_k0070 0
REFERENCE sym_k0015 0
REFERENCE sym_k0029 0
REFERENCE sym_k0020 0
REFERENCE sym_k0000 0
REFERENCE sym_k0000 0
REFERENCE sym_k0007 0
DECLARE sym_k0121 2 0
REFERENCE sym_k0048 0
REFERENCE sym_k0000 0
DECLARE sym_k0114 10 0
DECLARE sym_k0146 12 0
REFERENCE sym_k0002 0
REFERENCE missing_9007 0
REFERENCE sym_k0000 0
REFERENCE sym_k0000 0
REFERENCE sym_k0000 0
REFERENCE sym_k0002 0
REFERENCE sym_k0000 0
REFERENCE sym_k0005 0
REFERENCE sym_k0004 0
DECLARE sym_k0178 14 0
REFERENCE sym_k0029 0
REFERENCE sym_k0002 0
REFERENCE sym_k0002 0
REFERENCE sym_k0003 0
REFERENCE sym_k0005 0
REFERENCE sym_k0001 0
REFERENCE sym_k0000 0
REFERENCE sym_k0000 0
REFERENCE sym_k0034 0
REFERENCE sym_k0195 0
REFERENCE sym_k0001 0
REFERENCE sym_k0000 0
REFERENCE sym_k0000 0
REFERENCE sym_k0000 0
REFERENCE sym_k0003 0
REFERENCE missing_2512 0
REFERENCE sym_k0088 0
REFERENCE sym_k0010 0
REFERENCE sym_k0000 0
REFERENCE missing_7656 0
REFERENCE sym_k0004 0
DECLARE sym_k0083 9 0
REFERENCE sym_k0024 0
REFERENCE sym_k0000 0
REFERENCE sym_k0001 0
REFERENCE sym_k0002 0
REFERENCE missing_2928 0
REFERENCE sym_k0000 0
REFERENCE sym_k0032 0
REFERENCE sym_k0014 0
DECLARE sym_k0091 2 0
REFERENCE sym_k0000 0
REFERENCE sym_k0004 0
REFERENCE sym_k0000 0
REFERENCE sym_k0070 0
DECLARE sym_k0059 15 0
REFERENCE sym_k0000 0
REFERENCE sym_k0000 0
REFERENCE sym_k0001 0
REFERENCE sym_k0001 0
REFERENCE missing_6843 0
REFERENCE sym_k0030 0
REFERENCE sym_k0000 0
REFERENCE sym_k0000 0
REFERENCE missing_1374 0
REFERENCE missing_4475 0
REFERENCE sym_k0000 0
REFERENCE sym_k0000 0
REFERENCE sym_k0064 0
REFERENCE sym_k0021 0
REFERENCE sym_k0000 0
REFERENCE sym_k0002 0
DECLARE sym_k0060 1 0
REFERENCE sym_k0001 0
REFERENCE sym_k0006 0
REFERENCE sym_k0000 0
REFERENCE sym_k0010 0
REFERENCE sym_k0000 0
REFERENCE sym_k0004 0
REFERENCE sym_k0007 0
REFERENCE sym_k0000 0
REFERENCE sym_k0007 0
DECLARE sym_k0270 1 0
REFERENCE sym_k0016 0
REFERENCE sym_k0064 0
REFERENCE sym_k0026 0
REFERENCE sym_k0005 0
DECLARE sym_k0084 10 0
REFERENCE sym_k0016 0
REFERENCE missing_4051 0
DECLARE sym_k0125 6 0
REFERENCE sym_k0000 0
REFERENCE sym_k0000 0
DECLARE sym_k0103 14 0
REFERENCE sym_k0001 0
REFERENCE sym_k0009 0
REFERENCE sym_k0004 0
DECLARE sym_k0066 7 0
REFERENCE sym_k0012 0
REFERENCE sym_k0003 0
REFERENCE sym_k0001 0
REFERENCE missing_7525 0
REFERENCE sym_k0016 0
REFERENCE sym_k0001 0
REFERENCE sym_k0007 0
REFERENCE sym_k0000 0
REFERENCE sym_k0001 0
REFERENCE sym_k0004 0
REFERENCE sym_k0041 0
DECLARE sym_k0086 12 0
REFERENCE sym_k0000 0
REFERENCE sym_k0000 0
REFERENCE sym_k0048 0
REFERENCE sym_k0014 0
REFERENCE sym_k0000 0
REFERENCE sym_k0102 0
REFERENCE sym_k0004 0
REFERENCE sym_k0000 0
REFERENCE sym_k0003 0
REFERENCE missing_4993 0
REFERENCE sym_k0000 0
REFERENCE sym_k0064 0
REFERENCE sym_k0029 0
REFERENCE missing_9531 0
REFERENCE sym_k0013 0
REFERENCE sym_k0001 0
REFERENCE sym_k0028 0
REFERENCE sym_k0025 0
REFERENCE missing_9607 0
DECLARE sym_k0057 13 0
REFERENCE sym_k0003 0
REFERENCE sym_k0001 0
REFERENCE sym_k0003 0
REFERENCE sym_k0009 0
REFERENCE sym_k0000 0
REFERENCE sym_k0020 0
REFERENCE sym_k0010 0
REFERENCE missing_7767 0
REFERENCE sym_k0001 0
REFERENCE sym_k0000 0
REFERENCE sym_k0048 0
REFERENCE sym_k0006 0
REFERENCE sym_k0001 0
REFERENCE sym_k0021 0
DECLARE sym_k0299 15 0
REFERENCE sym_k0064 0
REFERENCE sym_k0047 0
REFERENCE sym_k0083 0
REFERENCE sym_k0011 0
REFERENCE sym_k0000 0
REFERENCE sym_k0044 0
REFERENCE sym_k0001 0
DECLARE sym_k0108 4 0
DECLARE sym_k0193 14 0
REFERENCE sym_k0000 0
REFERENCE sym_k0005 0
REFERENCE sym_k0000 0
DECLARE sym_k0278 9 0
REFERENCE sym_k0004 0
REFERENCE sym_k0012 0
REFERENCE sym_k0006 0
REFERENCE sym_k0000 0
REFERENCE sym_k0086 0
REFERENCE sym_k0032 0
REFERENCE sym_k0005 0
REFERENCE sym_k0000 0
REFERENCE sym_k0249 0
REFERENCE sym_k0002 0
REFERENCE sym_k0000 0
REFERENCE sym_k0013 0
DECLARE sym_k0062 3 0
REFERENCE sym_k0016 0
REFERENCE sym_k0000 0
REFERENCE sym_k0000 0
REFERENCE sym_k0005 0
REFERENCE sym_k0000 0
REFERENCE sym_k0001 0
REFERENCE sym_k0020 0
REFERENCE sym_k0000 0
REFERENCE sym_k0003 0
REFERENCE sym_k0000 0
REFERENCE sym_k0031 0
REFERENCE sym_k0001 0
REFERENCE sym_k0024 0
REFERENCE sym_k0000 0
REFERENCE missing_7225 0
REFERENCE missing_2290 0
REFERENCE sym_k0000 0
DECLARE sym_k0063 4 0
REFERENCE sym_k0013 0
REFERENCE sym_k0000 0
REFERENCE sym_k0004 0
REFERENCE sym_k0145 0
REFERENCE missing_9921 0
REFERENCE sym_k0006 0
REFERENCE missing_1882 0
REFERENCE sym_k0005 0
REFERENCE sym_k0021 0
REFERENCE sym_k0004 0
REFERENCE sym_k0000 0
REFERENCE sym_k0016 0
REFERENCE missing_1587 0
DECLARE sym_k0196 2 0
REFERENCE sym_k0009 0
REFERENCE sym_k0073 0
REFERENCE sym_k0001 0
REFERENCE sym_k0040 0
REFERENCE sym_k0013 0
REFERENCE sym_k0000 0
REFERENCE sym_k0004 0
REFERENCE sym_k0002 0
REFERENCE sym_k0000 0
REFERENCE sym_k0103 0
REFERENCE missing_4217 0
REFERENCE sym_k0000 0
REFERENCE sym_k0001 0
REFERENCE sym_k0040 0
REFERENCE missing_3018 0
REFERENCE sym_k0010 0
REFERENCE sym_k0001 0
REFERENCE sym_k0000 0
REFERENCE sym_k0000 0
REFERENCE sym_k0005 0
REFERENCE sym_k0146 0
REFERENCE sym_k0001 0
REFERENCE sym_k0008 0
REFERENCE sym_k0013 0
REFERENCE sym_k0003 0
REFERENCE missing_8267 0
REFERENCE sym_k0084 0
REFERENCE sym_k0103 0
REFERENCE sym_k0001 0
REFERENCE sym_k0000 0
REFERENCE sym_k0000 0
REFERENCE sym_k0010 0
REFERENCE sym_k0000 0
REFERENCE sym_k0005 0
REFERENCE sym_k0000 0
REFERENCE sym_k0001 0
REFERENCE sym_k0060 0
REFERENCE sym_k0000 0
REFERENCE missing_4614 0
REFERENCE sym_k0007 0
REFERENCE sym_k0018 0
REFERENCE sym_k0064 0
REFERENCE missing_3747 0
REFERENCE sym_k0114 0
REFERENCE sym_k0000 0
REFERENCE sym_k0013 0
REFERENCE sym_k0090 0
REFERENCE sym_k0001 0
REFERENCE sym_k0031 0
REFERENCE sym_k0091 0
REFERENCE sym_k0010 0
REFERENCE sym_k0000 0
REFERENCE sym_k0000 0
REFERENCE sym_k0006 0
REFERENCE sym_k0004 0
REFERENCE sym_k0036 0
REFERENCE missing_6549 0
REFERENCE sym_k0002 0
REFERENCE sym_k0001 0
REFERENCE sym_k0129 0
REFERENCE sym_k0022 0
REFERENCE sym_k0073 0
REFERENCE sym_k0014 0
REFERENCE sym_k0000 0
REFERENCE sym_k0000 0
REFERENCE sym_k0090 0
REFERENCE sym_k0000 0
REFERENCE sym_k0000 0
REFERENCE sym_k0000 0
REFERENCE sym_k0000 0
REFERENCE sym_k0003 0
REFERENCE sym_k0000 0
REFERENCE sym_k0002 0
REFERENCE sym_k0002 0
REFERENCE sym_k0005 0
REFERENCE sym_k0001 0
REFERENCE sym_k0000 0
REFERENCE sym_k0000 0
REFERENCE sym_k0002 0
REFERENCE sym_k0009 0
REFERENCE sym_k0001 0
REFERENCE sym_k0001 0
REFERENCE sym_k0002 0
DECLARE sym_k0092 3 0
REFERENCE sym_k0001 0
REFERENCE sym_k0000 0
REFERENCE sym_k0000 0
REFERENCE sym_k0000 0
REFERENCE sym_k0021 0
REFERENCE sym_k0001 0
REFERENCE sym_k0009 0
REFERENCE sym_k0000 0
REFERENCE sym_k0000 0
REFERENCE sym_k0010 0
REFERENCE sym_k0004 0
REFERENCE sym_k0011 0
REFERENCE missing_8176 0
REFERENCE missing_4733 0
REFERENCE sym_k0000 0
REFERENCE sym_k0000 0
REFERENCE sym_k0011 0
REFERENCE sym_k0000 0
REFERENCE sym_k0000 0
REFERENCE missing_4198 0
REFERENCE missing_3180 0
REFERENCE sym_k0020 0
REFERENCE sym_k0002 0
REFERENCE sym_k0007 0
REFERENCE sym_k0022 0
REFERENCE sym_k0002 0
DECLARE sym_k0074 15 0
REFERENCE sym_k0000 0
REFERENCE sym_k0000 0
REFERENCE sym_k0005 0
REFERENCE sym_k0007 0
REFERENCE sym_k0000 0
REFERENCE sym_k0002 0
REFERENCE sym_k0015 0
REFERENCE sym_k0004 0
REFERENCE sym_k0000 0
REFERENCE sym_k0057 0
DECLARE sym_k0085 11 0
REFERENCE sym_k0000 0
REFERENCE sym_k0006 0
REFERENCE missing_8464 0
REFERENCE sym_k0001 0
REFERENCE sym_k0050 0
REFERENCE sym_k0001 0
REFERENCE sym_k0000 0
DECLARE sym_k0117 13 0
REFERENCE sym_k0074 0
REFERENCE sym_k0000 0
DECLARE sym_k0080 6 0
REFERENCE missing_6765 0
REFERENCE sym_k0002 0
REFERENCE sym_k0004 0
REFERENCE sym_k0000 0
REFERENCE sym_k0008 0
REFERENCE sym_k0028 0
REFERENCE missing_6374 0
REFERENCE missing_8650 0
DECLARE sym_k0266 12 0
REFERENCE sym_k0003 0
REFERENCE sym_k0016 0
REFERENCE sym_k0013 0
REFERENCE sym_k0005 0
REFERENCE sym_k0010 0
REFERENCE sym_k0003 0
REFERENCE sym_k0000 0
REFERENCE sym_k0006 0
REFERENCE sym_k0000 0
REFERENCE sym_k0052 0
DECLARE sym_k0280 11 0
REFERENCE sym_k0001 0
REFERENCE sym_k0001 0
REFERENCE sym_k0023 0
REFERENCE sym_k0006 0
REFERENCE sym_k0007 0
REFERENCE missing_3251 0
REFERENCE sym_k0001 0
REFERENCE sym_k0000 0
EXIT_SCOPE 0
