# ColliScope Frequency-Matched Synthetic Trace
# Parameters: seed=73, zipf_s=1.244, scope=nested, type=lookup-heavy, replicate=2
ENTER_SCOPE 0
DECLARE sym_k0000 1 0
DECLARE sym_k0001 2 0
DECLARE sym_k0002 3 0
DECLARE sym_k0003 4 0
DECLARE sym_k0004 5 0
DECLARE sym_k0005 6 0
DECLARE sym_k0006 7 0
DECLARE sym_k0007 8 0
DECLARE sym_k0008 9 0
DECLARE sym_k0009 10 0
DECLARE sym_k0010 1 0
DECLARE sym_k0011 2 0
DECLARE sym_k0012 3 0
DECLARE sym_k0013 4 0
DECLARE sym_k0014 5 0
DECLARE sym_k0015 6 0
DECLARE sym_k0016 7 0
DECLARE sym_k0017 8 0
DECLARE sym_k0018 9 0
DECLARE sym_k0019 10 0
DECLARE sym_k0020 1 0
DECLARE sym_k0021 2 0
DECLARE sym_k0022 3 0
DECLARE sym_k0023 4 0
DECLARE sym_k0024 5 0
DECLARE sym_k0025 6 0
DECLARE sym_k0026 7 0
DECLARE sym_k0027 8 0
DECLARE sym_k0028 9 0
DECLARE sym_k0029 10 0
DECLARE sym_k0030 1 0
DECLARE sym_k0031 2 0
DECLARE sym_k0032 3 0
DECLARE sym_k0033 4 0
DECLARE sym_k0034 5 0
DECLARE sym_k0035 6 0
DECLARE sym_k0036 7 0
DECLARE sym_k0037 8 0
DECLARE sym_k0038 9 0
DECLARE sym_k0039 10 0
DECLARE sym_k0040 1 0
DECLARE sym_k0041 2 0
DECLARE sym_k0042 3 0
DECLARE sym_k0043 4 0
DECLARE sym_k0044 5 0
DECLARE sym_k0045 6 0
DECLARE sym_k0046 7 0
DECLARE sym_k0047 8 0
DECLARE sym_k0048 9 0
DECLARE sym_k0049 10 0
REFERENCE sym_k0003 0
REFERENCE sym_k0001 0
REFERENCE sym_k0000 0
REFERENCE sym_k0020 0
ENTER_SCOPE 1 0
REFERENCE sym_k0000 1
REFERENCE sym_k0000 1
REFERENCE sym_k0046 1
REFERENCE sym_k0000 1
REFERENCE sym_k0047 1
REFERENCE sym_k0017 1
REFERENCE sym_k0000 1
REFERENCE sym_k0000 1
REFERENCE sym_k0002 1
REFERENCE sym_k0019 1
REFERENCE missing_4881 1
REFERENCE sym_k0000 1
REFERENCE missing_2342 1
REFERENCE sym_k0000 1
REFERENCE sym_k0025 1
REFERENCE sym_k0001 1
REFERENCE sym_k0033 1
REFERENCE sym_k0000 1
ENTER_SCOPE 2 1
REFERENCE sym_k0005 2
REFERENCE missing_7725 2
DECLARE sym_k0000 1 2
REFERENCE missing_4941 2
REFERENCE sym_k0000 2
REFERENCE sym_k0000 2
REFERENCE sym_k0012 2
REFERENCE sym_k0039 2
REFERENCE missing_5287 2
REFERENCE sym_k0000 2
ENTER_SCOPE 3 2
ENTER_SCOPE 4 3
REFERENCE sym_k0002 4
REFERENCE sym_k0008 4
EXIT_SCOPE 4
REFERENCE sym_k0000 3
REFERENCE sym_k0001 3
EXIT_SCOPE 3
REFERENCE sym_k0002 2
REFERENCE sym_k0002 2
REFERENCE sym_k0036 2
REFERENCE missing_7754 2
REFERENCE sym_k0039 2
DECLARE sym_k0261 7 2
REFERENCE sym_k0000 2
REFERENCE sym_k0002 2
REFERENCE sym_k0016 2
REFERENCE sym_k0013 2
REFERENCE sym_k0044 2
ENTER_SCOPE 5 2
REFERENCE sym_k0005 5
REFERENCE sym_k0000 5
REFERENCE sym_k0001 5
REFERENCE sym_k0000 5
REFERENCE sym_k0000 5
ENTER_SCOPE 6 5
REFERENCE missing_7072 6
REFERENCE sym_k0033 6
REFERENCE sym_k0003 6
ENTER_SCOPE 7 6
REFERENCE sym_k0001 7
REFERENCE sym_k0010 7
REFERENCE sym_k0002 7
REFERENCE sym_k0007 7
REFERENCE sym_k0000 7
REFERENCE sym_k0001 7
DECLARE sym_k0000 1 7
DECLARE sym_k0011 12 7
ENTER_SCOPE 8 7
REFERENCE missing_7784 8
REFERENCE missing_9017 8
EXIT_SCOPE 8
REFERENCE sym_k0000 7
REFERENCE sym_k0035 7
REFERENCE sym_k0007 7
REFERENCE sym_k0002 7
REFERENCE sym_k0002 7
REFERENCE sym_k0000 7
REFERENCE sym_k0004 7
REFERENCE sym_k0002 7
REFERENCE sym_k0042 7
DECLARE sym_k0003 4 7
REFERENCE missing_5002 7
REFERENCE sym_k0000 7
EXIT_SCOPE 7
REFERENCE sym_k0034 6
REFERENCE sym_k0000 6
REFERENCE sym_k0024 6
REFERENCE missing_8033 6
REFERENCE sym_k0007 6
REFERENCE sym_k0048 6
REFERENCE sym_k0009 6
REFERENCE sym_k0000 6
DECLARE sym_k0002 3 6
REFERENCE sym_k0002 6
REFERENCE sym_k0006 6
DECLARE sym_k0129 10 6
REFERENCE sym_k0000 6
ENTER_SCOPE 9 6
REFERENCE sym_k0006 9
ENTER_SCOPE 10 9
REFERENCE sym_k0008 10
REFERENCE sym_k0007 10
REFERENCE sym_k0048 10
REFERENCE sym_k0000 10
ENTER_SCOPE 11 10
DECLARE sym_k0011 12 11
REFERENCE sym_k0018 11
DECLARE sym_k0003 4 11
EXIT_SCOPE 11
DECLARE sym_k0050 6 10
REFERENCE sym_k0006 10
REFERENCE sym_k0000 10
REFERENCE sym_k0000 10
REFERENCE sym_k0001 10
REFERENCE sym_k0001 10
REFERENCE sym_k0000 10
REFERENCE sym_k0004 10
REFERENCE sym_k0000 10
ENTER_SCOPE 12 10
REFERENCE sym_k0014 12
REFERENCE sym_k0024 12
REFERENCE sym_k0000 12
REFERENCE sym_k0031 12
REFERENCE sym_k0001 12
EXIT_SCOPE 12
DECLARE sym_k0000 1 10
REFERENCE sym_k0000 10
REFERENCE sym_k0000 10
REFERENCE sym_k0000 10
REFERENCE sym_k0046 10
DECLARE sym_k0032 3 10
REFERENCE sym_k0001 10
REFERENCE missing_4574 10
REFERENCE sym_k0000 10
REFERENCE sym_k0000 10
REFERENCE sym_k0042 10
REFERENCE sym_k0004 10
REFERENCE sym_k0000 10
REFERENCE sym_k0030 10
REFERENCE sym_k0011 10
REFERENCE sym_k0000 10
REFERENCE sym_k0000 10
REFERENCE sym_k0000 10
REFERENCE sym_k0001 10
REFERENCE sym_k0001 10
REFERENCE sym_k0000 10
DECLARE sym_k0001 2 10
REFERENCE sym_k0000 10
REFERENCE sym_k0001 10
REFERENCE sym_k0000 10
REFERENCE sym_k0000 10
DECLARE sym_k0023 9 10
ENTER_SCOPE 13 10
REFERENCE sym_k0000 13
REFERENCE sym_k0010 13
REFERENCE missing_6954 13
REFERENCE sym_k0000 13
REFERENCE sym_k0026 13
REFERENCE sym_k0002 13
REFERENCE sym_k0004 13
DECLARE sym_k0162 13 13
REFERENCE sym_k0002 13
REFERENCE sym_k0000 13
REFERENCE missing_9698 13
REFERENCE sym_k0001 13
REFERENCE sym_k0010 13
REFERENCE sym_k0021 13
REFERENCE sym_k0040 13
REFERENCE sym_k0001 13
REFERENCE sym_k0043 13
REFERENCE sym_k0019 13
REFERENCE sym_k0034 13
REFERENCE sym_k0013 13
REFERENCE sym_k0005 13
EXIT_SCOPE 13
REFERENCE sym_k0028 10
REFERENCE sym_k0017 10
REFERENCE sym_k0000 10
REFERENCE sym_k0000 10
REFERENCE sym_k0002 10
REFERENCE sym_k0000 10
REFERENCE sym_k0012 10
REFERENCE missing_5490 10
REFERENCE sym_k0001 10
REFERENCE sym_k0040 10
REFERENCE sym_k0005 10
EXIT_SCOPE 10
REFERENCE sym_k0011 9
ENTER_SCOPE 14 9
REFERENCE sym_k0021 14
REFERENCE sym_k0044 14
REFERENCE sym_k0129 14
EXIT_SCOPE 14
REFERENCE sym_k0009 9
REFERENCE sym_k0000 9
REFERENCE sym_k0001 9
REFERENCE sym_k0003 9
REFERENCE sym_k0004 9
REFERENCE sym_k0001 9
DECLARE sym_k0000 1 9
REFERENCE sym_k0000 9
REFERENCE sym_k0007 9
REFERENCE missing_6014 9
REFERENCE missing_8883 9
REFERENCE sym_k0032 9
REFERENCE sym_k0000 9
DECLARE sym_k0229 5 9
DECLARE sym_k0072 13 9
REFERENCE missing_9887 9
REFERENCE sym_k0012 9
REFERENCE sym_k0000 9
REFERENCE sym_k0001 9
REFERENCE sym_k0000 9
REFERENCE missing_3639 9
REFERENCE sym_k0004 9
EXIT_SCOPE 9
DECLARE sym_k0035 6 6
REFERENCE sym_k0007 6
REFERENCE sym_k0007 6
REFERENCE sym_k0000 6
REFERENCE sym_k0003 6
REFERENCE sym_k0045 6
REFERENCE sym_k0000 6
REFERENCE sym_k0003 6
ENTER_SCOPE 15 6
REFERENCE sym_k0000 15
REFERENCE sym_k0000 15
ENTER_SCOPE 16 15
REFERENCE sym_k0024 16
REFERENCE sym_k0016 16
ENTER_SCOPE 17 16
REFERENCE sym_k0002 17
REFERENCE sym_k0000 17
REFERENCE missing_6571 17
REFERENCE sym_k0002 17
REFERENCE sym_k0001 17
REFERENCE sym_k0010 17
DECLARE sym_k0000 1 17
REFERENCE sym_k0029 17
REFERENCE missing_5763 17
REFERENCE missing_9597 17
REFERENCE missing_5006 17
EXIT_SCOPE 17
REFERENCE sym_k0005 16
REFERENCE missing_2002 16
REFERENCE missing_2130 16
REFERENCE missing_2032 16
DECLARE sym_k0006 7 16
REFERENCE missing_6985 16
REFERENCE sym_k0000 16
REFERENCE sym_k0002 16
REFERENCE sym_k0031 16
DECLARE sym_k0001 2 16
REFERENCE sym_k0023 16
REFERENCE sym_k0000 16
REFERENCE sym_k0021 16
DECLARE sym_k0061 2 16
REFERENCE sym_k0026 16
REFERENCE missing_1727 16
DECLARE sym_k0000 1 16
REFERENCE sym_k0008 16
REFERENCE sym_k0000 16
REFERENCE sym_k0001 16
REFERENCE sym_k0008 16
REFERENCE missing_8697 16
REFERENCE sym_k0000 16
REFERENCE sym_k0001 16
REFERENCE sym_k0020 16
REFERENCE sym_k0000 16
REFERENCE sym_k0001 16
REFERENCE sym_k0000 16
REFERENCE sym_k0000 16
REFERENCE sym_k0000 16
REFERENCE sym_k0002 16
REFERENCE sym_k0005 16
REFERENCE sym_k0000 16
REFERENCE sym_k0048 16
REFERENCE sym_k0000 16
REFERENCE missing_6342 16
EXIT_SCOPE 16
REFERENCE sym_k0003 15
REFERENCE sym_k0000 15
EXIT_SCOPE 15
REFERENCE sym_k0018 6
DECLARE sym_k0000 1 6
ENTER_SCOPE 18 6
REFERENCE sym_k0003 18
REFERENCE missing_8229 18
REFERENCE sym_k0038 18
REFERENCE sym_k0031 18
REFERENCE sym_k0013 18
DECLARE sym_k0039 10 18
REFERENCE sym_k0008 18
REFERENCE sym_k0002 18
DECLARE sym_k0001 2 18
REFERENCE sym_k0001 18
REFERENCE missing_9018 18
REFERENCE sym_k0009 18
REFERENCE sym_k0000 18
REFERENCE sym_k0028 18
ENTER_SCOPE 19 18
REFERENCE sym_k0007 19
REFERENCE sym_k0027 19
EXIT_SCOPE 19
DECLARE sym_k0021 7 18
REFERENCE sym_k0015 18
REFERENCE sym_k0001 18
REFERENCE sym_k0002 18
REFERENCE sym_k0001 18
ENTER_SCOPE 20 18
REFERENCE sym_k0002 20
REFERENCE sym_k0013 20
REFERENCE sym_k0001 20
REFERENCE sym_k0005 20
REFERENCE missing_9989 20
REFERENCE sym_k0003 20
REFERENCE sym_k0000 20
REFERENCE sym_k0000 20
REFERENCE sym_k0001 20
REFERENCE sym_k0027 20
REFERENCE sym_k0040 20
ENTER_SCOPE 21 20
REFERENCE sym_k0000 21
REFERENCE sym_k0000 21
EXIT_SCOPE 21
REFERENCE missing_7974 20
REFERENCE sym_k0000 20
REFERENCE sym_k0021 20
REFERENCE sym_k0001 20
REFERENCE sym_k0005 20
REFERENCE sym_k0038 20
EXIT_SCOPE 20
REFERENCE sym_k0000 18
REFERENCE sym_k0015 18
REFERENCE sym_k0000 18
REFERENCE sym_k0012 18
REFERENCE sym_k0019 18
REFERENCE sym_k0002 18
REFERENCE sym_k0046 18
DECLARE sym_k0030 1 18
ENTER_SCOPE 22 18
REFERENCE sym_k0000 22
REFERENCE sym_k0001 22
REFERENCE missing_6849 22
REFERENCE sym_k0004 22
REFERENCE sym_k0033 22
REFERENCE sym_k0014 22
REFERENCE sym_k0000 22
REFERENCE sym_k0006 22
REFERENCE sym_k0001 22
REFERENCE missing_9680 22
REFERENCE sym_k0000 22
REFERENCE sym_k0000 22
REFERENCE sym_k0001 22
REFERENCE sym_k0047 22
REFERENCE sym_k0001 22
REFERENCE sym_k0000 22
REFERENCE sym_k0017 22
ENTER_SCOPE 23 22
REFERENCE sym_k0261 23
REFERENCE sym_k0016 23
REFERENCE sym_k0001 23
REFERENCE sym_k0000 23
DECLARE sym_k0000 1 23
REFERENCE sym_k0000 23
REFERENCE sym_k0027 23
EXIT_SCOPE 23
REFERENCE sym_k0001 22
EXIT_SCOPE 22
REFERENCE sym_k0001 18
REFERENCE sym_k0035 18
DECLARE sym_k0000 1 18
REFERENCE missing_3947 18
REFERENCE sym_k0019 18
REFERENCE sym_k0001 18
ENTER_SCOPE 24 18
DECLARE sym_k0000 1 24
REFERENCE sym_k0000 24
REFERENCE sym_k0045 24
REFERENCE sym_k0000 24
REFERENCE sym_k0000 24
REFERENCE sym_k0003 24
REFERENCE sym_k0000 24
DECLARE sym_k0007 8 24
REFERENCE sym_k0000 24
REFERENCE sym_k0004 24
REFERENCE sym_k0000 24
EXIT_SCOPE 24
EXIT_SCOPE 18
REFERENCE sym_k0001 6
REFERENCE sym_k0001 6
REFERENCE sym_k0001 6
REFERENCE sym_k0001 6
REFERENCE sym_k0000 6
ENTER_SCOPE 25 6
REFERENCE missing_8304 25
EXIT_SCOPE 25
REFERENCE sym_k0006 6
DECLARE sym_k0010 11 6
REFERENCE sym_k0010 6
REFERENCE sym_k0003 6
REFERENCE sym_k0001 6
REFERENCE sym_k0000 6
DECLARE sym_k0006 7 6
REFERENCE sym_k0000 6
REFERENCE sym_k0000 6
REFERENCE sym_k0039 6
REFERENCE sym_k0000 6
REFERENCE sym_k0000 6
REFERENCE missing_1210 6
EXIT_SCOPE 6
REFERENCE sym_k0001 5
EXIT_SCOPE 5
REFERENCE sym_k0025 2
REFERENCE sym_k0005 2
REFERENCE sym_k0001 2
REFERENCE sym_k0002 2
REFERENCE sym_k0036 2
REFERENCE sym_k0001 2
REFERENCE sym_k0000 2
REFERENCE missing_5849 2
REFERENCE sym_k0002 2
REFERENCE sym_k0003 2
REFERENCE sym_k0049 2
ENTER_SCOPE 26 2
REFERENCE sym_k0043 26
REFERENCE sym_k0008 26
REFERENCE missing_9788 26
REFERENCE missing_7933 26
ENTER_SCOPE 27 26
REFERENCE sym_k0000 27
DECLARE sym_k0002 3 27
REFERENCE sym_k0000 27
DECLARE sym_k0001 2 27
REFERENCE sym_k0000 27
REFERENCE sym_k0000 27
REFERENCE sym_k0007 27
REFERENCE missing_7490 27
REFERENCE sym_k0001 27
REFERENCE sym_k0001 27
REFERENCE sym_k0006 27
REFERENCE sym_k0002 27
REFERENCE sym_k0000 27
REFERENCE sym_k0030 27
REFERENCE sym_k0007 27
REFERENCE sym_k0000 27
DECLARE sym_k0076 2 27
REFERENCE sym_k0000 27
REFERENCE sym_k0001 27
REFERENCE sym_k0024 27
REFERENCE sym_k0000 27
REFERENCE sym_k0001 27
REFERENCE sym_k0000 27
REFERENCE sym_k0000 27
REFERENCE sym_k0005 27
REFERENCE sym_k0000 27
REFERENCE missing_9147 27
REFERENCE sym_k0002 27
REFERENCE sym_k0003 27
EXIT_SCOPE 27
REFERENCE sym_k0015 26
REFERENCE sym_k0026 26
REFERENCE sym_k0003 26
REFERENCE sym_k0014 26
REFERENCE sym_k0003 26
REFERENCE missing_8855 26
REFERENCE sym_k0040 26
REFERENCE sym_k0004 26
REFERENCE missing_1797 26
REFERENCE sym_k0016 26
ENTER_SCOPE 28 26
REFERENCE missing_6470 28
ENTER_SCOPE 29 28
REFERENCE sym_k0002 29
REFERENCE sym_k0002 29
REFERENCE sym_k0000 29
REFERENCE sym_k0002 29
DECLARE sym_k0000 1 29
REFERENCE sym_k0002 29
REFERENCE sym_k0000 29
REFERENCE sym_k0017 29
REFERENCE sym_k0003 29
REFERENCE sym_k0001 29
REFERENCE sym_k0005 29
DECLARE sym_k0004 5 29
REFERENCE sym_k0006 29
REFERENCE sym_k0000 29
REFERENCE sym_k0032 29
ENTER_SCOPE 30 29
ENTER_SCOPE 31 30
REFERENCE sym_k0025 31
REFERENCE sym_k0000 31
REFERENCE sym_k0008 31
REFERENCE missing_9878 31
REFERENCE sym_k0009 31
REFERENCE sym_k0000 31
REFERENCE missing_6974 31
REFERENCE missing_3382 31
REFERENCE sym_k0004 31
REFERENCE missing_1620 31
REFERENCE sym_k0000 31
REFERENCE sym_k0003 31
REFERENCE missing_8511 31
REFERENCE sym_k0006 31
REFERENCE missing_1701 31
REFERENCE sym_k0013 31
EXIT_SCOPE 31
REFERENCE sym_k0013 30
REFERENCE sym_k0010 30
EXIT_SCOPE 30
DECLARE sym_k0001 2 29
REFERENCE sym_k0000 29
REFERENCE sym_k0021 29
REFERENCE sym_k0014 29
DECLARE sym_k0008 9 29
REFERENCE sym_k0003 29
REFERENCE sym_k0016 29
REFERENCE sym_k0001 29
REFERENCE sym_k0035 29
REFERENCE sym_k0001 29
REFERENCE sym_k0000 29
REFERENCE sym_k0005 29
REFERENCE sym_k0001 29
REFERENCE sym_k0010 29
REFERENCE missing_5242 29
REFERENCE sym_k0004 29
REFERENCE sym_k0000 29
REFERENCE missing_2341 29
REFERENCE sym_k0000 29
REFERENCE sym_k0000 29
REFERENCE sym_k0006 29
REFERENCE sym_k0041 29
EXIT_SCOPE 29
REFERENCE sym_k0011 28
REFERENCE sym_k0012 28
REFERENCE sym_k0042 28
REFERENCE sym_k0009 28
REFERENCE sym_k0000 28
REFERENCE sym_k0000 28
REFERENCE sym_k0025 28
REFERENCE sym_k0023 28
REFERENCE sym_k0003 28
REFERENCE sym_k0005 28
DECLARE sym_k0006 7 28
REFERENCE sym_k0005 28
REFERENCE sym_k0001 28
REFERENCE sym_k0000 28
ENTER_SCOPE 32 28
REFERENCE sym_k0041 32
REFERENCE sym_k0002 32
REFERENCE sym_k0001 32
REFERENCE missing_8714 32
REFERENCE sym_k0034 32
REFERENCE sym_k0004 32
REFERENCE sym_k0002 32
REFERENCE sym_k0000 32
DECLARE sym_k0000 1 32
REFERENCE missing_4826 32
REFERENCE sym_k0048 32
REFERENCE missing_4311 32
REFERENCE sym_k0007 32
REFERENCE sym_k0011 32
DECLARE sym_k0072 13 32
DECLARE sym_k0098 9 32
REFERENCE missing_3922 32
REFERENCE sym_k0030 32
REFERENCE sym_k0005 32
REFERENCE missing_4301 32
REFERENCE missing_2397 32
REFERENCE missing_1534 32
REFERENCE missing_4636 32
REFERENCE sym_k0002 32
REFERENCE sym_k0007 32
REFERENCE sym_k0003 32
REFERENCE sym_k0000 32
REFERENCE sym_k0005 32
REFERENCE sym_k0000 32
REFERENCE missing_6308 32
REFERENCE sym_k0003 32
REFERENCE sym_k0002 32
REFERENCE missing_7276 32
REFERENCE sym_k0002 32
REFERENCE sym_k0016 32
REFERENCE sym_k0001 32
REFERENCE sym_k0012 32
REFERENCE missing_5440 32
REFERENCE sym_k0001 32
REFERENCE sym_k0019 32
REFERENCE sym_k0015 32
REFERENCE missing_5664 32
REFERENCE missing_9402 32
REFERENCE sym_k0000 32
REFERENCE sym_k0004 32
DECLARE sym_k0004 5 32
REFERENCE sym_k0000 32
REFERENCE missing_6911 32
REFERENCE sym_k0013 32
REFERENCE sym_k0000 32
ENTER_SCOPE 33 32
REFERENCE sym_k0015 33
REFERENCE sym_k0000 33
REFERENCE missing_8752 33
REFERENCE sym_k0040 33
REFERENCE sym_k0038 33
REFERENCE sym_k0000 33
REFERENCE missing_1829 33
REFERENCE sym_k0006 33
DECLARE sym_k0000 1 33
DECLARE sym_k0092 3 33
DECLARE sym_k0001 2 33
REFERENCE sym_k0011 33
REFERENCE sym_k0000 33
REFERENCE sym_k0001 33
DECLARE sym_k0008 9 33
REFERENCE sym_k0008 33
REFERENCE sym_k0017 33
DECLARE sym_k0005 6 33
REFERENCE sym_k0021 33
REFERENCE sym_k0000 33
REFERENCE sym_k0001 33
DECLARE sym_k0129 10 33
REFERENCE sym_k0010 33
ENTER_SCOPE 34 33
REFERENCE sym_k0024 34
REFERENCE sym_k0005 34
REFERENCE sym_k0000 34
EXIT_SCOPE 34
REFERENCE sym_k0000 33
REFERENCE sym_k0001 33
REFERENCE sym_k0000 33
REFERENCE sym_k0000 33
REFERENCE sym_k0000 33
REFERENCE sym_k0000 33
REFERENCE sym_k0001 33
DECLARE sym_k0018 4 33
REFERENCE sym_k0034 33
REFERENCE sym_k0009 33
REFERENCE sym_k0005 33
ENTER_SCOPE 35 33
EXIT_SCOPE 35
REFERENCE sym_k0001 33
REFERENCE sym_k0000 33
REFERENCE sym_k0013 33
REFERENCE sym_k0006 33
REFERENCE sym_k0002 33
REFERENCE missing_4639 33
REFERENCE sym_k0003 33
REFERENCE sym_k0001 33
REFERENCE sym_k0034 33
REFERENCE missing_2831 33
REFERENCE sym_k0000 33
REFERENCE sym_k0005 33
EXIT_SCOPE 33
REFERENCE sym_k0020 32
REFERENCE sym_k0021 32
REFERENCE missing_5909 32
REFERENCE sym_k0039 32
REFERENCE sym_k0023 32
REFERENCE sym_k0018 32
EXIT_SCOPE 32
REFERENCE missing_4783 28
REFERENCE sym_k0000 28
REFERENCE sym_k0004 28
ENTER_SCOPE 36 28
EXIT_SCOPE 36
REFERENCE sym_k0000 28
REFERENCE sym_k0005 28
REFERENCE sym_k0009 28
EXIT_SCOPE 28
DECLARE sym_k0002 3 26
REFERENCE missing_3661 26
ENTER_SCOPE 37 26
REFERENCE sym_k0021 37
REFERENCE sym_k0012 37
REFERENCE sym_k0000 37
REFERENCE sym_k0004 37
ENTER_SCOPE 38 37
REFERENCE sym_k0020 38
REFERENCE sym_k0000 38
REFERENCE missing_3430 38
REFERENCE sym_k0008 38
ENTER_SCOPE 39 38
REFERENCE sym_k0004 39
EXIT_SCOPE 39
DECLARE sym_k0244 5 38
REFERENCE sym_k0042 38
REFERENCE sym_k0001 38
REFERENCE sym_k0001 38
REFERENCE sym_k0037 38
REFERENCE sym_k0002 38
REFERENCE sym_k0008 38
REFERENCE missing_2941 38
REFERENCE sym_k0014 38
EXIT_SCOPE 38
DECLARE sym_k0001 2 37
REFERENCE sym_k0000 37
REFERENCE missing_9576 37
REFERENCE missing_6302 37
REFERENCE missing_6520 37
REFERENCE sym_k0005 37
REFERENCE sym_k0000 37
REFERENCE missing_2298 37
REFERENCE sym_k0000 37
DECLARE sym_k0000 1 37
REFERENCE sym_k0011 37
DECLARE sym_k0040 11 37
REFERENCE missing_9675 37
REFERENCE sym_k0002 37
REFERENCE missing_3887 37
REFERENCE sym_k0000 37
REFERENCE sym_k0000 37
REFERENCE sym_k0011 37
REFERENCE missing_3659 37
REFERENCE sym_k0025 37
REFERENCE sym_k0025 37
REFERENCE sym_k0012 37
REFERENCE sym_k0001 37
REFERENCE sym_k0000 37
ENTER_SCOPE 40 37
REFERENCE sym_k0002 40
REFERENCE sym_k0007 40
DECLARE sym_k0041 12 40
REFERENCE sym_k0031 40
REFERENCE missing_9049 40
REFERENCE sym_k0001 40
REFERENCE missing_6360 40
REFERENCE sym_k0000 40
REFERENCE missing_7394 40
EXIT_SCOPE 40
REFERENCE sym_k0000 37
REFERENCE missing_8949 37
REFERENCE sym_k0000 37
REFERENCE sym_k0031 37
REFERENCE sym_k0019 37
REFERENCE sym_k0004 37
REFERENCE sym_k0012 37
REFERENCE sym_k0008 37
REFERENCE sym_k0001 37
REFERENCE sym_k0002 37
EXIT_SCOPE 37
REFERENCE sym_k0000 26
REFERENCE sym_k0031 26
REFERENCE sym_k0000 26
ENTER_SCOPE 41 26
REFERENCE sym_k0000 41
DECLARE sym_k0022 8 41
REFERENCE sym_k0038 41
REFERENCE sym_k0019 41
REFERENCE sym_k0038 41
REFERENCE sym_k0000 41
DECLARE sym_k0000 1 41
REFERENCE sym_k0010 41
REFERENCE sym_k0006 41
REFERENCE sym_k0000 41
EXIT_SCOPE 41
REFERENCE sym_k0012 26
REFERENCE sym_k0000 26
ENTER_SCOPE 42 26
REFERENCE missing_6392 42
REFERENCE sym_k0016 42
ENTER_SCOPE 43 42
DECLARE sym_k0008 9 43
REFERENCE sym_k0047 43
REFERENCE sym_k0000 43
REFERENCE sym_k0000 43
REFERENCE sym_k0005 43
REFERENCE sym_k0010 43
DECLARE sym_k0002 3 43
REFERENCE sym_k0000 43
REFERENCE sym_k0001 43
REFERENCE sym_k0010 43
REFERENCE sym_k0008 43
REFERENCE sym_k0043 43
REFERENCE sym_k0001 43
REFERENCE sym_k0000 43
DECLARE sym_k0085 11 43
REFERENCE sym_k0085 43
REFERENCE sym_k0016 43
DECLARE sym_k0007 8 43
REFERENCE sym_k0034 43
REFERENCE sym_k0006 43
ENTER_SCOPE 44 43
DECLARE sym_k0002 3 44
REFERENCE sym_k0012 44
REFERENCE sym_k0000 44
DECLARE sym_k0174 10 44
ENTER_SCOPE 45 44
REFERENCE sym_k0000 45
REFERENCE sym_k0001 45
REFERENCE sym_k0025 45
EXIT_SCOPE 45
REFERENCE sym_k0032 44
REFERENCE missing_4820 44
REFERENCE sym_k0002 44
REFERENCE sym_k0000 44
REFERENCE sym_k0004 44
EXIT_SCOPE 44
REFERENCE missing_9313 43
REFERENCE sym_k0019 43
REFERENCE sym_k0002 43
REFERENCE sym_k0011 43
EXIT_SCOPE 43
REFERENCE sym_k0000 42
REFERENCE sym_k0000 42
REFERENCE sym_k0001 42
REFERENCE sym_k0000 42
REFERENCE sym_k0009 42
REFERENCE missing_8271 42
REFERENCE sym_k0001 42
REFERENCE sym_k0044 42
REFERENCE sym_k0022 42
REFERENCE sym_k0027 42
EXIT_SCOPE 42
REFERENCE sym_k0000 26
REFERENCE missing_4609 26
REFERENCE sym_k0002 26
REFERENCE sym_k0021 26
REFERENCE sym_k0006 26
REFERENCE sym_k0036 26
REFERENCE sym_k0008 26
EXIT_SCOPE 26
REFERENCE sym_k0000 2
REFERENCE sym_k0034 2
REFERENCE sym_k0022 2
REFERENCE sym_k0013 2
REFERENCE sym_k0000 2
REFERENCE missing_6008 2
REFERENCE missing_3625 2
REFERENCE sym_k0008 2
EXIT_SCOPE 2
REFERENCE sym_k0003 1
REFERENCE sym_k0000 1
REFERENCE missing_7689 1
REFERENCE sym_k0000 1
REFERENCE sym_k0018 1
REFERENCE sym_k0001 1
REFERENCE sym_k0000 1
REFERENCE sym_k0049 1
REFERENCE sym_k0000 1
REFERENCE sym_k0001 1
REFERENCE sym_k0000 1
EXIT_SCOPE 1
REFERENCE missing_9897 0
REFERENCE sym_k0001 0
REFERENCE sym_k0000 0
REFERENCE sym_k0002 0
REFERENCE sym_k0000 0
REFERENCE sym_k0001 0
REFERENCE sym_k0010 0
REFERENCE sym_k0038 0
REFERENCE sym_k0002 0
REFERENCE sym_k0021 0
REFERENCE sym_k0002 0
REFERENCE sym_k0005 0
REFERENCE sym_k0000 0
REFERENCE sym_k0011 0
REFERENCE missing_2772 0
REFERENCE sym_k0001 0
REFERENCE sym_k0006 0
REFERENCE sym_k0001 0
REFERENCE sym_k0006 0
REFERENCE sym_k0000 0
REFERENCE missing_2834 0
REFERENCE sym_k0019 0
ENTER_SCOPE 46 0
DECLARE sym_k0027 13 46
REFERENCE missing_3625 46
REFERENCE sym_k0023 46
REFERENCE sym_k0000 46
REFERENCE missing_3536 46
REFERENCE sym_k0027 46
REFERENCE missing_2554 46
REFERENCE sym_k0041 46
REFERENCE sym_k0002 46
REFERENCE sym_k0000 46
REFERENCE sym_k0005 46
REFERENCE sym_k0000 46
REFERENCE sym_k0000 46
REFERENCE sym_k0000 46
REFERENCE sym_k0000 46
REFERENCE sym_k0000 46
REFERENCE sym_k0000 46
ENTER_SCOPE 47 46
REFERENCE sym_k0041 47
ENTER_SCOPE 48 47
REFERENCE sym_k0003 48
ENTER_SCOPE 49 48
DECLARE sym_k0236 12 49
REFERENCE sym_k0000 49
REFERENCE sym_k0001 49
REFERENCE sym_k0000 49
REFERENCE sym_k0007 49
REFERENCE missing_9760 49
REFERENCE sym_k0000 49
REFERENCE sym_k0034 49
ENTER_SCOPE 50 49
REFERENCE sym_k0001 50
REFERENCE sym_k0006 50
EXIT_SCOPE 50
ENTER_SCOPE 51 49
REFERENCE missing_4477 51
REFERENCE sym_k0000 51
REFERENCE sym_k0002 51
REFERENCE sym_k0030 51
REFERENCE sym_k0000 51
REFERENCE sym_k0000 51
REFERENCE sym_k0001 51
REFERENCE sym_k0002 51
REFERENCE sym_k0036 51
REFERENCE sym_k0013 51
REFERENCE sym_k0001 51
REFERENCE missing_5743 51
REFERENCE sym_k0024 51
REFERENCE sym_k0012 51
REFERENCE sym_k0032 51
REFERENCE sym_k0001 51
REFERENCE sym_k0004 51
REFERENCE sym_k0000 51
ENTER_SCOPE 52 51
REFERENCE sym_k0022 52
REFERENCE sym_k0021 52
DECLARE sym_k0000 1 52
DECLARE sym_k0001 2 52
REFERENCE sym_k0035 52
REFERENCE sym_k0000 52
REFERENCE sym_k0001 52
EXIT_SCOPE 52
EXIT_SCOPE 51
REFERENCE missing_9461 49
DECLARE sym_k0000 1 49
REFERENCE sym_k0010 49
REFERENCE sym_k0004 49
REFERENCE sym_k0002 49
REFERENCE missing_6911 49
REFERENCE sym_k0020 49
REFERENCE sym_k0030 49
REFERENCE missing_3453 49
REFERENCE sym_k0013 49
REFERENCE sym_k0004 49
EXIT_SCOPE 49
REFERENCE sym_k0019 48
DECLARE sym_k0001 2 48
REFERENCE sym_k0002 48
REFERENCE sym_k0003 48
REFERENCE sym_k0019 48
EXIT_SCOPE 48
EXIT_SCOPE 47
EXIT_SCOPE 46
EXIT_SCOPE 0
