# ColliScope Generated Random Trace
# Parameters: seed=51, scope=nested, type=declaration-heavy, load_factor=0.5
ENTER_SCOPE 0
DECLARE gne_00000 8 0
DECLARE vgw_00001 18 0
DECLARE zto_00002 11 0
DECLARE pjz_00003 13 0
DECLARE sac_00004 18 0
DECLARE gmv_00005 6 0
DECLARE jhl_00006 7 0
DECLARE tay_00007 6 0
DECLARE mxz_00008 19 0
DECLARE coy_00009 1 0
DECLARE ryx_00010 12 0
DECLARE cxo_00011 6 0
DECLARE pzm_00012 17 0
DECLARE tqz_00013 18 0
DECLARE uzy_00014 18 0
DECLARE cvh_00015 18 0
DECLARE vva_00016 14 0
DECLARE nww_00017 14 0
DECLARE owf_00018 16 0
DECLARE pfz_00019 2 0
DECLARE iir_00020 15 0
DECLARE zox_00021 10 0
DECLARE guo_00022 14 0
DECLARE xeh_00023 1 0
DECLARE rek_00024 3 0
DECLARE ony_00025 10 0
DECLARE ppl_00026 15 0
DECLARE mau_00027 9 0
DECLARE drz_00028 13 0
DECLARE kwk_00029 11 0
DECLARE kzz_00030 11 0
DECLARE okt_00031 11 0
DECLARE mdy_00032 13 0
DECLARE wfk_00033 2 0
DECLARE kov_00034 17 0
DECLARE hyt_00035 1 0
DECLARE hlp_00036 18 0
DECLARE woj_00037 9 0
DECLARE cmn_00038 1 0
DECLARE gue_00039 4 0
DECLARE wys_00040 1 0
DECLARE ppt_00041 6 0
DECLARE zum_00042 5 0
DECLARE enk_00043 7 0
DECLARE mbl_00044 13 0
DECLARE bzd_00045 17 0
DECLARE cfd_00046 3 0
DECLARE pnz_00047 15 0
DECLARE juy_00048 16 0
DECLARE frm_00049 18 0
DECLARE uff_00050 6 0
REFERENCE coy_00009 0
REFERENCE cvh_00015 0
ENTER_SCOPE 1 0
EXIT_SCOPE 1
DECLARE cnu_00051 10 0
ENTER_SCOPE 2 0
ENTER_SCOPE 3 2
REFERENCE guo_00022 3
REFERENCE iir_00020 3
REFERENCE pzm_00012 3
DECLARE rbe_00052 1 3
DECLARE sbq_00053 7 3
DECLARE tzy_00054 14 3
DECLARE vra_00055 13 3
DECLARE emu_00056 3 3
REFERENCE okt_00031 3
REFERENCE kov_00034 3
REFERENCE missing_7550 3
REFERENCE woj_00037 3
DECLARE qpq_00057 2 3
DECLARE yea_00058 12 3
REFERENCE vva_00016 3
REFERENCE frm_00049 3
DECLARE zfc_00059 12 3
DECLARE hbg_00060 11 3
REFERENCE sbq_00053 3
DECLARE mpz_00061 4 3
REFERENCE nww_00017 3
DECLARE sia_00062 16 3
REFERENCE tzy_00054 3
REFERENCE iir_00020 3
DECLARE oxh_00063 9 3
REFERENCE wfk_00033 3
REFERENCE tzy_00054 3
DECLARE vpd_00064 12 3
DECLARE vgw_00001 9 3
REFERENCE missing_7694 3
DECLARE zbb_00065 4 3
DECLARE rjh_00066 9 3
DECLARE cnu_00051 15 3
DECLARE isf_00067 18 3
DECLARE cvh_00015 4 3
REFERENCE cmn_00038 3
DECLARE pnz_00047 8 3
DECLARE wdf_00068 17 3
DECLARE zhn_00069 13 3
DECLARE mxz_00008 5 3
DECLARE csb_00070 12 3
REFERENCE cfd_00046 3
REFERENCE vgw_00001 3
REFERENCE ppt_00041 3
REFERENCE zum_00042 3
DECLARE hlp_00036 7 3
REFERENCE kwk_00029 3
ENTER_SCOPE 4 3
DECLARE qih_00071 2 4
ENTER_SCOPE 5 4
REFERENCE sia_00062 5
REFERENCE missing_8023 5
REFERENCE csb_00070 5
REFERENCE bzd_00045 5
DECLARE zml_00072 19 5
ENTER_SCOPE 6 5
DECLARE mqk_00073 1 6
DECLARE gjv_00074 18 6
DECLARE ghx_00075 18 6
DECLARE ray_00076 14 6
ENTER_SCOPE 7 6
EXIT_SCOPE 7
ENTER_SCOPE 8 6
DECLARE hcn_00077 3 8
DECLARE ray_00076 3 8
DECLARE jjz_00078 20 8
DECLARE mqk_00073 4 8
DECLARE gjv_00074 9 8
REFERENCE mxz_00008 8
DECLARE zrq_00079 11 8
DECLARE khw_00080 16 8
ENTER_SCOPE 9 8
DECLARE mkd_00081 20 9
DECLARE evs_00082 10 9
DECLARE kdo_00083 2 9
DECLARE kcg_00084 15 9
EXIT_SCOPE 9
REFERENCE tay_00007 8
DECLARE jae_00085 5 8
DECLARE ytu_00086 8 8
REFERENCE vpd_00064 8
REFERENCE rjh_00066 8
EXIT_SCOPE 8
DECLARE oha_00087 10 6
DECLARE jco_00088 20 6
DECLARE you_00089 2 6
REFERENCE drz_00028 6
DECLARE zml_00072 19 6
DECLARE cmb_00090 2 6
REFERENCE uzy_00014 6
REFERENCE missing_4732 6
DECLARE bob_00091 18 6
REFERENCE mau_00027 6
DECLARE qih_00071 4 6
DECLARE ktu_00092 10 6
ENTER_SCOPE 10 6
DECLARE bko_00093 12 10
REFERENCE cmb_00090 10
DECLARE eia_00094 18 10
REFERENCE cvh_00015 10
REFERENCE yea_00058 10
DECLARE fnr_00095 8 10
DECLARE hko_00096 8 10
DECLARE bbf_00097 15 10
DECLARE euh_00098 5 10
REFERENCE vva_00016 10
DECLARE ert_00099 15 10
DECLARE ual_00100 19 10
REFERENCE zto_00002 10
DECLARE bob_00091 2 10
REFERENCE cnu_00051 10
DECLARE mqk_00073 15 10
REFERENCE cfd_00046 10
ENTER_SCOPE 11 10
DECLARE emj_00101 16 11
DECLARE zrp_00102 5 11
REFERENCE ppt_00041 11
DECLARE jze_00103 12 11
DECLARE cak_00104 7 11
DECLARE bty_00105 16 11
REFERENCE hbg_00060 11
EXIT_SCOPE 11
REFERENCE zbb_00065 10
DECLARE zml_00072 13 10
DECLARE gjv_00074 16 10
DECLARE occ_00106 6 10
DECLARE kza_00107 6 10
DECLARE ghx_00075 16 10
DECLARE oha_00087 16 10
ENTER_SCOPE 12 10
DECLARE tha_00108 15 12
DECLARE occ_00106 9 12
REFERENCE sia_00062 12
EXIT_SCOPE 12
DECLARE llt_00109 17 10
DECLARE bkr_00110 19 10
REFERENCE zml_00072 10
ENTER_SCOPE 13 10
REFERENCE missing_6146 13
DECLARE lcm_00111 5 13
REFERENCE tzy_00054 13
DECLARE vxh_00112 15 13
REFERENCE oha_00087 13
REFERENCE zml_00072 13
DECLARE jue_00113 15 13
EXIT_SCOPE 13
DECLARE alp_00114 17 10
REFERENCE sac_00004 10
DECLARE cmb_00090 8 10
DECLARE hyp_00115 1 10
DECLARE ckh_00116 4 10
DECLARE zto_00117 14 10
REFERENCE ckh_00116 10
DECLARE ktu_00092 3 10
DECLARE you_00089 20 10
REFERENCE zbb_00065 10
REFERENCE missing_5180 10
DECLARE yvj_00118 7 10
DECLARE ray_00076 12 10
EXIT_SCOPE 10
DECLARE xoh_00119 17 6
REFERENCE tqz_00013 6
DECLARE zbb_00065 14 6
DECLARE vcu_00120 10 6
DECLARE vjo_00121 15 6
REFERENCE vgw_00001 6
DECLARE mgw_00122 12 6
DECLARE hwg_00123 13 6
DECLARE xhn_00124 3 6
DECLARE agp_00125 9 6
DECLARE kkw_00126 5 6
DECLARE qyg_00127 11 6
DECLARE zfc_00059 8 6
REFERENCE missing_7559 6
REFERENCE hbg_00060 6
DECLARE sba_00128 7 6
DECLARE pnz_00047 19 6
REFERENCE mpz_00061 6
REFERENCE frm_00049 6
EXIT_SCOPE 6
REFERENCE kzz_00030 5
DECLARE bcq_00129 12 5
DECLARE eyq_00130 3 5
DECLARE wot_00131 17 5
DECLARE vbs_00132 8 5
DECLARE bpm_00133 13 5
REFERENCE sac_00004 5
REFERENCE cmn_00038 5
DECLARE hhr_00134 9 5
ENTER_SCOPE 14 5
ENTER_SCOPE 15 14
DECLARE wfm_00135 17 15
DECLARE diq_00136 6 15
DECLARE vds_00137 1 15
EXIT_SCOPE 15
REFERENCE tzy_00054 14
DECLARE zml_00072 1 14
REFERENCE nww_00017 14
DECLARE acq_00138 2 14
DECLARE cnc_00139 4 14
DECLARE ucm_00140 13 14
DECLARE vbs_00132 17 14
DECLARE eyq_00130 8 14
REFERENCE zox_00021 14
DECLARE kxo_00141 19 14
DECLARE ttt_00142 6 14
DECLARE mod_00143 20 14
DECLARE wot_00131 15 14
REFERENCE zfc_00059 14
DECLARE bpm_00133 10 14
DECLARE lkv_00144 7 14
DECLARE jsq_00145 17 14
DECLARE kvu_00146 10 14
REFERENCE pfz_00019 14
REFERENCE missing_8317 14
DECLARE ybh_00147 10 14
DECLARE spm_00148 9 14
DECLARE pqa_00149 15 14
DECLARE hhr_00134 6 14
DECLARE noj_00150 1 14
REFERENCE bpm_00133 14
DECLARE osh_00151 4 14
DECLARE tgp_00152 6 14
EXIT_SCOPE 14
REFERENCE gne_00000 5
DECLARE fec_00153 5 5
DECLARE qih_00071 14 5
DECLARE tzy_00054 20 5
REFERENCE missing_3020 5
ENTER_SCOPE 16 5
DECLARE dig_00154 5 16
REFERENCE missing_4415 16
REFERENCE tay_00007 16
DECLARE fkh_00155 10 16
DECLARE saj_00156 5 16
DECLARE eyq_00130 6 16
DECLARE src_00157 5 16
REFERENCE ony_00025 16
EXIT_SCOPE 16
REFERENCE pjz_00003 5
REFERENCE kov_00034 5
REFERENCE vra_00055 5
REFERENCE owf_00018 5
EXIT_SCOPE 5
DECLARE taa_00158 7 4
DECLARE sgy_00159 15 4
REFERENCE missing_6918 4
DECLARE rjh_00066 1 4
DECLARE gjy_00160 4 4
REFERENCE pnz_00047 4
REFERENCE tay_00007 4
ENTER_SCOPE 17 4
DECLARE rjh_00066 20 17
REFERENCE cmn_00038 17
DECLARE gjy_00160 6 17
REFERENCE emu_00056 17
DECLARE hfx_00161 19 17
DECLARE avg_00162 14 17
DECLARE sgy_00159 6 17
DECLARE qih_00071 19 17
DECLARE soj_00163 18 17
DECLARE taa_00158 14 17
REFERENCE wys_00040 17
DECLARE vgw_00001 4 17
REFERENCE wdf_00068 17
DECLARE sbq_00053 19 17
DECLARE wps_00164 7 17
DECLARE tqm_00165 17 17
DECLARE uaw_00166 10 17
EXIT_SCOPE 17
DECLARE vgw_00001 5 4
ENTER_SCOPE 18 4
REFERENCE rjh_00066 18
DECLARE bws_00167 10 18
DECLARE xet_00168 14 18
DECLARE wte_00169 19 18
REFERENCE tzy_00054 18
DECLARE pof_00170 20 18
ENTER_SCOPE 19 18
DECLARE bmr_00171 13 19
REFERENCE missing_2214 19
DECLARE bws_00167 10 19
DECLARE yik_00172 20 19
REFERENCE pfz_00019 19
DECLARE hho_00173 6 19
REFERENCE nww_00017 19
DECLARE vzk_00174 1 19
REFERENCE missing_8290 19
REFERENCE nww_00017 19
ENTER_SCOPE 20 19
EXIT_SCOPE 20
DECLARE jxp_00175 18 19
DECLARE omx_00176 8 19
ENTER_SCOPE 21 19
DECLARE hho_00173 10 21
REFERENCE mpz_00061 21
REFERENCE vgw_00001 21
REFERENCE sbq_00053 21
REFERENCE jxp_00175 21
DECLARE bsz_00177 16 21
DECLARE sqr_00178 8 21
DECLARE bws_00167 16 21
REFERENCE cfd_00046 21
DECLARE yqh_00179 5 21
DECLARE yik_00172 3 21
DECLARE gdk_00180 20 21
ENTER_SCOPE 22 21
DECLARE tuz_00181 15 22
DECLARE rke_00182 20 22
DECLARE bws_00167 20 22
REFERENCE gne_00000 22
DECLARE mtq_00183 20 22
DECLARE hho_00173 13 22
DECLARE qev_00184 7 22
DECLARE ioh_00185 18 22
DECLARE qit_00186 4 22
DECLARE dbg_00187 14 22
EXIT_SCOPE 22
DECLARE lcx_00188 5 21
DECLARE vux_00189 17 21
REFERENCE iir_00020 21
DECLARE hbp_00190 11 21
REFERENCE zum_00042 21
REFERENCE xeh_00023 21
REFERENCE kzz_00030 21
DECLARE udi_00191 15 21
DECLARE kar_00192 4 21
DECLARE mtd_00193 16 21
DECLARE yrb_00194 8 21
REFERENCE gue_00039 21
REFERENCE missing_2716 21
DECLARE jxp_00175 10 21
REFERENCE ppt_00041 21
DECLARE doj_00195 9 21
REFERENCE gdk_00180 21
DECLARE kwu_00196 14 21
DECLARE rup_00197 11 21
DECLARE bmr_00171 2 21
DECLARE pnl_00198 19 21
DECLARE lvs_00199 8 21
EXIT_SCOPE 21
REFERENCE sgy_00159 19
REFERENCE hlp_00036 19
DECLARE hdj_00200 6 19
REFERENCE cnu_00051 19
REFERENCE rbe_00052 19
DECLARE fpr_00201 2 19
DECLARE itu_00202 10 19
REFERENCE wdf_00068 19
DECLARE xjx_00203 5 19
DECLARE wte_00169 18 19
DECLARE xet_00168 2 19
DECLARE htw_00204 14 19
DECLARE dhz_00205 7 19
DECLARE tlz_00206 5 19
REFERENCE iir_00020 19
REFERENCE juy_00048 19
REFERENCE missing_1132 19
DECLARE pof_00170 7 19
REFERENCE rjh_00066 19
REFERENCE vva_00016 19
REFERENCE dhz_00205 19
DECLARE pjk_00207 3 19
DECLARE ahm_00208 10 19
REFERENCE missing_1206 19
REFERENCE gne_00000 19
DECLARE cfs_00209 13 19
REFERENCE missing_6146 19
DECLARE taa_00158 10 19
DECLARE pmi_00210 14 19
REFERENCE okt_00031 19
REFERENCE missing_5362 19
REFERENCE cfs_00209 19
REFERENCE wte_00169 19
REFERENCE tay_00007 19
DECLARE fvu_00211 3 19
DECLARE qgz_00212 7 19
REFERENCE missing_8865 19
DECLARE twq_00213 13 19
ENTER_SCOPE 23 19
ENTER_SCOPE 24 23
REFERENCE itu_00202 24
DECLARE jor_00214 14 24
REFERENCE pnz_00047 24
EXIT_SCOPE 24
DECLARE luz_00215 12 23
DECLARE qgz_00212 13 23
DECLARE qfm_00216 9 23
EXIT_SCOPE 23
ENTER_SCOPE 25 19
DECLARE snq_00217 6 25
REFERENCE vzk_00174 25
ENTER_SCOPE 26 25
DECLARE snq_00217 20 26
REFERENCE uff_00050 26
REFERENCE cnu_00051 26
DECLARE nre_00218 20 26
EXIT_SCOPE 26
REFERENCE hdj_00200 25
DECLARE vwp_00219 19 25
DECLARE oxr_00220 16 25
REFERENCE frm_00049 25
REFERENCE pjz_00003 25
DECLARE ndr_00221 4 25
REFERENCE qpq_00057 25
REFERENCE fvu_00211 25
REFERENCE tzy_00054 25
ENTER_SCOPE 27 25
DECLARE rar_00222 12 27
REFERENCE uzy_00014 27
DECLARE ndr_00221 5 27
DECLARE tqj_00223 13 27
DECLARE hst_00224 16 27
EXIT_SCOPE 27
DECLARE wam_00225 11 25
REFERENCE zbb_00065 25
DECLARE uiq_00226 17 25
DECLARE enk_00227 16 25
REFERENCE vva_00016 25
REFERENCE zfc_00059 25
DECLARE qce_00228 1 25
REFERENCE missing_4843 25
DECLARE eft_00229 7 25
DECLARE fgm_00230 9 25
REFERENCE cnu_00051 25
DECLARE bmr_00171 10 25
REFERENCE vva_00016 25
REFERENCE enk_00227 25
DECLARE qwk_00231 20 25
REFERENCE rbe_00052 25
REFERENCE xeh_00023 25
REFERENCE uff_00050 25
REFERENCE missing_6883 25
DECLARE lgx_00232 10 25
DECLARE pzz_00233 20 25
DECLARE pof_00170 13 25
REFERENCE cvh_00015 25
DECLARE pif_00234 17 25
DECLARE nar_00235 17 25
DECLARE vzk_00174 13 25
DECLARE htw_00204 14 25
REFERENCE guo_00022 25
REFERENCE missing_1104 25
REFERENCE csb_00070 25
DECLARE mvb_00236 3 25
DECLARE dux_00237 13 25
DECLARE zht_00238 19 25
DECLARE dcn_00239 10 25
DECLARE wnk_00240 4 25
DECLARE wnj_00241 9 25
ENTER_SCOPE 28 25
EXIT_SCOPE 28
DECLARE cog_00242 14 25
REFERENCE vra_00055 25
REFERENCE bws_00167 25
DECLARE cfs_00209 1 25
DECLARE jvb_00243 18 25
DECLARE zod_00244 12 25
REFERENCE zox_00021 25
REFERENCE missing_3172 25
DECLARE avj_00245 2 25
DECLARE xhb_00246 3 25
DECLARE fvu_00211 8 25
DECLARE ahm_00208 12 25
EXIT_SCOPE 25
DECLARE yhl_00247 2 19
REFERENCE rbe_00052 19
DECLARE qih_00071 5 19
ENTER_SCOPE 29 19
REFERENCE zum_00042 29
DECLARE hho_00173 2 29
ENTER_SCOPE 30 29
REFERENCE cmn_00038 30
DECLARE wdw_00248 17 30
DECLARE zey_00249 6 30
REFERENCE enk_00043 30
REFERENCE frm_00049 30
DECLARE hho_00173 3 30
REFERENCE xjx_00203 30
DECLARE odq_00250 4 30
REFERENCE missing_2456 30
REFERENCE sac_00004 30
DECLARE bhv_00251 19 30
DECLARE mvn_00252 6 30
REFERENCE missing_1815 30
DECLARE cgx_00253 9 30
DECLARE bvm_00254 1 30
DECLARE pof_00170 4 30
DECLARE dwq_00255 2 30
DECLARE ped_00256 16 30
REFERENCE fpr_00201 30
DECLARE xlk_00257 7 30
DECLARE hut_00258 11 30
DECLARE xux_00259 7 30
DECLARE bws_00167 8 30
DECLARE rpm_00260 4 30
DECLARE alo_00261 1 30
DECLARE ens_00262 16 30
REFERENCE odq_00250 30
DECLARE xtr_00263 10 30
REFERENCE rjh_00066 30
DECLARE ahm_00208 1 30
DECLARE gut_00264 17 30
REFERENCE fpr_00201 30
DECLARE ikp_00265 15 30
EXIT_SCOPE 30
DECLARE twu_00266 20 29
DECLARE qih_00071 6 29
REFERENCE nww_00017 29
REFERENCE mpz_00061 29
REFERENCE ony_00025 29
REFERENCE bzd_00045 29
ENTER_SCOPE 31 29
DECLARE mmm_00267 10 31
DECLARE rmj_00268 6 31
DECLARE uwu_00269 15 31
REFERENCE juy_00048 31
DECLARE lyp_00270 18 31
DECLARE rer_00271 4 31
DECLARE svm_00272 6 31
REFERENCE cvh_00015 31
DECLARE pvx_00273 16 31
EXIT_SCOPE 31
DECLARE nfx_00274 2 29
DECLARE oeh_00275 4 29
DECLARE elo_00276 7 29
DECLARE bmr_00171 18 29
REFERENCE vva_00016 29
DECLARE vzk_00174 20 29
DECLARE pmi_00210 20 29
EXIT_SCOPE 29
REFERENCE hlp_00036 19
REFERENCE rjh_00066 19
REFERENCE fpr_00201 19
REFERENCE pfz_00019 19
REFERENCE jhl_00006 19
DECLARE sgy_00159 20 19
REFERENCE xet_00168 19
REFERENCE owf_00018 19
REFERENCE cfd_00046 19
DECLARE ahd_00277 19 19
REFERENCE csb_00070 19
DECLARE rjh_00066 2 19
DECLARE jfa_00278 7 19
DECLARE pll_00279 8 19
DECLARE vgw_00001 9 19
DECLARE gjy_00160 13 19
REFERENCE missing_7593 19
REFERENCE coy_00009 19
REFERENCE pnz_00047 19
REFERENCE pof_00170 19
REFERENCE cxo_00011 19
REFERENCE dhz_00205 19
REFERENCE okt_00031 19
REFERENCE ppl_00026 19
DECLARE qpq_00057 14 19
REFERENCE pnz_00047 19
REFERENCE ryx_00010 19
DECLARE fhb_00280 14 19
DECLARE cvh_00015 3 19
DECLARE hbg_00060 14 19
DECLARE rqx_00281 20 19
REFERENCE missing_9522 19
DECLARE nem_00282 13 19
DECLARE ono_00283 4 19
DECLARE wqq_00284 12 19
DECLARE yea_00058 16 19
DECLARE wdf_00068 14 19
DECLARE pxc_00285 15 19
REFERENCE twq_00213 19
DECLARE fwe_00286 20 19
DECLARE mpz_00061 6 19
DECLARE vkg_00287 5 19
REFERENCE mau_00027 19
DECLARE pnz_00047 8 19
DECLARE siv_00288 13 19
REFERENCE jfa_00278 19
EXIT_SCOPE 19
DECLARE fhf_00289 16 18
DECLARE sac_00290 17 18
DECLARE sml_00291 7 18
DECLARE jxl_00292 8 18
ENTER_SCOPE 32 18
DECLARE pgi_00293 6 32
DECLARE psc_00294 8 32
DECLARE bxn_00295 20 32
REFERENCE missing_3439 32
DECLARE xjo_00296 19 32
EXIT_SCOPE 32
DECLARE jmu_00297 2 18
REFERENCE uzy_00014 18
DECLARE kuv_00298 11 18
DECLARE oji_00299 2 18
REFERENCE wfk_00033 18
DECLARE bbb_00300 14 18
REFERENCE rjh_00066 18
DECLARE ttt_00301 16 18
REFERENCE pzm_00012 18
DECLARE taa_00158 6 18
ENTER_SCOPE 33 18
DECLARE exj_00302 12 33
DECLARE llp_00303 10 33
REFERENCE pzm_00012 33
DECLARE qzb_00304 3 33
DECLARE eqg_00305 18 33
ENTER_SCOPE 34 33
DECLARE uok_00306 1 34
DECLARE sbk_00307 5 34
DECLARE vvf_00308 6 34
DECLARE pnd_00309 19 34
DECLARE dkx_00310 10 34
REFERENCE cmn_00038 34
REFERENCE sac_00004 34
DECLARE gmf_00311 9 34
DECLARE edj_00312 14 34
REFERENCE woj_00037 34
EXIT_SCOPE 34
EXIT_SCOPE 33
DECLARE wcg_00313 4 18
DECLARE tvx_00314 4 18
DECLARE fvc_00315 11 18
REFERENCE pnz_00047 18
DECLARE izy_00316 8 18
DECLARE ers_00317 1 18
DECLARE eiq_00318 14 18
REFERENCE bzd_00045 18
REFERENCE mxz_00008 18
DECLARE jte_00319 20 18
DECLARE jsi_00320 5 18
DECLARE uos_00321 12 18
DECLARE gjy_00160 9 18
DECLARE jpp_00322 9 18
REFERENCE kov_00034 18
DECLARE rek_00323 11 18
REFERENCE jhl_00006 18
DECLARE qih_00071 19 18
DECLARE nys_00324 6 18
REFERENCE rek_00323 18
DECLARE grv_00325 2 18
REFERENCE cmn_00038 18
REFERENCE cvh_00015 18
DECLARE eqv_00326 13 18
DECLARE koo_00327 5 18
REFERENCE sbq_00053 18
DECLARE jnm_00328 15 18
REFERENCE iir_00020 18
EXIT_SCOPE 18
DECLARE hbg_00060 17 4
DECLARE nxd_00329 8 4
DECLARE haf_00330 4 4
REFERENCE gue_00039 4
DECLARE tzy_00054 5 4
DECLARE vra_00055 1 4
DECLARE pnz_00047 12 4
DECLARE irp_00331 12 4
EXIT_SCOPE 4
DECLARE efn_00332 5 3
DECLARE znx_00333 9 3
REFERENCE missing_3533 3
REFERENCE zum_00042 3
DECLARE fgl_00334 9 3
REFERENCE zto_00002 3
DECLARE qzh_00335 9 3
REFERENCE tqz_00013 3
DECLARE ucb_00336 12 3
DECLARE woj_00037 4 3
EXIT_SCOPE 3
DECLARE dtw_00337 8 2
REFERENCE gne_00000 2
DECLARE qtk_00338 16 2
DECLARE qwu_00339 11 2
DECLARE lrf_00340 7 2
DECLARE cxz_00341 17 2
DECLARE lme_00342 12 2
DECLARE sfr_00343 3 2
DECLARE yud_00344 5 2
REFERENCE guo_00022 2
DECLARE ryx_00010 17 2
DECLARE vtq_00345 18 2
DECLARE cnu_00051 9 2
DECLARE dqb_00346 2 2
DECLARE sbq_00347 9 2
DECLARE evm_00348 10 2
REFERENCE gmv_00005 2
REFERENCE wys_00040 2
DECLARE ulr_00349 18 2
REFERENCE dqb_00346 2
DECLARE fkw_00350 18 2
DECLARE xeh_00023 11 2
REFERENCE xeh_00023 2
REFERENCE fkw_00350 2
REFERENCE missing_3993 2
DECLARE enk_00043 16 2
DECLARE kag_00351 3 2
DECLARE wxj_00352 6 2
ENTER_SCOPE 35 2
REFERENCE hlp_00036 35
DECLARE lme_00342 11 35
DECLARE dqb_00346 12 35
DECLARE jzi_00353 8 35
DECLARE fuj_00354 13 35
EXIT_SCOPE 35
DECLARE wkh_00355 12 2
EXIT_SCOPE 2
ENTER_SCOPE 36 0
DECLARE pnz_00047 4 36
EXIT_SCOPE 36
DECLARE nog_00356 4 0
REFERENCE kwk_00029 0
ENTER_SCOPE 37 0
REFERENCE owf_00018 37
DECLARE usi_00357 17 37
DECLARE pfz_00019 9 37
REFERENCE mxz_00008 37
REFERENCE cmn_00038 37
DECLARE ikz_00358 7 37
REFERENCE wfk_00033 37
REFERENCE juy_00048 37
REFERENCE zox_00021 37
ENTER_SCOPE 38 37
EXIT_SCOPE 38
DECLARE ppl_00026 4 37
DECLARE hww_00359 7 37
REFERENCE missing_5492 37
DECLARE tgk_00360 6 37
REFERENCE guo_00022 37
EXIT_SCOPE 37
REFERENCE iir_00020 0
DECLARE dvx_00361 12 0
DECLARE gpy_00362 4 0
ENTER_SCOPE 39 0
DECLARE zox_00021 12 39
REFERENCE gne_00000 39
DECLARE xpo_00363 19 39
DECLARE pnz_00047 4 39
DECLARE him_00364 18 39
EXIT_SCOPE 39
REFERENCE missing_4707 0
REFERENCE vva_00016 0
REFERENCE owf_00018 0
REFERENCE ony_00025 0
DECLARE anr_00365 13 0
ENTER_SCOPE 40 0
REFERENCE mau_00027 40
DECLARE iix_00366 8 40
DECLARE oyh_00367 18 40
DECLARE xiq_00368 1 40
DECLARE pjz_00003 16 40
DECLARE ivp_00369 12 40
EXIT_SCOPE 40
DECLARE zfx_00370 9 0
DECLARE qnb_00371 7 0
DECLARE bro_00372 8 0
DECLARE sgp_00373 17 0
DECLARE njx_00374 7 0
REFERENCE pzm_00012 0
REFERENCE missing_7262 0
DECLARE xkp_00375 15 0
DECLARE dxe_00376 15 0
REFERENCE zto_00002 0
REFERENCE bzd_00045 0
REFERENCE missing_9381 0
DECLARE qwh_00377 16 0
REFERENCE missing_9337 0
DECLARE ouq_00378 17 0
DECLARE hxs_00379 6 0
DECLARE gox_00380 18 0
REFERENCE cvh_00015 0
DECLARE zov_00381 4 0
DECLARE hcd_00382 3 0
DECLARE xdw_00383 8 0
DECLARE znc_00384 11 0
DECLARE ezt_00385 16 0
REFERENCE gne_00000 0
DECLARE qxe_00386 17 0
DECLARE alw_00387 9 0
REFERENCE alw_00387 0
REFERENCE enk_00043 0
DECLARE qyv_00388 2 0
DECLARE bfl_00389 12 0
REFERENCE bfl_00389 0
REFERENCE enk_00043 0
DECLARE pjh_00390 17 0
REFERENCE missing_6374 0
REFERENCE bfl_00389 0
ENTER_SCOPE 41 0
DECLARE gwu_00391 17 41
REFERENCE sac_00004 41
EXIT_SCOPE 41
REFERENCE nww_00017 0
ENTER_SCOPE 42 0
REFERENCE zox_00021 42
REFERENCE qxe_00386 42
DECLARE ula_00392 7 42
DECLARE otb_00393 9 42
DECLARE zfh_00394 1 42
REFERENCE zto_00002 42
DECLARE zfa_00395 12 42
REFERENCE znc_00384 42
REFERENCE missing_1669 42
DECLARE zov_00381 8 42
DECLARE oml_00396 9 42
REFERENCE pfz_00019 42
DECLARE shd_00397 8 42
DECLARE pdx_00398 1 42
DECLARE okt_00031 1 42
DECLARE lhe_00399 16 42
DECLARE kov_00034 11 42
DECLARE mdy_00032 15 42
DECLARE vcs_00400 12 42
DECLARE gcs_00401 3 42
DECLARE tux_00402 16 42
DECLARE cxn_00403 1 42
DECLARE msm_00404 19 42
DECLARE laq_00405 18 42
EXIT_SCOPE 42
DECLARE alw_00406 11 0
REFERENCE vva_00016 0
DECLARE hlr_00407 8 0
REFERENCE missing_1356 0
REFERENCE missing_6486 0
DECLARE gtq_00408 6 0
DECLARE jzv_00409 2 0
DECLARE wtz_00410 13 0
DECLARE tyr_00411 3 0
REFERENCE owf_00018 0
REFERENCE jzv_00409 0
DECLARE qni_00412 15 0
DECLARE fom_00413 17 0
REFERENCE njx_00374 0
REFERENCE uff_00050 0
REFERENCE uzy_00014 0
REFERENCE drz_00028 0
DECLARE xqe_00414 9 0
DECLARE otl_00415 18 0
ENTER_SCOPE 43 0
REFERENCE frm_00049 43
DECLARE kvk_00416 10 43
REFERENCE iir_00020 43
REFERENCE coy_00009 43
DECLARE koa_00417 6 43
REFERENCE missing_8300 43
DECLARE mvm_00418 11 43
EXIT_SCOPE 43
DECLARE sdw_00419 11 0
DECLARE noi_00420 6 0
ENTER_SCOPE 44 0
REFERENCE missing_2525 44
REFERENCE kwk_00029 44
DECLARE xqe_00414 18 44
REFERENCE okt_00031 44
ENTER_SCOPE 45 44
DECLARE hre_00421 4 45
DECLARE xqe_00414 12 45
ENTER_SCOPE 46 45
DECLARE ifj_00422 19 46
DECLARE qdu_00423 8 46
EXIT_SCOPE 46
DECLARE ida_00424 2 45
DECLARE jms_00425 20 45
DECLARE cvh_00015 6 45
DECLARE xit_00426 18 45
DECLARE ukr_00427 1 45
REFERENCE zfx_00370 45
REFERENCE tyr_00411 45
REFERENCE ppt_00041 45
DECLARE ita_00428 15 45
REFERENCE jms_00425 45
REFERENCE ukr_00427 45
DECLARE puq_00429 19 45
DECLARE cdm_00430 11 45
REFERENCE nog_00356 45
DECLARE sha_00431 12 45
DECLARE plj_00432 17 45
DECLARE amh_00433 19 45
ENTER_SCOPE 47 45
DECLARE aod_00434 17 47
EXIT_SCOPE 47
DECLARE qtg_00435 13 45
DECLARE rsh_00436 19 45
DECLARE odf_00437 17 45
DECLARE tvm_00438 12 45
DECLARE ntq_00439 15 45
REFERENCE sha_00431 45
DECLARE myi_00440 13 45
DECLARE gmv_00005 13 45
DECLARE vpd_00441 8 45
ENTER_SCOPE 48 45
REFERENCE cmn_00038 48
DECLARE odf_00437 16 48
REFERENCE tay_00007 48
REFERENCE fom_00413 48
REFERENCE ezt_00385 48
REFERENCE cvh_00015 48
DECLARE rju_00442 12 48
DECLARE qtg_00435 13 48
DECLARE swc_00443 5 48
DECLARE rsh_00436 14 48
DECLARE ixb_00444 18 48
REFERENCE rju_00442 48
DECLARE ktp_00445 5 48
REFERENCE jhl_00006 48
DECLARE xih_00446 1 48
DECLARE kph_00447 11 48
DECLARE qzp_00448 3 48
DECLARE xqe_00414 3 48
DECLARE vjr_00449 11 48
ENTER_SCOPE 49 48
REFERENCE hcd_00382 49
ENTER_SCOPE 50 49
DECLARE vbn_00450 14 50
DECLARE jmd_00451 18 50
DECLARE qzp_00448 7 50
DECLARE fck_00452 4 50
REFERENCE missing_5613 50
REFERENCE ouq_00378 50
DECLARE dxe_00453 15 50
REFERENCE missing_6042 50
DECLARE rbh_00454 4 50
DECLARE rsh_00436 3 50
ENTER_SCOPE 51 50
DECLARE wiz_00455 1 51
DECLARE rbh_00454 9 51
DECLARE vbn_00450 11 51
REFERENCE missing_6150 51
REFERENCE rek_00024 51
DECLARE apu_00456 1 51
REFERENCE qtg_00435 51
REFERENCE jhl_00006 51
REFERENCE qwh_00377 51
REFERENCE hcd_00382 51
DECLARE qzp_00448 8 51
REFERENCE vbn_00450 51
DECLARE kqz_00457 16 51
REFERENCE missing_7293 51
DECLARE cyz_00458 1 51
REFERENCE gpy_00362 51
REFERENCE ryx_00010 51
REFERENCE odf_00437 51
REFERENCE missing_6164 51
DECLARE dxe_00453 11 51
DECLARE rsh_00436 13 51
EXIT_SCOPE 51
EXIT_SCOPE 50
EXIT_SCOPE 49
EXIT_SCOPE 48
EXIT_SCOPE 45
EXIT_SCOPE 44
EXIT_SCOPE 0
