# ColliScope Frequency-Matched Synthetic Trace
# Parameters: seed=65, zipf_s=1.244, scope=flat, type=lookup-heavy, replicate=3
ENTER_SCOPE 0
DECLARE sym_k0000 1 0
DECLARE sym_k0001 2 0
DECLARE sym_k0002 3 0
DECLARE sym_k0003 4 0
DECLARE sym_k0004 5 0
DECLARE sym_k0005 6 0
DECLARE sym_k0006 7 0
DECLARE sym_k0007 8 0
DECLARE sym_k0008 9 0
DECLARE sym_k0009 10 0
DECLARE sym_k0010 1 0
DECLARE sym_k0011 2 0
DECLARE sym_k0012 3 0
DECLARE sym_k0013 4 0
DECLARE sym_k0014 5 0
DECLARE sym_k0015 6 0
DECLARE sym_k0016 7 0
DECLARE sym_k0017 8 0
DECLARE sym_k0018 9 0
DECLARE sym_k0019 10 0
DECLARE sym_k0020 1 0
DECLARE sym_k0021 2 0
DECLARE sym_k0022 3 0
DECLARE sym_k0023 4 0
DECLARE sym_k0024 5 0
DECLARE sym_k0025 6 0
DECLARE sym_k0026 7 0
DECLARE sym_k0027 8 0
DECLARE sym_k0028 9 0
DECLARE sym_k0029 10 0
DECLARE sym_k0030 1 0
DECLARE sym_k0031 2 0
DECLARE sym_k0032 3 0
DECLARE sym_k0033 4 0
DECLARE sym_k0034 5 0
DECLARE sym_k0035 6 0
DECLARE sym_k0036 7 0
DECLARE sym_k0037 8 0
DECLARE sym_k0038 9 0
DECLARE sym_k0039 10 0
DECLARE sym_k0040 1 0
DECLARE sym_k0041 2 0
DECLARE sym_k0042 3 0
DECLARE sym_k0043 4 0
DECLARE sym_k0044 5 0
DECLARE sym_k0045 6 0
DECLARE sym_k0046 7 0
DECLARE sym_k0047 8 0
DECLARE sym_k0048 9 0
DECLARE sym_k0049 10 0
REFERENCE sym_k0000 0
REFERENCE sym_k0004 0
REFERENCE sym_k0001 0
REFERENCE sym_k0000 0
REFERENCE missing_8653 0
REFERENCE sym_k0047 0
REFERENCE sym_k0006 0
REFERENCE sym_k0001 0
REFERENCE missing_3043 0
REFERENCE sym_k0000 0
REFERENCE sym_k0000 0
REFERENCE sym_k0000 0
REFERENCE sym_k0001 0
REFERENCE sym_k0000 0
REFERENCE sym_k0015 0
REFERENCE sym_k0003 0
REFERENCE sym_k0001 0
DECLARE sym_k0053 9 0
REFERENCE missing_9967 0
REFERENCE sym_k0008 0
REFERENCE sym_k0003 0
REFERENCE sym_k0023 0
REFERENCE sym_k0001 0
REFERENCE sym_k0005 0
REFERENCE sym_k0001 0
REFERENCE sym_k0000 0
REFERENCE sym_k0004 0
REFERENCE missing_2071 0
REFERENCE sym_k0002 0
REFERENCE sym_k0002 0
REFERENCE sym_k0024 0
REFERENCE sym_k0000 0
REFERENCE sym_k0000 0
REFERENCE sym_k0013 0
REFERENCE sym_k0000 0
REFERENCE sym_k0041 0
REFERENCE sym_k0000 0
REFERENCE sym_k0022 0
REFERENCE sym_k0033 0
REFERENCE sym_k0007 0
REFERENCE sym_k0000 0
REFERENCE sym_k0000 0
REFERENCE sym_k0048 0
REFERENCE sym_k0004 0
REFERENCE sym_k0002 0
REFERENCE sym_k0004 0
REFERENCE sym_k0001 0
REFERENCE sym_k0013 0
REFERENCE sym_k0000 0
REFERENCE sym_k0001 0
REFERENCE sym_k0000 0
REFERENCE sym_k0005 0
REFERENCE sym_k0013 0
REFERENCE missing_9740 0
REFERENCE sym_k0000 0
REFERENCE sym_k0000 0
REFERENCE sym_k0034 0
REFERENCE sym_k0000 0
REFERENCE sym_k0005 0
REFERENCE sym_k0000 0
REFERENCE sym_k0000 0
REFERENCE sym_k0038 0
REFERENCE sym_k0000 0
REFERENCE sym_k0002 0
REFERENCE sym_k0022 0
REFERENCE sym_k0019 0
REFERENCE sym_k0000 0
REFERENCE missing_9141 0
REFERENCE sym_k0030 0
REFERENCE sym_k0036 0
REFERENCE sym_k0000 0
REFERENCE sym_k0019 0
REFERENCE sym_k0000 0
REFERENCE missing_2824 0
REFERENCE sym_k0003 0
REFERENCE sym_k0018 0
REFERENCE sym_k0037 0
REFERENCE sym_k0046 0
REFERENCE sym_k0004 0
REFERENCE sym_k0001 0
REFERENCE sym_k0041 0
REFERENCE sym_k0025 0
REFERENCE missing_4300 0
REFERENCE sym_k0029 0
REFERENCE sym_k0002 0
REFERENCE sym_k0001 0
REFERENCE sym_k0003 0
REFERENCE sym_k0001 0
REFERENCE sym_k0001 0
REFERENCE sym_k0001 0
REFERENCE sym_k0004 0
REFERENCE missing_1409 0
REFERENCE sym_k0007 0
REFERENCE sym_k0006 0
REFERENCE sym_k0002 0
REFERENCE sym_k0001 0
REFERENCE sym_k0002 0
REFERENCE sym_k0009 0
REFERENCE missing_5401 0
REFERENCE sym_k0005 0
REFERENCE missing_5422 0
REFERENCE sym_k0006 0
REFERENCE sym_k0000 0
REFERENCE sym_k0000 0
REFERENCE sym_k0000 0
REFERENCE sym_k0005 0
REFERENCE missing_2267 0
REFERENCE sym_k0033 0
REFERENCE sym_k0031 0
REFERENCE sym_k0000 0
REFERENCE sym_k0003 0
REFERENCE sym_k0004 0
REFERENCE sym_k0045 0
REFERENCE sym_k0002 0
REFERENCE sym_k0003 0
REFERENCE sym_k0039 0
REFERENCE sym_k0000 0
REFERENCE sym_k0000 0
REFERENCE sym_k0000 0
REFERENCE missing_8166 0
REFERENCE sym_k0004 0
REFERENCE sym_k0004 0
REFERENCE sym_k0036 0
REFERENCE sym_k0020 0
REFERENCE sym_k0010 0
REFERENCE sym_k0008 0
REFERENCE missing_9760 0
REFERENCE sym_k0019 0
REFERENCE sym_k0002 0
REFERENCE sym_k0053 0
REFERENCE sym_k0007 0
REFERENCE sym_k0021 0
REFERENCE sym_k0039 0
REFERENCE missing_3748 0
REFERENCE sym_k0000 0
REFERENCE sym_k0000 0
REFERENCE sym_k0001 0
REFERENCE missing_2907 0
DECLARE sym_k0128 9 0
REFERENCE sym_k0003 0
REFERENCE sym_k0017 0
REFERENCE sym_k0001 0
REFERENCE sym_k0016 0
REFERENCE sym_k0004 0
REFERENCE sym_k0000 0
REFERENCE sym_k0002 0
DECLARE sym_k0076 2 0
REFERENCE sym_k0003 0
REFERENCE sym_k0008 0
REFERENCE sym_k0003 0
REFERENCE sym_k0001 0
REFERENCE sym_k0005 0
REFERENCE sym_k0000 0
REFERENCE sym_k0017 0
REFERENCE sym_k0002 0
REFERENCE sym_k0002 0
REFERENCE sym_k0014 0
REFERENCE sym_k0003 0
REFERENCE sym_k0001 0
REFERENCE sym_k0000 0
REFERENCE sym_k0016 0
REFERENCE sym_k0026 0
REFERENCE sym_k0001 0
REFERENCE sym_k0000 0
REFERENCE sym_k0020 0
REFERENCE sym_k0002 0
REFERENCE sym_k0012 0
REFERENCE sym_k0000 0
REFERENCE sym_k0000 0
REFERENCE sym_k0000 0
REFERENCE sym_k0028 0
REFERENCE sym_k0002 0
REFERENCE sym_k0008 0
REFERENCE sym_k0002 0
REFERENCE sym_k0015 0
REFERENCE sym_k0001 0
REFERENCE sym_k0023 0
REFERENCE sym_k0010 0
REFERENCE sym_k0006 0
REFERENCE missing_6985 0
REFERENCE sym_k0000 0
REFERENCE missing_9257 0
REFERENCE sym_k0001 0
REFERENCE sym_k0000 0
REFERENCE sym_k0001 0
REFERENCE sym_k0001 0
REFERENCE sym_k0002 0
REFERENCE sym_k0007 0
REFERENCE sym_k0002 0
REFERENCE sym_k0000 0
REFERENCE sym_k0001 0
REFERENCE missing_1448 0
REFERENCE sym_k0045 0
REFERENCE missing_7631 0
REFERENCE sym_k0000 0
REFERENCE sym_k0000 0
REFERENCE sym_k0000 0
REFERENCE sym_k0032 0
REFERENCE missing_2021 0
DECLARE sym_k0114 10 0
REFERENCE sym_k0026 0
REFERENCE sym_k0001 0
REFERENCE sym_k0053 0
REFERENCE sym_k0003 0
REFERENCE sym_k0000 0
REFERENCE sym_k0005 0
REFERENCE sym_k0005 0
DECLARE sym_k0101 12 0
REFERENCE sym_k0000 0
REFERENCE sym_k0047 0
REFERENCE sym_k0005 0
REFERENCE sym_k0006 0
REFERENCE missing_3632 0
REFERENCE sym_k0009 0
REFERENCE sym_k0000 0
DECLARE sym_k0136 2 0
REFERENCE missing_5867 0
REFERENCE sym_k0004 0
REFERENCE sym_k0013 0
REFERENCE sym_k0000 0
REFERENCE sym_k0004 0
REFERENCE sym_k0001 0
REFERENCE sym_k0001 0
REFERENCE missing_1609 0
REFERENCE sym_k0040 0
REFERENCE missing_2330 0
REFERENCE sym_k0022 0
REFERENCE sym_k0002 0
REFERENCE sym_k0001 0
REFERENCE sym_k0007 0
REFERENCE sym_k0000 0
REFERENCE sym_k0004 0
REFERENCE sym_k0010 0
REFERENCE sym_k0114 0
REFERENCE sym_k0009 0
REFERENCE sym_k0045 0
REFERENCE sym_k0008 0
REFERENCE sym_k0028 0
REFERENCE sym_k0000 0
REFERENCE sym_k0003 0
REFERENCE sym_k0015 0
REFERENCE sym_k0001 0
REFERENCE sym_k0001 0
REFERENCE missing_5097 0
REFERENCE sym_k0053 0
REFERENCE sym_k0004 0
REFERENCE missing_9715 0
REFERENCE sym_k0003 0
REFERENCE sym_k0021 0
REFERENCE sym_k0002 0
REFERENCE sym_k0041 0
DECLARE sym_k0242 3 0
REFERENCE sym_k0000 0
REFERENCE missing_3943 0
REFERENCE sym_k0000 0
REFERENCE missing_3840 0
REFERENCE missing_6343 0
REFERENCE sym_k0000 0
REFERENCE sym_k0021 0
REFERENCE sym_k0023 0
REFERENCE sym_k0019 0
REFERENCE missing_9697 0
REFERENCE sym_k0000 0
REFERENCE sym_k0000 0
REFERENCE missing_3418 0
REFERENCE sym_k0000 0
REFERENCE sym_k0020 0
REFERENCE sym_k0001 0
REFERENCE sym_k0000 0
REFERENCE sym_k0000 0
REFERENCE sym_k0001 0
REFERENCE sym_k0006 0
REFERENCE missing_2327 0
REFERENCE sym_k0000 0
REFERENCE sym_k0000 0
REFERENCE sym_k0000 0
REFERENCE sym_k0000 0
REFERENCE sym_k0000 0
REFERENCE sym_k0000 0
REFERENCE sym_k0000 0
REFERENCE sym_k0001 0
REFERENCE sym_k0047 0
REFERENCE sym_k0020 0
REFERENCE sym_k0000 0
REFERENCE sym_k0000 0
REFERENCE sym_k0000 0
DECLARE sym_k0183 4 0
REFERENCE sym_k0002 0
REFERENCE sym_k0001 0
REFERENCE sym_k0011 0
REFERENCE sym_k0000 0
REFERENCE missing_8885 0
REFERENCE sym_k0002 0
DECLARE sym_k0133 14 0
REFERENCE sym_k0027 0
REFERENCE sym_k0044 0
REFERENCE sym_k0001 0
REFERENCE sym_k0020 0
REFERENCE sym_k0000 0
REFERENCE sym_k0001 0
REFERENCE sym_k0000 0
REFERENCE sym_k0001 0
REFERENCE sym_k0000 0
REFERENCE missing_5563 0
REFERENCE sym_k0010 0
REFERENCE sym_k0016 0
REFERENCE missing_1373 0
REFERENCE sym_k0009 0
REFERENCE sym_k0004 0
REFERENCE sym_k0004 0
REFERENCE sym_k0021 0
REFERENCE missing_6949 0
REFERENCE sym_k0003 0
REFERENCE sym_k0024 0
REFERENCE sym_k0002 0
REFERENCE sym_k0001 0
REFERENCE missing_2023 0
REFERENCE sym_k0001 0
REFERENCE sym_k0040 0
REFERENCE sym_k0036 0
REFERENCE sym_k0000 0
REFERENCE missing_5779 0
REFERENCE sym_k0012 0
REFERENCE sym_k0020 0
REFERENCE missing_4558 0
REFERENCE sym_k0001 0
REFERENCE sym_k0003 0
REFERENCE missing_1565 0
REFERENCE sym_k0002 0
REFERENCE sym_k0005 0
REFERENCE sym_k0001 0
REFERENCE missing_2434 0
REFERENCE sym_k0004 0
REFERENCE sym_k0007 0
REFERENCE sym_k0000 0
REFERENCE missing_9484 0
REFERENCE sym_k0001 0
REFERENCE sym_k0001 0
REFERENCE sym_k0044 0
REFERENCE sym_k0005 0
REFERENCE sym_k0001 0
REFERENCE sym_k0019 0
REFERENCE missing_8120 0
REFERENCE sym_k0006 0
REFERENCE sym_k0010 0
REFERENCE missing_7543 0
REFERENCE sym_k0014 0
REFERENCE sym_k0028 0
REFERENCE sym_k0133 0
REFERENCE sym_k0001 0
REFERENCE sym_k0000 0
REFERENCE missing_2895 0
REFERENCE sym_k0017 0
REFERENCE sym_k0000 0
REFERENCE sym_k0002 0
REFERENCE sym_k0007 0
REFERENCE sym_k0005 0
REFERENCE sym_k0000 0
REFERENCE sym_k0000 0
REFERENCE sym_k0043 0
REFERENCE sym_k0001 0
REFERENCE sym_k0000 0
REFERENCE sym_k0025 0
REFERENCE missing_4991 0
REFERENCE sym_k0021 0
REFERENCE missing_2042 0
REFERENCE sym_k0005 0
REFERENCE sym_k0045 0
REFERENCE missing_3307 0
REFERENCE sym_k0000 0
DECLARE sym_k0104 15 0
REFERENCE sym_k0004 0
REFERENCE sym_k0000 0
REFERENCE missing_9687 0
REFERENCE sym_k0039 0
REFERENCE sym_k0006 0
REFERENCE sym_k0001 0
REFERENCE sym_k0000 0
REFERENCE sym_k0024 0
REFERENCE sym_k0013 0
DECLARE sym_k0083 9 0
REFERENCE missing_1603 0
REFERENCE sym_k0004 0
REFERENCE sym_k0009 0
REFERENCE sym_k0000 0
REFERENCE sym_k0002 0
REFERENCE sym_k0014 0
REFERENCE missing_2558 0
REFERENCE sym_k0005 0
REFERENCE sym_k0015 0
REFERENCE sym_k0000 0
REFERENCE sym_k0000 0
REFERENCE sym_k0000 0
REFERENCE sym_k0001 0
DECLARE sym_k0166 2 0
REFERENCE sym_k0001 0
REFERENCE sym_k0030 0
REFERENCE sym_k0001 0
REFERENCE sym_k0031 0
REFERENCE sym_k0001 0
REFERENCE missing_1064 0
REFERENCE sym_k0000 0
REFERENCE sym_k0042 0
REFERENCE sym_k0000 0
REFERENCE sym_k0002 0
REFERENCE sym_k0000 0
REFERENCE sym_k0000 0
REFERENCE sym_k0000 0
REFERENCE sym_k0004 0
REFERENCE sym_k0041 0
REFERENCE sym_k0002 0
REFERENCE sym_k0007 0
REFERENCE sym_k0009 0
REFERENCE sym_k0000 0
REFERENCE missing_9502 0
REFERENCE sym_k0000 0
REFERENCE sym_k0007 0
REFERENCE sym_k0010 0
REFERENCE sym_k0004 0
REFERENCE sym_k0000 0
REFERENCE sym_k0024 0
REFERENCE sym_k0001 0
REFERENCE sym_k0030 0
REFERENCE sym_k0001 0
REFERENCE sym_k0003 0
REFERENCE sym_k0034 0
REFERENCE sym_k0032 0
REFERENCE sym_k0000 0
REFERENCE sym_k0047 0
REFERENCE missing_3408 0
REFERENCE sym_k0017 0
REFERENCE sym_k0101 0
REFERENCE sym_k0000 0
REFERENCE sym_k0004 0
REFERENCE sym_k0025 0
REFERENCE sym_k0009 0
REFERENCE missing_3368 0
REFERENCE sym_k0040 0
REFERENCE sym_k0000 0
REFERENCE sym_k0001 0
REFERENCE sym_k0004 0
REFERENCE sym_k0000 0
REFERENCE sym_k0001 0
REFERENCE sym_k0001 0
REFERENCE sym_k0045 0
REFERENCE sym_k0003 0
REFERENCE missing_3953 0
REFERENCE sym_k0004 0
DECLARE sym_k0051 7 0
REFERENCE sym_k0000 0
REFERENCE sym_k0004 0
REFERENCE sym_k0005 0
REFERENCE sym_k0000 0
REFERENCE sym_k0000 0
REFERENCE missing_3984 0
REFERENCE sym_k0000 0
DECLARE sym_k0139 5 0
REFERENCE sym_k0000 0
REFERENCE sym_k0001 0
REFERENCE sym_k0002 0
REFERENCE sym_k0000 0
REFERENCE missing_3710 0
REFERENCE sym_k0000 0
REFERENCE sym_k0002 0
REFERENCE sym_k0002 0
REFERENCE sym_k0021 0
DECLARE sym_k0264 10 0
REFERENCE sym_k0012 0
REFERENCE sym_k0000 0
REFERENCE missing_9636 0
REFERENCE sym_k0003 0
REFERENCE missing_2597 0
REFERENCE sym_k0011 0
REFERENCE sym_k0010 0
REFERENCE sym_k0002 0
REFERENCE missing_2484 0
REFERENCE sym_k0000 0
REFERENCE sym_k0000 0
REFERENCE sym_k0000 0
REFERENCE sym_k0000 0
REFERENCE missing_9181 0
REFERENCE missing_4790 0
REFERENCE sym_k0083 0
REFERENCE sym_k0023 0
REFERENCE sym_k0000 0
REFERENCE sym_k0030 0
REFERENCE sym_k0076 0
REFERENCE sym_k0007 0
REFERENCE sym_k0012 0
REFERENCE sym_k0264 0
REFERENCE sym_k0001 0
REFERENCE sym_k0008 0
REFERENCE missing_9274 0
REFERENCE sym_k0000 0
REFERENCE sym_k0006 0
REFERENCE sym_k0001 0
DECLARE sym_k0078 4 0
REFERENCE missing_3989 0
REFERENCE sym_k0028 0
REFERENCE sym_k0006 0
REFERENCE sym_k0001 0
REFERENCE sym_k0030 0
REFERENCE sym_k0003 0
REFERENCE sym_k0000 0
REFERENCE sym_k0006 0
REFERENCE missing_2418 0
REFERENCE sym_k0026 0
REFERENCE sym_k0014 0
REFERENCE sym_k0003 0
REFERENCE missing_6935 0
REFERENCE sym_k0023 0
REFERENCE missing_8582 0
REFERENCE missing_4826 0
REFERENCE sym_k0000 0
REFERENCE sym_k0000 0
REFERENCE sym_k0264 0
REFERENCE sym_k0031 0
REFERENCE sym_k0041 0
REFERENCE missing_9364 0
REFERENCE sym_k0000 0
REFERENCE sym_k0045 0
REFERENCE sym_k0047 0
REFERENCE sym_k0000 0
REFERENCE sym_k0013 0
REFERENCE sym_k0001 0
REFERENCE sym_k0001 0
DECLARE sym_k0125 6 0
REFERENCE missing_1268 0
REFERENCE sym_k0009 0
REFERENCE sym_k0010 0
REFERENCE sym_k0002 0
REFERENCE sym_k0101 0
REFERENCE sym_k0003 0
REFERENCE sym_k0000 0
REFERENCE sym_k0033 0
REFERENCE sym_k0003 0
REFERENCE missing_6840 0
REFERENCE sym_k0043 0
REFERENCE sym_k0000 0
DECLARE sym_k0179 15 0
REFERENCE sym_k0139 0
REFERENCE sym_k0000 0
REFERENCE sym_k0003 0
REFERENCE sym_k0000 0
REFERENCE sym_k0002 0
REFERENCE sym_k0020 0
REFERENCE sym_k0020 0
REFERENCE sym_k0009 0
REFERENCE sym_k0042 0
REFERENCE sym_k0007 0
REFERENCE sym_k0002 0
REFERENCE sym_k0000 0
REFERENCE sym_k0001 0
REFERENCE sym_k0011 0
REFERENCE sym_k0003 0
REFERENCE sym_k0002 0
REFERENCE sym_k0004 0
REFERENCE sym_k0006 0
REFERENCE sym_k0011 0
REFERENCE sym_k0003 0
REFERENCE sym_k0053 0
REFERENCE sym_k0028 0
REFERENCE sym_k0001 0
REFERENCE sym_k0012 0
REFERENCE sym_k0003 0
REFERENCE missing_7076 0
REFERENCE sym_k0000 0
REFERENCE sym_k0000 0
REFERENCE sym_k0025 0
REFERENCE missing_7980 0
REFERENCE missing_2868 0
DECLARE sym_k0071 12 0
REFERENCE sym_k0000 0
REFERENCE sym_k0022 0
REFERENCE sym_k0008 0
REFERENCE missing_1578 0
REFERENCE sym_k0000 0
REFERENCE missing_2453 0
REFERENCE missing_2180 0
REFERENCE sym_k0000 0
REFERENCE sym_k0001 0
REFERENCE sym_k0008 0
REFERENCE sym_k0007 0
DECLARE sym_k0060 1 0
DECLARE sym_k0081 7 0
REFERENCE sym_k0000 0
REFERENCE sym_k0005 0
REFERENCE sym_k0014 0
REFERENCE sym_k0001 0
REFERENCE sym_k0002 0
REFERENCE sym_k0006 0
REFERENCE sym_k0010 0
REFERENCE sym_k0000 0
REFERENCE sym_k0012 0
REFERENCE sym_k0004 0
REFERENCE sym_k0001 0
REFERENCE missing_7714 0
REFERENCE sym_k0034 0
REFERENCE sym_k0008 0
REFERENCE sym_k0016 0
REFERENCE sym_k0000 0
REFERENCE sym_k0022 0
REFERENCE sym_k0000 0
REFERENCE sym_k0000 0
REFERENCE missing_9458 0
REFERENCE sym_k0014 0
REFERENCE sym_k0012 0
REFERENCE sym_k0125 0
REFERENCE sym_k0001 0
REFERENCE sym_k0003 0
REFERENCE sym_k0036 0
REFERENCE sym_k0004 0
REFERENCE sym_k0004 0
REFERENCE sym_k0000 0
REFERENCE sym_k0008 0
REFERENCE sym_k0008 0
REFERENCE sym_k0242 0
REFERENCE sym_k0000 0
REFERENCE sym_k0002 0
REFERENCE sym_k0000 0
REFERENCE sym_k0000 0
REFERENCE sym_k0000 0
REFERENCE sym_k0000 0
REFERENCE sym_k0000 0
REFERENCE sym_k0005 0
REFERENCE sym_k0008 0
REFERENCE sym_k0001 0
REFERENCE sym_k0017 0
REFERENCE sym_k0004 0
REFERENCE sym_k0042 0
REFERENCE sym_k0044 0
REFERENCE missing_1224 0
REFERENCE sym_k0000 0
REFERENCE missing_7045 0
REFERENCE sym_k0004 0
REFERENCE sym_k0002 0
REFERENCE sym_k0003 0
REFERENCE sym_k0001 0
REFERENCE sym_k0000 0
REFERENCE sym_k0019 0
DECLARE sym_k0058 14 0
REFERENCE sym_k0002 0
REFERENCE sym_k0000 0
REFERENCE sym_k0017 0
REFERENCE sym_k0001 0
REFERENCE sym_k0001 0
REFERENCE sym_k0005 0
REFERENCE sym_k0026 0
REFERENCE sym_k0005 0
REFERENCE sym_k0003 0
REFERENCE sym_k0030 0
REFERENCE sym_k0016 0
REFERENCE sym_k0003 0
REFERENCE sym_k0133 0
REFERENCE sym_k0008 0
REFERENCE sym_k0002 0
REFERENCE sym_k0000 0
REFERENCE sym_k0011 0
REFERENCE sym_k0001 0
REFERENCE sym_k0001 0
REFERENCE sym_k0001 0
REFERENCE sym_k0001 0
REFERENCE sym_k0001 0
REFERENCE sym_k0007 0
REFERENCE sym_k0004 0
REFERENCE sym_k0001 0
REFERENCE sym_k0007 0
REFERENCE sym_k0011 0
REFERENCE sym_k0000 0
REFERENCE missing_8108 0
REFERENCE sym_k0000 0
DECLARE sym_k0063 4 0
REFERENCE sym_k0000 0
REFERENCE sym_k0000 0
REFERENCE sym_k0000 0
REFERENCE sym_k0005 0
REFERENCE sym_k0002 0
REFERENCE sym_k0071 0
REFERENCE missing_4710 0
REFERENCE sym_k0000 0
REFERENCE sym_k0013 0
REFERENCE sym_k0042 0
REFERENCE sym_k0044 0
REFERENCE sym_k0048 0
REFERENCE missing_9272 0
REFERENCE sym_k0063 0
REFERENCE sym_k0000 0
REFERENCE sym_k0005 0
REFERENCE sym_k0001 0
DECLARE sym_k0115 11 0
REFERENCE sym_k0001 0
REFERENCE sym_k0001 0
REFERENCE sym_k0000 0
REFERENCE sym_k0125 0
REFERENCE sym_k0004 0
REFERENCE sym_k0002 0
REFERENCE sym_k0020 0
REFERENCE sym_k0037 0
REFERENCE sym_k0012 0
REFERENCE sym_k0001 0
REFERENCE sym_k0000 0
REFERENCE sym_k0008 0
REFERENCE sym_k0012 0
REFERENCE sym_k0001 0
REFERENCE sym_k0006 0
REFERENCE sym_k0003 0
REFERENCE sym_k0004 0
REFERENCE sym_k0000 0
REFERENCE sym_k0009 0
REFERENCE sym_k0037 0
REFERENCE sym_k0048 0
REFERENCE sym_k0000 0
REFERENCE sym_k0000 0
REFERENCE sym_k0003 0
REFERENCE sym_k0000 0
REFERENCE sym_k0012 0
REFERENCE sym_k0000 0
REFERENCE sym_k0000 0
REFERENCE missing_3071 0
REFERENCE sym_k0002 0
REFERENCE missing_1420 0
REFERENCE sym_k0002 0
REFERENCE sym_k0000 0
REFERENCE sym_k0010 0
REFERENCE sym_k0000 0
REFERENCE sym_k0001 0
REFERENCE sym_k0006 0
REFERENCE sym_k0264 0
REFERENCE sym_k0013 0
REFERENCE sym_k0001 0
REFERENCE sym_k0000 0
REFERENCE sym_k0022 0
REFERENCE missing_4582 0
REFERENCE sym_k0006 0
REFERENCE missing_2052 0
REFERENCE sym_k0040 0
REFERENCE sym_k0000 0
DECLARE sym_k0267 13 0
REFERENCE sym_k0000 0
REFERENCE sym_k0000 0
REFERENCE sym_k0058 0
REFERENCE missing_1102 0
REFERENCE sym_k0019 0
REFERENCE sym_k0007 0
REFERENCE sym_k0002 0
REFERENCE sym_k0013 0
REFERENCE sym_k0000 0
REFERENCE sym_k0001 0
REFERENCE missing_5085 0
REFERENCE sym_k0000 0
REFERENCE sym_k0000 0
REFERENCE sym_k0000 0
REFERENCE sym_k0000 0
REFERENCE sym_k0011 0
REFERENCE sym_k0001 0
REFERENCE sym_k0008 0
REFERENCE sym_k0044 0
REFERENCE sym_k0020 0
REFERENCE sym_k0001 0
REFERENCE missing_2793 0
REFERENCE sym_k0011 0
REFERENCE sym_k0101 0
REFERENCE sym_k0003 0
REFERENCE sym_k0003 0
REFERENCE missing_8772 0
REFERENCE sym_k0000 0
REFERENCE sym_k0001 0
REFERENCE missing_2405 0
REFERENCE sym_k0002 0
REFERENCE sym_k0005 0
REFERENCE sym_k0004 0
REFERENCE sym_k0003 0
REFERENCE sym_k0000 0
REFERENCE sym_k0002 0
REFERENCE sym_k0000 0
REFERENCE sym_k0005 0
REFERENCE sym_k0000 0
REFERENCE sym_k0083 0
REFERENCE sym_k0183 0
REFERENCE sym_k0006 0
REFERENCE sym_k0001 0
REFERENCE missing_9149 0
REFERENCE sym_k0001 0
REFERENCE sym_k0038 0
REFERENCE sym_k0011 0
REFERENCE sym_k0008 0
DECLARE sym_k0079 5 0
REFERENCE sym_k0000 0
REFERENCE sym_k0004 0
REFERENCE sym_k0024 0
REFERENCE sym_k0016 0
REFERENCE sym_k0006 0
REFERENCE sym_k0004 0
REFERENCE sym_k0009 0
REFERENCE sym_k0012 0
REFERENCE sym_k0264 0
REFERENCE sym_k0023 0
REFERENCE sym_k0001 0
REFERENCE sym_k0001 0
REFERENCE sym_k0000 0
REFERENCE sym_k0000 0
REFERENCE sym_k0000 0
REFERENCE sym_k0022 0
REFERENCE sym_k0003 0
REFERENCE sym_k0042 0
REFERENCE sym_k0009 0
REFERENCE sym_k0004 0
REFERENCE sym_k0000 0
REFERENCE sym_k0000 0
REFERENCE sym_k0001 0
REFERENCE sym_k0001 0
REFERENCE sym_k0000 0
REFERENCE sym_k0000 0
REFERENCE sym_k0004 0
REFERENCE missing_3293 0
REFERENCE sym_k0003 0
REFERENCE sym_k0006 0
REFERENCE sym_k0013 0
REFERENCE sym_k0078 0
REFERENCE sym_k0002 0
REFERENCE sym_k0032 0
REFERENCE sym_k0001 0
REFERENCE missing_6122 0
REFERENCE sym_k0166 0
REFERENCE sym_k0004 0
REFERENCE sym_k0048 0
REFERENCE missing_9795 0
REFERENCE sym_k0009 0
REFERENCE missing_2276 0
REFERENCE missing_6649 0
REFERENCE sym_k0083 0
REFERENCE sym_k0000 0
REFERENCE missing_7884 0
REFERENCE sym_k0017 0
REFERENCE sym_k0002 0
REFERENCE sym_k0000 0
REFERENCE sym_k0051 0
REFERENCE sym_k0003 0
REFERENCE sym_k0003 0
REFERENCE sym_k0028 0
REFERENCE sym_k0000 0
REFERENCE sym_k0242 0
REFERENCE missing_9196 0
REFERENCE sym_k0000 0
REFERENCE sym_k0000 0
REFERENCE sym_k0025 0
REFERENCE sym_k0000 0
REFERENCE sym_k0000 0
REFERENCE sym_k0024 0
REFERENCE sym_k0032 0
REFERENCE sym_k0032 0
REFERENCE sym_k0002 0
REFERENCE sym_k0001 0
REFERENCE sym_k0007 0
REFERENCE missing_9349 0
REFERENCE missing_5295 0
REFERENCE sym_k0033 0
REFERENCE sym_k0007 0
REFERENCE sym_k0000 0
REFERENCE sym_k0008 0
REFERENCE sym_k0003 0
REFERENCE sym_k0021 0
REFERENCE sym_k0053 0
REFERENCE sym_k0021 0
REFERENCE sym_k0033 0
REFERENCE sym_k0018 0
REFERENCE missing_8852 0
REFERENCE missing_9451 0
REFERENCE sym_k0114 0
REFERENCE sym_k0000 0
REFERENCE sym_k0005 0
REFERENCE sym_k0008 0
REFERENCE sym_k0000 0
REFERENCE sym_k0003 0
REFERENCE sym_k0006 0
REFERENCE missing_3493 0
REFERENCE sym_k0000 0
REFERENCE sym_k0000 0
REFERENCE sym_k0001 0
REFERENCE missing_7314 0
REFERENCE sym_k0079 0
REFERENCE sym_k0016 0
REFERENCE sym_k0000 0
REFERENCE sym_k0006 0
REFERENCE sym_k0071 0
REFERENCE sym_k0003 0
REFERENCE sym_k0004 0
REFERENCE sym_k0006 0
REFERENCE missing_5936 0
REFERENCE sym_k0000 0
REFERENCE sym_k0002 0
REFERENCE missing_6035 0
REFERENCE sym_k0033 0
REFERENCE sym_k0000 0
REFERENCE sym_k0001 0
REFERENCE sym_k0000 0
REFERENCE sym_k0000 0
REFERENCE sym_k0000 0
REFERENCE sym_k0000 0
REFERENCE missing_4711 0
REFERENCE sym_k0000 0
REFERENCE sym_k0012 0
REFERENCE sym_k0045 0
REFERENCE sym_k0024 0
REFERENCE sym_k0006 0
REFERENCE missing_9104 0
REFERENCE sym_k0007 0
REFERENCE sym_k0000 0
REFERENCE sym_k0003 0
DECLARE sym_k0062 3 0
REFERENCE sym_k0002 0
REFERENCE sym_k0000 0
REFERENCE sym_k0014 0
REFERENCE sym_k0016 0
REFERENCE sym_k0001 0
DECLARE sym_k0096 7 0
REFERENCE sym_k0004 0
REFERENCE sym_k0002 0
REFERENCE sym_k0018 0
REFERENCE sym_k0000 0
REFERENCE sym_k0016 0
REFERENCE sym_k0128 0
REFERENCE sym_k0001 0
REFERENCE sym_k0001 0
REFERENCE sym_k0015 0
REFERENCE sym_k0000 0
REFERENCE sym_k0006 0
REFERENCE missing_2741 0
REFERENCE missing_4063 0
REFERENCE sym_k0004 0
REFERENCE sym_k0000 0
REFERENCE missing_6528 0
REFERENCE missing_9062 0
REFERENCE sym_k0000 0
REFERENCE sym_k0010 0
REFERENCE sym_k0000 0
REFERENCE missing_9871 0
REFERENCE sym_k0035 0
REFERENCE sym_k0058 0
REFERENCE sym_k0002 0
REFERENCE missing_9503 0
REFERENCE missing_3755 0
REFERENCE sym_k0000 0
REFERENCE sym_k0001 0
REFERENCE sym_k0079 0
REFERENCE sym_k0001 0
REFERENCE sym_k0038 0
REFERENCE sym_k0004 0
REFERENCE sym_k0004 0
REFERENCE sym_k0001 0
EXIT_SCOPE 0
