# ColliScope Frequency-Matched Synthetic Trace
# Parameters: seed=89, zipf_s=1.244, scope=nested, type=declaration-heavy, load_factor=0.9
ENTER_SCOPE 0
DECLARE sym_k0000 1 0
DECLARE sym_k0001 2 0
DECLARE sym_k0002 3 0
DECLARE sym_k0003 4 0
DECLARE sym_k0004 5 0
DECLARE sym_k0005 6 0
DECLARE sym_k0006 7 0
DECLARE sym_k0007 8 0
DECLARE sym_k0008 9 0
DECLARE sym_k0009 10 0
DECLARE sym_k0010 1 0
DECLARE sym_k0011 2 0
DECLARE sym_k0012 3 0
DECLARE sym_k0013 4 0
DECLARE sym_k0014 5 0
DECLARE sym_k0015 6 0
DECLARE sym_k0016 7 0
DECLARE sym_k0017 8 0
DECLARE sym_k0018 9 0
DECLARE sym_k0019 10 0
DECLARE sym_k0020 1 0
DECLARE sym_k0021 2 0
DECLARE sym_k0022 3 0
DECLARE sym_k0023 4 0
DECLARE sym_k0024 5 0
DECLARE sym_k0025 6 0
DECLARE sym_k0026 7 0
DECLARE sym_k0027 8 0
DECLARE sym_k0028 9 0
DECLARE sym_k0029 10 0
DECLARE sym_k0030 1 0
DECLARE sym_k0031 2 0
DECLARE sym_k0032 3 0
DECLARE sym_k0033 4 0
DECLARE sym_k0034 5 0
DECLARE sym_k0035 6 0
DECLARE sym_k0036 7 0
DECLARE sym_k0037 8 0
DECLARE sym_k0038 9 0
DECLARE sym_k0039 10 0
DECLARE sym_k0040 1 0
DECLARE sym_k0041 2 0
DECLARE sym_k0042 3 0
DECLARE sym_k0043 4 0
DECLARE sym_k0044 5 0
DECLARE sym_k0045 6 0
DECLARE sym_k0046 7 0
DECLARE sym_k0047 8 0
DECLARE sym_k0048 9 0
DECLARE sym_k0049 10 0
ENTER_SCOPE 1 0
DECLARE sym_k0006 7 1
REFERENCE missing_2059 1
DECLARE sym_k0024 10 1
DECLARE sym_k0018 4 1
REFERENCE sym_k0000 1
DECLARE sym_k0004 5 1
EXIT_SCOPE 1
DECLARE sym_k0085 11 0
ENTER_SCOPE 2 0
DECLARE sym_k0026 12 2
DECLARE sym_k0010 11 2
REFERENCE sym_k0001 2
REFERENCE missing_7756 2
DECLARE sym_k0000 1 2
DECLARE sym_k0003 4 2
DECLARE sym_k0146 12 2
DECLARE sym_k0077 3 2
REFERENCE sym_k0000 2
EXIT_SCOPE 2
DECLARE sym_k0105 1 0
REFERENCE missing_1103 0
REFERENCE sym_k0000 0
REFERENCE sym_k0020 0
REFERENCE sym_k0001 0
REFERENCE sym_k0000 0
REFERENCE sym_k0001 0
REFERENCE sym_k0019 0
REFERENCE sym_k0001 0
REFERENCE sym_k0001 0
REFERENCE sym_k0001 0
REFERENCE sym_k0001 0
REFERENCE sym_k0005 0
REFERENCE sym_k0000 0
DECLARE sym_k0094 5 0
REFERENCE sym_k0003 0
REFERENCE sym_k0007 0
REFERENCE sym_k0000 0
REFERENCE sym_k0002 0
REFERENCE sym_k0000 0
REFERENCE sym_k0000 0
REFERENCE sym_k0000 0
DECLARE sym_k0123 4 0
ENTER_SCOPE 3 0
DECLARE sym_k0010 11 3
DECLARE sym_k0004 5 3
DECLARE sym_k0051 7 3
REFERENCE missing_8015 3
REFERENCE sym_k0032 3
REFERENCE sym_k0001 3
DECLARE sym_k0090 1 3
REFERENCE sym_k0004 3
REFERENCE sym_k0000 3
REFERENCE sym_k0002 3
DECLARE sym_k0001 2 3
EXIT_SCOPE 3
DECLARE sym_k0079 5 0
REFERENCE sym_k0000 0
REFERENCE sym_k0002 0
DECLARE sym_k0080 6 0
DECLARE sym_k0125 6 0
REFERENCE sym_k0002 0
REFERENCE sym_k0000 0
REFERENCE sym_k0001 0
REFERENCE sym_k0003 0
REFERENCE sym_k0030 0
REFERENCE sym_k0000 0
REFERENCE sym_k0026 0
ENTER_SCOPE 4 0
DECLARE sym_k0000 1 4
DECLARE sym_k0022 8 4
REFERENCE sym_k0049 4
REFERENCE sym_k0000 4
DECLARE sym_k0029 15 4
REFERENCE sym_k0000 4
DECLARE sym_k0073 14 4
REFERENCE sym_k0008 4
REFERENCE missing_1295 4
DECLARE sym_k0001 2 4
REFERENCE sym_k0001 4
REFERENCE sym_k0001 4
REFERENCE sym_k0033 4
DECLARE sym_k0125 6 4
DECLARE sym_k0002 3 4
DECLARE sym_k0027 13 4
REFERENCE sym_k0003 4
REFERENCE sym_k0001 4
REFERENCE sym_k0000 4
REFERENCE sym_k0000 4
REFERENCE sym_k0000 4
REFERENCE sym_k0000 4
DECLARE sym_k0005 6 4
REFERENCE sym_k0022 4
REFERENCE sym_k0001 4
REFERENCE sym_k0005 4
EXIT_SCOPE 4
REFERENCE sym_k0000 0
REFERENCE sym_k0000 0
REFERENCE sym_k0000 0
REFERENCE sym_k0000 0
DECLARE sym_k0104 15 0
ENTER_SCOPE 5 0
DECLARE sym_k0001 2 5
REFERENCE sym_k0001 5
REFERENCE sym_k0001 5
DECLARE sym_k0029 15 5
DECLARE sym_k0002 3 5
DECLARE sym_k0015 1 5
DECLARE sym_k0007 8 5
REFERENCE sym_k0007 5
REFERENCE sym_k0000 5
DECLARE sym_k0077 3 5
DECLARE sym_k0046 2 5
REFERENCE sym_k0016 5
REFERENCE sym_k0007 5
REFERENCE sym_k0032 5
DECLARE sym_k0000 1 5
REFERENCE sym_k0008 5
REFERENCE sym_k0000 5
REFERENCE sym_k0000 5
REFERENCE missing_9048 5
REFERENCE sym_k0016 5
REFERENCE sym_k0002 5
REFERENCE sym_k0002 5
DECLARE sym_k0003 4 5
DECLARE sym_k0273 4 5
DECLARE sym_k0012 13 5
REFERENCE sym_k0009 5
REFERENCE sym_k0000 5
EXIT_SCOPE 5
REFERENCE sym_k0000 0
REFERENCE sym_k0000 0
REFERENCE sym_k0000 0
REFERENCE sym_k0001 0
DECLARE sym_k0055 11 0
REFERENCE sym_k0001 0
REFERENCE sym_k0003 0
DECLARE sym_k0168 4 0
REFERENCE sym_k0004 0
REFERENCE sym_k0001 0
REFERENCE sym_k0009 0
REFERENCE sym_k0002 0
REFERENCE sym_k0000 0
REFERENCE sym_k0030 0
REFERENCE sym_k0000 0
REFERENCE sym_k0000 0
REFERENCE sym_k0028 0
REFERENCE sym_k0031 0
REFERENCE sym_k0000 0
REFERENCE sym_k0003 0
REFERENCE sym_k0000 0
REFERENCE sym_k0000 0
REFERENCE sym_k0003 0
REFERENCE sym_k0002 0
ENTER_SCOPE 6 0
REFERENCE missing_2350 6
DECLARE sym_k0032 3 6
REFERENCE missing_1530 6
DECLARE sym_k0001 2 6
REFERENCE sym_k0006 6
REFERENCE sym_k0001 6
REFERENCE sym_k0000 6
REFERENCE sym_k0042 6
DECLARE sym_k0000 1 6
DECLARE sym_k0003 4 6
REFERENCE sym_k0000 6
REFERENCE sym_k0000 6
REFERENCE missing_6143 6
REFERENCE sym_k0001 6
DECLARE sym_k0053 9 6
REFERENCE sym_k0001 6
REFERENCE sym_k0000 6
DECLARE sym_k0145 11 6
DECLARE sym_k0209 15 6
DECLARE sym_k0272 3 6
EXIT_SCOPE 6
REFERENCE sym_k0015 0
DECLARE sym_k0165 1 0
REFERENCE sym_k0001 0
REFERENCE sym_k0000 0
REFERENCE sym_k0004 0
REFERENCE sym_k0000 0
REFERENCE sym_k0024 0
REFERENCE sym_k0105 0
REFERENCE missing_8240 0
REFERENCE sym_k0040 0
REFERENCE sym_k0003 0
REFERENCE sym_k0004 0
REFERENCE sym_k0000 0
REFERENCE sym_k0001 0
REFERENCE sym_k0018 0
REFERENCE sym_k0030 0
DECLARE sym_k0231 7 0
DECLARE sym_k0176 12 0
REFERENCE sym_k0014 0
REFERENCE sym_k0046 0
REFERENCE missing_3863 0
REFERENCE sym_k0003 0
REFERENCE sym_k0000 0
REFERENCE sym_k0028 0
REFERENCE missing_3538 0
REFERENCE sym_k0015 0
REFERENCE sym_k0000 0
REFERENCE sym_k0000 0
REFERENCE sym_k0014 0
REFERENCE sym_k0003 0
REFERENCE sym_k0000 0
REFERENCE sym_k0022 0
REFERENCE sym_k0000 0
REFERENCE sym_k0004 0
REFERENCE sym_k0016 0
REFERENCE sym_k0000 0
DECLARE sym_k0144 10 0
REFERENCE sym_k0002 0
REFERENCE sym_k0002 0
REFERENCE sym_k0006 0
REFERENCE sym_k0023 0
REFERENCE sym_k0017 0
REFERENCE missing_1686 0
ENTER_SCOPE 7 0
REFERENCE sym_k0035 7
REFERENCE sym_k0000 7
EXIT_SCOPE 7
REFERENCE sym_k0005 0
REFERENCE sym_k0000 0
REFERENCE sym_k0000 0
REFERENCE sym_k0002 0
REFERENCE sym_k0004 0
REFERENCE sym_k0003 0
REFERENCE sym_k0000 0
REFERENCE sym_k0009 0
REFERENCE sym_k0014 0
DECLARE sym_k0150 1 0
REFERENCE sym_k0012 0
REFERENCE sym_k0000 0
DECLARE sym_k0146 12 0
REFERENCE sym_k0000 0
REFERENCE sym_k0000 0
REFERENCE sym_k0000 0
REFERENCE sym_k0000 0
REFERENCE sym_k0038 0
ENTER_SCOPE 8 0
REFERENCE sym_k0004 8
REFERENCE sym_k0000 8
DECLARE sym_k0001 2 8
ENTER_SCOPE 9 8
DECLARE sym_k0004 5 9
DECLARE sym_k0003 4 9
DECLARE sym_k0000 1 9
REFERENCE missing_8064 9
DECLARE sym_k0002 3 9
DECLARE sym_k0014 15 9
DECLARE sym_k0109 5 9
REFERENCE sym_k0000 9
DECLARE sym_k0103 14 9
DECLARE sym_k0007 8 9
REFERENCE sym_k0000 9
REFERENCE sym_k0000 9
DECLARE sym_k0001 2 9
REFERENCE sym_k0000 9
REFERENCE sym_k0000 9
REFERENCE sym_k0000 9
REFERENCE sym_k0000 9
ENTER_SCOPE 10 9
DECLARE sym_k0118 14 10
EXIT_SCOPE 10
REFERENCE missing_3603 9
REFERENCE sym_k0004 9
REFERENCE sym_k0003 9
REFERENCE sym_k0002 9
REFERENCE sym_k0003 9
ENTER_SCOPE 11 9
ENTER_SCOPE 12 11
EXIT_SCOPE 12
REFERENCE sym_k0030 11
DECLARE sym_k0059 15 11
REFERENCE sym_k0004 11
REFERENCE sym_k0000 11
DECLARE sym_k0108 4 11
DECLARE sym_k0000 1 11
REFERENCE sym_k0004 11
ENTER_SCOPE 13 11
DECLARE sym_k0021 7 13
REFERENCE sym_k0010 13
DECLARE sym_k0000 1 13
REFERENCE sym_k0000 13
REFERENCE sym_k0000 13
ENTER_SCOPE 14 13
DECLARE sym_k0000 1 14
DECLARE sym_k0001 2 14
REFERENCE sym_k0000 14
DECLARE sym_k0003 4 14
REFERENCE sym_k0000 14
REFERENCE missing_6439 14
DECLARE sym_k0010 11 14
DECLARE sym_k0006 7 14
DECLARE sym_k0008 9 14
REFERENCE sym_k0001 14
REFERENCE missing_3728 14
DECLARE sym_k0004 5 14
REFERENCE sym_k0001 14
REFERENCE sym_k0000 14
REFERENCE sym_k0001 14
REFERENCE sym_k0000 14
DECLARE sym_k0187 8 14
REFERENCE sym_k0008 14
REFERENCE sym_k0000 14
REFERENCE sym_k0007 14
DECLARE sym_k0032 3 14
REFERENCE missing_7735 14
DECLARE sym_k0002 3 14
DECLARE sym_k0012 13 14
DECLARE sym_k0020 6 14
REFERENCE sym_k0008 14
REFERENCE sym_k0008 14
REFERENCE sym_k0000 14
ENTER_SCOPE 15 14
DECLARE sym_k0001 2 15
DECLARE sym_k0017 3 15
DECLARE sym_k0000 1 15
REFERENCE sym_k0187 15
EXIT_SCOPE 15
ENTER_SCOPE 16 14
DECLARE sym_k0102 13 16
DECLARE sym_k0000 1 16
DECLARE sym_k0004 5 16
REFERENCE sym_k0010 16
DECLARE sym_k0022 8 16
DECLARE sym_k0002 3 16
DECLARE sym_k0001 2 16
EXIT_SCOPE 16
DECLARE sym_k0031 2 14
REFERENCE sym_k0000 14
REFERENCE sym_k0000 14
ENTER_SCOPE 17 14
DECLARE sym_k0008 9 17
EXIT_SCOPE 17
REFERENCE sym_k0001 14
EXIT_SCOPE 14
EXIT_SCOPE 13
REFERENCE missing_7931 11
DECLARE sym_k0005 6 11
REFERENCE sym_k0000 11
REFERENCE sym_k0040 11
DECLARE sym_k0004 5 11
DECLARE sym_k0002 3 11
REFERENCE sym_k0005 11
DECLARE sym_k0018 4 11
REFERENCE sym_k0000 11
DECLARE sym_k0001 2 11
REFERENCE sym_k0055 11
REFERENCE sym_k0016 11
REFERENCE missing_3258 11
REFERENCE sym_k0000 11
REFERENCE sym_k0000 11
REFERENCE sym_k0002 11
REFERENCE sym_k0059 11
REFERENCE sym_k0029 11
ENTER_SCOPE 18 11
DECLARE sym_k0007 8 18
DECLARE sym_k0012 13 18
REFERENCE sym_k0027 18
EXIT_SCOPE 18
DECLARE sym_k0010 11 11
REFERENCE sym_k0000 11
ENTER_SCOPE 19 11
DECLARE sym_k0000 1 19
REFERENCE sym_k0000 19
DECLARE sym_k0001 2 19
REFERENCE sym_k0002 19
REFERENCE sym_k0007 19
DECLARE sym_k0118 14 19
REFERENCE sym_k0002 19
DECLARE sym_k0015 1 19
DECLARE sym_k0080 6 19
REFERENCE missing_1836 19
REFERENCE sym_k0000 19
DECLARE sym_k0006 7 19
EXIT_SCOPE 19
DECLARE sym_k0210 1 11
REFERENCE sym_k0005 11
REFERENCE sym_k0001 11
DECLARE sym_k0101 12 11
REFERENCE sym_k0000 11
REFERENCE sym_k0000 11
REFERENCE sym_k0000 11
REFERENCE sym_k0000 11
ENTER_SCOPE 20 11
DECLARE sym_k0003 4 20
REFERENCE missing_3815 20
DECLARE sym_k0031 2 20
DECLARE sym_k0203 9 20
EXIT_SCOPE 20
DECLARE sym_k0069 10 11
DECLARE sym_k0007 8 11
REFERENCE sym_k0031 11
ENTER_SCOPE 21 11
REFERENCE sym_k0003 21
REFERENCE missing_9662 21
REFERENCE sym_k0022 21
EXIT_SCOPE 21
REFERENCE sym_k0001 11
REFERENCE sym_k0000 11
REFERENCE sym_k0002 11
REFERENCE sym_k0000 11
REFERENCE sym_k0001 11
DECLARE sym_k0040 11 11
REFERENCE sym_k0007 11
DECLARE sym_k0167 3 11
ENTER_SCOPE 22 11
DECLARE sym_k0055 11 22
EXIT_SCOPE 22
REFERENCE sym_k0000 11
REFERENCE sym_k0009 11
REFERENCE missing_3971 11
REFERENCE sym_k0004 11
REFERENCE sym_k0001 11
DECLARE sym_k0048 4 11
REFERENCE sym_k0000 11
DECLARE sym_k0179 15 11
REFERENCE missing_7828 11
DECLARE sym_k0204 10 11
REFERENCE sym_k0002 11
REFERENCE sym_k0001 11
REFERENCE sym_k0005 11
EXIT_SCOPE 11
REFERENCE sym_k0001 9
REFERENCE sym_k0000 9
ENTER_SCOPE 23 9
DECLARE sym_k0003 4 23
REFERENCE sym_k0014 23
DECLARE sym_k0000 1 23
REFERENCE sym_k0006 23
REFERENCE sym_k0000 23
DECLARE sym_k0009 10 23
REFERENCE sym_k0000 23
REFERENCE sym_k0009 23
DECLARE sym_k0094 5 23
ENTER_SCOPE 24 23
DECLARE sym_k0000 1 24
DECLARE sym_k0231 7 24
REFERENCE sym_k0000 24
REFERENCE sym_k0000 24
DECLARE sym_k0036 7 24
REFERENCE sym_k0000 24
REFERENCE sym_k0020 24
REFERENCE sym_k0000 24
REFERENCE sym_k0023 24
REFERENCE sym_k0125 24
REFERENCE sym_k0000 24
EXIT_SCOPE 24
REFERENCE sym_k0002 23
REFERENCE sym_k0000 23
DECLARE sym_k0018 4 23
ENTER_SCOPE 25 23
DECLARE sym_k0005 6 25
REFERENCE sym_k0016 25
ENTER_SCOPE 26 25
DECLARE sym_k0073 14 26
DECLARE sym_k0000 1 26
DECLARE sym_k0001 2 26
REFERENCE sym_k0000 26
REFERENCE sym_k0000 26
REFERENCE sym_k0007 26
DECLARE sym_k0104 15 26
DECLARE sym_k0003 4 26
REFERENCE sym_k0000 26
REFERENCE sym_k0001 26
DECLARE sym_k0088 14 26
DECLARE sym_k0008 9 26
REFERENCE sym_k0088 26
REFERENCE sym_k0000 26
REFERENCE sym_k0014 26
EXIT_SCOPE 26
ENTER_SCOPE 27 25
DECLARE sym_k0010 11 27
REFERENCE sym_k0010 27
REFERENCE missing_1003 27
REFERENCE sym_k0000 27
REFERENCE sym_k0000 27
DECLARE sym_k0000 1 27
REFERENCE sym_k0000 27
REFERENCE sym_k0005 27
REFERENCE sym_k0000 27
REFERENCE sym_k0002 27
DECLARE sym_k0214 5 27
DECLARE sym_k0008 9 27
REFERENCE sym_k0000 27
REFERENCE sym_k0010 27
REFERENCE sym_k0004 27
REFERENCE sym_k0011 27
REFERENCE sym_k0007 27
DECLARE sym_k0012 13 27
REFERENCE sym_k0000 27
DECLARE sym_k0184 5 27
REFERENCE sym_k0032 27
DECLARE sym_k0004 5 27
REFERENCE sym_k0000 27
REFERENCE sym_k0000 27
REFERENCE missing_8954 27
DECLARE sym_k0146 12 27
REFERENCE sym_k0000 27
DECLARE sym_k0045 1 27
DECLARE sym_k0003 4 27
REFERENCE sym_k0003 27
REFERENCE sym_k0000 27
REFERENCE sym_k0009 27
EXIT_SCOPE 27
ENTER_SCOPE 28 25
DECLARE sym_k0000 1 28
DECLARE sym_k0035 6 28
DECLARE sym_k0032 3 28
DECLARE sym_k0002 3 28
REFERENCE sym_k0049 28
EXIT_SCOPE 28
DECLARE sym_k0000 1 25
REFERENCE sym_k0000 25
REFERENCE sym_k0000 25
DECLARE sym_k0001 2 25
DECLARE sym_k0028 14 25
REFERENCE sym_k0000 25
ENTER_SCOPE 29 25
REFERENCE sym_k0002 29
DECLARE sym_k0003 4 29
DECLARE sym_k0001 2 29
DECLARE sym_k0078 4 29
EXIT_SCOPE 29
REFERENCE sym_k0000 25
ENTER_SCOPE 30 25
REFERENCE sym_k0005 30
DECLARE sym_k0000 1 30
REFERENCE sym_k0002 30
DECLARE sym_k0011 12 30
REFERENCE sym_k0000 30
DECLARE sym_k0009 10 30
REFERENCE sym_k0011 30
REFERENCE sym_k0000 30
DECLARE sym_k0007 8 30
REFERENCE sym_k0014 30
REFERENCE sym_k0000 30
REFERENCE sym_k0024 30
REFERENCE sym_k0030 30
REFERENCE sym_k0000 30
DECLARE sym_k0022 8 30
DECLARE sym_k0001 2 30
ENTER_SCOPE 31 30
DECLARE sym_k0000 1 31
REFERENCE sym_k0000 31
REFERENCE sym_k0000 31
DECLARE sym_k0029 15 31
REFERENCE sym_k0037 31
REFERENCE sym_k0015 31
ENTER_SCOPE 32 31
REFERENCE sym_k0004 32
DECLARE sym_k0000 1 32
DECLARE sym_k0155 6 32
REFERENCE sym_k0044 32
REFERENCE missing_9439 32
REFERENCE sym_k0003 32
DECLARE sym_k0144 10 32
REFERENCE sym_k0037 32
DECLARE sym_k0003 4 32
REFERENCE sym_k0000 32
DECLARE sym_k0129 10 32
REFERENCE sym_k0003 32
REFERENCE sym_k0144 32
DECLARE sym_k0001 2 32
REFERENCE sym_k0000 32
REFERENCE sym_k0001 32
DECLARE sym_k0004 5 32
EXIT_SCOPE 32
REFERENCE sym_k0000 31
REFERENCE sym_k0003 31
DECLARE sym_k0002 3 31
REFERENCE sym_k0001 31
REFERENCE sym_k0048 31
DECLARE sym_k0066 7 31
REFERENCE sym_k0000 31
REFERENCE sym_k0000 31
REFERENCE sym_k0002 31
REFERENCE sym_k0001 31
REFERENCE sym_k0002 31
DECLARE sym_k0181 2 31
DECLARE sym_k0004 5 31
REFERENCE sym_k0006 31
DECLARE sym_k0140 6 31
REFERENCE sym_k0004 31
DECLARE sym_k0003 4 31
REFERENCE sym_k0000 31
REFERENCE sym_k0013 31
REFERENCE sym_k0002 31
REFERENCE sym_k0000 31
REFERENCE sym_k0008 31
DECLARE sym_k0031 2 31
REFERENCE sym_k0000 31
REFERENCE sym_k0003 31
REFERENCE missing_7116 31
REFERENCE sym_k0004 31
REFERENCE missing_8315 31
REFERENCE sym_k0000 31
DECLARE sym_k0050 6 31
REFERENCE sym_k0000 31
REFERENCE sym_k0023 31
REFERENCE sym_k0007 31
REFERENCE sym_k0000 31
DECLARE sym_k0001 2 31
REFERENCE sym_k0001 31
DECLARE sym_k0039 10 31
REFERENCE sym_k0001 31
DECLARE sym_k0048 4 31
REFERENCE sym_k0000 31
REFERENCE sym_k0004 31
DECLARE sym_k0037 8 31
REFERENCE sym_k0000 31
REFERENCE sym_k0037 31
REFERENCE sym_k0001 31
REFERENCE sym_k0000 31
EXIT_SCOPE 31
ENTER_SCOPE 33 30
DECLARE sym_k0051 7 33
REFERENCE sym_k0000 33
EXIT_SCOPE 33
REFERENCE missing_8042 30
REFERENCE sym_k0016 30
DECLARE sym_k0020 6 30
REFERENCE sym_k0004 30
ENTER_SCOPE 34 30
DECLARE sym_k0000 1 34
DECLARE sym_k0034 5 34
DECLARE sym_k0127 8 34
REFERENCE sym_k0000 34
REFERENCE sym_k0004 34
REFERENCE sym_k0022 34
DECLARE sym_k0005 6 34
DECLARE sym_k0108 4 34
DECLARE sym_k0004 5 34
REFERENCE sym_k0004 34
REFERENCE sym_k0000 34
DECLARE sym_k0042 13 34
REFERENCE sym_k0000 34
REFERENCE missing_6566 34
DECLARE sym_k0040 11 34
ENTER_SCOPE 35 34
DECLARE sym_k0000 1 35
DECLARE sym_k0010 11 35
REFERENCE sym_k0001 35
EXIT_SCOPE 35
DECLARE sym_k0002 3 34
REFERENCE missing_5570 34
DECLARE sym_k0018 4 34
DECLARE sym_k0120 1 34
DECLARE sym_k0209 15 34
REFERENCE sym_k0040 34
REFERENCE sym_k0002 34
DECLARE sym_k0050 6 34
DECLARE sym_k0003 4 34
REFERENCE sym_k0000 34
REFERENCE sym_k0000 34
REFERENCE sym_k0000 34
REFERENCE sym_k0019 34
REFERENCE sym_k0041 34
REFERENCE sym_k0001 34
REFERENCE sym_k0002 34
REFERENCE sym_k0007 34
REFERENCE sym_k0002 34
REFERENCE sym_k0000 34
DECLARE sym_k0011 12 34
DECLARE sym_k0061 2 34
DECLARE sym_k0012 13 34
REFERENCE sym_k0000 34
DECLARE sym_k0010 11 34
EXIT_SCOPE 34
DECLARE sym_k0201 7 30
REFERENCE sym_k0001 30
REFERENCE sym_k0000 30
REFERENCE sym_k0000 30
DECLARE sym_k0142 8 30
REFERENCE sym_k0003 30
EXIT_SCOPE 30
REFERENCE sym_k0003 25
REFERENCE sym_k0000 25
DECLARE sym_k0011 12 25
DECLARE sym_k0024 10 25
REFERENCE sym_k0001 25
DECLARE sym_k0021 7 25
REFERENCE sym_k0000 25
DECLARE sym_k0014 15 25
REFERENCE missing_1851 25
DECLARE sym_k0052 8 25
DECLARE sym_k0009 10 25
ENTER_SCOPE 36 25
ENTER_SCOPE 37 36
DECLARE sym_k0000 1 37
DECLARE sym_k0069 10 37
REFERENCE sym_k0000 37
REFERENCE sym_k0015 37
REFERENCE sym_k0013 37
DECLARE sym_k0193 14 37
DECLARE sym_k0001 2 37
DECLARE sym_k0007 8 37
REFERENCE sym_k0000 37
ENTER_SCOPE 38 37
EXIT_SCOPE 38
REFERENCE sym_k0001 37
REFERENCE sym_k0001 37
ENTER_SCOPE 39 37
DECLARE sym_k0035 6 39
REFERENCE sym_k0000 39
DECLARE sym_k0150 1 39
REFERENCE sym_k0002 39
DECLARE sym_k0002 3 39
DECLARE sym_k0005 6 39
REFERENCE sym_k0000 39
REFERENCE sym_k0002 39
DECLARE sym_k0233 9 39
EXIT_SCOPE 39
REFERENCE sym_k0035 37
REFERENCE sym_k0016 37
REFERENCE sym_k0002 37
REFERENCE sym_k0017 37
REFERENCE sym_k0006 37
REFERENCE sym_k0002 37
REFERENCE sym_k0000 37
DECLARE sym_k0004 5 37
REFERENCE sym_k0000 37
REFERENCE sym_k0005 37
DECLARE sym_k0019 5 37
DECLARE sym_k0049 5 37
REFERENCE sym_k0001 37
DECLARE sym_k0003 4 37
REFERENCE sym_k0001 37
DECLARE sym_k0027 13 37
REFERENCE sym_k0000 37
DECLARE sym_k0002 3 37
REFERENCE sym_k0000 37
DECLARE sym_k0054 10 37
DECLARE sym_k0204 10 37
REFERENCE sym_k0019 37
REFERENCE sym_k0000 37
REFERENCE sym_k0001 37
REFERENCE sym_k0000 37
DECLARE sym_k0022 8 37
REFERENCE sym_k0010 37
REFERENCE sym_k0000 37
REFERENCE sym_k0000 37
REFERENCE sym_k0004 37
DECLARE sym_k0008 9 37
DECLARE sym_k0047 3 37
REFERENCE missing_8642 37
REFERENCE sym_k0001 37
REFERENCE sym_k0000 37
REFERENCE sym_k0001 37
DECLARE sym_k0005 6 37
REFERENCE sym_k0000 37
REFERENCE missing_2143 37
DECLARE sym_k0149 15 37
REFERENCE sym_k0003 37
DECLARE sym_k0191 12 37
DECLARE sym_k0041 12 37
REFERENCE sym_k0002 37
REFERENCE sym_k0001 37
DECLARE sym_k0035 6 37
DECLARE sym_k0006 7 37
REFERENCE sym_k0029 37
DECLARE sym_k0060 1 37
REFERENCE sym_k0000 37
REFERENCE sym_k0007 37
REFERENCE sym_k0000 37
DECLARE sym_k0017 3 37
EXIT_SCOPE 37
DECLARE sym_k0004 5 36
REFERENCE sym_k0004 36
DECLARE sym_k0000 1 36
REFERENCE sym_k0000 36
DECLARE sym_k0008 9 36
DECLARE sym_k0002 3 36
REFERENCE sym_k0000 36
REFERENCE missing_3234 36
DECLARE sym_k0044 15 36
REFERENCE sym_k0002 36
DECLARE sym_k0047 3 36
REFERENCE sym_k0000 36
EXIT_SCOPE 36
DECLARE sym_k0004 5 25
REFERENCE missing_1217 25
REFERENCE sym_k0000 25
DECLARE sym_k0019 5 25
DECLARE sym_k0002 3 25
REFERENCE sym_k0000 25
EXIT_SCOPE 25
REFERENCE sym_k0000 23
DECLARE sym_k0015 1 23
REFERENCE missing_7920 23
REFERENCE sym_k0002 23
REFERENCE missing_8819 23
REFERENCE sym_k0015 23
DECLARE sym_k0101 12 23
REFERENCE sym_k0000 23
REFERENCE sym_k0008 23
ENTER_SCOPE 40 23
DECLARE sym_k0001 2 40
REFERENCE sym_k0000 40
DECLARE sym_k0081 7 40
DECLARE sym_k0290 6 40
DECLARE sym_k0018 4 40
DECLARE sym_k0000 1 40
DECLARE sym_k0077 3 40
REFERENCE sym_k0012 40
ENTER_SCOPE 41 40
DECLARE sym_k0005 6 41
DECLARE sym_k0002 3 41
DECLARE sym_k0000 1 41
REFERENCE missing_1228 41
REFERENCE sym_k0001 41
REFERENCE missing_3119 41
REFERENCE sym_k0080 41
DECLARE sym_k0020 6 41
ENTER_SCOPE 42 41
DECLARE sym_k0002 3 42
REFERENCE sym_k0002 42
REFERENCE sym_k0001 42
DECLARE sym_k0000 1 42
REFERENCE sym_k0011 42
DECLARE sym_k0102 13 42
REFERENCE sym_k0000 42
DECLARE sym_k0072 13 42
REFERENCE sym_k0000 42
REFERENCE sym_k0020 42
DECLARE sym_k0037 8 42
DECLARE sym_k0041 12 42
DECLARE sym_k0020 6 42
REFERENCE sym_k0077 42
REFERENCE sym_k0000 42
DECLARE sym_k0048 4 42
REFERENCE sym_k0003 42
DECLARE sym_k0005 6 42
REFERENCE sym_k0000 42
REFERENCE sym_k0000 42
REFERENCE sym_k0000 42
DECLARE sym_k0001 2 42
REFERENCE sym_k0000 42
REFERENCE sym_k0001 42
REFERENCE sym_k0001 42
REFERENCE sym_k0000 42
REFERENCE sym_k0000 42
EXIT_SCOPE 42
REFERENCE sym_k0045 41
REFERENCE sym_k0000 41
REFERENCE sym_k0000 41
DECLARE sym_k0109 5 41
DECLARE sym_k0028 14 41
REFERENCE sym_k0000 41
REFERENCE sym_k0002 41
REFERENCE sym_k0028 41
DECLARE sym_k0001 2 41
DECLARE sym_k0021 7 41
DECLARE sym_k0018 4 41
REFERENCE sym_k0000 41
REFERENCE sym_k0001 41
REFERENCE sym_k0001 41
ENTER_SCOPE 43 41
DECLARE sym_k0195 1 43
DECLARE sym_k0012 13 43
REFERENCE sym_k0002 43
DECLARE sym_k0078 4 43
DECLARE sym_k0006 7 43
DECLARE sym_k0251 12 43
DECLARE sym_k0003 4 43
DECLARE sym_k0000 1 43
REFERENCE sym_k0000 43
DECLARE sym_k0036 7 43
REFERENCE sym_k0003 43
REFERENCE missing_5664 43
DECLARE sym_k0015 1 43
REFERENCE sym_k0000 43
REFERENCE sym_k0012 43
REFERENCE sym_k0006 43
DECLARE sym_k0021 7 43
DECLARE sym_k0001 2 43
DECLARE sym_k0008 9 43
REFERENCE sym_k0001 43
REFERENCE missing_1480 43
REFERENCE sym_k0003 43
REFERENCE sym_k0001 43
DECLARE sym_k0263 9 43
REFERENCE sym_k0001 43
REFERENCE sym_k0000 43
REFERENCE sym_k0000 43
DECLARE sym_k0067 8 43
REFERENCE sym_k0003 43
REFERENCE sym_k0000 43
REFERENCE sym_k0000 43
DECLARE sym_k0002 3 43
REFERENCE sym_k0000 43
DECLARE sym_k0011 12 43
REFERENCE sym_k0040 43
REFERENCE sym_k0002 43
REFERENCE sym_k0000 43
REFERENCE sym_k0015 43
ENTER_SCOPE 44 43
DECLARE sym_k0000 1 44
REFERENCE sym_k0000 44
DECLARE sym_k0002 3 44
DECLARE sym_k0001 2 44
REFERENCE sym_k0002 44
DECLARE sym_k0014 15 44
REFERENCE sym_k0000 44
REFERENCE sym_k0000 44
REFERENCE sym_k0000 44
REFERENCE sym_k0000 44
REFERENCE sym_k0000 44
DECLARE sym_k0236 12 44
DECLARE sym_k0157 8 44
REFERENCE sym_k0000 44
REFERENCE sym_k0000 44
DECLARE sym_k0003 4 44
REFERENCE sym_k0004 44
EXIT_SCOPE 44
REFERENCE sym_k0001 43
REFERENCE sym_k0003 43
REFERENCE sym_k0006 43
DECLARE sym_k0013 14 43
ENTER_SCOPE 45 43
DECLARE sym_k0001 2 45
REFERENCE sym_k0001 45
REFERENCE sym_k0001 45
DECLARE sym_k0000 1 45
REFERENCE sym_k0010 45
REFERENCE sym_k0007 45
REFERENCE sym_k0000 45
DECLARE sym_k0028 14 45
DECLARE sym_k0005 6 45
REFERENCE sym_k0000 45
DECLARE sym_k0030 1 45
REFERENCE sym_k0000 45
REFERENCE sym_k0077 45
EXIT_SCOPE 45
REFERENCE sym_k0006 43
REFERENCE sym_k0067 43
REFERENCE sym_k0000 43
DECLARE sym_k0057 13 43
REFERENCE sym_k0000 43
REFERENCE sym_k0015 43
REFERENCE sym_k0001 43
REFERENCE sym_k0000 43
DECLARE sym_k0010 11 43
REFERENCE sym_k0000 43
ENTER_SCOPE 46 43
DECLARE sym_k0002 3 46
EXIT_SCOPE 46
EXIT_SCOPE 43
EXIT_SCOPE 41
EXIT_SCOPE 40
EXIT_SCOPE 23
EXIT_SCOPE 9
EXIT_SCOPE 8
EXIT_SCOPE 0
