# ColliScope Generated Random Trace
# Parameters: seed=53, scope=nested, type=declaration-heavy, load_factor=0.9
ENTER_SCOPE 0
DECLARE qxl_00000 16 0
DECLARE ynt_00001 1 0
DECLARE wae_00002 12 0
DECLARE tgt_00003 6 0
DECLARE bff_00004 5 0
DECLARE dnq_00005 11 0
DECLARE nky_00006 11 0
DECLARE hcr_00007 14 0
DECLARE kzr_00008 5 0
DECLARE tlv_00009 8 0
DECLARE xpv_00010 5 0
DECLARE ctc_00011 2 0
DECLARE uxo_00012 9 0
DECLARE gjd_00013 6 0
DECLARE fnq_00014 7 0
DECLARE mny_00015 6 0
DECLARE mpc_00016 14 0
DECLARE bjh_00017 13 0
DECLARE flg_00018 10 0
DECLARE gtw_00019 16 0
DECLARE mfv_00020 18 0
DECLARE ith_00021 15 0
DECLARE ikc_00022 1 0
DECLARE gos_00023 18 0
DECLARE uje_00024 9 0
DECLARE omv_00025 11 0
DECLARE pev_00026 12 0
DECLARE cqj_00027 1 0
DECLARE tln_00028 16 0
DECLARE drk_00029 7 0
DECLARE pjg_00030 14 0
DECLARE oap_00031 11 0
DECLARE agw_00032 19 0
DECLARE pqa_00033 2 0
DECLARE nov_00034 2 0
DECLARE rmn_00035 12 0
DECLARE nkk_00036 1 0
DECLARE xpb_00037 18 0
DECLARE xfq_00038 2 0
DECLARE khd_00039 18 0
DECLARE jfd_00040 16 0
DECLARE gkb_00041 13 0
DECLARE hfq_00042 15 0
DECLARE jrg_00043 14 0
DECLARE dgq_00044 6 0
DECLARE ojr_00045 16 0
DECLARE feh_00046 3 0
DECLARE ipw_00047 13 0
DECLARE ybc_00048 2 0
DECLARE cwa_00049 14 0
DECLARE ptr_00050 3 0
DECLARE wtq_00051 6 0
DECLARE phe_00052 1 0
REFERENCE phe_00052 0
ENTER_SCOPE 1 0
DECLARE vvb_00053 5 1
DECLARE kly_00054 20 1
DECLARE xkr_00055 4 1
REFERENCE feh_00046 1
DECLARE fmr_00056 11 1
REFERENCE mny_00015 1
DECLARE zme_00057 11 1
REFERENCE missing_8967 1
DECLARE xbw_00058 13 1
DECLARE efo_00059 5 1
REFERENCE missing_6448 1
EXIT_SCOPE 1
DECLARE fxv_00060 20 0
ENTER_SCOPE 2 0
REFERENCE missing_7101 2
DECLARE qge_00061 12 2
REFERENCE bjh_00017 2
DECLARE glu_00062 18 2
DECLARE dcr_00063 19 2
DECLARE rwo_00064 2 2
DECLARE kvb_00065 16 2
REFERENCE feh_00046 2
DECLARE klo_00066 20 2
REFERENCE oap_00031 2
DECLARE gjd_00013 5 2
DECLARE vpe_00067 12 2
REFERENCE xfq_00038 2
DECLARE lkc_00068 11 2
DECLARE ixp_00069 14 2
REFERENCE wae_00002 2
REFERENCE fnq_00014 2
DECLARE jrg_00043 11 2
REFERENCE ybc_00048 2
DECLARE lxn_00070 8 2
REFERENCE ynt_00001 2
DECLARE vwz_00071 4 2
REFERENCE ixp_00069 2
DECLARE qqd_00072 5 2
ENTER_SCOPE 3 2
REFERENCE gos_00023 3
DECLARE gug_00073 7 3
REFERENCE tlv_00009 3
EXIT_SCOPE 3
EXIT_SCOPE 2
DECLARE gdf_00074 11 0
DECLARE qjj_00075 3 0
DECLARE aby_00076 2 0
DECLARE bgs_00077 2 0
DECLARE ivj_00078 1 0
DECLARE zoh_00079 4 0
DECLARE kqm_00080 13 0
DECLARE pyi_00081 1 0
DECLARE pzc_00082 20 0
DECLARE spc_00083 12 0
DECLARE azt_00084 11 0
DECLARE fcv_00085 13 0
DECLARE acb_00086 11 0
ENTER_SCOPE 4 0
DECLARE fwf_00087 16 4
DECLARE nov_00034 4 4
DECLARE boa_00088 3 4
DECLARE cqj_00027 12 4
DECLARE ota_00089 18 4
REFERENCE kqm_00080 4
DECLARE kzr_00008 3 4
REFERENCE kzr_00008 4
REFERENCE uxo_00012 4
DECLARE hby_00090 6 4
ENTER_SCOPE 5 4
ENTER_SCOPE 6 5
DECLARE bvp_00091 6 6
ENTER_SCOPE 7 6
DECLARE yvh_00092 2 7
REFERENCE missing_9820 7
REFERENCE nov_00034 7
DECLARE bvp_00091 3 7
REFERENCE dnq_00005 7
DECLARE esa_00093 18 7
DECLARE jnm_00094 10 7
DECLARE fwf_00087 4 7
DECLARE nqc_00095 17 7
REFERENCE kzr_00008 7
REFERENCE wtq_00051 7
ENTER_SCOPE 8 7
DECLARE uhm_00096 9 8
REFERENCE fwf_00087 8
DECLARE tim_00097 16 8
DECLARE xju_00098 11 8
DECLARE tce_00099 1 8
DECLARE cuk_00100 5 8
DECLARE rvb_00101 5 8
REFERENCE ipw_00047 8
DECLARE uvu_00102 17 8
EXIT_SCOPE 8
DECLARE bpz_00103 15 7
ENTER_SCOPE 9 7
REFERENCE pqa_00033 9
DECLARE nwr_00104 3 9
DECLARE kqf_00105 9 9
REFERENCE phe_00052 9
DECLARE kdz_00106 9 9
DECLARE yvh_00092 14 9
DECLARE jnm_00094 2 9
EXIT_SCOPE 9
DECLARE pyp_00107 17 7
DECLARE gxl_00108 1 7
ENTER_SCOPE 10 7
EXIT_SCOPE 10
DECLARE ucr_00109 12 7
REFERENCE gtw_00019 7
DECLARE pqk_00110 20 7
REFERENCE esa_00093 7
DECLARE ota_00089 14 7
DECLARE uiw_00111 3 7
DECLARE ymz_00112 5 7
DECLARE jpy_00113 13 7
DECLARE gdc_00114 13 7
EXIT_SCOPE 7
ENTER_SCOPE 11 6
DECLARE qmc_00115 1 11
DECLARE nbx_00116 16 11
REFERENCE tln_00028 11
REFERENCE gjd_00013 11
DECLARE ski_00117 6 11
ENTER_SCOPE 12 11
REFERENCE jfd_00040 12
DECLARE ski_00117 20 12
DECLARE hwp_00118 19 12
REFERENCE gos_00023 12
REFERENCE omv_00025 12
DECLARE nbx_00116 18 12
DECLARE qbq_00119 5 12
REFERENCE ynt_00001 12
REFERENCE tlv_00009 12
DECLARE xxq_00120 4 12
REFERENCE kzr_00008 12
EXIT_SCOPE 12
EXIT_SCOPE 11
ENTER_SCOPE 13 6
REFERENCE jrg_00043 13
REFERENCE fxv_00060 13
DECLARE hgc_00121 14 13
DECLARE wtx_00122 3 13
DECLARE bvp_00091 1 13
REFERENCE ctc_00011 13
DECLARE boa_00088 3 13
DECLARE kzr_00008 16 13
EXIT_SCOPE 13
DECLARE fwf_00087 16 6
DECLARE rls_00123 17 6
DECLARE tou_00124 17 6
REFERENCE kzr_00008 6
DECLARE kzr_00008 8 6
DECLARE fqc_00125 4 6
DECLARE hby_00090 14 6
ENTER_SCOPE 14 6
REFERENCE missing_1095 14
DECLARE nrr_00126 6 14
DECLARE hby_00090 12 14
DECLARE gyl_00127 13 14
DECLARE gxp_00128 18 14
DECLARE rls_00123 11 14
DECLARE ecg_00129 8 14
DECLARE pnx_00130 2 14
ENTER_SCOPE 15 14
DECLARE fyj_00131 19 15
DECLARE ita_00132 2 15
DECLARE bps_00133 19 15
DECLARE tqq_00134 1 15
REFERENCE missing_7855 15
REFERENCE fnq_00014 15
DECLARE aru_00135 18 15
DECLARE rls_00123 4 15
ENTER_SCOPE 16 15
REFERENCE nov_00034 16
REFERENCE flg_00018 16
DECLARE bps_00133 16 16
REFERENCE missing_5389 16
DECLARE kxp_00136 18 16
REFERENCE hby_00090 16
DECLARE gku_00137 5 16
DECLARE ump_00138 19 16
REFERENCE missing_6084 16
DECLARE aru_00135 12 16
DECLARE rtq_00139 4 16
EXIT_SCOPE 16
ENTER_SCOPE 17 15
DECLARE iiw_00140 3 17
DECLARE auh_00141 5 17
DECLARE esi_00142 14 17
DECLARE bxk_00143 16 17
DECLARE coi_00144 14 17
REFERENCE bps_00133 17
EXIT_SCOPE 17
REFERENCE bgs_00077 15
DECLARE yvv_00145 18 15
DECLARE nrr_00126 20 15
REFERENCE bgs_00077 15
REFERENCE bff_00004 15
DECLARE gxp_00128 8 15
REFERENCE xpv_00010 15
DECLARE ecg_00129 2 15
DECLARE rpx_00146 11 15
REFERENCE kqm_00080 15
DECLARE gyl_00127 20 15
REFERENCE cqj_00027 15
DECLARE try_00147 15 15
REFERENCE missing_3851 15
REFERENCE rpx_00146 15
REFERENCE nrr_00126 15
DECLARE eht_00148 20 15
DECLARE bfw_00149 12 15
REFERENCE pnx_00130 15
ENTER_SCOPE 18 15
DECLARE jtj_00150 4 18
DECLARE rrk_00151 3 18
REFERENCE gos_00023 18
DECLARE esr_00152 14 18
REFERENCE bgs_00077 18
REFERENCE fcv_00085 18
EXIT_SCOPE 18
REFERENCE jfd_00040 15
DECLARE hby_00090 15 15
DECLARE pnx_00130 9 15
DECLARE kzr_00008 13 15
DECLARE hio_00153 2 15
EXIT_SCOPE 15
DECLARE kzr_00008 11 14
REFERENCE omv_00025 14
REFERENCE bff_00004 14
DECLARE qur_00154 4 14
DECLARE tsh_00155 16 14
REFERENCE fnq_00014 14
DECLARE mee_00156 15 14
DECLARE fqc_00125 20 14
DECLARE tou_00124 14 14
REFERENCE jrg_00043 14
REFERENCE feh_00046 14
DECLARE bvp_00091 5 14
DECLARE wsy_00157 4 14
REFERENCE nrr_00126 14
DECLARE asa_00158 16 14
DECLARE lva_00159 12 14
EXIT_SCOPE 14
REFERENCE fqc_00125 6
REFERENCE rmn_00035 6
REFERENCE ptr_00050 6
DECLARE fpl_00160 15 6
DECLARE boa_00088 16 6
DECLARE ota_00089 16 6
DECLARE cpu_00161 13 6
DECLARE wkt_00162 12 6
REFERENCE gjd_00013 6
REFERENCE zoh_00079 6
DECLARE sld_00163 7 6
DECLARE mgr_00164 4 6
DECLARE vbm_00165 11 6
DECLARE cqj_00027 5 6
DECLARE nov_00034 7 6
DECLARE mny_00015 13 6
DECLARE bpz_00166 19 6
DECLARE jtg_00167 11 6
REFERENCE kzr_00008 6
DECLARE uqa_00168 12 6
DECLARE lkl_00169 12 6
REFERENCE wtq_00051 6
DECLARE las_00170 6 6
REFERENCE pyi_00081 6
ENTER_SCOPE 19 6
DECLARE fyx_00171 10 19
DECLARE myr_00172 12 19
DECLARE njn_00173 16 19
REFERENCE gtw_00019 19
REFERENCE qjj_00075 19
DECLARE swd_00174 16 19
REFERENCE spc_00083 19
REFERENCE cqj_00027 19
REFERENCE fpl_00160 19
REFERENCE gjd_00013 19
DECLARE gpd_00175 11 19
DECLARE ind_00176 17 19
REFERENCE las_00170 19
DECLARE lnp_00177 7 19
REFERENCE pev_00026 19
DECLARE zzg_00178 16 19
DECLARE rmt_00179 9 19
REFERENCE kqm_00080 19
DECLARE ota_00089 1 19
REFERENCE pyi_00081 19
DECLARE xlr_00180 10 19
DECLARE oks_00181 16 19
EXIT_SCOPE 19
EXIT_SCOPE 6
DECLARE fwt_00182 12 5
REFERENCE agw_00032 5
REFERENCE missing_4995 5
DECLARE ipw_00183 1 5
DECLARE toc_00184 16 5
ENTER_SCOPE 20 5
DECLARE qvm_00185 1 20
REFERENCE gtw_00019 20
ENTER_SCOPE 21 20
EXIT_SCOPE 21
DECLARE rgp_00186 11 20
DECLARE okb_00187 18 20
DECLARE dxu_00188 15 20
DECLARE kwh_00189 15 20
DECLARE pjn_00190 17 20
REFERENCE kwh_00189 20
REFERENCE toc_00184 20
DECLARE wye_00191 8 20
REFERENCE qjj_00075 20
REFERENCE bjh_00017 20
DECLARE wsx_00192 4 20
DECLARE hah_00193 7 20
ENTER_SCOPE 22 20
DECLARE ask_00194 13 22
REFERENCE gtw_00019 22
DECLARE byq_00195 15 22
ENTER_SCOPE 23 22
DECLARE fpf_00196 19 23
DECLARE rjc_00197 10 23
EXIT_SCOPE 23
DECLARE hah_00193 16 22
REFERENCE wtq_00051 22
DECLARE hje_00198 10 22
EXIT_SCOPE 22
REFERENCE gkb_00041 20
DECLARE spa_00199 19 20
DECLARE xzx_00200 11 20
DECLARE toc_00184 4 20
DECLARE xun_00201 15 20
DECLARE pfj_00202 7 20
DECLARE kyi_00203 12 20
DECLARE hxr_00204 19 20
DECLARE vad_00205 10 20
DECLARE nup_00206 2 20
DECLARE qbt_00207 11 20
DECLARE wyy_00208 6 20
DECLARE ipw_00183 12 20
DECLARE ytr_00209 20 20
DECLARE ymr_00210 18 20
DECLARE pjv_00211 16 20
REFERENCE pfj_00202 20
DECLARE fwt_00182 18 20
REFERENCE feh_00046 20
ENTER_SCOPE 24 20
EXIT_SCOPE 24
REFERENCE gdf_00074 20
ENTER_SCOPE 25 20
REFERENCE missing_4406 25
DECLARE zrq_00212 14 25
DECLARE jgk_00213 1 25
REFERENCE missing_7606 25
DECLARE xye_00214 8 25
DECLARE nhr_00215 6 25
DECLARE gga_00216 1 25
DECLARE pkt_00217 18 25
DECLARE owf_00218 9 25
DECLARE nct_00219 16 25
DECLARE dyp_00220 2 25
DECLARE hah_00193 20 25
ENTER_SCOPE 26 25
REFERENCE nov_00034 26
DECLARE pkt_00217 8 26
REFERENCE qjj_00075 26
REFERENCE kqm_00080 26
DECLARE owf_00218 1 26
DECLARE nhr_00215 12 26
DECLARE gfk_00221 1 26
REFERENCE nhr_00215 26
REFERENCE pjn_00190 26
REFERENCE gdf_00074 26
DECLARE dsg_00222 2 26
DECLARE zrq_00212 7 26
REFERENCE dnq_00005 26
REFERENCE pjn_00190 26
DECLARE hvh_00223 20 26
REFERENCE owf_00218 26
DECLARE znv_00224 6 26
DECLARE dyp_00220 15 26
DECLARE olj_00225 11 26
REFERENCE ipw_00047 26
REFERENCE owf_00218 26
EXIT_SCOPE 26
DECLARE olf_00226 20 25
DECLARE wqp_00227 14 25
REFERENCE owf_00218 25
DECLARE sla_00228 14 25
DECLARE jnn_00229 5 25
DECLARE pge_00230 18 25
REFERENCE uje_00024 25
ENTER_SCOPE 27 25
DECLARE wqp_00227 10 27
REFERENCE hcr_00007 27
DECLARE zrq_00212 2 27
REFERENCE jgk_00213 27
REFERENCE bgs_00077 27
REFERENCE missing_6981 27
DECLARE yjk_00231 15 27
DECLARE jgk_00213 15 27
REFERENCE ybc_00048 27
REFERENCE sla_00228 27
DECLARE glo_00232 20 27
DECLARE wcg_00233 8 27
REFERENCE ptr_00050 27
DECLARE owf_00218 18 27
DECLARE qvb_00234 5 27
REFERENCE nhr_00215 27
DECLARE pjo_00235 13 27
REFERENCE okb_00187 27
REFERENCE fwt_00182 27
ENTER_SCOPE 28 27
REFERENCE nhr_00215 28
REFERENCE jrg_00043 28
DECLARE poo_00236 11 28
DECLARE wcg_00233 3 28
DECLARE qvb_00234 10 28
DECLARE ddj_00237 6 28
REFERENCE missing_4553 28
REFERENCE yjk_00231 28
REFERENCE ctc_00011 28
DECLARE cfl_00238 17 28
DECLARE ljd_00239 19 28
EXIT_SCOPE 28
REFERENCE okb_00187 27
REFERENCE zrq_00212 27
DECLARE mek_00240 14 27
DECLARE twv_00241 13 27
DECLARE xrc_00242 15 27
REFERENCE fwf_00087 27
DECLARE sla_00228 18 27
REFERENCE dxu_00188 27
DECLARE lep_00243 19 27
REFERENCE okb_00187 27
DECLARE gga_00216 11 27
DECLARE xye_00214 1 27
REFERENCE gga_00216 27
DECLARE qlh_00244 4 27
REFERENCE hcr_00007 27
REFERENCE nky_00006 27
DECLARE jxf_00245 16 27
DECLARE dyp_00220 1 27
DECLARE hqt_00246 6 27
DECLARE yfm_00247 6 27
DECLARE sgf_00248 17 27
DECLARE pge_00230 19 27
DECLARE wlk_00249 5 27
REFERENCE nky_00006 27
DECLARE aty_00250 18 27
REFERENCE missing_9069 27
REFERENCE xrc_00242 27
EXIT_SCOPE 27
DECLARE dpu_00251 18 25
EXIT_SCOPE 25
DECLARE irr_00252 10 20
DECLARE pib_00253 20 20
DECLARE cqj_00027 2 20
DECLARE gdc_00254 7 20
REFERENCE dxu_00188 20
REFERENCE cqj_00027 20
DECLARE qzh_00255 7 20
DECLARE nvh_00256 17 20
REFERENCE ivj_00078 20
DECLARE xtp_00257 5 20
DECLARE xoi_00258 15 20
DECLARE cks_00259 3 20
DECLARE nov_00034 19 20
DECLARE evi_00260 10 20
ENTER_SCOPE 29 20
DECLARE mke_00261 3 29
REFERENCE qbt_00207 29
REFERENCE uxo_00012 29
DECLARE spa_00199 1 29
DECLARE wtq_00262 4 29
DECLARE jri_00263 14 29
REFERENCE kqm_00080 29
REFERENCE ojr_00045 29
DECLARE ncd_00264 12 29
DECLARE heu_00265 3 29
DECLARE mxk_00266 12 29
DECLARE prc_00267 14 29
DECLARE fqb_00268 17 29
EXIT_SCOPE 29
DECLARE ksk_00269 19 20
DECLARE ota_00089 20 20
DECLARE ikp_00270 12 20
REFERENCE wae_00002 20
REFERENCE spc_00083 20
DECLARE rmy_00271 13 20
REFERENCE cks_00259 20
DECLARE kzr_00008 17 20
DECLARE gxt_00272 3 20
EXIT_SCOPE 20
DECLARE siu_00273 14 5
DECLARE fwf_00087 18 5
DECLARE jbx_00274 12 5
DECLARE zfz_00275 15 5
REFERENCE gdf_00074 5
DECLARE aoi_00276 18 5
REFERENCE fcv_00085 5
DECLARE trs_00277 5 5
DECLARE pnp_00278 20 5
ENTER_SCOPE 30 5
REFERENCE qjj_00075 30
REFERENCE ipw_00047 30
DECLARE ecq_00279 8 30
DECLARE vbf_00280 15 30
REFERENCE tlv_00009 30
REFERENCE dgq_00044 30
DECLARE htu_00281 6 30
DECLARE siu_00273 10 30
DECLARE fwt_00182 19 30
DECLARE prn_00282 8 30
REFERENCE gtw_00019 30
REFERENCE fwf_00087 30
REFERENCE azt_00084 30
REFERENCE prn_00282 30
DECLARE hch_00283 11 30
DECLARE goh_00284 2 30
REFERENCE ota_00089 30
DECLARE rzn_00285 9 30
DECLARE gok_00286 12 30
REFERENCE ota_00089 30
REFERENCE missing_1356 30
DECLARE ztt_00287 8 30
DECLARE zte_00288 18 30
DECLARE toc_00184 11 30
REFERENCE siu_00273 30
REFERENCE ikc_00022 30
DECLARE ael_00289 14 30
REFERENCE cqj_00027 30
REFERENCE toc_00184 30
ENTER_SCOPE 31 30
EXIT_SCOPE 31
DECLARE hab_00290 6 30
DECLARE wjs_00291 13 30
REFERENCE ivj_00078 30
ENTER_SCOPE 32 30
DECLARE vbf_00280 12 32
DECLARE xjj_00292 13 32
REFERENCE ynt_00001 32
DECLARE jlp_00293 6 32
DECLARE cgw_00294 1 32
REFERENCE missing_4104 32
DECLARE jma_00295 20 32
DECLARE nde_00296 12 32
DECLARE yfw_00297 6 32
REFERENCE mfv_00020 32
DECLARE asi_00298 12 32
REFERENCE missing_9634 32
REFERENCE gjd_00013 32
ENTER_SCOPE 33 32
DECLARE tlw_00299 17 33
DECLARE auh_00300 2 33
DECLARE yss_00301 10 33
DECLARE hfg_00302 4 33
DECLARE klb_00303 19 33
DECLARE khi_00304 3 33
DECLARE zsg_00305 7 33
DECLARE dym_00306 2 33
REFERENCE fcv_00085 33
DECLARE iep_00307 14 33
DECLARE xjj_00292 17 33
DECLARE fgy_00308 7 33
DECLARE wmv_00309 11 33
DECLARE kms_00310 7 33
DECLARE awi_00311 3 33
DECLARE wnj_00312 3 33
REFERENCE toc_00184 33
DECLARE ijr_00313 5 33
DECLARE awe_00314 13 33
DECLARE fql_00315 20 33
REFERENCE khd_00039 33
ENTER_SCOPE 34 33
REFERENCE fxv_00060 34
REFERENCE zoh_00079 34
DECLARE lxi_00316 13 34
ENTER_SCOPE 35 34
DECLARE ljp_00317 19 35
DECLARE qqp_00318 16 35
REFERENCE missing_5064 35
REFERENCE nde_00296 35
DECLARE sqq_00319 16 35
DECLARE ctu_00320 6 35
DECLARE kld_00321 17 35
REFERENCE cwa_00049 35
DECLARE yye_00322 14 35
DECLARE zov_00323 11 35
DECLARE lxi_00316 17 35
EXIT_SCOPE 35
DECLARE khi_00304 5 34
DECLARE ayj_00324 16 34
ENTER_SCOPE 36 34
EXIT_SCOPE 36
DECLARE wnx_00325 15 34
REFERENCE hfq_00042 34
EXIT_SCOPE 34
DECLARE mvd_00326 7 33
DECLARE oej_00327 20 33
DECLARE umz_00328 8 33
REFERENCE gos_00023 33
REFERENCE bgs_00077 33
DECLARE bhd_00329 7 33
DECLARE elp_00330 9 33
DECLARE nvc_00331 13 33
DECLARE jlf_00332 1 33
DECLARE euq_00333 5 33
REFERENCE missing_4692 33
DECLARE kzs_00334 17 33
REFERENCE rzn_00285 33
ENTER_SCOPE 37 33
DECLARE jzy_00335 18 37
REFERENCE euq_00333 37
DECLARE khi_00304 12 37
EXIT_SCOPE 37
DECLARE amm_00336 6 33
DECLARE bgz_00337 20 33
REFERENCE missing_8387 33
DECLARE kmz_00338 8 33
DECLARE vbf_00280 19 33
DECLARE nde_00296 10 33
REFERENCE rmn_00035 33
DECLARE qzi_00339 11 33
DECLARE wyt_00340 4 33
DECLARE tfb_00341 19 33
DECLARE bdr_00342 3 33
DECLARE hjb_00343 18 33
REFERENCE bdr_00342 33
DECLARE yzc_00344 15 33
DECLARE pkv_00345 14 33
DECLARE qrb_00346 7 33
ENTER_SCOPE 38 33
DECLARE qtg_00347 20 38
DECLARE xpb_00348 14 38
REFERENCE bff_00004 38
DECLARE gcq_00349 16 38
DECLARE kfl_00350 15 38
EXIT_SCOPE 38
REFERENCE missing_3481 33
DECLARE mad_00351 17 33
ENTER_SCOPE 39 33
DECLARE cpu_00352 3 39
DECLARE pkv_00345 17 39
REFERENCE uje_00024 39
DECLARE sij_00353 1 39
ENTER_SCOPE 40 39
DECLARE pkv_00345 20 40
DECLARE utz_00354 7 40
DECLARE amr_00355 1 40
DECLARE krf_00356 8 40
REFERENCE vbf_00280 40
DECLARE rlf_00357 11 40
DECLARE sij_00353 16 40
REFERENCE toc_00184 40
DECLARE cpu_00352 8 40
REFERENCE missing_7421 40
DECLARE jnb_00358 16 40
REFERENCE toc_00184 40
DECLARE yss_00301 9 40
DECLARE cuv_00359 18 40
REFERENCE bdr_00342 40
REFERENCE missing_3752 40
REFERENCE jlp_00293 40
DECLARE elp_00330 20 40
DECLARE svb_00360 11 40
REFERENCE zoh_00079 40
DECLARE qzi_00339 10 40
DECLARE yzc_00344 14 40
REFERENCE euq_00333 40
REFERENCE cgw_00294 40
REFERENCE hcr_00007 40
DECLARE xwk_00361 19 40
DECLARE wdh_00362 5 40
DECLARE vst_00363 6 40
REFERENCE missing_6448 40
EXIT_SCOPE 40
REFERENCE wyt_00340 39
DECLARE ita_00364 8 39
DECLARE orz_00365 9 39
DECLARE xjj_00292 13 39
DECLARE itz_00366 6 39
DECLARE msn_00367 1 39
DECLARE hon_00368 13 39
DECLARE rqc_00369 4 39
ENTER_SCOPE 41 39
DECLARE eke_00370 14 41
DECLARE pps_00371 8 41
DECLARE gvx_00372 18 41
DECLARE rcj_00373 11 41
DECLARE mas_00374 15 41
DECLARE itz_00366 5 41
EXIT_SCOPE 41
EXIT_SCOPE 39
DECLARE mvp_00375 19 33
DECLARE eky_00376 18 33
EXIT_SCOPE 33
REFERENCE missing_1525 32
EXIT_SCOPE 32
REFERENCE ojr_00045 30
REFERENCE hfq_00042 30
REFERENCE missing_3451 30
DECLARE vvg_00377 19 30
REFERENCE zfz_00275 30
REFERENCE aby_00076 30
DECLARE zpp_00378 8 30
DECLARE vxm_00379 5 30
DECLARE jdt_00380 13 30
DECLARE nwm_00381 12 30
REFERENCE wtq_00051 30
DECLARE szb_00382 9 30
REFERENCE missing_2635 30
REFERENCE vbf_00280 30
REFERENCE tlv_00009 30
DECLARE lfh_00383 5 30
DECLARE rlc_00384 6 30
DECLARE unl_00385 6 30
DECLARE zoz_00386 2 30
DECLARE hfg_00387 20 30
DECLARE jgv_00388 4 30
ENTER_SCOPE 42 30
DECLARE vuk_00389 1 42
DECLARE zps_00390 4 42
DECLARE thc_00391 19 42
DECLARE pdw_00392 3 42
DECLARE zte_00288 13 42
DECLARE dgm_00393 5 42
DECLARE cdz_00394 11 42
DECLARE jfu_00395 20 42
REFERENCE hfg_00387 42
DECLARE hab_00290 14 42
DECLARE wjs_00291 7 42
DECLARE syt_00396 11 42
REFERENCE fwt_00182 42
DECLARE exc_00397 15 42
ENTER_SCOPE 43 42
REFERENCE missing_8926 43
DECLARE cfe_00398 9 43
DECLARE zps_00390 13 43
DECLARE etd_00399 12 43
DECLARE ptf_00400 16 43
REFERENCE azt_00084 43
REFERENCE missing_9395 43
DECLARE lql_00401 20 43
REFERENCE dnq_00005 43
DECLARE wjs_00291 15 43
EXIT_SCOPE 43
REFERENCE nky_00006 42
DECLARE byu_00402 5 42
DECLARE vvg_00377 14 42
REFERENCE ynt_00001 42
DECLARE goh_00284 4 42
DECLARE ack_00403 16 42
REFERENCE mpc_00016 42
DECLARE qbl_00404 14 42
DECLARE faw_00405 10 42
REFERENCE omv_00025 42
DECLARE rlc_00384 16 42
EXIT_SCOPE 42
DECLARE fwf_00087 16 30
REFERENCE wae_00002 30
EXIT_SCOPE 30
DECLARE kem_00406 13 5
DECLARE yru_00407 20 5
DECLARE ota_00089 4 5
REFERENCE kqm_00080 5
REFERENCE nov_00034 5
REFERENCE pzc_00082 5
REFERENCE cqj_00027 5
REFERENCE missing_6004 5
ENTER_SCOPE 44 5
REFERENCE missing_1681 44
DECLARE zfz_00275 5 44
DECLARE ycq_00408 17 44
ENTER_SCOPE 45 44
REFERENCE ctc_00011 45
DECLARE gfn_00409 2 45
DECLARE mdp_00410 4 45
DECLARE owp_00411 10 45
DECLARE zfz_00275 9 45
REFERENCE missing_6527 45
REFERENCE aby_00076 45
REFERENCE omv_00025 45
REFERENCE hfq_00042 45
DECLARE ycq_00408 4 45
REFERENCE missing_7530 45
DECLARE vng_00412 6 45
REFERENCE agw_00032 45
DECLARE xyo_00413 2 45
EXIT_SCOPE 45
REFERENCE kqm_00080 44
DECLARE trs_00277 15 44
DECLARE auj_00414 1 44
DECLARE tck_00415 18 44
REFERENCE hby_00090 44
DECLARE jbx_00274 4 44
REFERENCE agw_00032 44
DECLARE fja_00416 8 44
REFERENCE mny_00015 44
DECLARE fwt_00182 2 44
ENTER_SCOPE 46 44
DECLARE ekc_00417 12 46
DECLARE fcw_00418 18 46
REFERENCE cqj_00027 46
DECLARE vga_00419 6 46
REFERENCE gjd_00013 46
REFERENCE gkb_00041 46
DECLARE fzh_00420 7 46
EXIT_SCOPE 46
DECLARE wgv_00421 13 44
REFERENCE kqm_00080 44
DECLARE coi_00422 13 44
ENTER_SCOPE 47 44
DECLARE eze_00423 3 47
DECLARE wer_00424 18 47
REFERENCE gjd_00013 47
DECLARE ycq_00408 11 47
DECLARE ssg_00425 17 47
DECLARE mue_00426 8 47
DECLARE fnh_00427 18 47
REFERENCE ycq_00408 47
DECLARE dfe_00428 3 47
ENTER_SCOPE 48 47
DECLARE zgh_00429 14 48
REFERENCE fxv_00060 48
DECLARE tdt_00430 20 48
DECLARE nat_00431 10 48
DECLARE oqf_00432 19 48
REFERENCE oqf_00432 48
EXIT_SCOPE 48
DECLARE wgv_00421 9 47
DECLARE kdt_00433 12 47
REFERENCE acb_00086 47
REFERENCE acb_00086 47
DECLARE cjk_00434 2 47
DECLARE klq_00435 6 47
REFERENCE trs_00277 47
DECLARE oux_00436 5 47
REFERENCE nov_00034 47
DECLARE xde_00437 8 47
REFERENCE fja_00416 47
DECLARE ckt_00438 18 47
REFERENCE missing_4788 47
DECLARE coi_00422 4 47
REFERENCE missing_9346 47
DECLARE qew_00439 4 47
DECLARE sfg_00440 1 47
DECLARE ulk_00441 8 47
DECLARE mty_00442 3 47
DECLARE qqi_00443 17 47
REFERENCE wgv_00421 47
ENTER_SCOPE 49 47
DECLARE ajl_00444 8 49
DECLARE tmo_00445 18 49
DECLARE epr_00446 5 49
DECLARE ssg_00425 19 49
DECLARE pnt_00447 3 49
REFERENCE kdt_00433 49
DECLARE vbz_00448 3 49
REFERENCE ulk_00441 49
EXIT_SCOPE 49
REFERENCE missing_4866 47
DECLARE qvf_00449 9 47
REFERENCE cqj_00027 47
DECLARE zqo_00450 4 47
REFERENCE kdt_00433 47
EXIT_SCOPE 47
DECLARE urj_00451 12 44
REFERENCE qjj_00075 44
DECLARE ebq_00452 13 44
DECLARE nga_00453 4 44
DECLARE jwp_00454 2 44
DECLARE ueg_00455 17 44
DECLARE sjs_00456 7 44
EXIT_SCOPE 44
REFERENCE fwt_00182 5
DECLARE hby_00090 19 5
DECLARE bim_00457 4 5
DECLARE eql_00458 18 5
DECLARE fvf_00459 4 5
DECLARE kzr_00008 14 5
DECLARE boa_00088 2 5
DECLARE pbz_00460 11 5
DECLARE nov_00034 8 5
REFERENCE missing_1038 5
REFERENCE trs_00277 5
EXIT_SCOPE 5
DECLARE rpj_00461 14 4
REFERENCE tgt_00003 4
DECLARE cjd_00462 10 4
REFERENCE missing_4438 4
REFERENCE missing_8238 4
DECLARE mpu_00463 13 4
DECLARE cep_00464 14 4
REFERENCE azt_00084 4
REFERENCE pyi_00081 4
ENTER_SCOPE 50 4
DECLARE rxj_00465 13 50
ENTER_SCOPE 51 50
DECLARE vul_00466 8 51
DECLARE orr_00467 15 51
REFERENCE bff_00004 51
DECLARE rxj_00465 15 51
DECLARE kzr_00008 4 51
DECLARE iuo_00468 14 51
DECLARE sjb_00469 7 51
DECLARE rpj_00461 20 51
REFERENCE gos_00023 51
DECLARE ota_00089 6 51
DECLARE nov_00034 3 51
REFERENCE azt_00084 51
ENTER_SCOPE 52 51
REFERENCE ota_00089 52
DECLARE nhd_00470 7 52
DECLARE orr_00467 9 52
DECLARE rxj_00465 6 52
DECLARE qpu_00471 17 52
DECLARE vul_00466 20 52
DECLARE lwn_00472 1 52
DECLARE iuo_00468 19 52
DECLARE ota_00089 6 52
DECLARE yvm_00473 9 52
DECLARE nwu_00474 3 52
DECLARE sud_00475 2 52
DECLARE tvb_00476 3 52
DECLARE azv_00477 5 52
DECLARE pbb_00478 5 52
REFERENCE nkk_00036 52
REFERENCE missing_1886 52
DECLARE nal_00479 16 52
DECLARE bvt_00480 1 52
DECLARE imn_00481 1 52
REFERENCE xpb_00037 52
REFERENCE vul_00466 52
REFERENCE xpv_00010 52
EXIT_SCOPE 52
DECLARE aea_00482 14 51
DECLARE rxf_00483 2 51
DECLARE kln_00484 13 51
REFERENCE kqm_00080 51
DECLARE cjd_00462 18 51
DECLARE xsr_00485 2 51
DECLARE lzj_00486 5 51
DECLARE zpr_00487 14 51
DECLARE hik_00488 8 51
EXIT_SCOPE 51
EXIT_SCOPE 50
EXIT_SCOPE 4
EXIT_SCOPE 0
