# ColliScope Frequency-Matched Synthetic Trace
# Parameters: seed=72, zipf_s=1.244, scope=nested, type=lookup-heavy, replicate=1
ENTER_SCOPE 0
DECLARE sym_k0000 1 0
DECLARE sym_k0001 2 0
DECLARE sym_k0002 3 0
DECLARE sym_k0003 4 0
DECLARE sym_k0004 5 0
DECLARE sym_k0005 6 0
DECLARE sym_k0006 7 0
DECLARE sym_k0007 8 0
DECLARE sym_k0008 9 0
DECLARE sym_k0009 10 0
DECLARE sym_k0010 1 0
DECLARE sym_k0011 2 0
DECLARE sym_k0012 3 0
DECLARE sym_k0013 4 0
DECLARE sym_k0014 5 0
DECLARE sym_k0015 6 0
DECLARE sym_k0016 7 0
DECLARE sym_k0017 8 0
DECLARE sym_k0018 9 0
DECLARE sym_k0019 10 0
DECLARE sym_k0020 1 0
DECLARE sym_k0021 2 0
DECLARE sym_k0022 3 0
DECLARE sym_k0023 4 0
DECLARE sym_k0024 5 0
DECLARE sym_k0025 6 0
DECLARE sym_k0026 7 0
DECLARE sym_k0027 8 0
DECLARE sym_k0028 9 0
DECLARE sym_k0029 10 0
DECLARE sym_k0030 1 0
DECLARE sym_k0031 2 0
DECLARE sym_k0032 3 0
DECLARE sym_k0033 4 0
DECLARE sym_k0034 5 0
DECLARE sym_k0035 6 0
DECLARE sym_k0036 7 0
DECLARE sym_k0037 8 0
DECLARE sym_k0038 9 0
DECLARE sym_k0039 10 0
DECLARE sym_k0040 1 0
DECLARE sym_k0041 2 0
DECLARE sym_k0042 3 0
DECLARE sym_k0043 4 0
DECLARE sym_k0044 5 0
DECLARE sym_k0045 6 0
DECLARE sym_k0046 7 0
DECLARE sym_k0047 8 0
DECLARE sym_k0048 9 0
DECLARE sym_k0049 10 0
ENTER_SCOPE 1 0
REFERENCE sym_k0045 1
REFERENCE sym_k0000 1
REFERENCE sym_k0000 1
REFERENCE sym_k0000 1
REFERENCE sym_k0016 1
REFERENCE sym_k0001 1
REFERENCE sym_k0006 1
REFERENCE sym_k0000 1
REFERENCE sym_k0001 1
ENTER_SCOPE 2 1
ENTER_SCOPE 3 2
REFERENCE sym_k0035 3
REFERENCE sym_k0011 3
REFERENCE sym_k0001 3
DECLARE sym_k0012 13 3
REFERENCE sym_k0002 3
REFERENCE sym_k0004 3
REFERENCE sym_k0005 3
ENTER_SCOPE 4 3
REFERENCE sym_k0025 4
DECLARE sym_k0004 5 4
ENTER_SCOPE 5 4
EXIT_SCOPE 5
REFERENCE sym_k0028 4
REFERENCE sym_k0000 4
REFERENCE sym_k0005 4
ENTER_SCOPE 6 4
REFERENCE missing_5988 6
REFERENCE sym_k0000 6
REFERENCE sym_k0023 6
REFERENCE sym_k0005 6
REFERENCE sym_k0000 6
REFERENCE sym_k0003 6
REFERENCE missing_9139 6
REFERENCE sym_k0003 6
REFERENCE sym_k0044 6
REFERENCE sym_k0002 6
REFERENCE sym_k0000 6
REFERENCE sym_k0002 6
DECLARE sym_k0001 2 6
EXIT_SCOPE 6
REFERENCE sym_k0002 4
DECLARE sym_k0068 9 4
REFERENCE sym_k0000 4
REFERENCE sym_k0000 4
REFERENCE sym_k0009 4
REFERENCE missing_8892 4
DECLARE sym_k0171 7 4
REFERENCE sym_k0000 4
REFERENCE sym_k0014 4
REFERENCE missing_4082 4
REFERENCE sym_k0000 4
REFERENCE sym_k0003 4
REFERENCE sym_k0002 4
REFERENCE sym_k0005 4
REFERENCE sym_k0001 4
DECLARE sym_k0000 1 4
REFERENCE missing_6530 4
REFERENCE sym_k0040 4
REFERENCE sym_k0033 4
REFERENCE missing_1706 4
REFERENCE sym_k0000 4
DECLARE sym_k0001 2 4
REFERENCE sym_k0004 4
REFERENCE missing_5939 4
REFERENCE sym_k0007 4
REFERENCE missing_1195 4
REFERENCE sym_k0020 4
REFERENCE sym_k0000 4
REFERENCE missing_2148 4
REFERENCE sym_k0007 4
REFERENCE sym_k0030 4
REFERENCE sym_k0049 4
REFERENCE sym_k0042 4
REFERENCE sym_k0038 4
REFERENCE missing_3679 4
REFERENCE missing_5532 4
REFERENCE sym_k0000 4
REFERENCE sym_k0044 4
REFERENCE sym_k0000 4
REFERENCE sym_k0002 4
REFERENCE sym_k0021 4
REFERENCE sym_k0005 4
EXIT_SCOPE 4
REFERENCE sym_k0043 3
REFERENCE sym_k0000 3
REFERENCE sym_k0026 3
REFERENCE sym_k0000 3
REFERENCE sym_k0017 3
REFERENCE missing_7550 3
REFERENCE sym_k0011 3
REFERENCE sym_k0008 3
REFERENCE sym_k0000 3
REFERENCE sym_k0004 3
REFERENCE sym_k0000 3
REFERENCE sym_k0000 3
DECLARE sym_k0001 2 3
REFERENCE sym_k0002 3
REFERENCE sym_k0004 3
REFERENCE missing_5126 3
REFERENCE sym_k0002 3
EXIT_SCOPE 3
REFERENCE sym_k0011 2
REFERENCE missing_3367 2
REFERENCE sym_k0001 2
REFERENCE missing_6643 2
REFERENCE sym_k0000 2
REFERENCE sym_k0048 2
REFERENCE sym_k0048 2
REFERENCE sym_k0019 2
REFERENCE missing_2846 2
REFERENCE sym_k0002 2
EXIT_SCOPE 2
REFERENCE sym_k0000 1
REFERENCE sym_k0003 1
REFERENCE sym_k0004 1
REFERENCE missing_8611 1
REFERENCE sym_k0044 1
REFERENCE missing_4542 1
REFERENCE missing_8190 1
REFERENCE sym_k0002 1
REFERENCE sym_k0001 1
REFERENCE sym_k0000 1
REFERENCE sym_k0008 1
REFERENCE sym_k0006 1
DECLARE sym_k0000 1 1
REFERENCE sym_k0046 1
REFERENCE sym_k0017 1
REFERENCE sym_k0010 1
REFERENCE sym_k0001 1
EXIT_SCOPE 1
REFERENCE sym_k0003 0
REFERENCE sym_k0022 0
REFERENCE sym_k0008 0
REFERENCE missing_9365 0
REFERENCE sym_k0000 0
REFERENCE sym_k0001 0
REFERENCE sym_k0009 0
REFERENCE missing_4857 0
ENTER_SCOPE 7 0
EXIT_SCOPE 7
REFERENCE sym_k0021 0
REFERENCE sym_k0002 0
REFERENCE sym_k0000 0
REFERENCE missing_8674 0
REFERENCE missing_7330 0
REFERENCE missing_5234 0
REFERENCE sym_k0000 0
REFERENCE missing_7922 0
REFERENCE sym_k0000 0
REFERENCE sym_k0005 0
REFERENCE sym_k0021 0
REFERENCE sym_k0001 0
REFERENCE missing_5937 0
ENTER_SCOPE 8 0
REFERENCE sym_k0001 8
EXIT_SCOPE 8
REFERENCE missing_3381 0
REFERENCE sym_k0005 0
REFERENCE sym_k0000 0
REFERENCE sym_k0003 0
REFERENCE sym_k0003 0
REFERENCE sym_k0004 0
REFERENCE sym_k0001 0
REFERENCE sym_k0000 0
REFERENCE sym_k0000 0
REFERENCE sym_k0007 0
REFERENCE sym_k0001 0
REFERENCE sym_k0000 0
REFERENCE sym_k0032 0
REFERENCE sym_k0003 0
REFERENCE sym_k0001 0
REFERENCE sym_k0043 0
REFERENCE sym_k0004 0
REFERENCE missing_6259 0
REFERENCE sym_k0002 0
REFERENCE sym_k0022 0
REFERENCE sym_k0049 0
REFERENCE sym_k0000 0
REFERENCE sym_k0011 0
REFERENCE sym_k0034 0
REFERENCE sym_k0005 0
ENTER_SCOPE 9 0
DECLARE sym_k0000 1 9
REFERENCE sym_k0001 9
REFERENCE missing_3137 9
REFERENCE sym_k0010 9
REFERENCE sym_k0001 9
REFERENCE sym_k0013 9
REFERENCE sym_k0000 9
REFERENCE sym_k0000 9
ENTER_SCOPE 10 9
DECLARE sym_k0004 5 10
REFERENCE sym_k0001 10
REFERENCE missing_2507 10
REFERENCE missing_1597 10
REFERENCE sym_k0003 10
REFERENCE sym_k0000 10
REFERENCE sym_k0008 10
DECLARE sym_k0001 2 10
REFERENCE sym_k0028 10
REFERENCE sym_k0002 10
REFERENCE sym_k0002 10
REFERENCE sym_k0012 10
REFERENCE sym_k0005 10
REFERENCE sym_k0000 10
REFERENCE sym_k0012 10
EXIT_SCOPE 10
REFERENCE sym_k0001 9
REFERENCE sym_k0028 9
REFERENCE sym_k0005 9
REFERENCE sym_k0001 9
REFERENCE sym_k0000 9
EXIT_SCOPE 9
REFERENCE sym_k0001 0
REFERENCE sym_k0028 0
REFERENCE sym_k0000 0
REFERENCE sym_k0001 0
REFERENCE sym_k0024 0
ENTER_SCOPE 11 0
REFERENCE sym_k0000 11
REFERENCE sym_k0000 11
REFERENCE sym_k0004 11
DECLARE sym_k0014 15 11
DECLARE sym_k0039 10 11
REFERENCE sym_k0000 11
REFERENCE sym_k0041 11
REFERENCE sym_k0007 11
REFERENCE sym_k0011 11
DECLARE sym_k0000 1 11
REFERENCE sym_k0016 11
ENTER_SCOPE 12 11
DECLARE sym_k0006 7 12
DECLARE sym_k0024 10 12
REFERENCE sym_k0000 12
REFERENCE sym_k0032 12
REFERENCE missing_5511 12
REFERENCE sym_k0004 12
REFERENCE missing_6840 12
REFERENCE sym_k0002 12
DECLARE sym_k0100 11 12
REFERENCE sym_k0000 12
REFERENCE sym_k0024 12
REFERENCE missing_2340 12
REFERENCE sym_k0006 12
REFERENCE sym_k0010 12
REFERENCE sym_k0000 12
DECLARE sym_k0032 3 12
REFERENCE sym_k0003 12
REFERENCE sym_k0000 12
REFERENCE sym_k0000 12
DECLARE sym_k0000 1 12
REFERENCE sym_k0008 12
REFERENCE sym_k0003 12
REFERENCE sym_k0002 12
REFERENCE sym_k0000 12
REFERENCE sym_k0002 12
REFERENCE sym_k0001 12
REFERENCE sym_k0000 12
REFERENCE sym_k0000 12
REFERENCE sym_k0006 12
REFERENCE sym_k0011 12
REFERENCE missing_1129 12
REFERENCE sym_k0049 12
REFERENCE sym_k0029 12
REFERENCE sym_k0005 12
REFERENCE sym_k0001 12
REFERENCE missing_9000 12
REFERENCE sym_k0020 12
REFERENCE sym_k0000 12
DECLARE sym_k0001 2 12
REFERENCE sym_k0004 12
REFERENCE sym_k0024 12
REFERENCE sym_k0000 12
REFERENCE sym_k0000 12
REFERENCE sym_k0001 12
REFERENCE sym_k0046 12
REFERENCE sym_k0000 12
REFERENCE sym_k0004 12
REFERENCE sym_k0022 12
REFERENCE sym_k0016 12
REFERENCE sym_k0012 12
REFERENCE sym_k0013 12
REFERENCE sym_k0004 12
REFERENCE missing_5546 12
REFERENCE sym_k0000 12
REFERENCE sym_k0016 12
REFERENCE sym_k0004 12
REFERENCE sym_k0012 12
REFERENCE sym_k0000 12
REFERENCE sym_k0000 12
REFERENCE sym_k0000 12
REFERENCE sym_k0000 12
REFERENCE sym_k0006 12
REFERENCE missing_5956 12
REFERENCE sym_k0016 12
REFERENCE sym_k0000 12
REFERENCE sym_k0007 12
REFERENCE sym_k0003 12
REFERENCE missing_1758 12
REFERENCE sym_k0000 12
REFERENCE sym_k0035 12
REFERENCE sym_k0034 12
ENTER_SCOPE 13 12
REFERENCE sym_k0000 13
REFERENCE missing_9145 13
REFERENCE sym_k0002 13
REFERENCE sym_k0000 13
REFERENCE sym_k0002 13
REFERENCE sym_k0017 13
REFERENCE missing_1201 13
REFERENCE sym_k0100 13
REFERENCE sym_k0000 13
REFERENCE sym_k0002 13
REFERENCE sym_k0004 13
EXIT_SCOPE 13
REFERENCE sym_k0003 12
DECLARE sym_k0002 3 12
REFERENCE sym_k0001 12
REFERENCE sym_k0000 12
REFERENCE sym_k0001 12
REFERENCE sym_k0005 12
REFERENCE sym_k0003 12
REFERENCE sym_k0001 12
REFERENCE sym_k0005 12
REFERENCE sym_k0000 12
REFERENCE sym_k0010 12
EXIT_SCOPE 12
REFERENCE sym_k0000 11
DECLARE sym_k0010 11 11
REFERENCE sym_k0001 11
REFERENCE missing_3795 11
REFERENCE missing_3699 11
REFERENCE sym_k0048 11
REFERENCE sym_k0005 11
REFERENCE sym_k0011 11
REFERENCE sym_k0000 11
REFERENCE sym_k0001 11
REFERENCE missing_8149 11
REFERENCE sym_k0001 11
REFERENCE sym_k0003 11
REFERENCE missing_5955 11
REFERENCE sym_k0004 11
REFERENCE sym_k0009 11
REFERENCE missing_9123 11
REFERENCE missing_1243 11
REFERENCE missing_7160 11
REFERENCE sym_k0000 11
REFERENCE sym_k0022 11
REFERENCE sym_k0000 11
REFERENCE sym_k0024 11
EXIT_SCOPE 11
REFERENCE sym_k0046 0
REFERENCE sym_k0000 0
REFERENCE sym_k0020 0
REFERENCE sym_k0028 0
REFERENCE sym_k0024 0
REFERENCE sym_k0001 0
REFERENCE sym_k0049 0
REFERENCE sym_k0006 0
REFERENCE sym_k0001 0
REFERENCE sym_k0005 0
REFERENCE sym_k0035 0
REFERENCE sym_k0000 0
REFERENCE sym_k0013 0
ENTER_SCOPE 14 0
REFERENCE missing_5307 14
REFERENCE sym_k0035 14
REFERENCE sym_k0035 14
ENTER_SCOPE 15 14
ENTER_SCOPE 16 15
REFERENCE sym_k0000 16
REFERENCE sym_k0026 16
REFERENCE sym_k0028 16
REFERENCE sym_k0004 16
REFERENCE sym_k0003 16
REFERENCE sym_k0000 16
REFERENCE sym_k0000 16
REFERENCE sym_k0002 16
REFERENCE sym_k0000 16
REFERENCE sym_k0004 16
DECLARE sym_k0010 11 16
EXIT_SCOPE 16
REFERENCE missing_6344 15
REFERENCE missing_7953 15
REFERENCE sym_k0024 15
REFERENCE sym_k0004 15
REFERENCE sym_k0007 15
REFERENCE sym_k0000 15
REFERENCE sym_k0038 15
REFERENCE sym_k0003 15
REFERENCE sym_k0000 15
REFERENCE missing_9707 15
REFERENCE sym_k0004 15
REFERENCE sym_k0033 15
REFERENCE sym_k0000 15
EXIT_SCOPE 15
REFERENCE missing_8203 14
REFERENCE missing_4755 14
REFERENCE sym_k0014 14
EXIT_SCOPE 14
REFERENCE sym_k0000 0
ENTER_SCOPE 17 0
REFERENCE sym_k0014 17
REFERENCE sym_k0001 17
REFERENCE sym_k0038 17
REFERENCE sym_k0002 17
EXIT_SCOPE 17
REFERENCE sym_k0002 0
REFERENCE sym_k0008 0
REFERENCE sym_k0005 0
REFERENCE sym_k0004 0
REFERENCE sym_k0001 0
ENTER_SCOPE 18 0
DECLARE sym_k0005 6 18
DECLARE sym_k0033 4 18
REFERENCE sym_k0000 18
REFERENCE sym_k0000 18
REFERENCE missing_2517 18
REFERENCE sym_k0016 18
REFERENCE sym_k0014 18
REFERENCE sym_k0005 18
REFERENCE sym_k0002 18
REFERENCE sym_k0000 18
REFERENCE sym_k0000 18
ENTER_SCOPE 19 18
REFERENCE sym_k0045 19
REFERENCE sym_k0000 19
REFERENCE sym_k0001 19
ENTER_SCOPE 20 19
REFERENCE missing_1057 20
REFERENCE missing_4199 20
REFERENCE sym_k0003 20
REFERENCE sym_k0004 20
DECLARE sym_k0000 1 20
REFERENCE sym_k0002 20
REFERENCE sym_k0041 20
REFERENCE sym_k0003 20
REFERENCE sym_k0000 20
REFERENCE sym_k0000 20
DECLARE sym_k0004 5 20
REFERENCE sym_k0001 20
REFERENCE missing_8250 20
REFERENCE missing_9305 20
REFERENCE sym_k0044 20
REFERENCE sym_k0005 20
REFERENCE sym_k0000 20
REFERENCE sym_k0001 20
REFERENCE sym_k0030 20
REFERENCE sym_k0000 20
REFERENCE sym_k0036 20
REFERENCE sym_k0001 20
REFERENCE sym_k0008 20
REFERENCE sym_k0000 20
REFERENCE missing_6222 20
REFERENCE sym_k0002 20
REFERENCE sym_k0024 20
REFERENCE sym_k0015 20
REFERENCE sym_k0016 20
ENTER_SCOPE 21 20
REFERENCE sym_k0025 21
REFERENCE sym_k0001 21
REFERENCE sym_k0000 21
REFERENCE sym_k0000 21
REFERENCE sym_k0000 21
REFERENCE missing_4367 21
REFERENCE sym_k0000 21
REFERENCE sym_k0000 21
REFERENCE sym_k0001 21
REFERENCE sym_k0001 21
REFERENCE sym_k0000 21
DECLARE sym_k0087 13 21
REFERENCE sym_k0035 21
REFERENCE missing_4503 21
REFERENCE sym_k0039 21
REFERENCE sym_k0002 21
REFERENCE missing_4760 21
REFERENCE sym_k0004 21
REFERENCE sym_k0005 21
REFERENCE sym_k0004 21
REFERENCE sym_k0013 21
REFERENCE sym_k0002 21
REFERENCE sym_k0000 21
REFERENCE sym_k0001 21
REFERENCE sym_k0009 21
REFERENCE sym_k0000 21
DECLARE sym_k0001 2 21
REFERENCE sym_k0017 21
REFERENCE sym_k0035 21
REFERENCE sym_k0000 21
REFERENCE sym_k0006 21
REFERENCE sym_k0003 21
REFERENCE missing_9711 21
REFERENCE sym_k0004 21
REFERENCE missing_7451 21
REFERENCE sym_k0087 21
REFERENCE sym_k0005 21
REFERENCE sym_k0000 21
REFERENCE sym_k0004 21
REFERENCE sym_k0000 21
REFERENCE sym_k0000 21
REFERENCE sym_k0008 21
REFERENCE sym_k0000 21
REFERENCE sym_k0007 21
REFERENCE sym_k0013 21
ENTER_SCOPE 22 21
REFERENCE missing_2757 22
EXIT_SCOPE 22
REFERENCE sym_k0033 21
ENTER_SCOPE 23 21
EXIT_SCOPE 23
REFERENCE sym_k0001 21
REFERENCE sym_k0000 21
REFERENCE sym_k0002 21
REFERENCE missing_5818 21
REFERENCE sym_k0011 21
REFERENCE sym_k0000 21
REFERENCE sym_k0007 21
REFERENCE sym_k0021 21
REFERENCE sym_k0003 21
REFERENCE sym_k0003 21
REFERENCE sym_k0000 21
REFERENCE sym_k0000 21
ENTER_SCOPE 24 21
REFERENCE sym_k0001 24
REFERENCE sym_k0002 24
ENTER_SCOPE 25 24
REFERENCE missing_2622 25
ENTER_SCOPE 26 25
DECLARE sym_k0003 4 26
REFERENCE sym_k0021 26
REFERENCE sym_k0001 26
REFERENCE sym_k0005 26
EXIT_SCOPE 26
REFERENCE sym_k0013 25
REFERENCE missing_6870 25
DECLARE sym_k0002 3 25
REFERENCE missing_7158 25
REFERENCE sym_k0035 25
ENTER_SCOPE 27 25
REFERENCE sym_k0047 27
REFERENCE sym_k0004 27
REFERENCE missing_9715 27
REFERENCE sym_k0000 27
EXIT_SCOPE 27
REFERENCE sym_k0001 25
REFERENCE missing_3423 25
REFERENCE sym_k0030 25
REFERENCE sym_k0000 25
REFERENCE sym_k0014 25
REFERENCE sym_k0004 25
REFERENCE sym_k0021 25
REFERENCE sym_k0009 25
REFERENCE sym_k0004 25
REFERENCE sym_k0024 25
REFERENCE missing_4711 25
DECLARE sym_k0106 2 25
DECLARE sym_k0056 12 25
REFERENCE sym_k0026 25
REFERENCE sym_k0037 25
REFERENCE sym_k0000 25
DECLARE sym_k0000 1 25
REFERENCE sym_k0007 25
REFERENCE sym_k0024 25
REFERENCE sym_k0001 25
REFERENCE sym_k0018 25
ENTER_SCOPE 28 25
REFERENCE sym_k0000 28
REFERENCE sym_k0003 28
REFERENCE sym_k0003 28
REFERENCE sym_k0007 28
REFERENCE sym_k0003 28
REFERENCE sym_k0000 28
REFERENCE sym_k0007 28
REFERENCE sym_k0036 28
REFERENCE sym_k0000 28
REFERENCE sym_k0000 28
REFERENCE sym_k0013 28
REFERENCE sym_k0006 28
REFERENCE sym_k0003 28
DECLARE sym_k0000 1 28
EXIT_SCOPE 28
REFERENCE sym_k0000 25
REFERENCE sym_k0001 25
REFERENCE missing_3990 25
EXIT_SCOPE 25
REFERENCE missing_6376 24
REFERENCE sym_k0014 24
REFERENCE sym_k0019 24
EXIT_SCOPE 24
REFERENCE sym_k0001 21
REFERENCE sym_k0008 21
REFERENCE sym_k0032 21
REFERENCE sym_k0032 21
DECLARE sym_k0000 1 21
REFERENCE missing_1816 21
REFERENCE sym_k0001 21
EXIT_SCOPE 21
REFERENCE sym_k0023 20
REFERENCE sym_k0001 20
REFERENCE sym_k0001 20
REFERENCE missing_2649 20
REFERENCE sym_k0001 20
REFERENCE sym_k0020 20
ENTER_SCOPE 29 20
REFERENCE sym_k0001 29
REFERENCE sym_k0000 29
REFERENCE sym_k0000 29
REFERENCE sym_k0001 29
REFERENCE sym_k0001 29
REFERENCE sym_k0000 29
REFERENCE sym_k0020 29
REFERENCE sym_k0004 29
REFERENCE sym_k0001 29
REFERENCE sym_k0030 29
REFERENCE sym_k0025 29
REFERENCE sym_k0001 29
REFERENCE sym_k0008 29
REFERENCE missing_2537 29
REFERENCE sym_k0001 29
REFERENCE sym_k0043 29
REFERENCE sym_k0002 29
REFERENCE sym_k0000 29
DECLARE sym_k0000 1 29
REFERENCE sym_k0004 29
REFERENCE sym_k0008 29
REFERENCE sym_k0000 29
ENTER_SCOPE 30 29
REFERENCE sym_k0018 30
DECLARE sym_k0002 3 30
REFERENCE sym_k0000 30
REFERENCE sym_k0046 30
REFERENCE sym_k0003 30
REFERENCE sym_k0022 30
REFERENCE sym_k0002 30
REFERENCE sym_k0003 30
REFERENCE sym_k0000 30
ENTER_SCOPE 31 30
REFERENCE sym_k0000 31
DECLARE sym_k0023 9 31
REFERENCE sym_k0009 31
ENTER_SCOPE 32 31
REFERENCE sym_k0000 32
REFERENCE sym_k0004 32
REFERENCE sym_k0041 32
REFERENCE sym_k0000 32
REFERENCE sym_k0013 32
REFERENCE sym_k0034 32
EXIT_SCOPE 32
REFERENCE sym_k0000 31
REFERENCE sym_k0000 31
REFERENCE sym_k0001 31
REFERENCE missing_3402 31
DECLARE sym_k0003 4 31
REFERENCE sym_k0000 31
REFERENCE sym_k0001 31
REFERENCE sym_k0040 31
REFERENCE sym_k0024 31
REFERENCE sym_k0000 31
REFERENCE missing_5164 31
REFERENCE missing_4754 31
REFERENCE sym_k0014 31
REFERENCE sym_k0002 31
REFERENCE sym_k0001 31
REFERENCE sym_k0028 31
REFERENCE sym_k0006 31
REFERENCE sym_k0016 31
REFERENCE sym_k0001 31
REFERENCE sym_k0003 31
REFERENCE sym_k0011 31
REFERENCE sym_k0003 31
REFERENCE missing_5315 31
REFERENCE sym_k0001 31
REFERENCE sym_k0001 31
REFERENCE sym_k0019 31
DECLARE sym_k0040 11 31
REFERENCE sym_k0003 31
REFERENCE sym_k0019 31
REFERENCE sym_k0000 31
REFERENCE sym_k0005 31
REFERENCE sym_k0000 31
REFERENCE sym_k0000 31
REFERENCE sym_k0010 31
REFERENCE sym_k0000 31
EXIT_SCOPE 31
EXIT_SCOPE 30
ENTER_SCOPE 33 29
ENTER_SCOPE 34 33
REFERENCE sym_k0001 34
EXIT_SCOPE 34
REFERENCE sym_k0008 33
REFERENCE missing_5688 33
REFERENCE missing_5642 33
REFERENCE sym_k0005 33
REFERENCE sym_k0000 33
REFERENCE sym_k0002 33
REFERENCE missing_1730 33
REFERENCE sym_k0019 33
REFERENCE sym_k0002 33
DECLARE sym_k0002 3 33
ENTER_SCOPE 35 33
REFERENCE missing_4140 35
EXIT_SCOPE 35
ENTER_SCOPE 36 33
REFERENCE sym_k0018 36
REFERENCE sym_k0001 36
REFERENCE sym_k0000 36
REFERENCE missing_4653 36
REFERENCE sym_k0000 36
REFERENCE sym_k0009 36
REFERENCE sym_k0000 36
REFERENCE sym_k0000 36
DECLARE sym_k0001 2 36
REFERENCE sym_k0001 36
REFERENCE missing_4198 36
REFERENCE sym_k0000 36
REFERENCE sym_k0013 36
ENTER_SCOPE 37 36
REFERENCE missing_5023 37
REFERENCE sym_k0011 37
REFERENCE sym_k0000 37
EXIT_SCOPE 37
REFERENCE sym_k0000 36
REFERENCE sym_k0010 36
REFERENCE sym_k0006 36
REFERENCE sym_k0011 36
REFERENCE sym_k0000 36
DECLARE sym_k0000 1 36
REFERENCE sym_k0000 36
REFERENCE sym_k0039 36
REFERENCE sym_k0001 36
REFERENCE sym_k0012 36
REFERENCE sym_k0023 36
REFERENCE sym_k0020 36
REFERENCE sym_k0002 36
ENTER_SCOPE 38 36
REFERENCE sym_k0005 38
REFERENCE sym_k0003 38
REFERENCE sym_k0043 38
EXIT_SCOPE 38
REFERENCE sym_k0000 36
ENTER_SCOPE 39 36
REFERENCE sym_k0000 39
REFERENCE sym_k0029 39
REFERENCE sym_k0001 39
EXIT_SCOPE 39
REFERENCE sym_k0001 36
REFERENCE sym_k0000 36
REFERENCE sym_k0036 36
REFERENCE missing_8512 36
REFERENCE sym_k0040 36
REFERENCE missing_6293 36
REFERENCE sym_k0000 36
REFERENCE missing_3953 36
REFERENCE sym_k0033 36
REFERENCE sym_k0000 36
REFERENCE sym_k0044 36
REFERENCE sym_k0000 36
REFERENCE sym_k0002 36
DECLARE sym_k0008 9 36
REFERENCE sym_k0037 36
REFERENCE sym_k0001 36
DECLARE sym_k0123 4 36
REFERENCE sym_k0008 36
REFERENCE sym_k0000 36
REFERENCE missing_9844 36
REFERENCE sym_k0028 36
REFERENCE sym_k0006 36
REFERENCE sym_k0039 36
REFERENCE sym_k0002 36
REFERENCE sym_k0016 36
ENTER_SCOPE 40 36
EXIT_SCOPE 40
REFERENCE sym_k0000 36
REFERENCE sym_k0037 36
REFERENCE sym_k0006 36
DECLARE sym_k0005 6 36
REFERENCE sym_k0009 36
REFERENCE sym_k0007 36
REFERENCE missing_7466 36
REFERENCE sym_k0002 36
REFERENCE sym_k0002 36
REFERENCE sym_k0004 36
REFERENCE sym_k0032 36
REFERENCE sym_k0003 36
REFERENCE sym_k0000 36
REFERENCE sym_k0001 36
REFERENCE sym_k0022 36
REFERENCE sym_k0014 36
REFERENCE sym_k0002 36
REFERENCE sym_k0000 36
DECLARE sym_k0002 3 36
REFERENCE sym_k0003 36
DECLARE sym_k0025 11 36
REFERENCE sym_k0000 36
REFERENCE sym_k0001 36
REFERENCE sym_k0001 36
REFERENCE missing_1352 36
REFERENCE sym_k0022 36
REFERENCE sym_k0000 36
REFERENCE sym_k0002 36
REFERENCE sym_k0002 36
DECLARE sym_k0017 3 36
REFERENCE sym_k0000 36
REFERENCE sym_k0019 36
REFERENCE sym_k0013 36
REFERENCE sym_k0001 36
REFERENCE sym_k0002 36
REFERENCE sym_k0000 36
ENTER_SCOPE 41 36
REFERENCE missing_4042 41
REFERENCE sym_k0004 41
REFERENCE sym_k0007 41
REFERENCE sym_k0000 41
REFERENCE sym_k0000 41
REFERENCE sym_k0020 41
DECLARE sym_k0012 13 41
DECLARE sym_k0000 1 41
REFERENCE sym_k0000 41
REFERENCE missing_6051 41
REFERENCE sym_k0000 41
EXIT_SCOPE 41
EXIT_SCOPE 36
REFERENCE sym_k0005 33
REFERENCE sym_k0023 33
REFERENCE sym_k0037 33
REFERENCE sym_k0004 33
REFERENCE sym_k0002 33
REFERENCE sym_k0000 33
REFERENCE sym_k0002 33
REFERENCE sym_k0001 33
REFERENCE sym_k0002 33
DECLARE sym_k0007 8 33
REFERENCE sym_k0014 33
REFERENCE missing_9459 33
DECLARE sym_k0008 9 33
REFERENCE missing_7399 33
REFERENCE sym_k0000 33
REFERENCE sym_k0029 33
REFERENCE sym_k0002 33
REFERENCE missing_3618 33
ENTER_SCOPE 42 33
REFERENCE sym_k0000 42
REFERENCE missing_2744 42
EXIT_SCOPE 42
REFERENCE sym_k0012 33
REFERENCE sym_k0000 33
EXIT_SCOPE 33
REFERENCE sym_k0009 29
REFERENCE sym_k0007 29
REFERENCE missing_7617 29
REFERENCE sym_k0044 29
REFERENCE sym_k0004 29
REFERENCE sym_k0000 29
REFERENCE sym_k0008 29
REFERENCE sym_k0000 29
REFERENCE sym_k0002 29
DECLARE sym_k0004 5 29
REFERENCE sym_k0001 29
REFERENCE sym_k0027 29
REFERENCE sym_k0017 29
REFERENCE sym_k0003 29
ENTER_SCOPE 43 29
REFERENCE sym_k0000 43
REFERENCE sym_k0007 43
REFERENCE sym_k0000 43
REFERENCE sym_k0046 43
REFERENCE sym_k0002 43
REFERENCE sym_k0043 43
REFERENCE sym_k0000 43
REFERENCE sym_k0002 43
REFERENCE sym_k0001 43
DECLARE sym_k0000 1 43
REFERENCE sym_k0039 43
REFERENCE sym_k0018 43
REFERENCE sym_k0003 43
EXIT_SCOPE 43
REFERENCE sym_k0013 29
DECLARE sym_k0003 4 29
REFERENCE sym_k0022 29
ENTER_SCOPE 44 29
REFERENCE sym_k0000 44
DECLARE sym_k0011 12 44
REFERENCE sym_k0008 44
REFERENCE sym_k0000 44
DECLARE sym_k0000 1 44
REFERENCE missing_4298 44
REFERENCE sym_k0000 44
REFERENCE sym_k0003 44
EXIT_SCOPE 44
REFERENCE sym_k0012 29
REFERENCE missing_3290 29
REFERENCE sym_k0047 29
REFERENCE sym_k0008 29
REFERENCE sym_k0002 29
REFERENCE sym_k0002 29
REFERENCE sym_k0000 29
ENTER_SCOPE 45 29
REFERENCE sym_k0003 45
REFERENCE sym_k0008 45
EXIT_SCOPE 45
DECLARE sym_k0001 2 29
REFERENCE sym_k0000 29
REFERENCE sym_k0000 29
REFERENCE sym_k0004 29
EXIT_SCOPE 29
REFERENCE sym_k0017 20
REFERENCE sym_k0002 20
EXIT_SCOPE 20
REFERENCE sym_k0015 19
REFERENCE sym_k0018 19
DECLARE sym_k0001 2 19
ENTER_SCOPE 46 19
REFERENCE sym_k0016 46
REFERENCE sym_k0018 46
REFERENCE sym_k0000 46
REFERENCE sym_k0022 46
EXIT_SCOPE 46
REFERENCE sym_k0000 19
REFERENCE sym_k0001 19
REFERENCE sym_k0000 19
REFERENCE sym_k0005 19
REFERENCE sym_k0008 19
REFERENCE sym_k0000 19
REFERENCE sym_k0005 19
ENTER_SCOPE 47 19
EXIT_SCOPE 47
REFERENCE sym_k0025 19
REFERENCE sym_k0021 19
EXIT_SCOPE 19
REFERENCE sym_k0011 18
REFERENCE sym_k0008 18
REFERENCE sym_k0008 18
REFERENCE sym_k0000 18
REFERENCE sym_k0000 18
REFERENCE missing_4532 18
REFERENCE sym_k0041 18
REFERENCE sym_k0000 18
REFERENCE sym_k0048 18
REFERENCE sym_k0002 18
REFERENCE sym_k0006 18
ENTER_SCOPE 48 18
REFERENCE sym_k0032 48
REFERENCE sym_k0008 48
REFERENCE sym_k0000 48
REFERENCE missing_4248 48
REFERENCE sym_k0000 48
REFERENCE sym_k0012 48
REFERENCE missing_5435 48
EXIT_SCOPE 48
EXIT_SCOPE 18
EXIT_SCOPE 0
