# ColliScope Frequency-Matched Synthetic Trace
# Parameters: seed=68, zipf_s=1.244, scope=flat, type=mixed, replicate=3
ENTER_SCOPE 0
DECLARE sym_k0000 1 0
DECLARE sym_k0001 2 0
DECLARE sym_k0002 3 0
DECLARE sym_k0003 4 0
DECLARE sym_k0004 5 0
DECLARE sym_k0005 6 0
DECLARE sym_k0006 7 0
DECLARE sym_k0007 8 0
DECLARE sym_k0008 9 0
DECLARE sym_k0009 10 0
DECLARE sym_k0010 1 0
DECLARE sym_k0011 2 0
DECLARE sym_k0012 3 0
DECLARE sym_k0013 4 0
DECLARE sym_k0014 5 0
DECLARE sym_k0015 6 0
DECLARE sym_k0016 7 0
DECLARE sym_k0017 8 0
DECLARE sym_k0018 9 0
DECLARE sym_k0019 10 0
DECLARE sym_k0020 1 0
DECLARE sym_k0021 2 0
DECLARE sym_k0022 3 0
DECLARE sym_k0023 4 0
DECLARE sym_k0024 5 0
DECLARE sym_k0025 6 0
DECLARE sym_k0026 7 0
DECLARE sym_k0027 8 0
DECLARE sym_k0028 9 0
DECLARE sym_k0029 10 0
DECLARE sym_k0030 1 0
DECLARE sym_k0031 2 0
DECLARE sym_k0032 3 0
DECLARE sym_k0033 4 0
DECLARE sym_k0034 5 0
DECLARE sym_k0035 6 0
DECLARE sym_k0036 7 0
DECLARE sym_k0037 8 0
DECLARE sym_k0038 9 0
DECLARE sym_k0039 10 0
DECLARE sym_k0040 1 0
DECLARE sym_k0041 2 0
DECLARE sym_k0042 3 0
DECLARE sym_k0043 4 0
DECLARE sym_k0044 5 0
DECLARE sym_k0045 6 0
DECLARE sym_k0046 7 0
DECLARE sym_k0047 8 0
DECLARE sym_k0048 9 0
DECLARE sym_k0049 10 0
REFERENCE sym_k0003 0
REFERENCE sym_k0049 0
REFERENCE sym_k0011 0
REFERENCE sym_k0008 0
DECLARE sym_k0212 3 0
REFERENCE sym_k0013 0
REFERENCE sym_k0000 0
REFERENCE sym_k0004 0
REFERENCE missing_8896 0
REFERENCE sym_k0007 0
REFERENCE sym_k0000 0
REFERENCE sym_k0000 0
REFERENCE sym_k0020 0
DECLARE sym_k0144 10 0
REFERENCE sym_k0005 0
REFERENCE sym_k0001 0
REFERENCE sym_k0000 0
REFERENCE sym_k0002 0
REFERENCE sym_k0006 0
REFERENCE sym_k0009 0
REFERENCE missing_8820 0
DECLARE sym_k0105 1 0
REFERENCE sym_k0000 0
REFERENCE sym_k0000 0
REFERENCE sym_k0002 0
REFERENCE sym_k0000 0
REFERENCE sym_k0004 0
REFERENCE sym_k0000 0
REFERENCE missing_7730 0
REFERENCE sym_k0000 0
REFERENCE sym_k0000 0
REFERENCE sym_k0000 0
REFERENCE sym_k0000 0
REFERENCE sym_k0009 0
REFERENCE sym_k0005 0
REFERENCE sym_k0031 0
REFERENCE sym_k0030 0
REFERENCE sym_k0021 0
REFERENCE sym_k0000 0
REFERENCE sym_k0004 0
REFERENCE sym_k0004 0
REFERENCE sym_k0003 0
DECLARE sym_k0221 12 0
REFERENCE missing_4549 0
REFERENCE sym_k0000 0
REFERENCE sym_k0003 0
REFERENCE sym_k0008 0
REFERENCE sym_k0004 0
REFERENCE missing_5564 0
REFERENCE sym_k0002 0
REFERENCE missing_3147 0
REFERENCE sym_k0000 0
REFERENCE sym_k0001 0
REFERENCE missing_5137 0
REFERENCE sym_k0000 0
REFERENCE sym_k0002 0
REFERENCE sym_k0037 0
REFERENCE sym_k0005 0
REFERENCE sym_k0005 0
REFERENCE sym_k0001 0
DECLARE sym_k0056 12 0
REFERENCE sym_k0000 0
REFERENCE sym_k0001 0
REFERENCE missing_5072 0
REFERENCE sym_k0015 0
REFERENCE sym_k0007 0
REFERENCE sym_k0023 0
REFERENCE sym_k0019 0
REFERENCE sym_k0000 0
REFERENCE sym_k0000 0
REFERENCE sym_k0003 0
REFERENCE sym_k0003 0
REFERENCE sym_k0010 0
REFERENCE sym_k0004 0
REFERENCE sym_k0003 0
REFERENCE sym_k0004 0
REFERENCE sym_k0009 0
REFERENCE sym_k0010 0
REFERENCE sym_k0000 0
REFERENCE sym_k0034 0
REFERENCE sym_k0016 0
REFERENCE sym_k0006 0
REFERENCE sym_k0001 0
REFERENCE sym_k0030 0
REFERENCE sym_k0025 0
REFERENCE sym_k0000 0
REFERENCE sym_k0000 0
REFERENCE sym_k0000 0
REFERENCE sym_k0005 0
REFERENCE sym_k0012 0
REFERENCE sym_k0001 0
DECLARE sym_k0083 9 0
REFERENCE missing_1424 0
REFERENCE sym_k0005 0
REFERENCE sym_k0000 0
REFERENCE sym_k0212 0
REFERENCE sym_k0029 0
REFERENCE sym_k0036 0
REFERENCE sym_k0000 0
REFERENCE sym_k0000 0
REFERENCE sym_k0035 0
REFERENCE sym_k0004 0
REFERENCE sym_k0001 0
REFERENCE sym_k0001 0
DECLARE sym_k0119 15 0
REFERENCE sym_k0048 0
REFERENCE missing_6128 0
REFERENCE sym_k0000 0
REFERENCE sym_k0000 0
REFERENCE sym_k0028 0
REFERENCE sym_k0009 0
REFERENCE sym_k0000 0
REFERENCE sym_k0002 0
DECLARE sym_k0060 1 0
REFERENCE sym_k0003 0
REFERENCE sym_k0003 0
REFERENCE sym_k0006 0
REFERENCE missing_7154 0
REFERENCE sym_k0000 0
REFERENCE missing_4407 0
REFERENCE sym_k0009 0
REFERENCE sym_k0038 0
REFERENCE sym_k0002 0
REFERENCE sym_k0006 0
REFERENCE sym_k0041 0
REFERENCE sym_k0001 0
REFERENCE sym_k0012 0
DECLARE sym_k0092 3 0
REFERENCE sym_k0000 0
REFERENCE sym_k0002 0
REFERENCE missing_8487 0
REFERENCE sym_k0012 0
REFERENCE missing_5772 0
REFERENCE sym_k0000 0
REFERENCE sym_k0013 0
REFERENCE sym_k0003 0
REFERENCE sym_k0003 0
REFERENCE sym_k0000 0
DECLARE sym_k0194 15 0
REFERENCE missing_6683 0
REFERENCE sym_k0004 0
REFERENCE missing_5633 0
DECLARE sym_k0055 11 0
DECLARE sym_k0050 6 0
REFERENCE sym_k0000 0
REFERENCE sym_k0000 0
REFERENCE sym_k0000 0
REFERENCE missing_4003 0
REFERENCE sym_k0049 0
REFERENCE sym_k0000 0
REFERENCE sym_k0046 0
REFERENCE missing_4129 0
REFERENCE sym_k0000 0
REFERENCE sym_k0001 0
REFERENCE sym_k0001 0
REFERENCE sym_k0003 0
REFERENCE sym_k0002 0
REFERENCE missing_1806 0
REFERENCE sym_k0000 0
REFERENCE sym_k0004 0
REFERENCE sym_k0050 0
REFERENCE sym_k0049 0
REFERENCE missing_1111 0
REFERENCE sym_k0000 0
REFERENCE sym_k0001 0
REFERENCE sym_k0000 0
REFERENCE sym_k0019 0
REFERENCE sym_k0004 0
REFERENCE sym_k0000 0
REFERENCE sym_k0001 0
DECLARE sym_k0163 14 0
REFERENCE sym_k0000 0
REFERENCE missing_9410 0
REFERENCE sym_k0044 0
DECLARE sym_k0226 2 0
REFERENCE sym_k0021 0
REFERENCE sym_k0004 0
REFERENCE sym_k0001 0
REFERENCE sym_k0001 0
REFERENCE sym_k0000 0
DECLARE sym_k0077 3 0
REFERENCE sym_k0000 0
REFERENCE sym_k0001 0
DECLARE sym_k0069 10 0
REFERENCE sym_k0000 0
REFERENCE sym_k0000 0
REFERENCE sym_k0003 0
REFERENCE missing_3486 0
REFERENCE sym_k0000 0
REFERENCE sym_k0011 0
REFERENCE sym_k0002 0
REFERENCE sym_k0012 0
REFERENCE sym_k0003 0
REFERENCE sym_k0042 0
REFERENCE sym_k0003 0
REFERENCE sym_k0001 0
REFERENCE sym_k0003 0
REFERENCE sym_k0029 0
REFERENCE missing_9297 0
REFERENCE sym_k0001 0
REFERENCE missing_2999 0
REFERENCE sym_k0004 0
DECLARE sym_k0172 8 0
REFERENCE sym_k0002 0
REFERENCE sym_k0001 0
REFERENCE sym_k0003 0
REFERENCE sym_k0031 0
REFERENCE sym_k0002 0
REFERENCE sym_k0226 0
REFERENCE sym_k0000 0
REFERENCE sym_k0037 0
REFERENCE missing_2289 0
REFERENCE sym_k0012 0
REFERENCE sym_k0009 0
REFERENCE sym_k0009 0
REFERENCE sym_k0040 0
REFERENCE sym_k0002 0
DECLARE sym_k0257 3 0
REFERENCE sym_k0003 0
REFERENCE sym_k0009 0
REFERENCE sym_k0002 0
REFERENCE missing_2419 0
DECLARE sym_k0079 5 0
REFERENCE sym_k0004 0
REFERENCE missing_1569 0
REFERENCE sym_k0009 0
REFERENCE missing_8245 0
REFERENCE sym_k0001 0
REFERENCE missing_6117 0
REFERENCE sym_k0001 0
REFERENCE missing_3039 0
REFERENCE sym_k0001 0
REFERENCE sym_k0000 0
DECLARE sym_k0231 7 0
REFERENCE sym_k0034 0
REFERENCE sym_k0001 0
REFERENCE sym_k0005 0
REFERENCE sym_k0001 0
REFERENCE sym_k0022 0
REFERENCE sym_k0003 0
REFERENCE sym_k0000 0
REFERENCE sym_k0000 0
DECLARE sym_k0113 9 0
REFERENCE sym_k0001 0
REFERENCE missing_8161 0
REFERENCE sym_k0003 0
REFERENCE sym_k0000 0
DECLARE sym_k0118 14 0
DECLARE sym_k0063 4 0
REFERENCE sym_k0001 0
DECLARE sym_k0174 10 0
DECLARE sym_k0090 1 0
REFERENCE sym_k0031 0
REFERENCE sym_k0007 0
REFERENCE sym_k0008 0
REFERENCE sym_k0015 0
REFERENCE sym_k0008 0
REFERENCE sym_k0013 0
REFERENCE sym_k0005 0
REFERENCE sym_k0036 0
REFERENCE sym_k0035 0
REFERENCE sym_k0009 0
REFERENCE sym_k0005 0
REFERENCE sym_k0022 0
REFERENCE sym_k0014 0
REFERENCE sym_k0022 0
REFERENCE sym_k0011 0
DECLARE sym_k0054 10 0
REFERENCE missing_8856 0
REFERENCE sym_k0001 0
REFERENCE sym_k0001 0
REFERENCE sym_k0000 0
REFERENCE sym_k0004 0
REFERENCE sym_k0000 0
REFERENCE sym_k0000 0
REFERENCE sym_k0000 0
REFERENCE sym_k0002 0
REFERENCE sym_k0000 0
REFERENCE sym_k0001 0
REFERENCE sym_k0002 0
REFERENCE sym_k0000 0
REFERENCE sym_k0000 0
REFERENCE sym_k0002 0
REFERENCE sym_k0001 0
REFERENCE sym_k0003 0
REFERENCE sym_k0031 0
REFERENCE sym_k0003 0
REFERENCE sym_k0079 0
REFERENCE sym_k0001 0
REFERENCE sym_k0015 0
REFERENCE sym_k0001 0
REFERENCE sym_k0000 0
REFERENCE sym_k0000 0
REFERENCE sym_k0000 0
REFERENCE missing_6987 0
REFERENCE sym_k0030 0
REFERENCE sym_k0004 0
REFERENCE sym_k0004 0
REFERENCE sym_k0007 0
REFERENCE sym_k0002 0
REFERENCE missing_4800 0
REFERENCE sym_k0001 0
REFERENCE sym_k0046 0
REFERENCE sym_k0001 0
REFERENCE sym_k0000 0
REFERENCE sym_k0000 0
REFERENCE sym_k0027 0
REFERENCE sym_k0041 0
REFERENCE sym_k0092 0
REFERENCE sym_k0006 0
REFERENCE sym_k0002 0
REFERENCE sym_k0174 0
REFERENCE sym_k0000 0
REFERENCE sym_k0001 0
REFERENCE missing_1185 0
REFERENCE sym_k0000 0
REFERENCE sym_k0000 0
REFERENCE sym_k0001 0
REFERENCE missing_4754 0
REFERENCE sym_k0003 0
REFERENCE sym_k0003 0
REFERENCE sym_k0002 0
REFERENCE sym_k0000 0
REFERENCE sym_k0003 0
REFERENCE sym_k0000 0
REFERENCE sym_k0001 0
REFERENCE sym_k0002 0
REFERENCE sym_k0018 0
REFERENCE sym_k0001 0
REFERENCE sym_k0003 0
REFERENCE sym_k0000 0
REFERENCE sym_k0000 0
REFERENCE sym_k0000 0
DECLARE sym_k0103 14 0
REFERENCE sym_k0005 0
REFERENCE sym_k0000 0
REFERENCE sym_k0002 0
REFERENCE sym_k0001 0
REFERENCE missing_8465 0
REFERENCE sym_k0036 0
REFERENCE sym_k0001 0
REFERENCE sym_k0021 0
REFERENCE missing_7124 0
REFERENCE sym_k0001 0
REFERENCE sym_k0009 0
REFERENCE sym_k0000 0
REFERENCE sym_k0000 0
REFERENCE sym_k0069 0
REFERENCE sym_k0001 0
REFERENCE sym_k0009 0
DECLARE sym_k0074 15 0
REFERENCE sym_k0000 0
REFERENCE sym_k0000 0
REFERENCE sym_k0003 0
REFERENCE sym_k0005 0
REFERENCE sym_k0013 0
REFERENCE sym_k0004 0
REFERENCE sym_k0007 0
REFERENCE sym_k0000 0
REFERENCE sym_k0054 0
REFERENCE sym_k0006 0
REFERENCE sym_k0030 0
REFERENCE sym_k0001 0
REFERENCE sym_k0003 0
REFERENCE sym_k0060 0
REFERENCE sym_k0006 0
REFERENCE sym_k0000 0
REFERENCE sym_k0031 0
REFERENCE sym_k0001 0
REFERENCE missing_2659 0
REFERENCE sym_k0000 0
REFERENCE sym_k0001 0
REFERENCE sym_k0034 0
DECLARE sym_k0117 13 0
REFERENCE sym_k0000 0
REFERENCE sym_k0000 0
REFERENCE sym_k0036 0
REFERENCE sym_k0002 0
REFERENCE sym_k0001 0
REFERENCE sym_k0056 0
REFERENCE sym_k0001 0
REFERENCE sym_k0000 0
REFERENCE sym_k0000 0
REFERENCE sym_k0001 0
REFERENCE sym_k0042 0
REFERENCE sym_k0000 0
REFERENCE sym_k0000 0
REFERENCE sym_k0001 0
REFERENCE sym_k0002 0
REFERENCE sym_k0001 0
REFERENCE sym_k0004 0
DECLARE sym_k0138 4 0
DECLARE sym_k0072 13 0
REFERENCE sym_k0105 0
REFERENCE sym_k0000 0
REFERENCE sym_k0000 0
REFERENCE sym_k0020 0
REFERENCE sym_k0000 0
REFERENCE sym_k0018 0
REFERENCE sym_k0000 0
REFERENCE sym_k0028 0
REFERENCE sym_k0000 0
DECLARE sym_k0151 2 0
REFERENCE sym_k0000 0
REFERENCE sym_k0000 0
REFERENCE sym_k0021 0
REFERENCE missing_3078 0
REFERENCE sym_k0000 0
REFERENCE sym_k0011 0
REFERENCE sym_k0011 0
REFERENCE sym_k0000 0
REFERENCE sym_k0226 0
REFERENCE sym_k0002 0
REFERENCE sym_k0003 0
REFERENCE sym_k0000 0
REFERENCE sym_k0000 0
REFERENCE sym_k0002 0
REFERENCE sym_k0105 0
REFERENCE sym_k0000 0
REFERENCE sym_k0003 0
REFERENCE sym_k0002 0
REFERENCE sym_k0010 0
REFERENCE sym_k0000 0
REFERENCE sym_k0004 0
REFERENCE sym_k0043 0
REFERENCE sym_k0000 0
REFERENCE sym_k0000 0
REFERENCE sym_k0007 0
REFERENCE sym_k0041 0
REFERENCE sym_k0074 0
REFERENCE sym_k0000 0
REFERENCE missing_6027 0
REFERENCE missing_2250 0
REFERENCE sym_k0003 0
REFERENCE missing_6149 0
REFERENCE missing_8301 0
REFERENCE sym_k0004 0
REFERENCE sym_k0006 0
REFERENCE sym_k0000 0
DECLARE sym_k0120 1 0
REFERENCE sym_k0040 0
REFERENCE sym_k0000 0
REFERENCE sym_k0028 0
REFERENCE sym_k0032 0
REFERENCE sym_k0016 0
REFERENCE sym_k0001 0
REFERENCE sym_k0013 0
REFERENCE sym_k0003 0
REFERENCE sym_k0001 0
REFERENCE sym_k0000 0
REFERENCE sym_k0027 0
REFERENCE missing_2054 0
DECLARE sym_k0053 9 0
DECLARE sym_k0065 6 0
REFERENCE sym_k0005 0
DECLARE sym_k0294 10 0
REFERENCE sym_k0050 0
REFERENCE sym_k0000 0
REFERENCE sym_k0024 0
REFERENCE sym_k0010 0
REFERENCE sym_k0000 0
REFERENCE sym_k0001 0
REFERENCE sym_k0002 0
DECLARE sym_k0091 2 0
REFERENCE sym_k0000 0
REFERENCE sym_k0001 0
REFERENCE sym_k0194 0
REFERENCE sym_k0000 0
REFERENCE sym_k0010 0
REFERENCE sym_k0144 0
REFERENCE sym_k0002 0
REFERENCE sym_k0002 0
REFERENCE missing_4035 0
REFERENCE sym_k0000 0
REFERENCE sym_k0000 0
REFERENCE sym_k0014 0
REFERENCE sym_k0005 0
REFERENCE sym_k0000 0
REFERENCE sym_k0000 0
REFERENCE sym_k0013 0
REFERENCE sym_k0004 0
REFERENCE sym_k0001 0
DECLARE sym_k0099 10 0
REFERENCE sym_k0005 0
REFERENCE sym_k0000 0
DECLARE sym_k0062 3 0
REFERENCE sym_k0004 0
REFERENCE missing_7954 0
REFERENCE sym_k0000 0
REFERENCE sym_k0000 0
REFERENCE sym_k0000 0
REFERENCE sym_k0294 0
REFERENCE sym_k0000 0
REFERENCE sym_k0163 0
REFERENCE sym_k0008 0
REFERENCE sym_k0000 0
REFERENCE sym_k0001 0
REFERENCE sym_k0003 0
REFERENCE sym_k0007 0
REFERENCE sym_k0003 0
REFERENCE missing_4229 0
REFERENCE sym_k0005 0
REFERENCE sym_k0000 0
REFERENCE sym_k0000 0
REFERENCE sym_k0083 0
REFERENCE sym_k0005 0
REFERENCE sym_k0008 0
REFERENCE sym_k0027 0
DECLARE sym_k0263 9 0
REFERENCE sym_k0005 0
REFERENCE sym_k0000 0
REFERENCE sym_k0000 0
REFERENCE sym_k0039 0
REFERENCE missing_8188 0
REFERENCE sym_k0005 0
REFERENCE sym_k0003 0
REFERENCE sym_k0003 0
DECLARE sym_k0108 4 0
REFERENCE sym_k0000 0
REFERENCE sym_k0000 0
REFERENCE sym_k0000 0
REFERENCE sym_k0003 0
REFERENCE sym_k0002 0
REFERENCE sym_k0007 0
REFERENCE sym_k0000 0
REFERENCE sym_k0138 0
REFERENCE sym_k0002 0
REFERENCE sym_k0002 0
DECLARE sym_k0104 15 0
REFERENCE sym_k0002 0
REFERENCE sym_k0005 0
REFERENCE sym_k0032 0
REFERENCE sym_k0001 0
REFERENCE sym_k0002 0
REFERENCE sym_k0000 0
REFERENCE sym_k0003 0
REFERENCE sym_k0000 0
REFERENCE sym_k0009 0
REFERENCE sym_k0025 0
REFERENCE missing_9948 0
REFERENCE sym_k0090 0
REFERENCE sym_k0000 0
REFERENCE sym_k0000 0
REFERENCE sym_k0029 0
REFERENCE sym_k0000 0
REFERENCE sym_k0000 0
REFERENCE sym_k0011 0
REFERENCE sym_k0000 0
REFERENCE sym_k0043 0
REFERENCE sym_k0000 0
REFERENCE missing_9083 0
REFERENCE sym_k0009 0
REFERENCE sym_k0006 0
REFERENCE sym_k0000 0
REFERENCE sym_k0000 0
REFERENCE sym_k0000 0
REFERENCE sym_k0002 0
REFERENCE sym_k0002 0
REFERENCE sym_k0001 0
REFERENCE sym_k0000 0
REFERENCE sym_k0025 0
REFERENCE missing_4762 0
REFERENCE sym_k0015 0
REFERENCE sym_k0000 0
REFERENCE sym_k0053 0
REFERENCE sym_k0025 0
REFERENCE missing_2130 0
REFERENCE sym_k0001 0
REFERENCE sym_k0017 0
REFERENCE sym_k0000 0
REFERENCE sym_k0011 0
REFERENCE sym_k0000 0
REFERENCE sym_k0004 0
REFERENCE sym_k0118 0
REFERENCE sym_k0006 0
REFERENCE sym_k0005 0
REFERENCE sym_k0003 0
REFERENCE sym_k0047 0
REFERENCE sym_k0001 0
REFERENCE sym_k0001 0
REFERENCE sym_k0013 0
REFERENCE sym_k0001 0
REFERENCE missing_2153 0
REFERENCE sym_k0006 0
REFERENCE sym_k0007 0
REFERENCE sym_k0000 0
REFERENCE sym_k0012 0
REFERENCE sym_k0005 0
REFERENCE sym_k0050 0
REFERENCE sym_k0049 0
REFERENCE sym_k0012 0
DECLARE sym_k0149 15 0
REFERENCE sym_k0000 0
REFERENCE sym_k0000 0
REFERENCE missing_4505 0
REFERENCE sym_k0001 0
REFERENCE sym_k0118 0
REFERENCE sym_k0000 0
REFERENCE sym_k0022 0
REFERENCE sym_k0001 0
REFERENCE sym_k0000 0
REFERENCE sym_k0034 0
REFERENCE sym_k0002 0
REFERENCE sym_k0000 0
REFERENCE sym_k0000 0
REFERENCE sym_k0001 0
REFERENCE sym_k0001 0
REFERENCE sym_k0001 0
REFERENCE sym_k0005 0
REFERENCE missing_4548 0
REFERENCE sym_k0002 0
REFERENCE sym_k0000 0
REFERENCE sym_k0007 0
REFERENCE sym_k0002 0
REFERENCE sym_k0000 0
REFERENCE sym_k0012 0
REFERENCE sym_k0001 0
REFERENCE sym_k0001 0
REFERENCE sym_k0018 0
REFERENCE sym_k0000 0
REFERENCE sym_k0000 0
REFERENCE sym_k0002 0
DECLARE sym_k0084 10 0
REFERENCE sym_k0001 0
REFERENCE sym_k0002 0
REFERENCE sym_k0019 0
DECLARE sym_k0289 5 0
DECLARE sym_k0095 6 0
REFERENCE sym_k0002 0
REFERENCE missing_8869 0
REFERENCE sym_k0003 0
REFERENCE sym_k0000 0
REFERENCE sym_k0000 0
REFERENCE sym_k0000 0
REFERENCE sym_k0043 0
REFERENCE sym_k0000 0
REFERENCE sym_k0000 0
DECLARE sym_k0169 5 0
REFERENCE sym_k0000 0
REFERENCE sym_k0054 0
REFERENCE sym_k0000 0
REFERENCE sym_k0011 0
REFERENCE sym_k0000 0
REFERENCE sym_k0000 0
REFERENCE missing_6808 0
REFERENCE sym_k0008 0
REFERENCE sym_k0046 0
REFERENCE sym_k0042 0
REFERENCE sym_k0041 0
REFERENCE sym_k0001 0
REFERENCE sym_k0003 0
REFERENCE sym_k0001 0
REFERENCE sym_k0002 0
REFERENCE sym_k0001 0
REFERENCE sym_k0032 0
REFERENCE sym_k0013 0
REFERENCE sym_k0000 0
REFERENCE sym_k0026 0
REFERENCE sym_k0000 0
REFERENCE missing_5955 0
REFERENCE sym_k0035 0
REFERENCE sym_k0000 0
REFERENCE sym_k0007 0
REFERENCE sym_k0023 0
REFERENCE sym_k0118 0
REFERENCE sym_k0000 0
REFERENCE sym_k0000 0
REFERENCE sym_k0010 0
REFERENCE sym_k0006 0
REFERENCE sym_k0021 0
REFERENCE sym_k0003 0
REFERENCE sym_k0021 0
DECLARE sym_k0271 2 0
REFERENCE sym_k0021 0
REFERENCE sym_k0008 0
REFERENCE sym_k0000 0
REFERENCE sym_k0002 0
REFERENCE sym_k0004 0
DECLARE sym_k0073 14 0
REFERENCE sym_k0021 0
REFERENCE sym_k0001 0
REFERENCE sym_k0001 0
REFERENCE sym_k0002 0
REFERENCE sym_k0000 0
REFERENCE sym_k0000 0
REFERENCE sym_k0105 0
REFERENCE sym_k0000 0
REFERENCE sym_k0055 0
REFERENCE sym_k0022 0
REFERENCE sym_k0024 0
REFERENCE sym_k0231 0
REFERENCE missing_1982 0
REFERENCE sym_k0005 0
REFERENCE sym_k0026 0
REFERENCE sym_k0004 0
REFERENCE sym_k0003 0
REFERENCE sym_k0002 0
REFERENCE sym_k0018 0
REFERENCE sym_k0002 0
REFERENCE sym_k0001 0
REFERENCE sym_k0050 0
REFERENCE sym_k0000 0
REFERENCE sym_k0050 0
REFERENCE sym_k0001 0
REFERENCE sym_k0013 0
REFERENCE sym_k0000 0
REFERENCE sym_k0015 0
REFERENCE sym_k0012 0
REFERENCE missing_1593 0
REFERENCE sym_k0010 0
REFERENCE sym_k0001 0
REFERENCE sym_k0000 0
REFERENCE sym_k0003 0
REFERENCE sym_k0002 0
REFERENCE sym_k0003 0
REFERENCE sym_k0007 0
REFERENCE sym_k0000 0
REFERENCE sym_k0000 0
REFERENCE sym_k0000 0
REFERENCE sym_k0003 0
REFERENCE sym_k0037 0
REFERENCE sym_k0003 0
REFERENCE sym_k0014 0
REFERENCE sym_k0004 0
REFERENCE sym_k0000 0
REFERENCE missing_8749 0
REFERENCE sym_k0000 0
REFERENCE sym_k0030 0
REFERENCE sym_k0005 0
REFERENCE sym_k0013 0
REFERENCE sym_k0001 0
REFERENCE sym_k0002 0
REFERENCE sym_k0011 0
REFERENCE sym_k0000 0
REFERENCE sym_k0034 0
REFERENCE sym_k0000 0
REFERENCE sym_k0001 0
REFERENCE missing_9943 0
REFERENCE sym_k0002 0
REFERENCE sym_k0000 0
REFERENCE sym_k0015 0
REFERENCE sym_k0023 0
REFERENCE sym_k0006 0
DECLARE sym_k0052 8 0
DECLARE sym_k0210 1 0
REFERENCE missing_3908 0
REFERENCE sym_k0013 0
REFERENCE sym_k0000 0
DECLARE sym_k0196 2 0
REFERENCE sym_k0000 0
REFERENCE sym_k0000 0
REFERENCE sym_k0000 0
REFERENCE sym_k0194 0
REFERENCE sym_k0002 0
REFERENCE sym_k0000 0
REFERENCE sym_k0029 0
REFERENCE missing_2383 0
REFERENCE sym_k0001 0
REFERENCE sym_k0002 0
REFERENCE sym_k0007 0
REFERENCE sym_k0073 0
REFERENCE sym_k0001 0
REFERENCE sym_k0000 0
REFERENCE sym_k0008 0
REFERENCE sym_k0005 0
REFERENCE sym_k0010 0
REFERENCE sym_k0000 0
REFERENCE sym_k0016 0
REFERENCE sym_k0017 0
REFERENCE sym_k0010 0
REFERENCE sym_k0010 0
REFERENCE sym_k0000 0
REFERENCE sym_k0029 0
REFERENCE sym_k0000 0
REFERENCE sym_k0000 0
REFERENCE sym_k0004 0
REFERENCE sym_k0000 0
DECLARE sym_k0102 13 0
REFERENCE sym_k0002 0
REFERENCE sym_k0000 0
REFERENCE sym_k0009 0
REFERENCE sym_k0000 0
REFERENCE sym_k0047 0
REFERENCE sym_k0002 0
REFERENCE sym_k0056 0
REFERENCE sym_k0014 0
REFERENCE sym_k0000 0
REFERENCE sym_k0000 0
REFERENCE sym_k0002 0
REFERENCE sym_k0163 0
REFERENCE sym_k0003 0
REFERENCE sym_k0000 0
REFERENCE sym_k0072 0
REFERENCE sym_k0000 0
REFERENCE sym_k0007 0
REFERENCE sym_k0006 0
REFERENCE sym_k0002 0
REFERENCE sym_k0000 0
REFERENCE sym_k0013 0
REFERENCE missing_4020 0
REFERENCE sym_k0001 0
REFERENCE sym_k0000 0
REFERENCE sym_k0042 0
REFERENCE sym_k0001 0
REFERENCE sym_k0026 0
REFERENCE sym_k0001 0
REFERENCE sym_k0001 0
REFERENCE sym_k0002 0
REFERENCE missing_3977 0
REFERENCE sym_k0000 0
REFERENCE sym_k0149 0
REFERENCE sym_k0001 0
REFERENCE missing_6612 0
DECLARE sym_k0112 8 0
REFERENCE sym_k0000 0
REFERENCE missing_7190 0
REFERENCE sym_k0000 0
REFERENCE sym_k0000 0
REFERENCE sym_k0028 0
REFERENCE sym_k0000 0
REFERENCE sym_k0000 0
REFERENCE missing_8671 0
REFERENCE sym_k0013 0
REFERENCE sym_k0004 0
REFERENCE sym_k0000 0
REFERENCE sym_k0001 0
REFERENCE sym_k0018 0
REFERENCE sym_k0001 0
REFERENCE sym_k0016 0
REFERENCE sym_k0017 0
REFERENCE sym_k0000 0
REFERENCE sym_k0010 0
REFERENCE sym_k0002 0
REFERENCE sym_k0041 0
REFERENCE missing_9189 0
REFERENCE sym_k0055 0
REFERENCE sym_k0012 0
DECLARE sym_k0273 4 0
REFERENCE sym_k0003 0
DECLARE sym_k0189 10 0
DECLARE sym_k0148 14 0
REFERENCE sym_k0000 0
REFERENCE sym_k0005 0
REFERENCE sym_k0016 0
REFERENCE sym_k0016 0
REFERENCE sym_k0000 0
REFERENCE sym_k0002 0
REFERENCE sym_k0001 0
REFERENCE sym_k0001 0
REFERENCE sym_k0003 0
REFERENCE sym_k0023 0
REFERENCE sym_k0003 0
REFERENCE sym_k0000 0
REFERENCE sym_k0007 0
REFERENCE sym_k0002 0
REFERENCE sym_k0273 0
REFERENCE sym_k0010 0
REFERENCE sym_k0000 0
REFERENCE sym_k0149 0
REFERENCE sym_k0001 0
REFERENCE sym_k0003 0
REFERENCE sym_k0004 0
REFERENCE sym_k0003 0
REFERENCE sym_k0000 0
REFERENCE sym_k0001 0
REFERENCE sym_k0000 0
REFERENCE sym_k0000 0
REFERENCE sym_k0004 0
REFERENCE sym_k0025 0
REFERENCE sym_k0104 0
REFERENCE sym_k0001 0
REFERENCE sym_k0000 0
REFERENCE sym_k0001 0
REFERENCE sym_k0013 0
REFERENCE sym_k0074 0
REFERENCE sym_k0003 0
REFERENCE missing_3502 0
REFERENCE sym_k0047 0
REFERENCE missing_3134 0
REFERENCE sym_k0022 0
REFERENCE sym_k0001 0
REFERENCE sym_k0008 0
REFERENCE sym_k0004 0
REFERENCE missing_2591 0
REFERENCE sym_k0005 0
REFERENCE sym_k0002 0
REFERENCE sym_k0000 0
REFERENCE sym_k0000 0
REFERENCE missing_8988 0
REFERENCE sym_k0000 0
REFERENCE sym_k0001 0
REFERENCE sym_k0004 0
REFERENCE sym_k0002 0
REFERENCE sym_k0003 0
REFERENCE missing_4787 0
REFERENCE sym_k0050 0
REFERENCE sym_k0003 0
REFERENCE missing_7592 0
REFERENCE sym_k0003 0
REFERENCE sym_k0014 0
REFERENCE sym_k0000 0
REFERENCE missing_1549 0
DECLARE sym_k0097 8 0
REFERENCE sym_k0000 0
REFERENCE sym_k0004 0
REFERENCE sym_k0004 0
REFERENCE sym_k0008 0
REFERENCE sym_k0000 0
REFERENCE sym_k0006 0
REFERENCE sym_k0063 0
REFERENCE sym_k0001 0
REFERENCE missing_2089 0
REFERENCE sym_k0007 0
REFERENCE sym_k0072 0
REFERENCE sym_k0000 0
REFERENCE sym_k0004 0
REFERENCE sym_k0000 0
REFERENCE sym_k0038 0
REFERENCE sym_k0029 0
DECLARE sym_k0131 12 0
REFERENCE sym_k0092 0
REFERENCE sym_k0000 0
REFERENCE sym_k0013 0
REFERENCE sym_k0118 0
REFERENCE sym_k0005 0
REFERENCE sym_k0004 0
REFERENCE sym_k0000 0
REFERENCE sym_k0020 0
REFERENCE sym_k0001 0
REFERENCE sym_k0001 0
REFERENCE sym_k0000 0
REFERENCE sym_k0099 0
REFERENCE sym_k0000 0
DECLARE sym_k0061 2 0
REFERENCE sym_k0000 0
REFERENCE sym_k0000 0
REFERENCE sym_k0001 0
REFERENCE sym_k0000 0
REFERENCE sym_k0000 0
REFERENCE sym_k0004 0
REFERENCE missing_5975 0
REFERENCE sym_k0001 0
REFERENCE sym_k0037 0
REFERENCE sym_k0000 0
REFERENCE sym_k0003 0
REFERENCE sym_k0011 0
REFERENCE sym_k0001 0
REFERENCE sym_k0000 0
REFERENCE sym_k0006 0
REFERENCE sym_k0001 0
EXIT_SCOPE 0
