# ColliScope Generated Random Trace
# Parameters: seed=59, scope=nested, type=mixed, replicate=3
ENTER_SCOPE 0
DECLARE fyy_00000 1 0
DECLARE dha_00001 20 0
DECLARE avj_00002 18 0
DECLARE hep_00003 6 0
DECLARE zxx_00004 4 0
DECLARE jbi_00005 3 0
DECLARE bto_00006 3 0
DECLARE gcp_00007 20 0
DECLARE cid_00008 13 0
DECLARE ach_00009 17 0
DECLARE fnz_00010 13 0
DECLARE tpd_00011 2 0
DECLARE yzk_00012 15 0
DECLARE nrw_00013 9 0
DECLARE jnm_00014 7 0
DECLARE gmn_00015 14 0
DECLARE gri_00016 2 0
DECLARE jax_00017 12 0
DECLARE pra_00018 15 0
DECLARE vbo_00019 2 0
DECLARE vmh_00020 11 0
DECLARE ynj_00021 4 0
DECLARE vbm_00022 3 0
DECLARE xew_00023 8 0
DECLARE mdc_00024 11 0
DECLARE kya_00025 4 0
DECLARE ybz_00026 2 0
DECLARE irk_00027 14 0
DECLARE aot_00028 8 0
DECLARE aah_00029 9 0
DECLARE qed_00030 4 0
DECLARE uqq_00031 18 0
DECLARE poh_00032 8 0
DECLARE ems_00033 4 0
DECLARE pdr_00034 16 0
DECLARE tmd_00035 1 0
DECLARE flx_00036 6 0
DECLARE jnn_00037 10 0
DECLARE zwt_00038 17 0
DECLARE znf_00039 1 0
DECLARE syw_00040 16 0
DECLARE hvo_00041 8 0
DECLARE kew_00042 1 0
DECLARE yok_00043 13 0
DECLARE tme_00044 9 0
DECLARE grt_00045 3 0
DECLARE plx_00046 4 0
DECLARE ssu_00047 12 0
DECLARE gor_00048 17 0
DECLARE dwb_00049 6 0
REFERENCE hvo_00041 0
DECLARE ltq_00050 8 0
REFERENCE ems_00033 0
DECLARE kbk_00051 14 0
DECLARE awm_00052 17 0
DECLARE gqe_00053 9 0
REFERENCE missing_1246 0
DECLARE dsr_00054 18 0
REFERENCE missing_7898 0
DECLARE pzd_00055 2 0
REFERENCE yok_00043 0
REFERENCE nrw_00013 0
REFERENCE vbm_00022 0
DECLARE hxw_00056 14 0
DECLARE nyx_00057 3 0
REFERENCE zwt_00038 0
DECLARE yza_00058 17 0
DECLARE ehg_00059 15 0
ENTER_SCOPE 1 0
DECLARE awm_00052 19 1
DECLARE elp_00060 18 1
REFERENCE gcp_00007 1
REFERENCE hvo_00041 1
DECLARE azc_00061 11 1
DECLARE tni_00062 7 1
REFERENCE jnm_00014 1
DECLARE ybz_00026 8 1
EXIT_SCOPE 1
DECLARE lub_00063 19 0
REFERENCE ehg_00059 0
REFERENCE jnm_00014 0
REFERENCE qed_00030 0
ENTER_SCOPE 2 0
DECLARE ykk_00064 4 2
REFERENCE ykk_00064 2
REFERENCE fnz_00010 2
DECLARE jvf_00065 16 2
ENTER_SCOPE 3 2
DECLARE ykk_00064 20 3
REFERENCE missing_3379 3
DECLARE fdn_00066 20 3
ENTER_SCOPE 4 3
DECLARE ykk_00064 18 4
EXIT_SCOPE 4
ENTER_SCOPE 5 3
REFERENCE vmh_00020 5
DECLARE fdn_00066 13 5
REFERENCE missing_8141 5
REFERENCE ssu_00047 5
DECLARE hxy_00067 14 5
DECLARE mkn_00068 15 5
DECLARE tcx_00069 3 5
REFERENCE yzk_00012 5
DECLARE ykk_00064 7 5
DECLARE iwf_00070 5 5
DECLARE xwm_00071 5 5
REFERENCE gcp_00007 5
REFERENCE gmn_00015 5
DECLARE qks_00072 3 5
REFERENCE yok_00043 5
REFERENCE nrw_00013 5
REFERENCE yza_00058 5
REFERENCE jbi_00005 5
REFERENCE awm_00052 5
DECLARE qyj_00073 14 5
DECLARE txi_00074 2 5
DECLARE llq_00075 2 5
REFERENCE jvf_00065 5
DECLARE ndv_00076 10 5
REFERENCE qks_00072 5
DECLARE qrd_00077 11 5
DECLARE jvf_00065 11 5
EXIT_SCOPE 5
DECLARE mnc_00078 1 3
REFERENCE gcp_00007 3
REFERENCE ltq_00050 3
DECLARE xpp_00079 13 3
REFERENCE qed_00030 3
REFERENCE irk_00027 3
REFERENCE vbo_00019 3
REFERENCE znf_00039 3
REFERENCE jbi_00005 3
DECLARE yeh_00080 17 3
ENTER_SCOPE 6 3
DECLARE xwa_00081 3 6
REFERENCE poh_00032 6
EXIT_SCOPE 6
REFERENCE mnc_00078 3
REFERENCE uqq_00031 3
EXIT_SCOPE 3
REFERENCE tpd_00011 2
DECLARE qfe_00082 4 2
REFERENCE ems_00033 2
REFERENCE ynj_00021 2
REFERENCE hxw_00056 2
REFERENCE pdr_00034 2
REFERENCE missing_1180 2
REFERENCE kbk_00051 2
REFERENCE ems_00033 2
DECLARE mnk_00083 11 2
REFERENCE avj_00002 2
REFERENCE ehg_00059 2
REFERENCE jvf_00065 2
DECLARE uus_00084 6 2
DECLARE jnj_00085 2 2
REFERENCE hep_00003 2
REFERENCE mnk_00083 2
DECLARE phm_00086 6 2
DECLARE crw_00087 1 2
DECLARE dll_00088 18 2
REFERENCE jvf_00065 2
ENTER_SCOPE 7 2
REFERENCE ynj_00021 7
DECLARE koc_00089 7 7
REFERENCE gor_00048 7
DECLARE fds_00090 1 7
DECLARE xeo_00091 17 7
REFERENCE uus_00084 7
ENTER_SCOPE 8 7
REFERENCE xeo_00091 8
REFERENCE missing_4417 8
DECLARE jro_00092 14 8
REFERENCE ykk_00064 8
REFERENCE syw_00040 8
DECLARE ljp_00093 18 8
DECLARE gyx_00094 4 8
REFERENCE koc_00089 8
REFERENCE jro_00092 8
REFERENCE fds_00090 8
DECLARE xeo_00091 4 8
REFERENCE aah_00029 8
ENTER_SCOPE 9 8
EXIT_SCOPE 9
REFERENCE dsr_00054 8
REFERENCE yza_00058 8
REFERENCE vmh_00020 8
DECLARE koc_00089 9 8
REFERENCE vbm_00022 8
REFERENCE dwb_00049 8
REFERENCE xeo_00091 8
DECLARE psz_00095 7 8
DECLARE fds_00090 6 8
DECLARE phm_00086 18 8
REFERENCE aot_00028 8
DECLARE eew_00096 19 8
REFERENCE uus_00084 8
REFERENCE vbm_00022 8
ENTER_SCOPE 10 8
REFERENCE zwt_00038 10
DECLARE poo_00097 14 10
DECLARE phm_00086 14 10
DECLARE njw_00098 9 10
DECLARE fxw_00099 10 10
DECLARE tcr_00100 7 10
REFERENCE missing_8633 10
DECLARE vmo_00101 9 10
DECLARE aml_00102 19 10
DECLARE qdw_00103 5 10
REFERENCE tmd_00035 10
DECLARE fzs_00104 8 10
DECLARE cet_00105 9 10
REFERENCE gri_00016 10
DECLARE xab_00106 7 10
REFERENCE vmo_00101 10
DECLARE koc_00089 4 10
DECLARE sjo_00107 11 10
DECLARE tgq_00108 3 10
DECLARE eew_00096 17 10
REFERENCE znf_00039 10
REFERENCE aot_00028 10
REFERENCE qdw_00103 10
DECLARE ofu_00109 19 10
REFERENCE missing_4813 10
REFERENCE syw_00040 10
REFERENCE kew_00042 10
DECLARE xeo_00091 14 10
REFERENCE phm_00086 10
DECLARE hpk_00110 14 10
ENTER_SCOPE 11 10
REFERENCE ljp_00093 11
DECLARE twh_00111 8 11
REFERENCE ltq_00050 11
ENTER_SCOPE 12 11
REFERENCE tcr_00100 12
REFERENCE missing_9358 12
REFERENCE xeo_00091 12
DECLARE nat_00112 19 12
REFERENCE jax_00017 12
DECLARE zfi_00113 19 12
REFERENCE fxw_00099 12
REFERENCE vmh_00020 12
DECLARE njc_00114 2 12
REFERENCE jvf_00065 12
DECLARE twh_00111 11 12
REFERENCE poh_00032 12
ENTER_SCOPE 13 12
REFERENCE pra_00018 13
REFERENCE gri_00016 13
EXIT_SCOPE 13
DECLARE cne_00115 8 12
REFERENCE qdw_00103 12
REFERENCE ofu_00109 12
DECLARE hsn_00116 4 12
DECLARE phm_00086 5 12
DECLARE dlh_00117 1 12
DECLARE uno_00118 18 12
EXIT_SCOPE 12
REFERENCE xab_00106 11
REFERENCE fds_00090 11
REFERENCE missing_3688 11
REFERENCE jnn_00037 11
DECLARE uuv_00119 17 11
REFERENCE kbk_00051 11
DECLARE qdw_00103 13 11
REFERENCE sjo_00107 11
DECLARE cet_00105 17 11
REFERENCE missing_2131 11
DECLARE vmo_00101 17 11
REFERENCE fxw_00099 11
DECLARE rpx_00120 3 11
DECLARE waq_00121 11 11
REFERENCE jax_00017 11
REFERENCE nrw_00013 11
DECLARE wru_00122 4 11
REFERENCE gyx_00094 11
REFERENCE vmo_00101 11
DECLARE njw_00098 6 11
REFERENCE ybz_00026 11
ENTER_SCOPE 14 11
DECLARE cet_00105 12 14
EXIT_SCOPE 14
REFERENCE qdw_00103 11
REFERENCE aml_00102 11
DECLARE ylh_00123 17 11
DECLARE tcr_00100 7 11
REFERENCE tme_00044 11
DECLARE mqo_00124 18 11
DECLARE whl_00125 17 11
ENTER_SCOPE 15 11
ENTER_SCOPE 16 15
REFERENCE missing_6931 16
DECLARE yah_00126 1 16
DECLARE uxy_00127 2 16
REFERENCE zxx_00004 16
REFERENCE avj_00002 16
REFERENCE yok_00043 16
REFERENCE uus_00084 16
REFERENCE aah_00029 16
DECLARE knd_00128 20 16
EXIT_SCOPE 16
DECLARE vcj_00129 15 15
REFERENCE jbi_00005 15
REFERENCE missing_2015 15
REFERENCE gyx_00094 15
REFERENCE missing_7896 15
REFERENCE aml_00102 15
REFERENCE missing_7416 15
DECLARE aph_00130 15 15
ENTER_SCOPE 17 15
REFERENCE missing_8502 17
DECLARE xnt_00131 11 17
DECLARE vcj_00129 20 17
DECLARE fiq_00132 8 17
REFERENCE njw_00098 17
DECLARE nxt_00133 8 17
DECLARE fip_00134 8 17
REFERENCE vcj_00129 17
REFERENCE phm_00086 17
DECLARE aph_00130 14 17
REFERENCE whl_00125 17
DECLARE hnn_00135 6 17
REFERENCE missing_1826 17
REFERENCE kbk_00051 17
REFERENCE ssu_00047 17
REFERENCE gri_00016 17
DECLARE qtf_00136 7 17
REFERENCE vbo_00019 17
DECLARE jwh_00137 16 17
REFERENCE zxx_00004 17
REFERENCE missing_5678 17
DECLARE rvw_00138 7 17
REFERENCE uuv_00119 17
DECLARE jvi_00139 7 17
REFERENCE fzs_00104 17
REFERENCE vcj_00129 17
REFERENCE vbm_00022 17
REFERENCE phm_00086 17
DECLARE rys_00140 5 17
REFERENCE tpd_00011 17
DECLARE cet_00105 16 17
DECLARE njw_00098 17 17
REFERENCE wru_00122 17
REFERENCE aph_00130 17
EXIT_SCOPE 17
DECLARE qdw_00103 10 15
REFERENCE hvo_00041 15
REFERENCE twh_00111 15
DECLARE ylh_00123 17 15
REFERENCE phm_00086 15
DECLARE tam_00141 6 15
EXIT_SCOPE 15
DECLARE mwg_00142 3 11
REFERENCE dha_00001 11
REFERENCE crw_00087 11
REFERENCE kbk_00051 11
REFERENCE eew_00096 11
DECLARE yeb_00143 19 11
DECLARE oij_00144 3 11
EXIT_SCOPE 11
DECLARE fds_00090 11 10
ENTER_SCOPE 18 10
REFERENCE dsr_00054 18
DECLARE euy_00145 6 18
REFERENCE gor_00048 18
REFERENCE missing_6921 18
REFERENCE ems_00033 18
REFERENCE ltq_00050 18
DECLARE fjf_00146 4 18
REFERENCE jvf_00065 18
REFERENCE jnn_00037 18
REFERENCE phm_00086 18
REFERENCE sjo_00107 18
REFERENCE uus_00084 18
REFERENCE zwt_00038 18
REFERENCE aml_00102 18
DECLARE ooe_00147 10 18
DECLARE vqz_00148 17 18
DECLARE nxv_00149 13 18
ENTER_SCOPE 19 18
REFERENCE nyx_00057 19
DECLARE pns_00150 5 19
EXIT_SCOPE 19
DECLARE ffu_00151 8 18
REFERENCE kew_00042 18
REFERENCE zxx_00004 18
REFERENCE missing_2263 18
ENTER_SCOPE 20 18
REFERENCE missing_1575 20
REFERENCE xeo_00091 20
REFERENCE pdr_00034 20
REFERENCE euy_00145 20
REFERENCE fyy_00000 20
DECLARE iiv_00152 17 20
REFERENCE ems_00033 20
REFERENCE missing_5005 20
DECLARE uhg_00153 15 20
REFERENCE hvo_00041 20
EXIT_SCOPE 20
DECLARE fxw_00099 3 18
DECLARE kpq_00154 5 18
DECLARE fgp_00155 17 18
DECLARE ijq_00156 7 18
REFERENCE kya_00025 18
REFERENCE mdc_00024 18
DECLARE sjo_00157 19 18
REFERENCE ssu_00047 18
REFERENCE vbo_00019 18
DECLARE mqp_00158 9 18
DECLARE sjo_00107 4 18
DECLARE evi_00159 14 18
DECLARE weo_00160 5 18
REFERENCE njw_00098 18
EXIT_SCOPE 18
DECLARE jeg_00161 2 10
REFERENCE gyx_00094 10
DECLARE wqu_00162 7 10
DECLARE omq_00163 20 10
DECLARE vfp_00164 14 10
REFERENCE yok_00043 10
DECLARE knz_00165 14 10
REFERENCE crw_00087 10
REFERENCE ljp_00093 10
ENTER_SCOPE 21 10
REFERENCE gcp_00007 21
REFERENCE gcp_00007 21
EXIT_SCOPE 21
DECLARE rmc_00166 15 10
REFERENCE bto_00006 10
REFERENCE gqe_00053 10
REFERENCE plx_00046 10
REFERENCE vbm_00022 10
REFERENCE vbo_00019 10
DECLARE lhl_00167 15 10
DECLARE vyd_00168 18 10
REFERENCE yzk_00012 10
DECLARE kof_00169 17 10
DECLARE eyv_00170 14 10
DECLARE ktj_00171 15 10
REFERENCE xeo_00091 10
REFERENCE dll_00088 10
REFERENCE nrw_00013 10
REFERENCE missing_7058 10
DECLARE nnj_00172 10 10
DECLARE dpe_00173 19 10
REFERENCE nrw_00013 10
REFERENCE ofu_00109 10
DECLARE ojk_00174 9 10
DECLARE psz_00095 13 10
REFERENCE aah_00029 10
REFERENCE psz_00095 10
DECLARE iwy_00175 5 10
REFERENCE grt_00045 10
REFERENCE omq_00163 10
DECLARE zqd_00176 11 10
DECLARE rwz_00177 3 10
DECLARE dho_00178 7 10
REFERENCE rwz_00177 10
REFERENCE missing_6065 10
REFERENCE avj_00002 10
REFERENCE irk_00027 10
DECLARE rog_00179 17 10
DECLARE ljp_00093 17 10
DECLARE mvm_00180 18 10
REFERENCE avj_00002 10
DECLARE jke_00181 16 10
DECLARE xyu_00182 17 10
EXIT_SCOPE 10
DECLARE crw_00087 9 8
ENTER_SCOPE 22 8
DECLARE ewi_00183 17 22
REFERENCE ach_00009 22
DECLARE crw_00087 17 22
REFERENCE ltq_00050 22
DECLARE ngs_00184 3 22
DECLARE jno_00185 17 22
REFERENCE dha_00001 22
REFERENCE koc_00089 22
REFERENCE aah_00029 22
DECLARE xeo_00091 7 22
DECLARE ljp_00093 18 22
REFERENCE mnk_00083 22
REFERENCE awm_00052 22
REFERENCE missing_7212 22
ENTER_SCOPE 23 22
REFERENCE jbi_00005 23
REFERENCE crw_00087 23
REFERENCE pra_00018 23
DECLARE dst_00186 3 23
REFERENCE hvo_00041 23
DECLARE xtz_00187 4 23
REFERENCE ybz_00026 23
REFERENCE jro_00092 23
REFERENCE missing_5377 23
DECLARE cms_00188 8 23
DECLARE jlu_00189 1 23
REFERENCE gor_00048 23
REFERENCE jnn_00037 23
REFERENCE fds_00090 23
REFERENCE tmd_00035 23
REFERENCE missing_3432 23
REFERENCE xew_00023 23
DECLARE ngs_00184 7 23
REFERENCE plx_00046 23
DECLARE eni_00190 19 23
DECLARE poa_00191 16 23
DECLARE jno_00185 8 23
REFERENCE gcp_00007 23
REFERENCE syw_00040 23
DECLARE ljp_00093 1 23
REFERENCE zwt_00038 23
DECLARE hwy_00192 11 23
REFERENCE znf_00039 23
DECLARE zzz_00193 19 23
REFERENCE fds_00090 23
EXIT_SCOPE 23
REFERENCE irk_00027 22
ENTER_SCOPE 24 22
DECLARE jno_00185 11 24
DECLARE crw_00087 5 24
DECLARE gka_00194 15 24
DECLARE esi_00195 20 24
REFERENCE aah_00029 24
DECLARE jcg_00196 3 24
DECLARE nvt_00197 18 24
REFERENCE uqq_00031 24
DECLARE svu_00198 7 24
REFERENCE ssu_00047 24
DECLARE zdd_00199 16 24
REFERENCE vmh_00020 24
EXIT_SCOPE 24
REFERENCE yzk_00012 22
DECLARE goa_00200 18 22
REFERENCE tpd_00011 22
REFERENCE jbi_00005 22
REFERENCE gqe_00053 22
ENTER_SCOPE 25 22
REFERENCE gor_00048 25
DECLARE bvt_00201 5 25
DECLARE pic_00202 2 25
DECLARE vcp_00203 5 25
DECLARE ewi_00183 20 25
REFERENCE crw_00087 25
DECLARE ktr_00204 11 25
DECLARE rkh_00205 17 25
REFERENCE avj_00002 25
DECLARE wrn_00206 13 25
ENTER_SCOPE 26 25
REFERENCE phm_00086 26
REFERENCE missing_6322 26
REFERENCE missing_8252 26
REFERENCE missing_5883 26
REFERENCE psz_00095 26
DECLARE rkh_00205 13 26
REFERENCE missing_9676 26
REFERENCE avj_00002 26
DECLARE rqn_00207 14 26
REFERENCE gmn_00015 26
DECLARE wrn_00206 14 26
ENTER_SCOPE 27 26
REFERENCE xew_00023 27
DECLARE jwh_00208 6 27
REFERENCE missing_6824 27
DECLARE rqn_00207 10 27
EXIT_SCOPE 27
DECLARE vcp_00203 17 26
DECLARE pic_00202 7 26
ENTER_SCOPE 28 26
DECLARE hbc_00209 1 28
DECLARE fdf_00210 16 28
REFERENCE ngs_00184 28
REFERENCE vcp_00203 28
DECLARE hai_00211 11 28
REFERENCE xeo_00091 28
DECLARE fub_00212 20 28
REFERENCE ach_00009 28
REFERENCE missing_7134 28
DECLARE rkh_00205 1 28
DECLARE zez_00213 15 28
REFERENCE missing_8788 28
DECLARE rok_00214 5 28
REFERENCE missing_6636 28
REFERENCE zxx_00004 28
DECLARE add_00215 1 28
REFERENCE ljp_00093 28
EXIT_SCOPE 28
REFERENCE psz_00095 26
REFERENCE avj_00002 26
DECLARE ghe_00216 17 26
REFERENCE znf_00039 26
REFERENCE bto_00006 26
REFERENCE jnm_00014 26
DECLARE ktr_00204 8 26
DECLARE kgz_00217 7 26
REFERENCE lub_00063 26
REFERENCE lub_00063 26
REFERENCE eew_00096 26
DECLARE tzq_00218 17 26
REFERENCE gqe_00053 26
DECLARE xnv_00219 2 26
DECLARE bvt_00201 7 26
DECLARE ztj_00220 15 26
DECLARE fbo_00221 18 26
REFERENCE vbo_00019 26
EXIT_SCOPE 26
ENTER_SCOPE 29 25
EXIT_SCOPE 29
REFERENCE vcp_00203 25
REFERENCE kbk_00051 25
DECLARE jno_00185 7 25
REFERENCE missing_4648 25
REFERENCE missing_5904 25
REFERENCE yok_00043 25
ENTER_SCOPE 30 25
REFERENCE gcp_00007 30
DECLARE fqf_00222 9 30
REFERENCE pdr_00034 30
REFERENCE yzk_00012 30
DECLARE aio_00223 19 30
REFERENCE rkh_00205 30
DECLARE ouw_00224 10 30
ENTER_SCOPE 31 30
DECLARE ouw_00224 1 31
REFERENCE ouw_00224 31
DECLARE ciz_00225 3 31
REFERENCE eew_00096 31
DECLARE fqf_00222 1 31
EXIT_SCOPE 31
DECLARE thg_00226 2 30
REFERENCE missing_3168 30
REFERENCE dha_00001 30
REFERENCE aah_00029 30
REFERENCE uqq_00031 30
DECLARE jno_00185 1 30
DECLARE blm_00227 10 30
DECLARE hhd_00228 18 30
REFERENCE zxx_00004 30
DECLARE hdh_00229 5 30
REFERENCE ngs_00184 30
DECLARE zxx_00230 19 30
EXIT_SCOPE 30
REFERENCE missing_2748 25
REFERENCE xeo_00091 25
REFERENCE ems_00033 25
REFERENCE gmn_00015 25
DECLARE clj_00231 11 25
DECLARE crw_00087 7 25
DECLARE zko_00232 3 25
REFERENCE gqe_00053 25
REFERENCE koc_00089 25
DECLARE goa_00200 17 25
REFERENCE jno_00185 25
REFERENCE ewi_00183 25
REFERENCE tme_00044 25
REFERENCE missing_1336 25
DECLARE qud_00233 11 25
REFERENCE missing_5970 25
DECLARE ngs_00184 16 25
REFERENCE jnj_00085 25
REFERENCE grt_00045 25
DECLARE uwu_00234 19 25
REFERENCE missing_1593 25
REFERENCE missing_4115 25
REFERENCE gri_00016 25
REFERENCE aot_00028 25
DECLARE mep_00235 9 25
REFERENCE poh_00032 25
REFERENCE xeo_00091 25
DECLARE gsa_00236 7 25
DECLARE fui_00237 11 25
DECLARE wke_00238 8 25
DECLARE ljp_00093 6 25
ENTER_SCOPE 32 25
DECLARE kbd_00239 6 32
REFERENCE qed_00030 32
DECLARE ykv_00240 11 32
REFERENCE aot_00028 32
DECLARE rkh_00205 6 32
EXIT_SCOPE 32
DECLARE nct_00241 9 25
REFERENCE vmh_00020 25
ENTER_SCOPE 33 25
REFERENCE dsr_00054 33
DECLARE jzx_00242 14 33
REFERENCE missing_4778 33
REFERENCE gqe_00053 33
DECLARE hhs_00243 9 33
REFERENCE psz_00095 33
DECLARE hlj_00244 6 33
REFERENCE aah_00029 33
REFERENCE missing_7091 33
DECLARE jga_00245 14 33
ENTER_SCOPE 34 33
DECLARE jzx_00242 2 34
REFERENCE missing_4083 34
REFERENCE yza_00058 34
REFERENCE gmn_00015 34
DECLARE rst_00246 19 34
EXIT_SCOPE 34
DECLARE xnd_00247 9 33
ENTER_SCOPE 35 33
DECLARE bbf_00248 7 35
DECLARE sqp_00249 12 35
REFERENCE pic_00202 35
REFERENCE ngs_00184 35
DECLARE xkd_00250 8 35
REFERENCE missing_1765 35
DECLARE jzx_00242 5 35
REFERENCE nrw_00013 35
DECLARE hlj_00244 18 35
REFERENCE jzx_00242 35
REFERENCE cid_00008 35
DECLARE hhs_00243 16 35
DECLARE joh_00251 12 35
REFERENCE dha_00001 35
REFERENCE yza_00058 35
REFERENCE ewi_00183 35
REFERENCE dll_00088 35
DECLARE geg_00252 19 35
REFERENCE jbi_00005 35
REFERENCE missing_4683 35
REFERENCE irk_00027 35
DECLARE nia_00253 11 35
REFERENCE kbk_00051 35
DECLARE ngt_00254 17 35
REFERENCE gsa_00236 35
DECLARE ufs_00255 9 35
DECLARE ovc_00256 12 35
REFERENCE phm_00086 35
REFERENCE jno_00185 35
REFERENCE avj_00002 35
DECLARE bso_00257 1 35
REFERENCE fui_00237 35
REFERENCE missing_3668 35
REFERENCE flx_00036 35
REFERENCE kbk_00051 35
REFERENCE eew_00096 35
REFERENCE bvt_00201 35
DECLARE tbq_00258 14 35
REFERENCE ufs_00255 35
DECLARE div_00259 19 35
DECLARE gqz_00260 6 35
DECLARE fou_00261 11 35
DECLARE wzf_00262 2 35
REFERENCE avj_00002 35
REFERENCE missing_4229 35
EXIT_SCOPE 35
DECLARE buq_00263 10 33
DECLARE svj_00264 9 33
ENTER_SCOPE 36 33
DECLARE jzx_00242 19 36
REFERENCE svj_00264 36
REFERENCE uus_00084 36
REFERENCE crw_00087 36
REFERENCE syw_00040 36
DECLARE svj_00264 8 36
DECLARE lfe_00265 8 36
DECLARE kmo_00266 10 36
REFERENCE kew_00042 36
DECLARE fbx_00267 9 36
DECLARE hhs_00243 5 36
REFERENCE missing_6641 36
DECLARE lew_00268 2 36
DECLARE jga_00245 2 36
REFERENCE ngs_00184 36
DECLARE abe_00269 6 36
DECLARE url_00270 8 36
REFERENCE ljp_00093 36
DECLARE xnd_00247 12 36
DECLARE hlj_00244 13 36
EXIT_SCOPE 36
DECLARE vcp_00203 19 33
REFERENCE missing_1568 33
REFERENCE gyx_00094 33
REFERENCE jno_00185 33
DECLARE yxe_00271 17 33
DECLARE ynk_00272 2 33
EXIT_SCOPE 33
DECLARE nyd_00273 3 25
REFERENCE xeo_00091 25
EXIT_SCOPE 25
ENTER_SCOPE 37 22
REFERENCE uqq_00031 37
ENTER_SCOPE 38 37
DECLARE thp_00274 3 38
DECLARE jno_00185 1 38
DECLARE hwn_00275 12 38
DECLARE mom_00276 20 38
REFERENCE pzd_00055 38
REFERENCE vbm_00022 38
DECLARE qcp_00277 19 38
REFERENCE missing_6990 38
REFERENCE psz_00095 38
DECLARE xeo_00091 5 38
DECLARE dda_00278 3 38
DECLARE lhi_00279 4 38
EXIT_SCOPE 38
REFERENCE missing_9255 37
REFERENCE jro_00092 37
DECLARE cck_00280 13 37
REFERENCE plx_00046 37
DECLARE ufm_00281 9 37
REFERENCE flx_00036 37
REFERENCE eew_00096 37
REFERENCE zxx_00004 37
REFERENCE crw_00087 37
DECLARE wor_00282 10 37
EXIT_SCOPE 37
REFERENCE qed_00030 22
DECLARE nmz_00283 20 22
REFERENCE pzd_00055 22
DECLARE mik_00284 6 22
ENTER_SCOPE 39 22
DECLARE eya_00285 15 39
ENTER_SCOPE 40 39
DECLARE eya_00285 3 40
REFERENCE gqe_00053 40
DECLARE lvg_00286 17 40
REFERENCE aah_00029 40
REFERENCE dwb_00049 40
REFERENCE ehg_00059 40
ENTER_SCOPE 41 40
EXIT_SCOPE 41
DECLARE itw_00287 5 40
REFERENCE mnk_00083 40
REFERENCE mik_00284 40
REFERENCE crw_00087 40
REFERENCE missing_5663 40
DECLARE jsb_00288 20 40
REFERENCE missing_3783 40
REFERENCE ach_00009 40
DECLARE xbk_00289 16 40
DECLARE jno_00185 6 40
DECLARE lui_00290 12 40
REFERENCE missing_1483 40
DECLARE nmz_00283 2 40
DECLARE fxe_00291 5 40
REFERENCE qfe_00082 40
REFERENCE nmz_00283 40
DECLARE xmn_00292 17 40
DECLARE kkj_00293 5 40
DECLARE mfh_00294 17 40
REFERENCE tme_00044 40
DECLARE qnw_00295 5 40
ENTER_SCOPE 42 40
DECLARE qll_00296 4 42
DECLARE xbk_00289 1 42
EXIT_SCOPE 42
REFERENCE gqe_00053 40
REFERENCE plx_00046 40
DECLARE aqk_00297 5 40
REFERENCE xbk_00289 40
REFERENCE znf_00039 40
DECLARE ooj_00298 8 40
ENTER_SCOPE 43 40
DECLARE xbk_00289 17 43
REFERENCE eya_00285 43
DECLARE gkb_00299 5 43
REFERENCE crw_00087 43
REFERENCE qfe_00082 43
EXIT_SCOPE 43
DECLARE ljp_00093 7 40
REFERENCE pzd_00055 40
REFERENCE fnz_00010 40
REFERENCE tmd_00035 40
DECLARE crw_00087 3 40
REFERENCE jbi_00005 40
REFERENCE flx_00036 40
DECLARE ngs_00184 19 40
ENTER_SCOPE 44 40
EXIT_SCOPE 44
REFERENCE gmn_00015 40
REFERENCE xeo_00091 40
DECLARE uva_00300 11 40
DECLARE hew_00301 4 40
DECLARE ynv_00302 4 40
REFERENCE qed_00030 40
REFERENCE crw_00087 40
REFERENCE yza_00058 40
ENTER_SCOPE 45 40
DECLARE rop_00303 16 45
REFERENCE missing_8314 45
REFERENCE phm_00086 45
REFERENCE missing_8220 45
DECLARE jno_00185 16 45
REFERENCE phm_00086 45
REFERENCE ltq_00050 45
REFERENCE gyx_00094 45
DECLARE xbk_00289 20 45
REFERENCE lub_00063 45
DECLARE uya_00304 10 45
REFERENCE xeo_00091 45
REFERENCE dll_00088 45
REFERENCE missing_4140 45
DECLARE dcc_00305 1 45
REFERENCE znf_00039 45
REFERENCE eew_00096 45
REFERENCE jax_00017 45
DECLARE kkj_00293 9 45
DECLARE unv_00306 9 45
REFERENCE ooj_00298 45
DECLARE tny_00307 13 45
DECLARE yyk_00308 20 45
DECLARE bpu_00309 11 45
REFERENCE missing_4452 45
DECLARE hew_00301 9 45
REFERENCE uus_00084 45
REFERENCE missing_1513 45
DECLARE fhr_00310 11 45
DECLARE hif_00311 9 45
DECLARE myg_00312 14 45
REFERENCE dha_00001 45
REFERENCE uqq_00031 45
REFERENCE nrw_00013 45
EXIT_SCOPE 45
ENTER_SCOPE 46 40
REFERENCE ljp_00093 46
EXIT_SCOPE 46
DECLARE ewi_00183 7 40
DECLARE goa_00200 17 40
REFERENCE missing_4874 40
REFERENCE aah_00029 40
REFERENCE pra_00018 40
DECLARE xeo_00091 4 40
REFERENCE missing_6381 40
DECLARE ino_00313 15 40
DECLARE arx_00314 9 40
REFERENCE ewi_00183 40
REFERENCE eew_00096 40
DECLARE osf_00315 4 40
DECLARE sqe_00316 1 40
REFERENCE eew_00096 40
DECLARE bqw_00317 19 40
REFERENCE ngs_00184 40
REFERENCE aqk_00297 40
REFERENCE missing_5132 40
DECLARE mgo_00318 8 40
REFERENCE missing_4261 40
REFERENCE koc_00089 40
REFERENCE jno_00185 40
REFERENCE kkj_00293 40
DECLARE apr_00319 7 40
ENTER_SCOPE 47 40
REFERENCE gyx_00094 47
EXIT_SCOPE 47
REFERENCE nmz_00283 40
ENTER_SCOPE 48 40
REFERENCE ljp_00093 48
REFERENCE ewi_00183 48
EXIT_SCOPE 48
DECLARE qiv_00320 10 40
DECLARE pvh_00321 16 40
DECLARE axs_00322 14 40
REFERENCE missing_6651 40
REFERENCE osf_00315 40
REFERENCE ssu_00047 40
DECLARE mik_00284 13 40
DECLARE fds_00090 12 40
DECLARE rgv_00323 3 40
EXIT_SCOPE 40
REFERENCE nmz_00283 39
DECLARE ykb_00324 19 39
DECLARE gjh_00325 9 39
DECLARE cop_00326 18 39
REFERENCE gyx_00094 39
DECLARE ngs_00184 16 39
ENTER_SCOPE 49 39
EXIT_SCOPE 49
DECLARE kwu_00327 18 39
EXIT_SCOPE 39
DECLARE ugp_00328 6 22
REFERENCE ewi_00183 22
REFERENCE tme_00044 22
REFERENCE missing_6289 22
REFERENCE ach_00009 22
DECLARE jro_00092 14 22
REFERENCE goa_00200 22
DECLARE phm_00086 9 22
DECLARE koc_00089 12 22
REFERENCE ehg_00059 22
REFERENCE tme_00044 22
DECLARE dnp_00329 15 22
REFERENCE yok_00043 22
DECLARE xyu_00330 19 22
ENTER_SCOPE 50 22
REFERENCE ugp_00328 50
REFERENCE dnp_00329 50
REFERENCE yza_00058 50
DECLARE wie_00331 2 50
REFERENCE fds_00090 50
ENTER_SCOPE 51 50
DECLARE pmd_00332 14 51
DECLARE wie_00331 17 51
REFERENCE missing_4878 51
REFERENCE hvo_00041 51
REFERENCE ljp_00093 51
DECLARE jya_00333 12 51
ENTER_SCOPE 52 51
REFERENCE jbi_00005 52
REFERENCE missing_8142 52
DECLARE nkw_00334 2 52
EXIT_SCOPE 52
EXIT_SCOPE 51
EXIT_SCOPE 50
EXIT_SCOPE 22
EXIT_SCOPE 8
EXIT_SCOPE 7
EXIT_SCOPE 2
EXIT_SCOPE 0
