# ColliScope Generated Random Trace
# Parameters: seed=44, scope=flat, type=declaration-heavy, load_factor=0.9
ENTER_SCOPE 0
DECLARE kow_00000 6 0
DECLARE jhf_00001 19 0
DECLARE aen_00002 10 0
DECLARE sjk_00003 11 0
DECLARE jih_00004 6 0
DECLARE cbc_00005 11 0
DECLARE cqz_00006 2 0
DECLARE icm_00007 7 0
DECLARE egg_00008 2 0
DECLARE byr_00009 2 0
DECLARE tsv_00010 11 0
DECLARE jml_00011 18 0
DECLARE dmz_00012 12 0
DECLARE qzt_00013 9 0
DECLARE efa_00014 20 0
DECLARE qoz_00015 12 0
DECLARE okj_00016 4 0
DECLARE vpb_00017 14 0
DECLARE trm_00018 5 0
DECLARE eqv_00019 20 0
DECLARE qxb_00020 3 0
DECLARE ahr_00021 7 0
DECLARE wzb_00022 16 0
DECLARE ygb_00023 17 0
DECLARE tui_00024 16 0
DECLARE bmk_00025 10 0
DECLARE oyb_00026 9 0
DECLARE ddd_00027 15 0
DECLARE kil_00028 9 0
DECLARE xuh_00029 18 0
DECLARE nja_00030 8 0
DECLARE obh_00031 14 0
DECLARE rzl_00032 5 0
DECLARE gpn_00033 11 0
DECLARE zxd_00034 1 0
DECLARE cxy_00035 13 0
DECLARE jzt_00036 17 0
DECLARE lfr_00037 1 0
DECLARE ias_00038 20 0
DECLARE dea_00039 4 0
DECLARE cnb_00040 10 0
DECLARE khv_00041 6 0
DECLARE rri_00042 19 0
DECLARE yzq_00043 10 0
DECLARE aud_00044 1 0
DECLARE eed_00045 6 0
DECLARE xsh_00046 13 0
DECLARE vgh_00047 5 0
DECLARE hut_00048 6 0
DECLARE ree_00049 15 0
REFERENCE eed_00045 0
REFERENCE qxb_00020 0
DECLARE jlu_00050 9 0
DECLARE gfx_00051 6 0
DECLARE jlh_00052 9 0
DECLARE scf_00053 18 0
DECLARE eqr_00054 11 0
DECLARE qyl_00055 1 0
DECLARE bef_00056 19 0
DECLARE rye_00057 16 0
DECLARE sid_00058 15 0
DECLARE xnj_00059 2 0
DECLARE osi_00060 16 0
DECLARE olw_00061 18 0
DECLARE bkv_00062 18 0
DECLARE cuu_00063 20 0
DECLARE lsk_00064 19 0
DECLARE zfb_00065 13 0
DECLARE nxf_00066 9 0
REFERENCE qyl_00055 0
DECLARE nsa_00067 7 0
DECLARE sld_00068 13 0
DECLARE fol_00069 14 0
REFERENCE kil_00028 0
DECLARE qnp_00070 6 0
REFERENCE lfr_00037 0
REFERENCE zxd_00034 0
DECLARE thp_00071 7 0
DECLARE pzm_00072 8 0
DECLARE wfe_00073 1 0
DECLARE czo_00074 20 0
DECLARE vsw_00075 16 0
REFERENCE trm_00018 0
DECLARE xhy_00076 18 0
DECLARE jbh_00077 2 0
REFERENCE wfe_00073 0
DECLARE akq_00078 16 0
DECLARE yae_00079 16 0
REFERENCE nja_00030 0
REFERENCE cxy_00035 0
DECLARE ysa_00080 4 0
DECLARE lzy_00081 10 0
DECLARE vjw_00082 10 0
DECLARE chk_00083 7 0
DECLARE qju_00084 8 0
DECLARE sjv_00085 1 0
DECLARE smn_00086 2 0
DECLARE gwh_00087 17 0
REFERENCE missing_3877 0
DECLARE rry_00088 4 0
DECLARE zdc_00089 3 0
DECLARE dga_00090 11 0
REFERENCE byr_00009 0
DECLARE atg_00091 1 0
DECLARE djv_00092 7 0
DECLARE dsx_00093 3 0
DECLARE bgh_00094 12 0
DECLARE rlv_00095 10 0
DECLARE mje_00096 5 0
DECLARE gac_00097 1 0
DECLARE lpu_00098 2 0
DECLARE tvv_00099 8 0
REFERENCE missing_2419 0
REFERENCE cnb_00040 0
DECLARE uwg_00100 14 0
REFERENCE rri_00042 0
DECLARE iqh_00101 8 0
DECLARE hky_00102 6 0
DECLARE vgy_00103 3 0
REFERENCE missing_2694 0
DECLARE ywk_00104 10 0
REFERENCE rri_00042 0
REFERENCE missing_5719 0
DECLARE pje_00105 6 0
DECLARE ubg_00106 6 0
DECLARE sxq_00107 5 0
DECLARE gnx_00108 19 0
DECLARE ztl_00109 19 0
DECLARE opk_00110 19 0
REFERENCE oyb_00026 0
DECLARE wlm_00111 14 0
DECLARE ksk_00112 6 0
REFERENCE qnp_00070 0
REFERENCE rye_00057 0
DECLARE nts_00113 16 0
REFERENCE opk_00110 0
REFERENCE vgh_00047 0
DECLARE mka_00114 12 0
DECLARE cbs_00115 20 0
DECLARE kvi_00116 6 0
DECLARE crc_00117 10 0
DECLARE xjv_00118 10 0
DECLARE fjt_00119 14 0
REFERENCE khv_00041 0
REFERENCE zfb_00065 0
REFERENCE xjv_00118 0
REFERENCE yae_00079 0
DECLARE iba_00120 14 0
DECLARE lpv_00121 17 0
REFERENCE rye_00057 0
DECLARE per_00122 14 0
DECLARE rez_00123 2 0
DECLARE exl_00124 1 0
DECLARE qbi_00125 17 0
DECLARE ewg_00126 3 0
REFERENCE lfr_00037 0
DECLARE lez_00127 19 0
DECLARE fop_00128 16 0
DECLARE vqp_00129 7 0
DECLARE jri_00130 10 0
DECLARE uzg_00131 1 0
REFERENCE rzl_00032 0
DECLARE gul_00132 1 0
DECLARE njf_00133 15 0
DECLARE vnp_00134 10 0
DECLARE wke_00135 9 0
REFERENCE nts_00113 0
DECLARE kqp_00136 11 0
DECLARE ppn_00137 10 0
REFERENCE xsh_00046 0
REFERENCE nts_00113 0
DECLARE use_00138 1 0
REFERENCE wzb_00022 0
DECLARE ylc_00139 18 0
REFERENCE gwh_00087 0
DECLARE cei_00140 2 0
DECLARE ugc_00141 5 0
DECLARE zpt_00142 5 0
DECLARE kps_00143 12 0
REFERENCE missing_5500 0
DECLARE ios_00144 12 0
DECLARE enc_00145 4 0
DECLARE pmn_00146 14 0
DECLARE hbs_00147 7 0
DECLARE bcf_00148 2 0
DECLARE mwr_00149 2 0
DECLARE gzp_00150 11 0
REFERENCE cuu_00063 0
DECLARE ief_00151 4 0
REFERENCE missing_7105 0
DECLARE chp_00152 1 0
DECLARE owe_00153 3 0
DECLARE auv_00154 15 0
DECLARE bkz_00155 3 0
DECLARE kof_00156 7 0
REFERENCE xnj_00059 0
DECLARE pgq_00157 8 0
DECLARE mmn_00158 7 0
DECLARE lch_00159 11 0
DECLARE txx_00160 11 0
REFERENCE olw_00061 0
DECLARE aqm_00161 12 0
DECLARE gwx_00162 20 0
DECLARE dpw_00163 13 0
REFERENCE mwr_00149 0
DECLARE mpy_00164 11 0
DECLARE hwz_00165 8 0
DECLARE pid_00166 1 0
REFERENCE missing_4110 0
DECLARE xgl_00167 5 0
REFERENCE pid_00166 0
DECLARE cpt_00168 3 0
DECLARE wir_00169 11 0
DECLARE ydj_00170 9 0
REFERENCE rlv_00095 0
DECLARE krl_00171 11 0
DECLARE pai_00172 18 0
DECLARE inp_00173 19 0
DECLARE knv_00174 12 0
DECLARE wtn_00175 15 0
DECLARE mqx_00176 7 0
DECLARE fcp_00177 9 0
DECLARE rth_00178 17 0
DECLARE bhy_00179 2 0
DECLARE hmw_00180 4 0
DECLARE qhw_00181 20 0
REFERENCE cnb_00040 0
DECLARE myg_00182 19 0
DECLARE ebj_00183 19 0
DECLARE ypq_00184 5 0
REFERENCE mpy_00164 0
DECLARE hjs_00185 13 0
DECLARE wwu_00186 9 0
REFERENCE vnp_00134 0
DECLARE wyc_00187 11 0
REFERENCE iba_00120 0
DECLARE got_00188 17 0
DECLARE bvx_00189 4 0
DECLARE dao_00190 1 0
DECLARE kgg_00191 19 0
REFERENCE lch_00159 0
DECLARE mvf_00192 5 0
DECLARE ovr_00193 8 0
REFERENCE ppn_00137 0
REFERENCE fjt_00119 0
DECLARE qhi_00194 13 0
REFERENCE pje_00105 0
DECLARE brd_00195 7 0
DECLARE wqn_00196 18 0
DECLARE wla_00197 4 0
REFERENCE olw_00061 0
DECLARE bnu_00198 14 0
DECLARE zpt_00199 10 0
DECLARE haw_00200 1 0
REFERENCE missing_6434 0
DECLARE uvn_00201 20 0
DECLARE xxs_00202 11 0
DECLARE pcr_00203 15 0
REFERENCE hmw_00180 0
DECLARE rdz_00204 8 0
DECLARE hie_00205 9 0
REFERENCE hut_00048 0
REFERENCE missing_3898 0
DECLARE fje_00206 18 0
DECLARE euf_00207 6 0
DECLARE xov_00208 20 0
REFERENCE zpt_00142 0
DECLARE kra_00209 19 0
DECLARE yxz_00210 10 0
REFERENCE pzm_00072 0
DECLARE odd_00211 13 0
DECLARE dmr_00212 9 0
REFERENCE lch_00159 0
DECLARE geg_00213 10 0
DECLARE vto_00214 14 0
REFERENCE enc_00145 0
DECLARE wcp_00215 17 0
DECLARE upy_00216 10 0
DECLARE aje_00217 15 0
REFERENCE njf_00133 0
REFERENCE ewg_00126 0
DECLARE oxk_00218 9 0
REFERENCE iba_00120 0
REFERENCE zdc_00089 0
DECLARE sha_00219 9 0
REFERENCE wlm_00111 0
DECLARE ipk_00220 17 0
DECLARE vxj_00221 8 0
DECLARE ksr_00222 16 0
DECLARE tvy_00223 2 0
DECLARE but_00224 1 0
DECLARE gvf_00225 5 0
DECLARE kso_00226 4 0
DECLARE tsp_00227 7 0
REFERENCE bef_00056 0
DECLARE udy_00228 3 0
REFERENCE missing_8082 0
REFERENCE missing_1962 0
DECLARE hli_00229 10 0
REFERENCE ztl_00109 0
REFERENCE missing_6608 0
DECLARE wmx_00230 2 0
REFERENCE tui_00024 0
REFERENCE mwr_00149 0
DECLARE coa_00231 5 0
REFERENCE fje_00206 0
REFERENCE scf_00053 0
REFERENCE hbs_00147 0
DECLARE ags_00232 15 0
DECLARE wxr_00233 6 0
DECLARE dqd_00234 7 0
DECLARE aik_00235 2 0
DECLARE ulb_00236 15 0
REFERENCE nsa_00067 0
REFERENCE chp_00152 0
REFERENCE tsv_00010 0
REFERENCE cbc_00005 0
DECLARE ral_00237 13 0
DECLARE cda_00238 18 0
REFERENCE sjv_00085 0
REFERENCE ewg_00126 0
DECLARE emc_00239 13 0
REFERENCE aik_00235 0
REFERENCE cxy_00035 0
REFERENCE djv_00092 0
DECLARE qfd_00240 1 0
DECLARE hwn_00241 6 0
DECLARE gvt_00242 6 0
REFERENCE missing_9661 0
DECLARE elr_00243 2 0
DECLARE xek_00244 8 0
DECLARE nfv_00245 4 0
DECLARE duc_00246 12 0
DECLARE peu_00247 17 0
REFERENCE emc_00239 0
DECLARE jyo_00248 6 0
DECLARE xok_00249 6 0
DECLARE wra_00250 11 0
REFERENCE opk_00110 0
DECLARE uex_00251 12 0
REFERENCE ulb_00236 0
DECLARE gds_00252 14 0
REFERENCE chk_00083 0
DECLARE llx_00253 9 0
DECLARE tmz_00254 9 0
DECLARE spj_00255 13 0
DECLARE ryg_00256 2 0
DECLARE fkz_00257 16 0
DECLARE ise_00258 8 0
DECLARE nty_00259 9 0
REFERENCE hjs_00185 0
DECLARE xzj_00260 20 0
DECLARE hhc_00261 12 0
DECLARE cop_00262 19 0
DECLARE ilx_00263 4 0
DECLARE vyh_00264 3 0
DECLARE teg_00265 2 0
DECLARE rnj_00266 7 0
DECLARE ghp_00267 6 0
DECLARE ewa_00268 4 0
DECLARE fzf_00269 19 0
DECLARE zdy_00270 15 0
DECLARE qyr_00271 1 0
DECLARE mwx_00272 13 0
REFERENCE wxr_00233 0
DECLARE uly_00273 15 0
DECLARE mbg_00274 15 0
REFERENCE haw_00200 0
DECLARE ded_00275 4 0
DECLARE bft_00276 8 0
DECLARE ozk_00277 18 0
REFERENCE wir_00169 0
DECLARE anv_00278 17 0
DECLARE bhp_00279 19 0
REFERENCE fje_00206 0
DECLARE fgb_00280 12 0
DECLARE tlh_00281 5 0
DECLARE hiz_00282 18 0
REFERENCE wyc_00187 0
REFERENCE missing_6869 0
DECLARE ihj_00283 4 0
DECLARE gvz_00284 13 0
DECLARE syc_00285 10 0
REFERENCE llx_00253 0
DECLARE bbh_00286 4 0
REFERENCE ovr_00193 0
DECLARE xxe_00287 1 0
REFERENCE missing_7754 0
DECLARE xlk_00288 20 0
DECLARE gdy_00289 9 0
REFERENCE missing_9636 0
DECLARE rpi_00290 17 0
DECLARE ixb_00291 12 0
DECLARE rlp_00292 5 0
DECLARE xhj_00293 9 0
REFERENCE txx_00160 0
DECLARE zqh_00294 4 0
DECLARE rvx_00295 8 0
DECLARE drv_00296 9 0
REFERENCE tvy_00223 0
REFERENCE missing_9178 0
DECLARE lik_00297 15 0
DECLARE mxf_00298 14 0
REFERENCE oxk_00218 0
REFERENCE cnb_00040 0
DECLARE hyq_00299 14 0
DECLARE tin_00300 10 0
DECLARE fvq_00301 11 0
REFERENCE missing_3163 0
REFERENCE missing_7554 0
DECLARE npn_00302 15 0
DECLARE zke_00303 11 0
REFERENCE hky_00102 0
REFERENCE rri_00042 0
DECLARE bni_00304 19 0
DECLARE mjf_00305 7 0
REFERENCE kso_00226 0
REFERENCE jhf_00001 0
DECLARE int_00306 16 0
REFERENCE uzg_00131 0
DECLARE tzi_00307 4 0
DECLARE ryn_00308 16 0
DECLARE udi_00309 19 0
REFERENCE hli_00229 0
REFERENCE zqh_00294 0
REFERENCE fgb_00280 0
DECLARE uhu_00310 14 0
REFERENCE missing_7460 0
REFERENCE lez_00127 0
DECLARE hra_00311 10 0
REFERENCE hjs_00185 0
DECLARE wru_00312 17 0
REFERENCE missing_7681 0
DECLARE fki_00313 8 0
DECLARE oxc_00314 6 0
DECLARE oih_00315 19 0
REFERENCE zdc_00089 0
DECLARE enr_00316 16 0
REFERENCE bkv_00062 0
REFERENCE gac_00097 0
REFERENCE zfb_00065 0
DECLARE uzj_00317 16 0
DECLARE fdg_00318 20 0
DECLARE qld_00319 4 0
REFERENCE mwx_00272 0
REFERENCE gvz_00284 0
DECLARE gsv_00320 10 0
DECLARE fyg_00321 18 0
REFERENCE missing_9562 0
DECLARE ceh_00322 6 0
DECLARE rqu_00323 10 0
REFERENCE ovr_00193 0
DECLARE qew_00324 18 0
REFERENCE atg_00091 0
DECLARE gxs_00325 2 0
DECLARE oyd_00326 6 0
DECLARE tgv_00327 1 0
DECLARE bxp_00328 6 0
DECLARE rhl_00329 1 0
DECLARE mxn_00330 6 0
DECLARE tvy_00331 3 0
REFERENCE missing_3427 0
DECLARE zzf_00332 15 0
REFERENCE ryn_00308 0
DECLARE ost_00333 2 0
REFERENCE bbh_00286 0
DECLARE feb_00334 10 0
REFERENCE ihj_00283 0
DECLARE oth_00335 13 0
DECLARE rlk_00336 4 0
DECLARE ysb_00337 17 0
DECLARE yfz_00338 3 0
REFERENCE nty_00259 0
DECLARE env_00339 11 0
REFERENCE mje_00096 0
DECLARE gex_00340 15 0
DECLARE agv_00341 14 0
DECLARE qgc_00342 5 0
DECLARE wie_00343 11 0
DECLARE ecf_00344 8 0
REFERENCE gex_00340 0
REFERENCE missing_3116 0
DECLARE bai_00345 16 0
REFERENCE uex_00251 0
DECLARE jkg_00346 5 0
DECLARE cro_00347 13 0
DECLARE iqu_00348 2 0
DECLARE bhg_00349 11 0
REFERENCE osi_00060 0
DECLARE wsv_00350 9 0
REFERENCE drv_00296 0
DECLARE gqd_00351 13 0
DECLARE dua_00352 13 0
DECLARE ekk_00353 6 0
DECLARE rkr_00354 10 0
REFERENCE hwz_00165 0
DECLARE wyt_00355 3 0
DECLARE mnt_00356 11 0
REFERENCE missing_2008 0
DECLARE ncp_00357 4 0
DECLARE qar_00358 14 0
DECLARE eke_00359 5 0
REFERENCE iqh_00101 0
DECLARE eey_00360 11 0
DECLARE hfe_00361 1 0
DECLARE ggs_00362 17 0
DECLARE jui_00363 7 0
DECLARE lxg_00364 13 0
DECLARE txd_00365 10 0
DECLARE wsh_00366 12 0
DECLARE wwr_00367 12 0
REFERENCE myg_00182 0
DECLARE xgt_00368 17 0
DECLARE mrg_00369 15 0
REFERENCE gvz_00284 0
REFERENCE vto_00214 0
DECLARE xeb_00370 15 0
DECLARE jpk_00371 12 0
DECLARE heq_00372 1 0
DECLARE gcj_00373 8 0
DECLARE new_00374 16 0
DECLARE lgf_00375 17 0
DECLARE iam_00376 16 0
DECLARE wlj_00377 7 0
DECLARE ywx_00378 17 0
DECLARE wac_00379 7 0
REFERENCE eqr_00054 0
REFERENCE gwx_00162 0
DECLARE agg_00380 18 0
DECLARE eys_00381 17 0
REFERENCE cqz_00006 0
REFERENCE ylc_00139 0
REFERENCE missing_2575 0
DECLARE uiw_00382 5 0
DECLARE vow_00383 10 0
REFERENCE uzj_00317 0
REFERENCE qhw_00181 0
DECLARE lbc_00384 2 0
REFERENCE lzy_00081 0
REFERENCE missing_4600 0
DECLARE ohw_00385 18 0
DECLARE wfe_00386 12 0
DECLARE mjz_00387 16 0
DECLARE wch_00388 14 0
DECLARE acy_00389 15 0
DECLARE fwd_00390 3 0
DECLARE ijc_00391 13 0
REFERENCE fvq_00301 0
DECLARE ocx_00392 9 0
REFERENCE wyt_00355 0
DECLARE ide_00393 18 0
REFERENCE gds_00252 0
DECLARE tzu_00394 8 0
DECLARE hrw_00395 13 0
DECLARE ldd_00396 1 0
DECLARE mkv_00397 11 0
DECLARE nqm_00398 2 0
DECLARE bii_00399 17 0
DECLARE dyc_00400 5 0
DECLARE fxs_00401 10 0
DECLARE vjz_00402 9 0
DECLARE wog_00403 8 0
REFERENCE iam_00376 0
DECLARE ded_00404 20 0
DECLARE cag_00405 3 0
DECLARE uqf_00406 9 0
DECLARE uoa_00407 20 0
DECLARE aed_00408 12 0
DECLARE lea_00409 7 0
REFERENCE wcp_00215 0
REFERENCE oih_00315 0
DECLARE tom_00410 8 0
DECLARE kla_00411 7 0
DECLARE pbo_00412 9 0
DECLARE qck_00413 12 0
DECLARE wiq_00414 10 0
DECLARE uvf_00415 19 0
DECLARE obq_00416 7 0
DECLARE wew_00417 3 0
DECLARE dco_00418 12 0
DECLARE gja_00419 19 0
DECLARE wph_00420 9 0
REFERENCE missing_1879 0
DECLARE pye_00421 8 0
REFERENCE hyq_00299 0
DECLARE njx_00422 13 0
DECLARE emp_00423 16 0
REFERENCE cbc_00005 0
DECLARE tur_00424 6 0
DECLARE roq_00425 9 0
REFERENCE aed_00408 0
DECLARE nhp_00426 20 0
DECLARE mub_00427 7 0
DECLARE ecu_00428 4 0
REFERENCE rlp_00292 0
DECLARE zry_00429 19 0
DECLARE vkq_00430 4 0
DECLARE zod_00431 18 0
DECLARE rnc_00432 1 0
DECLARE vhq_00433 7 0
DECLARE dpf_00434 1 0
DECLARE lsr_00435 8 0
DECLARE stt_00436 18 0
DECLARE orj_00437 19 0
REFERENCE jui_00363 0
DECLARE dtm_00438 4 0
DECLARE jgc_00439 10 0
DECLARE ouw_00440 13 0
DECLARE dpc_00441 6 0
DECLARE jjm_00442 15 0
DECLARE bvy_00443 20 0
REFERENCE pye_00421 0
DECLARE nbh_00444 5 0
DECLARE szr_00445 20 0
DECLARE iuc_00446 9 0
DECLARE mxw_00447 11 0
DECLARE mfm_00448 17 0
DECLARE wkv_00449 20 0
REFERENCE mka_00114 0
REFERENCE gac_00097 0
DECLARE nmv_00450 5 0
DECLARE mqp_00451 6 0
DECLARE gbc_00452 15 0
DECLARE odu_00453 14 0
DECLARE lkr_00454 6 0
DECLARE afu_00455 19 0
REFERENCE fop_00128 0
DECLARE rqv_00456 15 0
DECLARE mtc_00457 3 0
DECLARE gfo_00458 10 0
DECLARE rts_00459 3 0
DECLARE cpx_00460 6 0
DECLARE tpi_00461 14 0
DECLARE bcf_00462 1 0
REFERENCE lkr_00454 0
DECLARE hgx_00463 8 0
DECLARE fqs_00464 15 0
DECLARE vyj_00465 7 0
REFERENCE ysb_00337 0
REFERENCE missing_4612 0
REFERENCE xok_00249 0
DECLARE sux_00466 4 0
REFERENCE wkv_00449 0
DECLARE uag_00467 11 0
DECLARE dev_00468 2 0
REFERENCE missing_4498 0
DECLARE chg_00469 8 0
DECLARE kpp_00470 15 0
DECLARE ahf_00471 13 0
REFERENCE lfr_00037 0
REFERENCE bni_00304 0
DECLARE kmo_00472 14 0
REFERENCE missing_6702 0
DECLARE wui_00473 19 0
DECLARE ksc_00474 9 0
DECLARE mdv_00475 9 0
DECLARE tgf_00476 14 0
DECLARE yfg_00477 19 0
DECLARE xnk_00478 1 0
DECLARE mlc_00479 6 0
DECLARE apt_00480 1 0
REFERENCE xgl_00167 0
REFERENCE aud_00044 0
DECLARE awp_00481 8 0
DECLARE oos_00482 1 0
DECLARE hbj_00483 11 0
REFERENCE iuc_00446 0
DECLARE klv_00484 12 0
DECLARE bfh_00485 3 0
REFERENCE pgq_00157 0
DECLARE omn_00486 15 0
REFERENCE dev_00468 0
DECLARE vrn_00487 19 0
DECLARE hrb_00488 7 0
REFERENCE ylc_00139 0
DECLARE avp_00489 12 0
DECLARE jmy_00490 11 0
REFERENCE jri_00130 0
DECLARE axp_00491 19 0
DECLARE bln_00492 4 0
DECLARE hsc_00493 2 0
DECLARE btb_00494 4 0
DECLARE coc_00495 5 0
DECLARE kme_00496 18 0
REFERENCE upy_00216 0
DECLARE yxt_00497 16 0
DECLARE ilk_00498 16 0
DECLARE yhd_00499 17 0
REFERENCE oth_00335 0
DECLARE wnz_00500 17 0
REFERENCE ocx_00392 0
DECLARE gld_00501 12 0
DECLARE obr_00502 9 0
DECLARE ajy_00503 6 0
DECLARE frt_00504 7 0
DECLARE iro_00505 1 0
DECLARE wjy_00506 5 0
REFERENCE oos_00482 0
DECLARE uxp_00507 16 0
REFERENCE stt_00436 0
REFERENCE lez_00127 0
DECLARE ffw_00508 16 0
DECLARE dmj_00509 4 0
DECLARE obt_00510 20 0
REFERENCE oxk_00218 0
REFERENCE missing_5334 0
DECLARE bhj_00511 17 0
DECLARE xdz_00512 4 0
DECLARE woa_00513 15 0
DECLARE gid_00514 2 0
DECLARE pby_00515 10 0
DECLARE bju_00516 7 0
DECLARE jtk_00517 7 0
DECLARE yej_00518 4 0
DECLARE kir_00519 15 0
DECLARE fgy_00520 12 0
DECLARE vfb_00521 5 0
DECLARE bke_00522 12 0
DECLARE lqf_00523 5 0
REFERENCE jgc_00439 0
REFERENCE mjf_00305 0
REFERENCE xhj_00293 0
REFERENCE missing_7853 0
REFERENCE jkg_00346 0
DECLARE dem_00524 15 0
DECLARE ryo_00525 12 0
DECLARE uie_00526 8 0
DECLARE adn_00527 15 0
DECLARE fpr_00528 20 0
DECLARE gif_00529 13 0
DECLARE dfy_00530 11 0
REFERENCE wmx_00230 0
REFERENCE missing_2745 0
DECLARE vzc_00531 13 0
DECLARE dqr_00532 17 0
REFERENCE hbj_00483 0
DECLARE jup_00533 19 0
DECLARE cyn_00534 19 0
DECLARE gue_00535 19 0
DECLARE zhl_00536 14 0
DECLARE lbw_00537 17 0
REFERENCE oos_00482 0
DECLARE fsr_00538 15 0
DECLARE jvp_00539 2 0
REFERENCE missing_1528 0
DECLARE esm_00540 13 0
REFERENCE wsv_00350 0
DECLARE wjd_00541 13 0
REFERENCE bai_00345 0
DECLARE wmy_00542 16 0
DECLARE rru_00543 15 0
DECLARE yfb_00544 9 0
DECLARE pxe_00545 5 0
REFERENCE ral_00237 0
DECLARE kue_00546 3 0
DECLARE zmm_00547 16 0
DECLARE dja_00548 20 0
DECLARE psy_00549 1 0
DECLARE izn_00550 7 0
DECLARE myw_00551 17 0
DECLARE sed_00552 18 0
DECLARE vdr_00553 11 0
REFERENCE agv_00341 0
DECLARE fiw_00554 7 0
DECLARE efr_00555 11 0
DECLARE mzd_00556 15 0
DECLARE uab_00557 10 0
DECLARE tto_00558 7 0
DECLARE szn_00559 18 0
DECLARE tbx_00560 2 0
DECLARE lvw_00561 2 0
DECLARE fvf_00562 2 0
DECLARE iqh_00563 14 0
DECLARE aos_00564 4 0
REFERENCE auv_00154 0
REFERENCE gvz_00284 0
DECLARE zrb_00565 11 0
REFERENCE wir_00169 0
DECLARE hsd_00566 17 0
DECLARE iet_00567 3 0
REFERENCE tgv_00327 0
REFERENCE kgg_00191 0
DECLARE ncn_00568 18 0
DECLARE jzc_00569 18 0
DECLARE fpu_00570 7 0
DECLARE ocz_00571 11 0
REFERENCE txx_00160 0
REFERENCE missing_5309 0
DECLARE pcd_00572 8 0
DECLARE lcl_00573 10 0
DECLARE xyi_00574 6 0
REFERENCE missing_9640 0
DECLARE oah_00575 15 0
DECLARE oar_00576 17 0
DECLARE ire_00577 16 0
DECLARE xac_00578 6 0
DECLARE ndp_00579 4 0
DECLARE nks_00580 14 0
DECLARE nqa_00581 10 0
DECLARE olw_00582 3 0
REFERENCE bgh_00094 0
DECLARE amt_00583 11 0
REFERENCE zdc_00089 0
DECLARE teg_00584 9 0
DECLARE sop_00585 5 0
REFERENCE ozk_00277 0
REFERENCE hjs_00185 0
DECLARE ltg_00586 4 0
DECLARE frv_00587 2 0
REFERENCE tsp_00227 0
DECLARE zhc_00588 3 0
DECLARE gea_00589 1 0
DECLARE atj_00590 6 0
DECLARE ebx_00591 18 0
DECLARE mfx_00592 14 0
DECLARE axb_00593 5 0
DECLARE vxu_00594 15 0
DECLARE rva_00595 12 0
DECLARE klw_00596 1 0
DECLARE hul_00597 19 0
REFERENCE mjz_00387 0
DECLARE xtr_00598 19 0
DECLARE het_00599 4 0
DECLARE uye_00600 13 0
DECLARE hwq_00601 5 0
REFERENCE rqv_00456 0
DECLARE raw_00602 15 0
DECLARE fwk_00603 18 0
DECLARE vaj_00604 15 0
DECLARE xzy_00605 18 0
REFERENCE dfy_00530 0
DECLARE bww_00606 5 0
DECLARE huf_00607 19 0
DECLARE agg_00608 13 0
DECLARE uht_00609 7 0
DECLARE uuc_00610 3 0
REFERENCE gex_00340 0
DECLARE vio_00611 14 0
DECLARE trv_00612 8 0
DECLARE ttz_00613 15 0
REFERENCE aos_00564 0
DECLARE ycu_00614 16 0
DECLARE qtd_00615 4 0
DECLARE znq_00616 8 0
REFERENCE xgl_00167 0
DECLARE hci_00617 14 0
DECLARE eov_00618 14 0
DECLARE ruv_00619 3 0
DECLARE eqs_00620 20 0
DECLARE sbl_00621 13 0
DECLARE phg_00622 14 0
DECLARE wzc_00623 1 0
REFERENCE wzc_00623 0
DECLARE ash_00624 13 0
DECLARE ogo_00625 6 0
REFERENCE xzy_00605 0
DECLARE jcc_00626 12 0
DECLARE zgk_00627 1 0
DECLARE eaq_00628 12 0
DECLARE smp_00629 5 0
DECLARE xik_00630 9 0
REFERENCE iuc_00446 0
DECLARE mxw_00631 20 0
DECLARE qze_00632 7 0
DECLARE jor_00633 7 0
REFERENCE ppn_00137 0
REFERENCE fzf_00269 0
DECLARE dsk_00634 17 0
DECLARE rud_00635 1 0
DECLARE brk_00636 7 0
REFERENCE missing_3873 0
REFERENCE yae_00079 0
DECLARE bjh_00637 10 0
DECLARE fsj_00638 4 0
DECLARE mon_00639 15 0
REFERENCE qnp_00070 0
REFERENCE bni_00304 0
DECLARE hka_00640 8 0
REFERENCE gvz_00284 0
DECLARE osv_00641 12 0
DECLARE qqn_00642 6 0
REFERENCE ios_00144 0
DECLARE zqt_00643 8 0
DECLARE pyt_00644 2 0
DECLARE edu_00645 20 0
REFERENCE xzy_00605 0
REFERENCE bhy_00179 0
REFERENCE vjw_00082 0
REFERENCE missing_3351 0
DECLARE xgf_00646 18 0
DECLARE czq_00647 10 0
REFERENCE xeb_00370 0
DECLARE ucm_00648 7 0
DECLARE dsj_00649 1 0
DECLARE okb_00650 9 0
DECLARE tgb_00651 16 0
DECLARE ckr_00652 10 0
REFERENCE raw_00602 0
DECLARE sib_00653 13 0
REFERENCE szn_00559 0
REFERENCE hut_00048 0
DECLARE qih_00654 8 0
DECLARE btt_00655 15 0
DECLARE qzr_00656 7 0
REFERENCE wac_00379 0
REFERENCE dfy_00530 0
DECLARE wse_00657 4 0
DECLARE yna_00658 1 0
REFERENCE jjm_00442 0
DECLARE tzx_00659 2 0
DECLARE djx_00660 1 0
DECLARE eoh_00661 20 0
DECLARE onp_00662 19 0
REFERENCE mfm_00448 0
DECLARE leq_00663 15 0
DECLARE jsr_00664 8 0
DECLARE cqs_00665 1 0
DECLARE osc_00666 19 0
DECLARE ier_00667 18 0
DECLARE caj_00668 13 0
DECLARE evp_00669 8 0
DECLARE dgp_00670 6 0
DECLARE bbd_00671 9 0
DECLARE hta_00672 8 0
DECLARE wca_00673 6 0
DECLARE etr_00674 11 0
DECLARE dzo_00675 1 0
DECLARE evx_00676 18 0
DECLARE gig_00677 3 0
DECLARE jio_00678 14 0
DECLARE vlb_00679 8 0
REFERENCE izn_00550 0
REFERENCE rth_00178 0
DECLARE wfz_00680 19 0
DECLARE thn_00681 19 0
DECLARE bru_00682 14 0
DECLARE aqc_00683 6 0
DECLARE vom_00684 5 0
DECLARE qzv_00685 6 0
REFERENCE njf_00133 0
REFERENCE euf_00207 0
DECLARE nza_00686 11 0
DECLARE qzf_00687 18 0
DECLARE ntc_00688 16 0
DECLARE apw_00689 18 0
DECLARE ums_00690 14 0
DECLARE ava_00691 2 0
DECLARE bct_00692 4 0
DECLARE xso_00693 2 0
DECLARE xtj_00694 14 0
DECLARE bcg_00695 16 0
DECLARE ogu_00696 16 0
DECLARE zft_00697 15 0
DECLARE xdt_00698 18 0
DECLARE brr_00699 2 0
DECLARE kkr_00700 16 0
DECLARE zic_00701 7 0
DECLARE ilk_00702 14 0
REFERENCE tbx_00560 0
DECLARE ghi_00703 17 0
DECLARE fhy_00704 2 0
REFERENCE fyg_00321 0
REFERENCE obq_00416 0
REFERENCE ocx_00392 0
DECLARE hjf_00705 3 0
DECLARE sth_00706 6 0
DECLARE mph_00707 3 0
DECLARE mqb_00708 5 0
DECLARE jdr_00709 7 0
DECLARE bco_00710 20 0
DECLARE yqn_00711 11 0
REFERENCE edu_00645 0
DECLARE zsu_00712 12 0
REFERENCE xlk_00288 0
REFERENCE bke_00522 0
DECLARE ihx_00713 13 0
DECLARE mba_00714 4 0
DECLARE xil_00715 2 0
DECLARE wqq_00716 9 0
DECLARE nzk_00717 4 0
REFERENCE apw_00689 0
REFERENCE dev_00468 0
DECLARE xgy_00718 15 0
DECLARE yoy_00719 4 0
DECLARE zac_00720 13 0
DECLARE oeg_00721 15 0
DECLARE hnl_00722 5 0
DECLARE jbs_00723 5 0
REFERENCE rdz_00204 0
REFERENCE mdv_00475 0
DECLARE lsf_00724 20 0
DECLARE gyj_00725 6 0
DECLARE lhr_00726 4 0
REFERENCE ulb_00236 0
DECLARE hzl_00727 3 0
REFERENCE bhg_00349 0
DECLARE lom_00728 3 0
DECLARE mhy_00729 11 0
REFERENCE agg_00608 0
DECLARE ysz_00730 6 0
EXIT_SCOPE 0
