# ColliScope Generated Random Trace
# Parameters: seed=45, scope=flat, type=lookup-heavy, load_factor=0.5
ENTER_SCOPE 0
DECLARE hmc_00000 11 0
DECLARE amc_00001 4 0
DECLARE ywq_00002 20 0
DECLARE bhx_00003 5 0
DECLARE fws_00004 3 0
DECLARE pdb_00005 2 0
DECLARE egu_00006 11 0
DECLARE cct_00007 11 0
DECLARE usy_00008 17 0
DECLARE rwt_00009 9 0
DECLARE pbx_00010 7 0
DECLARE jqa_00011 16 0
DECLARE slf_00012 13 0
DECLARE vdl_00013 3 0
DECLARE obn_00014 1 0
DECLARE qoq_00015 10 0
DECLARE iea_00016 9 0
DECLARE byc_00017 20 0
DECLARE xsq_00018 15 0
DECLARE liz_00019 17 0
DECLARE yfa_00020 1 0
DECLARE pgm_00021 6 0
DECLARE pux_00022 3 0
DECLARE szu_00023 6 0
DECLARE cst_00024 15 0
DECLARE wxq_00025 9 0
DECLARE jkj_00026 17 0
DECLARE wbp_00027 14 0
DECLARE gjx_00028 7 0
DECLARE vyx_00029 18 0
DECLARE srp_00030 15 0
DECLARE qpb_00031 19 0
DECLARE ffb_00032 20 0
DECLARE uoh_00033 11 0
DECLARE yuv_00034 13 0
DECLARE psk_00035 15 0
DECLARE tjb_00036 8 0
DECLARE vbj_00037 9 0
DECLARE cok_00038 8 0
DECLARE aid_00039 3 0
DECLARE puk_00040 19 0
DECLARE uvn_00041 5 0
DECLARE quz_00042 1 0
DECLARE zrh_00043 18 0
DECLARE qdo_00044 11 0
DECLARE kug_00045 8 0
DECLARE ado_00046 16 0
DECLARE bki_00047 15 0
DECLARE xug_00048 9 0
DECLARE wvx_00049 5 0
REFERENCE vbj_00037 0
DECLARE yrl_00050 15 0
REFERENCE missing_9305 0
REFERENCE ywq_00002 0
REFERENCE szu_00023 0
REFERENCE ywq_00002 0
REFERENCE aid_00039 0
REFERENCE psk_00035 0
REFERENCE missing_1625 0
DECLARE gxq_00051 17 0
REFERENCE qoq_00015 0
DECLARE soe_00052 6 0
REFERENCE missing_8784 0
REFERENCE ywq_00002 0
REFERENCE bki_00047 0
REFERENCE obn_00014 0
DECLARE ecr_00053 13 0
REFERENCE psk_00035 0
REFERENCE missing_7828 0
REFERENCE pbx_00010 0
REFERENCE pbx_00010 0
REFERENCE byc_00017 0
REFERENCE missing_2553 0
REFERENCE cct_00007 0
REFERENCE missing_3467 0
REFERENCE iea_00016 0
REFERENCE zrh_00043 0
REFERENCE missing_1017 0
REFERENCE vyx_00029 0
REFERENCE bhx_00003 0
REFERENCE fws_00004 0
REFERENCE missing_4079 0
REFERENCE fws_00004 0
REFERENCE missing_3799 0
REFERENCE bki_00047 0
REFERENCE jqa_00011 0
REFERENCE liz_00019 0
REFERENCE missing_3105 0
REFERENCE missing_5424 0
REFERENCE yuv_00034 0
REFERENCE cct_00007 0
REFERENCE gjx_00028 0
REFERENCE xsq_00018 0
REFERENCE egu_00006 0
REFERENCE jqa_00011 0
REFERENCE pdb_00005 0
REFERENCE aid_00039 0
REFERENCE fws_00004 0
REFERENCE iea_00016 0
REFERENCE bki_00047 0
REFERENCE aid_00039 0
REFERENCE wbp_00027 0
REFERENCE fws_00004 0
REFERENCE qpb_00031 0
REFERENCE ecr_00053 0
REFERENCE wvx_00049 0
DECLARE eqd_00054 10 0
REFERENCE slf_00012 0
REFERENCE fws_00004 0
REFERENCE yuv_00034 0
REFERENCE missing_8281 0
REFERENCE qpb_00031 0
REFERENCE kug_00045 0
REFERENCE bhx_00003 0
REFERENCE ado_00046 0
REFERENCE bki_00047 0
REFERENCE srp_00030 0
REFERENCE zrh_00043 0
REFERENCE bhx_00003 0
DECLARE yve_00055 20 0
REFERENCE rwt_00009 0
REFERENCE psk_00035 0
REFERENCE wbp_00027 0
REFERENCE jkj_00026 0
REFERENCE yfa_00020 0
REFERENCE amc_00001 0
REFERENCE missing_9862 0
DECLARE hds_00056 16 0
REFERENCE yuv_00034 0
REFERENCE kug_00045 0
DECLARE vsg_00057 5 0
DECLARE kdd_00058 18 0
DECLARE ppt_00059 13 0
DECLARE eli_00060 18 0
REFERENCE bhx_00003 0
DECLARE eha_00061 6 0
REFERENCE yrl_00050 0
REFERENCE cok_00038 0
REFERENCE slf_00012 0
REFERENCE jkj_00026 0
REFERENCE liz_00019 0
REFERENCE aid_00039 0
DECLARE mxl_00062 12 0
REFERENCE wbp_00027 0
DECLARE ixp_00063 9 0
REFERENCE eqd_00054 0
REFERENCE soe_00052 0
REFERENCE bki_00047 0
REFERENCE vsg_00057 0
REFERENCE gjx_00028 0
REFERENCE missing_9743 0
REFERENCE ppt_00059 0
REFERENCE missing_3241 0
REFERENCE vdl_00013 0
REFERENCE vbj_00037 0
REFERENCE aid_00039 0
REFERENCE wbp_00027 0
REFERENCE obn_00014 0
REFERENCE wvx_00049 0
REFERENCE psk_00035 0
REFERENCE amc_00001 0
REFERENCE gjx_00028 0
REFERENCE mxl_00062 0
REFERENCE qoq_00015 0
REFERENCE ado_00046 0
REFERENCE missing_7528 0
DECLARE lkv_00064 2 0
REFERENCE missing_5007 0
REFERENCE missing_4828 0
REFERENCE tjb_00036 0
REFERENCE kdd_00058 0
REFERENCE qpb_00031 0
DECLARE zke_00065 17 0
REFERENCE missing_3541 0
REFERENCE cst_00024 0
REFERENCE uoh_00033 0
REFERENCE missing_5167 0
REFERENCE wvx_00049 0
REFERENCE bki_00047 0
REFERENCE byc_00017 0
REFERENCE zke_00065 0
REFERENCE gjx_00028 0
DECLARE qqe_00066 18 0
REFERENCE wxq_00025 0
REFERENCE missing_6648 0
REFERENCE zrh_00043 0
REFERENCE qpb_00031 0
REFERENCE yve_00055 0
REFERENCE cct_00007 0
DECLARE ude_00067 7 0
REFERENCE zrh_00043 0
REFERENCE cct_00007 0
REFERENCE qdo_00044 0
REFERENCE pdb_00005 0
REFERENCE missing_2993 0
REFERENCE missing_3650 0
REFERENCE ecr_00053 0
REFERENCE hds_00056 0
DECLARE dif_00068 17 0
DECLARE jhu_00069 7 0
REFERENCE ffb_00032 0
DECLARE xdy_00070 1 0
REFERENCE pux_00022 0
DECLARE yoj_00071 5 0
DECLARE udf_00072 18 0
REFERENCE ppt_00059 0
DECLARE kfg_00073 8 0
REFERENCE missing_5014 0
REFERENCE missing_9245 0
REFERENCE pdb_00005 0
REFERENCE ado_00046 0
DECLARE mld_00074 2 0
REFERENCE cst_00024 0
REFERENCE missing_1888 0
REFERENCE eha_00061 0
REFERENCE mld_00074 0
REFERENCE psk_00035 0
REFERENCE pux_00022 0
DECLARE igp_00075 19 0
REFERENCE fws_00004 0
REFERENCE wbp_00027 0
REFERENCE uoh_00033 0
REFERENCE yve_00055 0
REFERENCE cst_00024 0
REFERENCE quz_00042 0
REFERENCE jqa_00011 0
REFERENCE usy_00008 0
REFERENCE cok_00038 0
REFERENCE mld_00074 0
REFERENCE missing_5620 0
REFERENCE srp_00030 0
DECLARE hji_00076 1 0
REFERENCE gxq_00051 0
REFERENCE obn_00014 0
DECLARE tpf_00077 11 0
REFERENCE pbx_00010 0
DECLARE vep_00078 2 0
REFERENCE missing_3395 0
REFERENCE missing_7712 0
REFERENCE zrh_00043 0
REFERENCE puk_00040 0
REFERENCE tjb_00036 0
REFERENCE tpf_00077 0
REFERENCE dif_00068 0
REFERENCE byc_00017 0
REFERENCE hmc_00000 0
REFERENCE soe_00052 0
REFERENCE kfg_00073 0
REFERENCE zrh_00043 0
DECLARE res_00079 3 0
REFERENCE missing_4716 0
DECLARE uer_00080 17 0
REFERENCE mld_00074 0
REFERENCE iea_00016 0
DECLARE cew_00081 3 0
REFERENCE puk_00040 0
REFERENCE hmc_00000 0
DECLARE fjy_00082 1 0
REFERENCE uer_00080 0
REFERENCE missing_8239 0
REFERENCE bki_00047 0
REFERENCE ffb_00032 0
REFERENCE missing_5533 0
DECLARE vsd_00083 16 0
REFERENCE gjx_00028 0
REFERENCE xdy_00070 0
REFERENCE slf_00012 0
REFERENCE ecr_00053 0
REFERENCE ecr_00053 0
REFERENCE missing_6354 0
REFERENCE missing_9830 0
REFERENCE res_00079 0
REFERENCE yoj_00071 0
REFERENCE qpb_00031 0
REFERENCE ado_00046 0
REFERENCE vyx_00029 0
DECLARE fkj_00084 1 0
REFERENCE missing_4382 0
REFERENCE mxl_00062 0
REFERENCE yoj_00071 0
REFERENCE vyx_00029 0
DECLARE qbm_00085 19 0
DECLARE ogu_00086 16 0
REFERENCE ecr_00053 0
REFERENCE cew_00081 0
REFERENCE jhu_00069 0
REFERENCE vbj_00037 0
REFERENCE missing_7813 0
REFERENCE missing_3639 0
REFERENCE gjx_00028 0
DECLARE kap_00087 3 0
REFERENCE igp_00075 0
REFERENCE wvx_00049 0
REFERENCE hds_00056 0
DECLARE pfz_00088 11 0
REFERENCE cew_00081 0
REFERENCE amc_00001 0
REFERENCE hmc_00000 0
DECLARE dnq_00089 1 0
DECLARE age_00090 6 0
REFERENCE psk_00035 0
REFERENCE yfa_00020 0
REFERENCE fkj_00084 0
REFERENCE fjy_00082 0
REFERENCE vsg_00057 0
REFERENCE missing_6430 0
REFERENCE kdd_00058 0
REFERENCE soe_00052 0
DECLARE fdf_00091 5 0
REFERENCE missing_9211 0
REFERENCE hji_00076 0
DECLARE wih_00092 17 0
REFERENCE aid_00039 0
REFERENCE yoj_00071 0
REFERENCE hds_00056 0
DECLARE wmb_00093 10 0
REFERENCE aid_00039 0
REFERENCE soe_00052 0
REFERENCE zrh_00043 0
REFERENCE byc_00017 0
REFERENCE fdf_00091 0
DECLARE hcn_00094 3 0
REFERENCE dnq_00089 0
REFERENCE pdb_00005 0
DECLARE poj_00095 17 0
REFERENCE missing_8090 0
DECLARE vnc_00096 9 0
REFERENCE eqd_00054 0
DECLARE oaw_00097 16 0
REFERENCE ffb_00032 0
REFERENCE ywq_00002 0
REFERENCE zrh_00043 0
REFERENCE age_00090 0
DECLARE eed_00098 2 0
DECLARE xhg_00099 4 0
REFERENCE dnq_00089 0
REFERENCE igp_00075 0
REFERENCE qpb_00031 0
DECLARE kny_00100 2 0
REFERENCE missing_4437 0
REFERENCE gjx_00028 0
REFERENCE pux_00022 0
DECLARE thk_00101 13 0
REFERENCE xdy_00070 0
DECLARE heo_00102 20 0
REFERENCE hji_00076 0
DECLARE jil_00103 5 0
REFERENCE pux_00022 0
REFERENCE iea_00016 0
DECLARE zdi_00104 5 0
REFERENCE eqd_00054 0
DECLARE tci_00105 10 0
REFERENCE missing_7011 0
DECLARE mgg_00106 17 0
REFERENCE res_00079 0
REFERENCE xug_00048 0
REFERENCE oaw_00097 0
DECLARE coi_00107 10 0
REFERENCE missing_4817 0
REFERENCE cct_00007 0
DECLARE nux_00108 2 0
REFERENCE missing_9321 0
DECLARE qjf_00109 20 0
DECLARE owi_00110 1 0
DECLARE qze_00111 5 0
REFERENCE missing_2428 0
REFERENCE missing_3916 0
REFERENCE mxl_00062 0
REFERENCE vsg_00057 0
REFERENCE rwt_00009 0
DECLARE kgt_00112 17 0
REFERENCE mxl_00062 0
DECLARE nwr_00113 10 0
REFERENCE missing_7391 0
DECLARE lip_00114 7 0
REFERENCE ixp_00063 0
REFERENCE srp_00030 0
REFERENCE missing_2049 0
DECLARE swh_00115 5 0
REFERENCE quz_00042 0
REFERENCE tci_00105 0
REFERENCE qpb_00031 0
REFERENCE qjf_00109 0
DECLARE ans_00116 15 0
REFERENCE heo_00102 0
DECLARE klh_00117 13 0
REFERENCE kug_00045 0
REFERENCE heo_00102 0
REFERENCE gjx_00028 0
REFERENCE eqd_00054 0
REFERENCE poj_00095 0
REFERENCE kdd_00058 0
REFERENCE gjx_00028 0
REFERENCE uvn_00041 0
REFERENCE bhx_00003 0
REFERENCE tjb_00036 0
REFERENCE mgg_00106 0
REFERENCE dnq_00089 0
REFERENCE cst_00024 0
DECLARE erj_00118 5 0
REFERENCE missing_7348 0
REFERENCE qqe_00066 0
DECLARE agi_00119 15 0
REFERENCE obn_00014 0
REFERENCE yuv_00034 0
REFERENCE dif_00068 0
REFERENCE wvx_00049 0
REFERENCE missing_3671 0
DECLARE xif_00120 13 0
REFERENCE res_00079 0
REFERENCE vnc_00096 0
REFERENCE zke_00065 0
REFERENCE kgt_00112 0
REFERENCE missing_1045 0
DECLARE vkf_00121 11 0
REFERENCE missing_5350 0
REFERENCE cew_00081 0
REFERENCE missing_5484 0
REFERENCE eha_00061 0
REFERENCE qpb_00031 0
REFERENCE vep_00078 0
REFERENCE kny_00100 0
REFERENCE puk_00040 0
REFERENCE kfg_00073 0
DECLARE ynh_00122 8 0
REFERENCE fws_00004 0
REFERENCE missing_3594 0
REFERENCE eed_00098 0
REFERENCE yuv_00034 0
REFERENCE byc_00017 0
REFERENCE kny_00100 0
REFERENCE tci_00105 0
DECLARE ved_00123 15 0
REFERENCE egu_00006 0
REFERENCE ved_00123 0
DECLARE fvq_00124 7 0
DECLARE hrc_00125 5 0
DECLARE mzc_00126 14 0
DECLARE pmi_00127 20 0
REFERENCE yrl_00050 0
REFERENCE kfg_00073 0
REFERENCE kny_00100 0
REFERENCE yve_00055 0
REFERENCE kap_00087 0
REFERENCE qze_00111 0
DECLARE fqf_00128 12 0
REFERENCE ynh_00122 0
REFERENCE nux_00108 0
REFERENCE jkj_00026 0
REFERENCE yrl_00050 0
DECLARE hfi_00129 11 0
REFERENCE coi_00107 0
DECLARE gbv_00130 19 0
DECLARE jru_00131 20 0
REFERENCE hrc_00125 0
DECLARE ood_00132 9 0
DECLARE ykv_00133 19 0
REFERENCE xif_00120 0
DECLARE ibu_00134 12 0
REFERENCE erj_00118 0
REFERENCE fkj_00084 0
REFERENCE hds_00056 0
DECLARE cgy_00135 15 0
DECLARE myg_00136 6 0
REFERENCE missing_8880 0
REFERENCE missing_9803 0
REFERENCE yrl_00050 0
REFERENCE missing_1590 0
REFERENCE obn_00014 0
DECLARE sas_00137 7 0
REFERENCE kfg_00073 0
REFERENCE mxl_00062 0
REFERENCE zke_00065 0
REFERENCE bki_00047 0
REFERENCE usy_00008 0
REFERENCE poj_00095 0
DECLARE eht_00138 4 0
DECLARE gus_00139 4 0
DECLARE jid_00140 7 0
REFERENCE jil_00103 0
DECLARE wmm_00141 3 0
REFERENCE mxl_00062 0
DECLARE adu_00142 14 0
REFERENCE ans_00116 0
REFERENCE poj_00095 0
DECLARE oos_00143 6 0
REFERENCE quz_00042 0
DECLARE pul_00144 5 0
REFERENCE liz_00019 0
REFERENCE vep_00078 0
REFERENCE lip_00114 0
REFERENCE missing_1627 0
DECLARE ttj_00145 15 0
REFERENCE owi_00110 0
DECLARE izb_00146 4 0
REFERENCE vbj_00037 0
REFERENCE xif_00120 0
DECLARE dth_00147 15 0
DECLARE ofi_00148 13 0
REFERENCE dnq_00089 0
REFERENCE missing_8774 0
REFERENCE yrl_00050 0
DECLARE kmp_00149 5 0
REFERENCE rwt_00009 0
REFERENCE zrh_00043 0
REFERENCE mxl_00062 0
REFERENCE myg_00136 0
REFERENCE qpb_00031 0
DECLARE kqo_00150 16 0
REFERENCE oos_00143 0
REFERENCE missing_1994 0
REFERENCE cew_00081 0
DECLARE erw_00151 7 0
REFERENCE ppt_00059 0
DECLARE dwk_00152 5 0
REFERENCE aid_00039 0
REFERENCE dnq_00089 0
REFERENCE udf_00072 0
REFERENCE ecr_00053 0
DECLARE qlc_00153 8 0
DECLARE wta_00154 18 0
REFERENCE ykv_00133 0
REFERENCE lkv_00064 0
REFERENCE wta_00154 0
REFERENCE missing_3170 0
REFERENCE ffb_00032 0
DECLARE way_00155 10 0
REFERENCE cct_00007 0
REFERENCE fdf_00091 0
REFERENCE jkj_00026 0
DECLARE xgj_00156 7 0
REFERENCE zdi_00104 0
DECLARE lhc_00157 1 0
REFERENCE cok_00038 0
REFERENCE quz_00042 0
REFERENCE eli_00060 0
REFERENCE pfz_00088 0
DECLARE isl_00158 7 0
REFERENCE psk_00035 0
REFERENCE jil_00103 0
DECLARE zuc_00159 4 0
REFERENCE missing_1332 0
REFERENCE dth_00147 0
DECLARE vcn_00160 18 0
REFERENCE liz_00019 0
REFERENCE egu_00006 0
REFERENCE missing_1927 0
REFERENCE eed_00098 0
REFERENCE vep_00078 0
REFERENCE vdl_00013 0
REFERENCE ogu_00086 0
REFERENCE bhx_00003 0
REFERENCE missing_9258 0
DECLARE hqg_00161 15 0
REFERENCE amc_00001 0
REFERENCE iea_00016 0
REFERENCE cew_00081 0
REFERENCE missing_8867 0
REFERENCE dif_00068 0
REFERENCE ude_00067 0
REFERENCE missing_8917 0
REFERENCE hcn_00094 0
REFERENCE kap_00087 0
REFERENCE fqf_00128 0
REFERENCE vcn_00160 0
REFERENCE swh_00115 0
REFERENCE iea_00016 0
REFERENCE jkj_00026 0
REFERENCE bki_00047 0
REFERENCE missing_8928 0
REFERENCE xif_00120 0
REFERENCE fdf_00091 0
REFERENCE missing_8313 0
REFERENCE ofi_00148 0
DECLARE cqt_00162 10 0
REFERENCE isl_00158 0
REFERENCE jqa_00011 0
REFERENCE ppt_00059 0
REFERENCE yuv_00034 0
DECLARE zgy_00163 1 0
DECLARE yej_00164 1 0
REFERENCE qoq_00015 0
REFERENCE egu_00006 0
REFERENCE missing_3854 0
REFERENCE zke_00065 0
DECLARE leq_00165 14 0
REFERENCE owi_00110 0
REFERENCE pgm_00021 0
REFERENCE missing_8087 0
REFERENCE cgy_00135 0
REFERENCE ppt_00059 0
DECLARE anp_00166 1 0
REFERENCE quz_00042 0
REFERENCE qoq_00015 0
REFERENCE ykv_00133 0
DECLARE pqg_00167 18 0
REFERENCE missing_4060 0
DECLARE ngk_00168 8 0
REFERENCE missing_9780 0
DECLARE ozk_00169 11 0
REFERENCE wvx_00049 0
REFERENCE cgy_00135 0
REFERENCE mzc_00126 0
DECLARE eaf_00170 12 0
DECLARE gyo_00171 5 0
REFERENCE udf_00072 0
REFERENCE isl_00158 0
REFERENCE pux_00022 0
REFERENCE ans_00116 0
REFERENCE gbv_00130 0
REFERENCE vep_00078 0
REFERENCE cqt_00162 0
REFERENCE missing_8045 0
REFERENCE jqa_00011 0
DECLARE sea_00172 20 0
REFERENCE cok_00038 0
REFERENCE quz_00042 0
REFERENCE fvq_00124 0
REFERENCE hrc_00125 0
DECLARE qml_00173 16 0
DECLARE dmi_00174 12 0
REFERENCE owi_00110 0
REFERENCE qpb_00031 0
REFERENCE qpb_00031 0
REFERENCE ofi_00148 0
REFERENCE byc_00017 0
REFERENCE thk_00101 0
REFERENCE kfg_00073 0
REFERENCE ynh_00122 0
REFERENCE leq_00165 0
REFERENCE eha_00061 0
REFERENCE quz_00042 0
REFERENCE ozk_00169 0
REFERENCE vnc_00096 0
REFERENCE qjf_00109 0
REFERENCE yuv_00034 0
DECLARE ivk_00175 1 0
DECLARE xkg_00176 5 0
DECLARE qbq_00177 11 0
REFERENCE pul_00144 0
DECLARE oqe_00178 1 0
REFERENCE qlc_00153 0
DECLARE uqt_00179 16 0
DECLARE xzp_00180 16 0
REFERENCE dmi_00174 0
REFERENCE pqg_00167 0
REFERENCE missing_9140 0
REFERENCE qml_00173 0
REFERENCE kfg_00073 0
REFERENCE qdo_00044 0
REFERENCE lip_00114 0
REFERENCE ood_00132 0
DECLARE tgi_00181 4 0
REFERENCE qjf_00109 0
DECLARE sup_00182 9 0
REFERENCE slf_00012 0
REFERENCE missing_8151 0
REFERENCE cct_00007 0
REFERENCE sea_00172 0
REFERENCE kny_00100 0
REFERENCE aid_00039 0
REFERENCE vkf_00121 0
REFERENCE fjy_00082 0
REFERENCE sas_00137 0
REFERENCE cgy_00135 0
DECLARE rgw_00183 20 0
DECLARE fyh_00184 9 0
REFERENCE ibu_00134 0
REFERENCE ppt_00059 0
REFERENCE missing_5123 0
REFERENCE udf_00072 0
REFERENCE gus_00139 0
REFERENCE jqa_00011 0
REFERENCE erw_00151 0
DECLARE dsa_00185 4 0
DECLARE zuw_00186 1 0
REFERENCE wvx_00049 0
DECLARE kbg_00187 3 0
REFERENCE missing_4359 0
REFERENCE izb_00146 0
REFERENCE ynh_00122 0
REFERENCE missing_8458 0
REFERENCE uqt_00179 0
REFERENCE missing_4192 0
REFERENCE pfz_00088 0
REFERENCE dsa_00185 0
REFERENCE ppt_00059 0
REFERENCE zrh_00043 0
DECLARE tbd_00188 3 0
REFERENCE fqf_00128 0
REFERENCE missing_3994 0
REFERENCE szu_00023 0
DECLARE fgo_00189 18 0
REFERENCE izb_00146 0
REFERENCE qoq_00015 0
DECLARE smw_00190 16 0
REFERENCE vcn_00160 0
REFERENCE vsd_00083 0
REFERENCE eli_00060 0
REFERENCE szu_00023 0
REFERENCE xug_00048 0
REFERENCE psk_00035 0
REFERENCE soe_00052 0
REFERENCE obn_00014 0
REFERENCE ude_00067 0
DECLARE bgw_00191 15 0
REFERENCE zgy_00163 0
REFERENCE jid_00140 0
REFERENCE vbj_00037 0
REFERENCE tbd_00188 0
REFERENCE pqg_00167 0
REFERENCE heo_00102 0
DECLARE rhd_00192 3 0
REFERENCE anp_00166 0
REFERENCE kqo_00150 0
REFERENCE cgy_00135 0
REFERENCE hqg_00161 0
REFERENCE hds_00056 0
REFERENCE pux_00022 0
REFERENCE nwr_00113 0
REFERENCE xgj_00156 0
REFERENCE wxq_00025 0
DECLARE eko_00193 7 0
REFERENCE vdl_00013 0
REFERENCE sea_00172 0
REFERENCE fgo_00189 0
REFERENCE pqg_00167 0
REFERENCE gjx_00028 0
REFERENCE qjf_00109 0
REFERENCE anp_00166 0
REFERENCE ado_00046 0
DECLARE gqz_00194 14 0
REFERENCE ofi_00148 0
DECLARE qei_00195 11 0
REFERENCE kgt_00112 0
REFERENCE qjf_00109 0
REFERENCE yve_00055 0
REFERENCE xif_00120 0
REFERENCE qdo_00044 0
REFERENCE qoq_00015 0
REFERENCE lhc_00157 0
REFERENCE tbd_00188 0
REFERENCE cok_00038 0
DECLARE yxm_00196 17 0
REFERENCE hrc_00125 0
DECLARE gdj_00197 7 0
REFERENCE missing_3537 0
REFERENCE missing_9060 0
REFERENCE klh_00117 0
DECLARE ify_00198 4 0
DECLARE zqw_00199 17 0
REFERENCE ykv_00133 0
REFERENCE ivk_00175 0
REFERENCE res_00079 0
REFERENCE qei_00195 0
REFERENCE erw_00151 0
DECLARE ltd_00200 5 0
REFERENCE missing_9344 0
REFERENCE oaw_00097 0
DECLARE wdm_00201 10 0
REFERENCE owi_00110 0
DECLARE hgi_00202 9 0
REFERENCE pqg_00167 0
REFERENCE missing_4940 0
REFERENCE rgw_00183 0
REFERENCE lhc_00157 0
REFERENCE ogu_00086 0
DECLARE kvz_00203 10 0
REFERENCE mld_00074 0
DECLARE oiq_00204 5 0
DECLARE lht_00205 19 0
REFERENCE heo_00102 0
DECLARE cvv_00206 1 0
REFERENCE xzp_00180 0
REFERENCE eqd_00054 0
REFERENCE gxq_00051 0
REFERENCE vsd_00083 0
REFERENCE zuw_00186 0
REFERENCE hds_00056 0
REFERENCE qbq_00177 0
REFERENCE kny_00100 0
REFERENCE wbp_00027 0
REFERENCE rwt_00009 0
REFERENCE missing_1238 0
REFERENCE missing_7846 0
REFERENCE bhx_00003 0
DECLARE bwp_00207 10 0
REFERENCE qqe_00066 0
REFERENCE swh_00115 0
REFERENCE qbm_00085 0
DECLARE won_00208 8 0
REFERENCE myg_00136 0
REFERENCE hfi_00129 0
DECLARE zyd_00209 3 0
REFERENCE gjx_00028 0
REFERENCE xkg_00176 0
REFERENCE vcn_00160 0
DECLARE rdv_00210 9 0
REFERENCE missing_1962 0
DECLARE qpz_00211 4 0
REFERENCE cst_00024 0
REFERENCE nux_00108 0
REFERENCE fyh_00184 0
REFERENCE dif_00068 0
REFERENCE ttj_00145 0
REFERENCE lhc_00157 0
REFERENCE adu_00142 0
REFERENCE yve_00055 0
DECLARE ltd_00212 7 0
REFERENCE aid_00039 0
REFERENCE ltd_00200 0
REFERENCE pbx_00010 0
REFERENCE psk_00035 0
REFERENCE cvv_00206 0
REFERENCE hcn_00094 0
REFERENCE missing_1899 0
REFERENCE wdm_00201 0
DECLARE stq_00213 9 0
REFERENCE oqe_00178 0
REFERENCE missing_9028 0
REFERENCE ngk_00168 0
REFERENCE ado_00046 0
DECLARE iwm_00214 12 0
REFERENCE oiq_00204 0
DECLARE jko_00215 18 0
REFERENCE gbv_00130 0
REFERENCE coi_00107 0
REFERENCE missing_7037 0
DECLARE dmr_00216 20 0
REFERENCE missing_3021 0
DECLARE hfe_00217 17 0
REFERENCE oaw_00097 0
REFERENCE quz_00042 0
REFERENCE xif_00120 0
DECLARE hdo_00218 15 0
REFERENCE missing_6850 0
REFERENCE ved_00123 0
REFERENCE hgi_00202 0
REFERENCE usy_00008 0
DECLARE rjp_00219 13 0
DECLARE bdd_00220 8 0
DECLARE qye_00221 6 0
REFERENCE ixp_00063 0
REFERENCE wbp_00027 0
REFERENCE ogu_00086 0
REFERENCE cgy_00135 0
REFERENCE fvq_00124 0
REFERENCE ppt_00059 0
REFERENCE eaf_00170 0
REFERENCE kbg_00187 0
REFERENCE smw_00190 0
REFERENCE gqz_00194 0
DECLARE hed_00222 6 0
REFERENCE eed_00098 0
REFERENCE eaf_00170 0
REFERENCE bwp_00207 0
DECLARE gjc_00223 10 0
REFERENCE jkj_00026 0
REFERENCE myg_00136 0
REFERENCE cok_00038 0
DECLARE atr_00224 15 0
REFERENCE amc_00001 0
DECLARE ymw_00225 6 0
REFERENCE ify_00198 0
DECLARE mac_00226 7 0
DECLARE wkx_00227 20 0
DECLARE gfn_00228 4 0
DECLARE aoi_00229 3 0
DECLARE nir_00230 5 0
REFERENCE liz_00019 0
REFERENCE ibu_00134 0
REFERENCE oaw_00097 0
REFERENCE sas_00137 0
REFERENCE kvz_00203 0
DECLARE lzi_00231 2 0
REFERENCE ngk_00168 0
REFERENCE jqa_00011 0
DECLARE dah_00232 13 0
REFERENCE vsd_00083 0
REFERENCE uqt_00179 0
REFERENCE missing_4104 0
REFERENCE missing_2408 0
REFERENCE yej_00164 0
REFERENCE isl_00158 0
DECLARE rmg_00233 17 0
REFERENCE jil_00103 0
REFERENCE pgm_00021 0
REFERENCE swh_00115 0
REFERENCE hrc_00125 0
REFERENCE age_00090 0
REFERENCE dif_00068 0
REFERENCE puk_00040 0
DECLARE mqw_00234 14 0
DECLARE mpr_00235 2 0
REFERENCE bwp_00207 0
DECLARE vjf_00236 6 0
DECLARE xzo_00237 4 0
REFERENCE kmp_00149 0
REFERENCE bhx_00003 0
REFERENCE aid_00039 0
REFERENCE amc_00001 0
REFERENCE uoh_00033 0
REFERENCE soe_00052 0
REFERENCE eli_00060 0
REFERENCE smw_00190 0
REFERENCE yxm_00196 0
REFERENCE missing_5049 0
REFERENCE mpr_00235 0
REFERENCE missing_3188 0
DECLARE fwh_00238 7 0
REFERENCE wih_00092 0
REFERENCE pul_00144 0
REFERENCE eaf_00170 0
REFERENCE gus_00139 0
DECLARE ncq_00239 16 0
REFERENCE eht_00138 0
REFERENCE missing_5176 0
REFERENCE bki_00047 0
REFERENCE missing_2394 0
REFERENCE rjp_00219 0
DECLARE kie_00240 10 0
DECLARE jhu_00241 10 0
REFERENCE dah_00232 0
REFERENCE gfn_00228 0
DECLARE kox_00242 2 0
REFERENCE hds_00056 0
REFERENCE won_00208 0
REFERENCE missing_5641 0
REFERENCE gyo_00171 0
REFERENCE missing_5217 0
REFERENCE missing_3278 0
REFERENCE fjy_00082 0
REFERENCE rmg_00233 0
REFERENCE missing_3360 0
REFERENCE hcn_00094 0
REFERENCE aid_00039 0
REFERENCE pmi_00127 0
REFERENCE jil_00103 0
REFERENCE ltd_00212 0
REFERENCE qoq_00015 0
REFERENCE hgi_00202 0
REFERENCE erw_00151 0
REFERENCE qbq_00177 0
REFERENCE mgg_00106 0
REFERENCE tci_00105 0
REFERENCE nir_00230 0
REFERENCE bhx_00003 0
REFERENCE adu_00142 0
REFERENCE rwt_00009 0
REFERENCE wmm_00141 0
REFERENCE xsq_00018 0
REFERENCE gjc_00223 0
DECLARE mlb_00243 20 0
REFERENCE qdo_00044 0
REFERENCE yve_00055 0
REFERENCE mgg_00106 0
DECLARE aye_00244 8 0
REFERENCE wmm_00141 0
DECLARE haz_00245 6 0
REFERENCE qqe_00066 0
REFERENCE yoj_00071 0
DECLARE xiu_00246 14 0
REFERENCE qye_00221 0
REFERENCE uvn_00041 0
REFERENCE jid_00140 0
REFERENCE zuw_00186 0
DECLARE sxt_00247 12 0
REFERENCE dwk_00152 0
DECLARE ckc_00248 6 0
DECLARE ppa_00249 12 0
REFERENCE hqg_00161 0
REFERENCE myg_00136 0
REFERENCE swh_00115 0
REFERENCE missing_6464 0
REFERENCE bhx_00003 0
REFERENCE lht_00205 0
REFERENCE missing_8621 0
REFERENCE pfz_00088 0
REFERENCE erj_00118 0
REFERENCE xdy_00070 0
REFERENCE wxq_00025 0
REFERENCE dmr_00216 0
REFERENCE aid_00039 0
REFERENCE missing_4888 0
REFERENCE eaf_00170 0
REFERENCE xhg_00099 0
DECLARE knt_00250 2 0
REFERENCE missing_6338 0
DECLARE eav_00251 1 0
REFERENCE missing_8000 0
REFERENCE missing_1308 0
REFERENCE hgi_00202 0
REFERENCE res_00079 0
REFERENCE missing_7121 0
DECLARE euj_00252 8 0
REFERENCE vcn_00160 0
DECLARE irs_00253 7 0
REFERENCE bki_00047 0
DECLARE rit_00254 11 0
REFERENCE missing_6189 0
EXIT_SCOPE 0
