# ColliScope Frequency-Matched Synthetic Trace
# Parameters: seed=61, zipf_s=1.244, scope=flat, type=declaration-heavy, replicate=2
ENTER_SCOPE 0
DECLARE sym_k0000 1 0
DECLARE sym_k0001 2 0
DECLARE sym_k0002 3 0
DECLARE sym_k0003 4 0
DECLARE sym_k0004 5 0
DECLARE sym_k0005 6 0
DECLARE sym_k0006 7 0
DECLARE sym_k0007 8 0
DECLARE sym_k0008 9 0
DECLARE sym_k0009 10 0
DECLARE sym_k0010 1 0
DECLARE sym_k0011 2 0
DECLARE sym_k0012 3 0
DECLARE sym_k0013 4 0
DECLARE sym_k0014 5 0
DECLARE sym_k0015 6 0
DECLARE sym_k0016 7 0
DECLARE sym_k0017 8 0
DECLARE sym_k0018 9 0
DECLARE sym_k0019 10 0
DECLARE sym_k0020 1 0
DECLARE sym_k0021 2 0
DECLARE sym_k0022 3 0
DECLARE sym_k0023 4 0
DECLARE sym_k0024 5 0
DECLARE sym_k0025 6 0
DECLARE sym_k0026 7 0
DECLARE sym_k0027 8 0
DECLARE sym_k0028 9 0
DECLARE sym_k0029 10 0
DECLARE sym_k0030 1 0
DECLARE sym_k0031 2 0
DECLARE sym_k0032 3 0
DECLARE sym_k0033 4 0
DECLARE sym_k0034 5 0
DECLARE sym_k0035 6 0
DECLARE sym_k0036 7 0
DECLARE sym_k0037 8 0
DECLARE sym_k0038 9 0
DECLARE sym_k0039 10 0
DECLARE sym_k0040 1 0
DECLARE sym_k0041 2 0
DECLARE sym_k0042 3 0
DECLARE sym_k0043 4 0
DECLARE sym_k0044 5 0
DECLARE sym_k0045 6 0
DECLARE sym_k0046 7 0
DECLARE sym_k0047 8 0
DECLARE sym_k0048 9 0
DECLARE sym_k0049 10 0
REFERENCE sym_k0001 0
REFERENCE sym_k0025 0
REFERENCE sym_k0011 0
REFERENCE sym_k0015 0
REFERENCE sym_k0002 0
DECLARE sym_k0288 4 0
DECLARE sym_k0291 7 0
DECLARE sym_k0147 13 0
REFERENCE sym_k0000 0
REFERENCE sym_k0012 0
REFERENCE sym_k0011 0
REFERENCE sym_k0007 0
REFERENCE sym_k0006 0
REFERENCE sym_k0010 0
REFERENCE sym_k0000 0
REFERENCE sym_k0003 0
REFERENCE sym_k0000 0
REFERENCE sym_k0045 0
REFERENCE sym_k0000 0
REFERENCE sym_k0000 0
REFERENCE sym_k0046 0
REFERENCE sym_k0027 0
DECLARE sym_k0055 11 0
REFERENCE sym_k0013 0
REFERENCE sym_k0000 0
DECLARE sym_k0091 2 0
REFERENCE sym_k0003 0
REFERENCE sym_k0014 0
REFERENCE sym_k0000 0
REFERENCE sym_k0000 0
REFERENCE sym_k0013 0
DECLARE sym_k0149 15 0
REFERENCE sym_k0000 0
REFERENCE sym_k0000 0
REFERENCE sym_k0001 0
REFERENCE sym_k0005 0
REFERENCE sym_k0000 0
REFERENCE sym_k0000 0
REFERENCE sym_k0004 0
REFERENCE sym_k0008 0
REFERENCE sym_k0004 0
DECLARE sym_k0080 6 0
REFERENCE sym_k0000 0
REFERENCE sym_k0003 0
REFERENCE sym_k0008 0
REFERENCE sym_k0047 0
DECLARE sym_k0212 3 0
REFERENCE sym_k0007 0
REFERENCE sym_k0024 0
REFERENCE sym_k0009 0
REFERENCE sym_k0000 0
REFERENCE sym_k0036 0
REFERENCE sym_k0000 0
REFERENCE sym_k0007 0
REFERENCE sym_k0001 0
REFERENCE sym_k0149 0
DECLARE sym_k0254 15 0
REFERENCE sym_k0001 0
DECLARE sym_k0115 11 0
DECLARE sym_k0100 11 0
REFERENCE sym_k0000 0
REFERENCE sym_k0003 0
REFERENCE sym_k0029 0
REFERENCE sym_k0020 0
REFERENCE sym_k0001 0
REFERENCE sym_k0212 0
REFERENCE sym_k0016 0
REFERENCE sym_k0001 0
REFERENCE sym_k0000 0
REFERENCE sym_k0000 0
REFERENCE sym_k0000 0
REFERENCE sym_k0000 0
REFERENCE sym_k0002 0
REFERENCE sym_k0027 0
DECLARE sym_k0050 6 0
REFERENCE sym_k0019 0
REFERENCE sym_k0000 0
REFERENCE sym_k0015 0
REFERENCE sym_k0025 0
REFERENCE sym_k0006 0
REFERENCE sym_k0001 0
DECLARE sym_k0127 8 0
REFERENCE sym_k0032 0
REFERENCE sym_k0001 0
REFERENCE sym_k0048 0
REFERENCE sym_k0001 0
REFERENCE sym_k0000 0
REFERENCE sym_k0002 0
REFERENCE sym_k0001 0
REFERENCE sym_k0001 0
REFERENCE sym_k0002 0
REFERENCE sym_k0016 0
REFERENCE sym_k0014 0
REFERENCE sym_k0000 0
REFERENCE sym_k0032 0
REFERENCE sym_k0001 0
DECLARE sym_k0130 11 0
REFERENCE sym_k0014 0
REFERENCE sym_k0000 0
REFERENCE sym_k0020 0
REFERENCE sym_k0021 0
REFERENCE sym_k0004 0
REFERENCE sym_k0000 0
REFERENCE sym_k0006 0
REFERENCE sym_k0046 0
REFERENCE sym_k0038 0
REFERENCE missing_5411 0
REFERENCE sym_k0023 0
REFERENCE sym_k0000 0
DECLARE sym_k0155 6 0
REFERENCE sym_k0032 0
REFERENCE sym_k0000 0
REFERENCE sym_k0003 0
REFERENCE sym_k0007 0
REFERENCE sym_k0019 0
DECLARE sym_k0188 9 0
REFERENCE sym_k0000 0
REFERENCE sym_k0003 0
REFERENCE sym_k0008 0
REFERENCE sym_k0001 0
REFERENCE sym_k0000 0
REFERENCE sym_k0000 0
REFERENCE sym_k0000 0
REFERENCE sym_k0010 0
REFERENCE sym_k0212 0
REFERENCE sym_k0001 0
REFERENCE missing_5699 0
REFERENCE sym_k0001 0
REFERENCE sym_k0004 0
REFERENCE sym_k0001 0
REFERENCE sym_k0001 0
REFERENCE sym_k0000 0
REFERENCE sym_k0003 0
REFERENCE sym_k0006 0
DECLARE sym_k0076 2 0
REFERENCE sym_k0000 0
DECLARE sym_k0165 1 0
REFERENCE sym_k0007 0
REFERENCE sym_k0001 0
REFERENCE sym_k0000 0
REFERENCE sym_k0004 0
REFERENCE sym_k0000 0
REFERENCE missing_1580 0
REFERENCE sym_k0002 0
REFERENCE sym_k0000 0
DECLARE sym_k0082 8 0
REFERENCE sym_k0018 0
DECLARE sym_k0088 14 0
REFERENCE sym_k0020 0
REFERENCE sym_k0001 0
REFERENCE sym_k0000 0
REFERENCE sym_k0004 0
REFERENCE sym_k0014 0
REFERENCE sym_k0000 0
REFERENCE sym_k0005 0
REFERENCE sym_k0001 0
REFERENCE sym_k0001 0
REFERENCE sym_k0082 0
REFERENCE sym_k0009 0
REFERENCE sym_k0000 0
REFERENCE sym_k0004 0
REFERENCE sym_k0254 0
DECLARE sym_k0105 1 0
REFERENCE sym_k0000 0
REFERENCE sym_k0018 0
REFERENCE sym_k0000 0
REFERENCE sym_k0008 0
DECLARE sym_k0249 10 0
REFERENCE sym_k0001 0
REFERENCE sym_k0000 0
REFERENCE sym_k0000 0
REFERENCE sym_k0000 0
REFERENCE sym_k0000 0
REFERENCE sym_k0000 0
REFERENCE sym_k0001 0
REFERENCE sym_k0006 0
REFERENCE sym_k0000 0
REFERENCE sym_k0000 0
REFERENCE sym_k0001 0
REFERENCE sym_k0000 0
DECLARE sym_k0262 8 0
REFERENCE sym_k0002 0
REFERENCE sym_k0001 0
REFERENCE sym_k0001 0
REFERENCE sym_k0000 0
REFERENCE sym_k0010 0
REFERENCE sym_k0000 0
REFERENCE sym_k0002 0
REFERENCE sym_k0155 0
REFERENCE sym_k0008 0
REFERENCE sym_k0000 0
REFERENCE sym_k0046 0
REFERENCE sym_k0027 0
REFERENCE sym_k0000 0
REFERENCE sym_k0001 0
DECLARE sym_k0064 5 0
REFERENCE sym_k0007 0
REFERENCE sym_k0000 0
REFERENCE sym_k0080 0
REFERENCE sym_k0000 0
REFERENCE sym_k0000 0
REFERENCE sym_k0036 0
REFERENCE sym_k0002 0
REFERENCE sym_k0100 0
REFERENCE sym_k0025 0
REFERENCE sym_k0000 0
REFERENCE sym_k0001 0
REFERENCE sym_k0001 0
REFERENCE sym_k0000 0
REFERENCE sym_k0000 0
REFERENCE sym_k0007 0
REFERENCE sym_k0005 0
REFERENCE sym_k0007 0
REFERENCE sym_k0025 0
REFERENCE sym_k0000 0
REFERENCE sym_k0001 0
REFERENCE sym_k0005 0
REFERENCE sym_k0024 0
REFERENCE sym_k0013 0
REFERENCE sym_k0036 0
DECLARE sym_k0061 2 0
REFERENCE sym_k0002 0
REFERENCE sym_k0000 0
REFERENCE sym_k0004 0
REFERENCE sym_k0000 0
REFERENCE sym_k0017 0
DECLARE sym_k0106 2 0
REFERENCE sym_k0001 0
REFERENCE sym_k0039 0
REFERENCE sym_k0000 0
REFERENCE sym_k0001 0
REFERENCE sym_k0000 0
REFERENCE sym_k0002 0
REFERENCE sym_k0031 0
REFERENCE sym_k0000 0
REFERENCE sym_k0004 0
REFERENCE sym_k0007 0
REFERENCE sym_k0003 0
REFERENCE sym_k0000 0
REFERENCE sym_k0000 0
REFERENCE sym_k0004 0
REFERENCE sym_k0036 0
REFERENCE sym_k0005 0
REFERENCE sym_k0000 0
REFERENCE sym_k0005 0
REFERENCE sym_k0001 0
REFERENCE sym_k0003 0
REFERENCE sym_k0000 0
REFERENCE sym_k0000 0
REFERENCE sym_k0011 0
REFERENCE sym_k0000 0
REFERENCE missing_8396 0
REFERENCE sym_k0002 0
DECLARE sym_k0286 2 0
REFERENCE sym_k0019 0
REFERENCE sym_k0000 0
REFERENCE sym_k0027 0
REFERENCE sym_k0003 0
REFERENCE sym_k0010 0
REFERENCE sym_k0005 0
REFERENCE sym_k0003 0
REFERENCE sym_k0000 0
REFERENCE missing_4409 0
REFERENCE sym_k0012 0
REFERENCE sym_k0000 0
REFERENCE sym_k0001 0
REFERENCE sym_k0016 0
REFERENCE sym_k0000 0
REFERENCE sym_k0004 0
REFERENCE sym_k0002 0
DECLARE sym_k0060 1 0
REFERENCE sym_k0001 0
REFERENCE sym_k0008 0
REFERENCE sym_k0024 0
REFERENCE sym_k0002 0
REFERENCE sym_k0005 0
REFERENCE sym_k0004 0
REFERENCE sym_k0055 0
REFERENCE sym_k0000 0
REFERENCE sym_k0127 0
REFERENCE sym_k0038 0
REFERENCE sym_k0003 0
REFERENCE sym_k0000 0
REFERENCE sym_k0003 0
REFERENCE missing_8144 0
REFERENCE sym_k0012 0
REFERENCE sym_k0003 0
REFERENCE sym_k0000 0
REFERENCE sym_k0013 0
REFERENCE sym_k0000 0
DECLARE sym_k0083 9 0
REFERENCE sym_k0188 0
REFERENCE sym_k0038 0
DECLARE sym_k0113 9 0
REFERENCE sym_k0004 0
REFERENCE sym_k0000 0
DECLARE sym_k0062 3 0
REFERENCE sym_k0045 0
REFERENCE sym_k0002 0
REFERENCE sym_k0001 0
REFERENCE sym_k0003 0
REFERENCE sym_k0039 0
REFERENCE sym_k0020 0
REFERENCE sym_k0001 0
REFERENCE sym_k0001 0
REFERENCE sym_k0001 0
REFERENCE sym_k0001 0
REFERENCE sym_k0001 0
REFERENCE sym_k0000 0
REFERENCE sym_k0008 0
REFERENCE sym_k0061 0
DECLARE sym_k0071 12 0
REFERENCE sym_k0071 0
REFERENCE sym_k0002 0
REFERENCE sym_k0009 0
REFERENCE sym_k0002 0
REFERENCE sym_k0000 0
REFERENCE sym_k0003 0
REFERENCE sym_k0035 0
REFERENCE sym_k0003 0
REFERENCE sym_k0002 0
REFERENCE sym_k0002 0
REFERENCE sym_k0006 0
REFERENCE sym_k0000 0
REFERENCE sym_k0000 0
REFERENCE sym_k0004 0
REFERENCE sym_k0004 0
REFERENCE sym_k0000 0
REFERENCE sym_k0004 0
REFERENCE sym_k0003 0
REFERENCE sym_k0017 0
REFERENCE sym_k0006 0
DECLARE sym_k0065 6 0
REFERENCE sym_k0020 0
REFERENCE sym_k0000 0
REFERENCE sym_k0001 0
REFERENCE sym_k0014 0
REFERENCE sym_k0033 0
REFERENCE missing_1076 0
REFERENCE sym_k0006 0
REFERENCE sym_k0002 0
REFERENCE sym_k0036 0
REFERENCE sym_k0013 0
REFERENCE sym_k0027 0
REFERENCE sym_k0000 0
REFERENCE sym_k0000 0
REFERENCE sym_k0020 0
REFERENCE sym_k0000 0
REFERENCE sym_k0020 0
REFERENCE sym_k0000 0
REFERENCE sym_k0014 0
REFERENCE sym_k0012 0
DECLARE sym_k0258 4 0
REFERENCE sym_k0002 0
REFERENCE sym_k0013 0
REFERENCE sym_k0000 0
REFERENCE sym_k0002 0
DECLARE sym_k0056 12 0
REFERENCE sym_k0001 0
REFERENCE sym_k0001 0
REFERENCE sym_k0001 0
REFERENCE sym_k0000 0
REFERENCE sym_k0002 0
REFERENCE sym_k0008 0
REFERENCE sym_k0022 0
REFERENCE sym_k0000 0
REFERENCE sym_k0007 0
REFERENCE sym_k0041 0
REFERENCE sym_k0002 0
REFERENCE sym_k0000 0
REFERENCE sym_k0023 0
REFERENCE sym_k0004 0
REFERENCE sym_k0000 0
REFERENCE sym_k0022 0
REFERENCE sym_k0006 0
REFERENCE sym_k0002 0
REFERENCE missing_7049 0
DECLARE sym_k0085 11 0
REFERENCE sym_k0002 0
REFERENCE sym_k0000 0
REFERENCE sym_k0000 0
REFERENCE sym_k0000 0
REFERENCE sym_k0009 0
REFERENCE sym_k0000 0
REFERENCE missing_1328 0
REFERENCE sym_k0060 0
REFERENCE sym_k0000 0
REFERENCE sym_k0000 0
REFERENCE sym_k0010 0
REFERENCE sym_k0000 0
REFERENCE sym_k0000 0
REFERENCE sym_k0000 0
DECLARE sym_k0119 15 0
DECLARE sym_k0163 14 0
REFERENCE sym_k0000 0
REFERENCE sym_k0011 0
REFERENCE sym_k0005 0
DECLARE sym_k0179 15 0
REFERENCE sym_k0000 0
REFERENCE sym_k0083 0
REFERENCE sym_k0023 0
REFERENCE sym_k0003 0
REFERENCE sym_k0000 0
DECLARE sym_k0116 12 0
REFERENCE sym_k0001 0
REFERENCE sym_k0005 0
REFERENCE sym_k0000 0
REFERENCE sym_k0002 0
REFERENCE sym_k0019 0
REFERENCE sym_k0008 0
REFERENCE sym_k0000 0
REFERENCE sym_k0000 0
REFERENCE sym_k0001 0
REFERENCE sym_k0001 0
REFERENCE sym_k0013 0
REFERENCE sym_k0000 0
REFERENCE sym_k0001 0
REFERENCE sym_k0000 0
REFERENCE sym_k0018 0
REFERENCE sym_k0000 0
REFERENCE sym_k0001 0
REFERENCE sym_k0014 0
REFERENCE sym_k0036 0
REFERENCE sym_k0001 0
REFERENCE sym_k0007 0
REFERENCE sym_k0249 0
REFERENCE sym_k0005 0
REFERENCE sym_k0042 0
REFERENCE sym_k0015 0
REFERENCE sym_k0000 0
REFERENCE sym_k0000 0
REFERENCE sym_k0000 0
REFERENCE sym_k0008 0
REFERENCE sym_k0000 0
REFERENCE sym_k0000 0
REFERENCE sym_k0013 0
REFERENCE sym_k0022 0
DECLARE sym_k0086 12 0
REFERENCE sym_k0007 0
DECLARE sym_k0209 15 0
REFERENCE sym_k0006 0
REFERENCE sym_k0000 0
DECLARE sym_k0072 13 0
REFERENCE sym_k0000 0
REFERENCE sym_k0033 0
REFERENCE sym_k0016 0
REFERENCE sym_k0003 0
REFERENCE sym_k0000 0
REFERENCE sym_k0000 0
REFERENCE sym_k0008 0
REFERENCE sym_k0040 0
REFERENCE sym_k0039 0
REFERENCE missing_4208 0
DECLARE sym_k0263 9 0
REFERENCE missing_3454 0
REFERENCE sym_k0002 0
REFERENCE sym_k0041 0
REFERENCE sym_k0001 0
REFERENCE sym_k0147 0
REFERENCE sym_k0001 0
REFERENCE sym_k0008 0
REFERENCE sym_k0013 0
REFERENCE sym_k0003 0
REFERENCE sym_k0001 0
REFERENCE sym_k0001 0
REFERENCE sym_k0000 0
REFERENCE sym_k0001 0
REFERENCE sym_k0046 0
REFERENCE sym_k0000 0
DECLARE sym_k0229 5 0
REFERENCE sym_k0019 0
REFERENCE sym_k0001 0
REFERENCE sym_k0000 0
REFERENCE sym_k0001 0
REFERENCE sym_k0007 0
REFERENCE sym_k0002 0
REFERENCE sym_k0003 0
REFERENCE missing_2970 0
REFERENCE sym_k0002 0
REFERENCE sym_k0000 0
REFERENCE sym_k0007 0
REFERENCE sym_k0001 0
REFERENCE sym_k0002 0
REFERENCE sym_k0006 0
REFERENCE sym_k0003 0
REFERENCE sym_k0006 0
REFERENCE sym_k0001 0
REFERENCE sym_k0027 0
REFERENCE sym_k0006 0
REFERENCE sym_k0000 0
REFERENCE sym_k0011 0
REFERENCE sym_k0001 0
REFERENCE sym_k0000 0
REFERENCE sym_k0002 0
REFERENCE sym_k0001 0
REFERENCE sym_k0000 0
REFERENCE sym_k0026 0
REFERENCE sym_k0018 0
REFERENCE sym_k0004 0
REFERENCE sym_k0012 0
REFERENCE sym_k0004 0
REFERENCE sym_k0001 0
REFERENCE sym_k0009 0
REFERENCE sym_k0010 0
REFERENCE sym_k0002 0
REFERENCE sym_k0003 0
REFERENCE sym_k0002 0
REFERENCE sym_k0012 0
REFERENCE sym_k0039 0
REFERENCE sym_k0000 0
DECLARE sym_k0090 1 0
REFERENCE sym_k0000 0
REFERENCE sym_k0003 0
DECLARE sym_k0097 8 0
REFERENCE sym_k0000 0
REFERENCE sym_k0010 0
REFERENCE sym_k0000 0
REFERENCE sym_k0016 0
REFERENCE sym_k0015 0
REFERENCE sym_k0000 0
REFERENCE sym_k0046 0
REFERENCE sym_k0000 0
REFERENCE sym_k0003 0
DECLARE sym_k0094 5 0
REFERENCE sym_k0000 0
REFERENCE sym_k0041 0
REFERENCE sym_k0009 0
REFERENCE sym_k0011 0
REFERENCE sym_k0043 0
REFERENCE sym_k0002 0
REFERENCE sym_k0000 0
DECLARE sym_k0102 13 0
REFERENCE missing_9006 0
DECLARE sym_k0087 13 0
REFERENCE sym_k0000 0
REFERENCE sym_k0004 0
DECLARE sym_k0063 4 0
REFERENCE sym_k0002 0
REFERENCE sym_k0001 0
REFERENCE sym_k0024 0
REFERENCE sym_k0001 0
REFERENCE sym_k0001 0
REFERENCE sym_k0085 0
REFERENCE sym_k0001 0
REFERENCE missing_1286 0
REFERENCE sym_k0004 0
REFERENCE sym_k0119 0
REFERENCE sym_k0179 0
REFERENCE sym_k0000 0
REFERENCE missing_8994 0
REFERENCE sym_k0013 0
REFERENCE sym_k0000 0
REFERENCE sym_k0010 0
REFERENCE sym_k0040 0
REFERENCE sym_k0004 0
REFERENCE sym_k0001 0
REFERENCE sym_k0003 0
REFERENCE sym_k0008 0
REFERENCE sym_k0006 0
REFERENCE sym_k0000 0
REFERENCE sym_k0005 0
REFERENCE sym_k0001 0
REFERENCE sym_k0004 0
REFERENCE sym_k0001 0
REFERENCE sym_k0000 0
REFERENCE sym_k0055 0
REFERENCE sym_k0006 0
REFERENCE sym_k0037 0
REFERENCE sym_k0000 0
REFERENCE sym_k0004 0
REFERENCE sym_k0008 0
REFERENCE sym_k0013 0
REFERENCE sym_k0286 0
REFERENCE sym_k0029 0
REFERENCE sym_k0001 0
REFERENCE sym_k0003 0
REFERENCE sym_k0038 0
REFERENCE sym_k0012 0
REFERENCE sym_k0001 0
REFERENCE sym_k0027 0
REFERENCE sym_k0021 0
REFERENCE sym_k0002 0
REFERENCE sym_k0003 0
REFERENCE sym_k0012 0
REFERENCE sym_k0001 0
REFERENCE sym_k0000 0
REFERENCE sym_k0001 0
REFERENCE sym_k0001 0
REFERENCE sym_k0026 0
REFERENCE sym_k0006 0
REFERENCE sym_k0031 0
REFERENCE missing_2731 0
REFERENCE sym_k0000 0
REFERENCE sym_k0006 0
REFERENCE sym_k0000 0
REFERENCE missing_2055 0
DECLARE sym_k0051 7 0
REFERENCE sym_k0014 0
REFERENCE sym_k0000 0
REFERENCE sym_k0001 0
REFERENCE sym_k0000 0
REFERENCE sym_k0004 0
REFERENCE sym_k0000 0
REFERENCE sym_k0000 0
REFERENCE missing_8787 0
REFERENCE sym_k0000 0
REFERENCE sym_k0003 0
REFERENCE missing_2712 0
REFERENCE sym_k0027 0
REFERENCE sym_k0002 0
REFERENCE sym_k0000 0
REFERENCE missing_4835 0
REFERENCE sym_k0000 0
DECLARE sym_k0270 1 0
REFERENCE sym_k0000 0
REFERENCE sym_k0000 0
REFERENCE sym_k0000 0
REFERENCE sym_k0019 0
REFERENCE sym_k0000 0
REFERENCE sym_k0000 0
REFERENCE sym_k0060 0
REFERENCE sym_k0000 0
REFERENCE sym_k0051 0
REFERENCE sym_k0003 0
REFERENCE sym_k0000 0
REFERENCE sym_k0011 0
DECLARE sym_k0216 7 0
REFERENCE sym_k0000 0
REFERENCE sym_k0008 0
REFERENCE sym_k0009 0
REFERENCE sym_k0002 0
REFERENCE sym_k0000 0
REFERENCE sym_k0038 0
REFERENCE sym_k0007 0
REFERENCE sym_k0019 0
REFERENCE sym_k0001 0
REFERENCE sym_k0000 0
DECLARE sym_k0054 10 0
REFERENCE sym_k0113 0
REFERENCE sym_k0035 0
REFERENCE sym_k0006 0
REFERENCE sym_k0008 0
REFERENCE sym_k0003 0
REFERENCE sym_k0000 0
REFERENCE sym_k0155 0
REFERENCE sym_k0000 0
REFERENCE sym_k0091 0
REFERENCE sym_k0000 0
REFERENCE sym_k0000 0
REFERENCE sym_k0051 0
REFERENCE sym_k0113 0
REFERENCE sym_k0001 0
REFERENCE sym_k0001 0
REFERENCE sym_k0000 0
REFERENCE sym_k0015 0
REFERENCE sym_k0001 0
REFERENCE sym_k0004 0
REFERENCE sym_k0000 0
REFERENCE sym_k0001 0
REFERENCE sym_k0006 0
DECLARE sym_k0114 10 0
REFERENCE sym_k0002 0
REFERENCE sym_k0047 0
REFERENCE sym_k0065 0
REFERENCE sym_k0001 0
REFERENCE sym_k0001 0
REFERENCE sym_k0002 0
REFERENCE sym_k0001 0
REFERENCE sym_k0002 0
REFERENCE missing_7631 0
REFERENCE sym_k0002 0
REFERENCE sym_k0021 0
DECLARE sym_k0108 4 0
DECLARE sym_k0118 14 0
REFERENCE sym_k0002 0
REFERENCE sym_k0020 0
REFERENCE sym_k0002 0
REFERENCE sym_k0004 0
REFERENCE sym_k0047 0
REFERENCE sym_k0000 0
REFERENCE sym_k0000 0
REFERENCE sym_k0032 0
REFERENCE sym_k0083 0
DECLARE sym_k0142 8 0
DECLARE sym_k0110 6 0
REFERENCE sym_k0000 0
REFERENCE sym_k0031 0
REFERENCE sym_k0127 0
REFERENCE sym_k0028 0
REFERENCE sym_k0011 0
REFERENCE missing_3631 0
REFERENCE sym_k0003 0
REFERENCE sym_k0015 0
REFERENCE sym_k0000 0
REFERENCE sym_k0024 0
REFERENCE sym_k0000 0
REFERENCE sym_k0000 0
REFERENCE sym_k0037 0
REFERENCE sym_k0000 0
REFERENCE sym_k0020 0
REFERENCE sym_k0000 0
REFERENCE sym_k0000 0
REFERENCE sym_k0007 0
REFERENCE sym_k0001 0
REFERENCE sym_k0002 0
REFERENCE sym_k0000 0
REFERENCE sym_k0000 0
REFERENCE sym_k0000 0
REFERENCE sym_k0001 0
REFERENCE missing_6721 0
REFERENCE sym_k0037 0
REFERENCE sym_k0050 0
REFERENCE sym_k0000 0
REFERENCE sym_k0002 0
REFERENCE sym_k0009 0
DECLARE sym_k0190 11 0
REFERENCE sym_k0000 0
REFERENCE sym_k0082 0
REFERENCE sym_k0000 0
REFERENCE sym_k0086 0
REFERENCE sym_k0097 0
REFERENCE sym_k0000 0
REFERENCE sym_k0000 0
REFERENCE sym_k0003 0
REFERENCE sym_k0000 0
REFERENCE sym_k0001 0
REFERENCE sym_k0000 0
REFERENCE sym_k0001 0
REFERENCE sym_k0000 0
REFERENCE sym_k0050 0
REFERENCE sym_k0000 0
REFERENCE sym_k0001 0
REFERENCE sym_k0001 0
REFERENCE sym_k0023 0
REFERENCE sym_k0006 0
REFERENCE sym_k0080 0
REFERENCE sym_k0000 0
REFERENCE sym_k0011 0
REFERENCE sym_k0001 0
REFERENCE sym_k0002 0
REFERENCE missing_9033 0
REFERENCE sym_k0000 0
REFERENCE sym_k0045 0
REFERENCE sym_k0001 0
DECLARE sym_k0075 1 0
REFERENCE missing_2949 0
REFERENCE sym_k0000 0
REFERENCE sym_k0001 0
REFERENCE sym_k0001 0
REFERENCE sym_k0024 0
REFERENCE sym_k0000 0
REFERENCE sym_k0000 0
REFERENCE sym_k0027 0
REFERENCE sym_k0025 0
REFERENCE sym_k0001 0
REFERENCE sym_k0000 0
REFERENCE sym_k0000 0
REFERENCE sym_k0004 0
REFERENCE sym_k0012 0
REFERENCE sym_k0026 0
REFERENCE missing_8112 0
REFERENCE sym_k0000 0
REFERENCE sym_k0002 0
REFERENCE sym_k0061 0
REFERENCE sym_k0011 0
DECLARE sym_k0143 9 0
REFERENCE sym_k0048 0
REFERENCE sym_k0009 0
REFERENCE sym_k0001 0
REFERENCE sym_k0001 0
REFERENCE sym_k0076 0
REFERENCE sym_k0005 0
REFERENCE sym_k0001 0
REFERENCE sym_k0000 0
REFERENCE sym_k0002 0
REFERENCE sym_k0000 0
REFERENCE sym_k0288 0
REFERENCE sym_k0000 0
REFERENCE missing_1333 0
REFERENCE sym_k0008 0
REFERENCE sym_k0062 0
REFERENCE sym_k0001 0
REFERENCE sym_k0008 0
REFERENCE sym_k0088 0
REFERENCE sym_k0000 0
REFERENCE sym_k0005 0
REFERENCE sym_k0001 0
REFERENCE sym_k0000 0
REFERENCE sym_k0042 0
REFERENCE sym_k0056 0
DECLARE sym_k0228 4 0
DECLARE sym_k0199 5 0
REFERENCE sym_k0021 0
REFERENCE sym_k0033 0
REFERENCE sym_k0000 0
REFERENCE sym_k0020 0
REFERENCE sym_k0038 0
REFERENCE sym_k0005 0
REFERENCE sym_k0001 0
REFERENCE sym_k0023 0
REFERENCE sym_k0016 0
REFERENCE sym_k0004 0
REFERENCE sym_k0000 0
DECLARE sym_k0103 14 0
REFERENCE sym_k0020 0
REFERENCE sym_k0004 0
REFERENCE sym_k0028 0
REFERENCE sym_k0001 0
REFERENCE sym_k0002 0
REFERENCE sym_k0105 0
REFERENCE sym_k0010 0
REFERENCE sym_k0018 0
REFERENCE sym_k0001 0
REFERENCE sym_k0020 0
DECLARE sym_k0059 15 0
REFERENCE sym_k0033 0
REFERENCE sym_k0002 0
REFERENCE sym_k0000 0
REFERENCE sym_k0010 0
REFERENCE sym_k0002 0
REFERENCE sym_k0001 0
REFERENCE sym_k0003 0
REFERENCE sym_k0015 0
REFERENCE sym_k0000 0
REFERENCE sym_k0000 0
REFERENCE sym_k0188 0
REFERENCE sym_k0032 0
REFERENCE sym_k0002 0
REFERENCE sym_k0006 0
REFERENCE sym_k0025 0
REFERENCE sym_k0000 0
DECLARE sym_k0167 3 0
REFERENCE sym_k0000 0
REFERENCE sym_k0008 0
DECLARE sym_k0053 9 0
REFERENCE sym_k0009 0
REFERENCE sym_k0000 0
DECLARE sym_k0074 15 0
REFERENCE sym_k0074 0
REFERENCE sym_k0000 0
REFERENCE sym_k0000 0
REFERENCE sym_k0003 0
REFERENCE sym_k0008 0
REFERENCE sym_k0003 0
REFERENCE sym_k0001 0
REFERENCE sym_k0012 0
REFERENCE sym_k0000 0
REFERENCE sym_k0013 0
REFERENCE sym_k0009 0
REFERENCE sym_k0000 0
REFERENCE sym_k0000 0
REFERENCE sym_k0000 0
REFERENCE sym_k0010 0
REFERENCE sym_k0000 0
REFERENCE sym_k0009 0
REFERENCE sym_k0229 0
REFERENCE sym_k0014 0
REFERENCE sym_k0003 0
REFERENCE sym_k0001 0
REFERENCE sym_k0001 0
REFERENCE sym_k0000 0
REFERENCE missing_8086 0
REFERENCE sym_k0010 0
REFERENCE sym_k0002 0
REFERENCE sym_k0021 0
REFERENCE missing_9792 0
REFERENCE sym_k0000 0
REFERENCE sym_k0000 0
REFERENCE sym_k0006 0
REFERENCE sym_k0023 0
REFERENCE sym_k0037 0
REFERENCE sym_k0000 0
REFERENCE sym_k0003 0
DECLARE sym_k0177 13 0
REFERENCE sym_k0002 0
REFERENCE sym_k0000 0
REFERENCE sym_k0000 0
REFERENCE sym_k0003 0
REFERENCE sym_k0018 0
REFERENCE missing_7256 0
REFERENCE sym_k0000 0
REFERENCE sym_k0000 0
REFERENCE missing_8529 0
REFERENCE missing_8293 0
REFERENCE sym_k0007 0
REFERENCE sym_k0007 0
REFERENCE sym_k0000 0
REFERENCE sym_k0007 0
DECLARE sym_k0299 15 0
REFERENCE sym_k0000 0
REFERENCE sym_k0000 0
DECLARE sym_k0266 12 0
REFERENCE sym_k0034 0
REFERENCE sym_k0000 0
REFERENCE sym_k0010 0
DECLARE sym_k0189 10 0
REFERENCE sym_k0010 0
REFERENCE sym_k0013 0
REFERENCE sym_k0076 0
REFERENCE sym_k0000 0
REFERENCE sym_k0000 0
REFERENCE sym_k0009 0
REFERENCE sym_k0001 0
REFERENCE sym_k0006 0
DECLARE sym_k0069 10 0
REFERENCE sym_k0005 0
REFERENCE sym_k0038 0
REFERENCE sym_k0032 0
REFERENCE sym_k0042 0
REFERENCE missing_1077 0
REFERENCE missing_1971 0
REFERENCE sym_k0000 0
REFERENCE sym_k0001 0
DECLARE sym_k0081 7 0
REFERENCE sym_k0002 0
REFERENCE sym_k0000 0
REFERENCE sym_k0000 0
REFERENCE sym_k0010 0
REFERENCE sym_k0000 0
REFERENCE sym_k0001 0
REFERENCE sym_k0003 0
REFERENCE sym_k0106 0
REFERENCE sym_k0003 0
REFERENCE sym_k0004 0
REFERENCE sym_k0003 0
REFERENCE sym_k0000 0
REFERENCE sym_k0000 0
REFERENCE sym_k0007 0
REFERENCE sym_k0004 0
REFERENCE sym_k0004 0
REFERENCE sym_k0000 0
REFERENCE missing_2094 0
REFERENCE sym_k0009 0
REFERENCE sym_k0010 0
REFERENCE missing_1631 0
REFERENCE sym_k0000 0
REFERENCE sym_k0051 0
REFERENCE sym_k0005 0
REFERENCE sym_k0004 0
REFERENCE sym_k0000 0
DECLARE sym_k0117 13 0
REFERENCE sym_k0006 0
REFERENCE sym_k0001 0
REFERENCE sym_k0008 0
REFERENCE sym_k0007 0
REFERENCE sym_k0003 0
REFERENCE sym_k0004 0
REFERENCE sym_k0006 0
REFERENCE sym_k0044 0
REFERENCE sym_k0002 0
EXIT_SCOPE 0
