# ColliScope Frequency-Matched Synthetic Trace
# Parameters: seed=76, zipf_s=1.244, scope=nested, type=mixed, replicate=2
ENTER_SCOPE 0
DECLARE sym_k0000 1 0
DECLARE sym_k0001 2 0
DECLARE sym_k0002 3 0
DECLARE sym_k0003 4 0
DECLARE sym_k0004 5 0
DECLARE sym_k0005 6 0
DECLARE sym_k0006 7 0
DECLARE sym_k0007 8 0
DECLARE sym_k0008 9 0
DECLARE sym_k0009 10 0
DECLARE sym_k0010 1 0
DECLARE sym_k0011 2 0
DECLARE sym_k0012 3 0
DECLARE sym_k0013 4 0
DECLARE sym_k0014 5 0
DECLARE sym_k0015 6 0
DECLARE sym_k0016 7 0
DECLARE sym_k0017 8 0
DECLARE sym_k0018 9 0
DECLARE sym_k0019 10 0
DECLARE sym_k0020 1 0
DECLARE sym_k0021 2 0
DECLARE sym_k0022 3 0
DECLARE sym_k0023 4 0
DECLARE sym_k0024 5 0
DECLARE sym_k0025 6 0
DECLARE sym_k0026 7 0
DECLARE sym_k0027 8 0
DECLARE sym_k0028 9 0
DECLARE sym_k0029 10 0
DECLARE sym_k0030 1 0
DECLARE sym_k0031 2 0
DECLARE sym_k0032 3 0
DECLARE sym_k0033 4 0
DECLARE sym_k0034 5 0
DECLARE sym_k0035 6 0
DECLARE sym_k0036 7 0
DECLARE sym_k0037 8 0
DECLARE sym_k0038 9 0
DECLARE sym_k0039 10 0
DECLARE sym_k0040 1 0
DECLARE sym_k0041 2 0
DECLARE sym_k0042 3 0
DECLARE sym_k0043 4 0
DECLARE sym_k0044 5 0
DECLARE sym_k0045 6 0
DECLARE sym_k0046 7 0
DECLARE sym_k0047 8 0
DECLARE sym_k0048 9 0
DECLARE sym_k0049 10 0
REFERENCE sym_k0033 0
REFERENCE sym_k0043 0
ENTER_SCOPE 1 0
REFERENCE sym_k0012 1
REFERENCE sym_k0016 1
DECLARE sym_k0000 1 1
DECLARE sym_k0001 2 1
DECLARE sym_k0005 6 1
DECLARE sym_k0188 9 1
REFERENCE missing_7766 1
REFERENCE sym_k0000 1
REFERENCE sym_k0001 1
REFERENCE sym_k0000 1
REFERENCE sym_k0000 1
EXIT_SCOPE 1
REFERENCE sym_k0001 0
ENTER_SCOPE 2 0
REFERENCE sym_k0001 2
EXIT_SCOPE 2
REFERENCE missing_9413 0
REFERENCE sym_k0001 0
ENTER_SCOPE 3 0
REFERENCE sym_k0000 3
DECLARE sym_k0000 1 3
REFERENCE sym_k0000 3
REFERENCE sym_k0041 3
DECLARE sym_k0103 14 3
EXIT_SCOPE 3
REFERENCE sym_k0019 0
DECLARE sym_k0077 3 0
REFERENCE sym_k0002 0
REFERENCE sym_k0006 0
REFERENCE sym_k0001 0
REFERENCE sym_k0000 0
REFERENCE sym_k0003 0
REFERENCE sym_k0003 0
REFERENCE sym_k0025 0
REFERENCE sym_k0004 0
REFERENCE sym_k0000 0
REFERENCE sym_k0014 0
REFERENCE sym_k0000 0
REFERENCE sym_k0004 0
DECLARE sym_k0274 5 0
REFERENCE missing_5995 0
REFERENCE sym_k0002 0
REFERENCE sym_k0000 0
REFERENCE sym_k0009 0
REFERENCE sym_k0000 0
REFERENCE missing_8061 0
REFERENCE sym_k0000 0
REFERENCE sym_k0004 0
REFERENCE sym_k0000 0
REFERENCE sym_k0006 0
REFERENCE sym_k0019 0
REFERENCE sym_k0001 0
DECLARE sym_k0198 4 0
REFERENCE missing_7399 0
REFERENCE sym_k0032 0
REFERENCE sym_k0004 0
REFERENCE sym_k0014 0
REFERENCE sym_k0002 0
REFERENCE sym_k0003 0
REFERENCE sym_k0033 0
REFERENCE sym_k0018 0
REFERENCE sym_k0002 0
REFERENCE sym_k0011 0
REFERENCE sym_k0014 0
REFERENCE sym_k0043 0
REFERENCE sym_k0011 0
REFERENCE sym_k0041 0
REFERENCE missing_5792 0
REFERENCE sym_k0000 0
REFERENCE sym_k0000 0
REFERENCE sym_k0000 0
REFERENCE sym_k0001 0
REFERENCE sym_k0001 0
REFERENCE sym_k0010 0
REFERENCE sym_k0000 0
REFERENCE sym_k0005 0
REFERENCE sym_k0004 0
REFERENCE sym_k0000 0
REFERENCE sym_k0003 0
REFERENCE sym_k0000 0
REFERENCE sym_k0000 0
REFERENCE sym_k0000 0
REFERENCE sym_k0036 0
REFERENCE missing_9041 0
REFERENCE missing_6000 0
REFERENCE sym_k0001 0
REFERENCE sym_k0000 0
REFERENCE sym_k0003 0
REFERENCE sym_k0007 0
ENTER_SCOPE 4 0
DECLARE sym_k0000 1 4
ENTER_SCOPE 5 4
DECLARE sym_k0000 1 5
REFERENCE sym_k0000 5
REFERENCE sym_k0000 5
REFERENCE sym_k0000 5
REFERENCE sym_k0000 5
REFERENCE missing_9907 5
REFERENCE sym_k0004 5
REFERENCE sym_k0000 5
DECLARE sym_k0080 6 5
DECLARE sym_k0003 4 5
EXIT_SCOPE 5
REFERENCE missing_3388 4
DECLARE sym_k0001 2 4
DECLARE sym_k0002 3 4
EXIT_SCOPE 4
REFERENCE missing_2549 0
REFERENCE sym_k0001 0
REFERENCE sym_k0016 0
REFERENCE sym_k0001 0
REFERENCE sym_k0000 0
REFERENCE sym_k0004 0
REFERENCE sym_k0025 0
REFERENCE sym_k0042 0
REFERENCE sym_k0011 0
REFERENCE sym_k0011 0
ENTER_SCOPE 6 0
DECLARE sym_k0007 8 6
DECLARE sym_k0034 5 6
REFERENCE sym_k0000 6
REFERENCE missing_2328 6
EXIT_SCOPE 6
ENTER_SCOPE 7 0
REFERENCE missing_2179 7
DECLARE sym_k0043 14 7
REFERENCE sym_k0006 7
DECLARE sym_k0003 4 7
DECLARE sym_k0000 1 7
REFERENCE sym_k0003 7
REFERENCE sym_k0000 7
REFERENCE sym_k0000 7
DECLARE sym_k0006 7 7
REFERENCE sym_k0026 7
REFERENCE sym_k0004 7
REFERENCE sym_k0000 7
REFERENCE sym_k0000 7
EXIT_SCOPE 7
REFERENCE sym_k0000 0
REFERENCE sym_k0001 0
REFERENCE sym_k0000 0
REFERENCE sym_k0000 0
REFERENCE sym_k0016 0
REFERENCE sym_k0020 0
REFERENCE sym_k0001 0
REFERENCE missing_9579 0
REFERENCE sym_k0030 0
REFERENCE sym_k0000 0
REFERENCE sym_k0025 0
DECLARE sym_k0052 8 0
REFERENCE sym_k0001 0
ENTER_SCOPE 8 0
DECLARE sym_k0223 14 8
REFERENCE sym_k0000 8
ENTER_SCOPE 9 8
DECLARE sym_k0024 10 9
REFERENCE sym_k0000 9
REFERENCE sym_k0000 9
REFERENCE sym_k0000 9
REFERENCE sym_k0005 9
REFERENCE sym_k0000 9
REFERENCE sym_k0028 9
DECLARE sym_k0000 1 9
REFERENCE sym_k0001 9
REFERENCE sym_k0011 9
DECLARE sym_k0102 13 9
REFERENCE missing_4762 9
ENTER_SCOPE 10 9
DECLARE sym_k0000 1 10
DECLARE sym_k0002 3 10
DECLARE sym_k0004 5 10
REFERENCE sym_k0028 10
REFERENCE sym_k0000 10
EXIT_SCOPE 10
REFERENCE sym_k0000 9
REFERENCE sym_k0000 9
REFERENCE sym_k0000 9
REFERENCE sym_k0001 9
REFERENCE sym_k0000 9
REFERENCE sym_k0019 9
REFERENCE sym_k0001 9
DECLARE sym_k0003 4 9
REFERENCE sym_k0000 9
REFERENCE sym_k0000 9
REFERENCE sym_k0000 9
REFERENCE sym_k0015 9
REFERENCE sym_k0000 9
REFERENCE sym_k0000 9
REFERENCE sym_k0024 9
REFERENCE missing_9657 9
REFERENCE sym_k0036 9
REFERENCE sym_k0024 9
DECLARE sym_k0004 5 9
DECLARE sym_k0048 4 9
REFERENCE missing_2026 9
REFERENCE sym_k0012 9
ENTER_SCOPE 11 9
REFERENCE sym_k0000 11
REFERENCE sym_k0001 11
DECLARE sym_k0002 3 11
DECLARE sym_k0056 12 11
REFERENCE sym_k0034 11
DECLARE sym_k0014 15 11
REFERENCE sym_k0005 11
REFERENCE sym_k0002 11
REFERENCE sym_k0000 11
REFERENCE sym_k0000 11
REFERENCE missing_3845 11
DECLARE sym_k0001 2 11
REFERENCE missing_2824 11
DECLARE sym_k0008 9 11
REFERENCE sym_k0003 11
REFERENCE sym_k0003 11
REFERENCE sym_k0002 11
REFERENCE sym_k0018 11
REFERENCE sym_k0000 11
REFERENCE sym_k0000 11
REFERENCE sym_k0002 11
DECLARE sym_k0003 4 11
REFERENCE sym_k0008 11
DECLARE sym_k0000 1 11
REFERENCE sym_k0000 11
REFERENCE sym_k0002 11
REFERENCE sym_k0000 11
DECLARE sym_k0173 9 11
REFERENCE sym_k0029 11
REFERENCE sym_k0000 11
REFERENCE sym_k0023 11
ENTER_SCOPE 12 11
REFERENCE sym_k0001 12
DECLARE sym_k0121 2 12
DECLARE sym_k0000 1 12
REFERENCE sym_k0005 12
REFERENCE missing_2251 12
REFERENCE missing_7110 12
ENTER_SCOPE 13 12
DECLARE sym_k0010 11 13
ENTER_SCOPE 14 13
DECLARE sym_k0004 5 14
REFERENCE sym_k0000 14
DECLARE sym_k0104 15 14
REFERENCE sym_k0000 14
REFERENCE sym_k0003 14
REFERENCE sym_k0000 14
ENTER_SCOPE 15 14
EXIT_SCOPE 15
DECLARE sym_k0051 7 14
REFERENCE sym_k0018 14
REFERENCE sym_k0043 14
REFERENCE sym_k0010 14
REFERENCE sym_k0000 14
ENTER_SCOPE 16 14
EXIT_SCOPE 16
REFERENCE sym_k0004 14
REFERENCE sym_k0004 14
ENTER_SCOPE 17 14
DECLARE sym_k0017 3 17
EXIT_SCOPE 17
DECLARE sym_k0007 8 14
DECLARE sym_k0003 4 14
DECLARE sym_k0000 1 14
DECLARE sym_k0001 2 14
DECLARE sym_k0085 11 14
REFERENCE sym_k0007 14
REFERENCE sym_k0000 14
REFERENCE sym_k0001 14
DECLARE sym_k0023 9 14
REFERENCE sym_k0003 14
DECLARE sym_k0043 14 14
REFERENCE sym_k0006 14
REFERENCE sym_k0000 14
REFERENCE sym_k0000 14
REFERENCE sym_k0025 14
ENTER_SCOPE 18 14
REFERENCE sym_k0001 18
REFERENCE sym_k0000 18
DECLARE sym_k0000 1 18
REFERENCE missing_7783 18
EXIT_SCOPE 18
REFERENCE missing_3270 14
REFERENCE sym_k0000 14
DECLARE sym_k0032 3 14
REFERENCE sym_k0003 14
REFERENCE sym_k0000 14
DECLARE sym_k0079 5 14
REFERENCE sym_k0008 14
DECLARE sym_k0002 3 14
REFERENCE sym_k0000 14
REFERENCE missing_8811 14
REFERENCE sym_k0274 14
DECLARE sym_k0025 11 14
REFERENCE sym_k0000 14
REFERENCE sym_k0000 14
DECLARE sym_k0061 2 14
REFERENCE sym_k0000 14
REFERENCE sym_k0002 14
REFERENCE sym_k0001 14
REFERENCE sym_k0004 14
ENTER_SCOPE 19 14
REFERENCE sym_k0002 19
EXIT_SCOPE 19
REFERENCE sym_k0023 14
REFERENCE missing_2204 14
REFERENCE sym_k0001 14
REFERENCE sym_k0000 14
REFERENCE sym_k0000 14
REFERENCE sym_k0037 14
REFERENCE sym_k0000 14
REFERENCE sym_k0002 14
REFERENCE sym_k0031 14
REFERENCE sym_k0019 14
REFERENCE sym_k0000 14
REFERENCE missing_7652 14
REFERENCE sym_k0004 14
REFERENCE sym_k0005 14
REFERENCE sym_k0003 14
REFERENCE missing_5306 14
REFERENCE sym_k0022 14
REFERENCE sym_k0002 14
REFERENCE sym_k0000 14
REFERENCE missing_4678 14
REFERENCE missing_7117 14
REFERENCE sym_k0000 14
REFERENCE sym_k0000 14
REFERENCE sym_k0002 14
REFERENCE sym_k0002 14
REFERENCE sym_k0027 14
EXIT_SCOPE 14
REFERENCE missing_1973 13
REFERENCE sym_k0005 13
DECLARE sym_k0000 1 13
DECLARE sym_k0191 12 13
DECLARE sym_k0050 6 13
DECLARE sym_k0004 5 13
DECLARE sym_k0003 4 13
DECLARE sym_k0005 6 13
DECLARE sym_k0006 7 13
REFERENCE sym_k0011 13
REFERENCE sym_k0004 13
REFERENCE sym_k0015 13
DECLARE sym_k0038 9 13
REFERENCE sym_k0018 13
REFERENCE missing_9261 13
REFERENCE missing_3887 13
REFERENCE sym_k0000 13
REFERENCE missing_6691 13
REFERENCE sym_k0000 13
DECLARE sym_k0029 15 13
ENTER_SCOPE 20 13
REFERENCE sym_k0000 20
REFERENCE sym_k0173 20
DECLARE sym_k0035 6 20
REFERENCE sym_k0000 20
ENTER_SCOPE 21 20
REFERENCE sym_k0000 21
DECLARE sym_k0013 14 21
REFERENCE sym_k0005 21
REFERENCE sym_k0000 21
REFERENCE sym_k0037 21
DECLARE sym_k0030 1 21
EXIT_SCOPE 21
REFERENCE sym_k0007 20
DECLARE sym_k0000 1 20
REFERENCE sym_k0000 20
REFERENCE sym_k0000 20
REFERENCE sym_k0012 20
REFERENCE sym_k0000 20
REFERENCE missing_6850 20
REFERENCE sym_k0000 20
REFERENCE sym_k0011 20
REFERENCE missing_7581 20
REFERENCE sym_k0002 20
REFERENCE sym_k0010 20
ENTER_SCOPE 22 20
REFERENCE sym_k0001 22
DECLARE sym_k0111 7 22
DECLARE sym_k0005 6 22
REFERENCE sym_k0002 22
REFERENCE missing_2746 22
REFERENCE sym_k0002 22
DECLARE sym_k0000 1 22
REFERENCE sym_k0005 22
REFERENCE sym_k0000 22
REFERENCE sym_k0002 22
DECLARE sym_k0009 10 22
DECLARE sym_k0030 1 22
DECLARE sym_k0002 3 22
EXIT_SCOPE 22
DECLARE sym_k0001 2 20
REFERENCE sym_k0003 20
REFERENCE sym_k0000 20
DECLARE sym_k0022 8 20
DECLARE sym_k0047 3 20
REFERENCE sym_k0002 20
REFERENCE sym_k0008 20
REFERENCE sym_k0000 20
REFERENCE sym_k0000 20
REFERENCE sym_k0004 20
DECLARE sym_k0012 13 20
REFERENCE sym_k0000 20
REFERENCE sym_k0005 20
REFERENCE sym_k0000 20
REFERENCE sym_k0003 20
REFERENCE sym_k0000 20
DECLARE sym_k0003 4 20
REFERENCE sym_k0002 20
REFERENCE sym_k0013 20
DECLARE sym_k0054 10 20
REFERENCE missing_4914 20
REFERENCE sym_k0001 20
REFERENCE sym_k0056 20
DECLARE sym_k0117 13 20
ENTER_SCOPE 23 20
REFERENCE sym_k0001 23
REFERENCE sym_k0045 23
REFERENCE sym_k0000 23
DECLARE sym_k0001 2 23
REFERENCE sym_k0023 23
REFERENCE sym_k0003 23
REFERENCE missing_9644 23
REFERENCE sym_k0011 23
REFERENCE sym_k0002 23
REFERENCE sym_k0008 23
REFERENCE missing_5075 23
DECLARE sym_k0007 8 23
REFERENCE sym_k0006 23
REFERENCE sym_k0000 23
DECLARE sym_k0084 10 23
DECLARE sym_k0088 14 23
EXIT_SCOPE 23
DECLARE sym_k0002 3 20
REFERENCE sym_k0000 20
REFERENCE sym_k0008 20
REFERENCE sym_k0002 20
REFERENCE sym_k0000 20
REFERENCE sym_k0037 20
REFERENCE sym_k0009 20
REFERENCE sym_k0002 20
REFERENCE sym_k0000 20
ENTER_SCOPE 24 20
DECLARE sym_k0000 1 24
EXIT_SCOPE 24
REFERENCE sym_k0000 20
DECLARE sym_k0168 4 20
REFERENCE sym_k0001 20
REFERENCE sym_k0002 20
REFERENCE sym_k0000 20
REFERENCE sym_k0003 20
DECLARE sym_k0103 14 20
REFERENCE sym_k0006 20
REFERENCE missing_2139 20
DECLARE sym_k0033 4 20
REFERENCE sym_k0000 20
DECLARE sym_k0069 10 20
EXIT_SCOPE 20
REFERENCE sym_k0001 13
REFERENCE sym_k0000 13
REFERENCE sym_k0000 13
REFERENCE sym_k0000 13
REFERENCE sym_k0000 13
REFERENCE sym_k0102 13
REFERENCE missing_7231 13
REFERENCE sym_k0000 13
DECLARE sym_k0016 2 13
REFERENCE sym_k0016 13
DECLARE sym_k0001 2 13
ENTER_SCOPE 25 13
DECLARE sym_k0023 9 25
DECLARE sym_k0005 6 25
REFERENCE sym_k0033 25
REFERENCE sym_k0043 25
EXIT_SCOPE 25
DECLARE sym_k0023 9 13
REFERENCE sym_k0001 13
REFERENCE sym_k0000 13
EXIT_SCOPE 13
REFERENCE sym_k0000 12
DECLARE sym_k0039 10 12
REFERENCE sym_k0000 12
REFERENCE sym_k0007 12
DECLARE sym_k0125 6 12
DECLARE sym_k0028 14 12
REFERENCE sym_k0056 12
REFERENCE sym_k0000 12
REFERENCE sym_k0017 12
REFERENCE sym_k0003 12
DECLARE sym_k0001 2 12
REFERENCE missing_9611 12
REFERENCE sym_k0003 12
DECLARE sym_k0095 6 12
DECLARE sym_k0010 11 12
REFERENCE sym_k0034 12
REFERENCE sym_k0001 12
REFERENCE missing_8822 12
REFERENCE sym_k0005 12
REFERENCE sym_k0001 12
REFERENCE sym_k0001 12
ENTER_SCOPE 26 12
DECLARE sym_k0103 14 26
ENTER_SCOPE 27 26
REFERENCE sym_k0000 27
REFERENCE sym_k0000 27
REFERENCE missing_2203 27
REFERENCE sym_k0001 27
REFERENCE sym_k0023 27
ENTER_SCOPE 28 27
REFERENCE sym_k0001 28
DECLARE sym_k0004 5 28
DECLARE sym_k0031 2 28
EXIT_SCOPE 28
REFERENCE missing_6635 27
DECLARE sym_k0049 5 27
DECLARE sym_k0003 4 27
REFERENCE sym_k0000 27
ENTER_SCOPE 29 27
DECLARE sym_k0020 6 29
EXIT_SCOPE 29
DECLARE sym_k0000 1 27
REFERENCE sym_k0000 27
REFERENCE sym_k0044 27
REFERENCE sym_k0000 27
REFERENCE sym_k0005 27
REFERENCE sym_k0000 27
DECLARE sym_k0028 14 27
REFERENCE sym_k0021 27
DECLARE sym_k0067 8 27
REFERENCE sym_k0000 27
REFERENCE sym_k0004 27
REFERENCE sym_k0000 27
REFERENCE sym_k0000 27
DECLARE sym_k0078 4 27
REFERENCE sym_k0007 27
REFERENCE sym_k0040 27
ENTER_SCOPE 30 27
REFERENCE missing_6934 30
REFERENCE missing_9799 30
DECLARE sym_k0000 1 30
REFERENCE sym_k0004 30
REFERENCE sym_k0000 30
REFERENCE sym_k0009 30
DECLARE sym_k0003 4 30
REFERENCE sym_k0048 30
REFERENCE sym_k0000 30
REFERENCE sym_k0000 30
EXIT_SCOPE 30
REFERENCE sym_k0010 27
REFERENCE sym_k0006 27
REFERENCE sym_k0003 27
REFERENCE sym_k0002 27
REFERENCE sym_k0000 27
DECLARE sym_k0004 5 27
REFERENCE sym_k0000 27
EXIT_SCOPE 27
EXIT_SCOPE 26
REFERENCE missing_1663 12
REFERENCE sym_k0007 12
REFERENCE sym_k0001 12
DECLARE sym_k0003 4 12
DECLARE sym_k0021 7 12
REFERENCE sym_k0001 12
ENTER_SCOPE 31 12
DECLARE sym_k0004 5 31
ENTER_SCOPE 32 31
REFERENCE sym_k0012 32
DECLARE sym_k0006 7 32
REFERENCE sym_k0014 32
REFERENCE sym_k0004 32
ENTER_SCOPE 33 32
REFERENCE missing_6840 33
DECLARE sym_k0000 1 33
REFERENCE sym_k0047 33
EXIT_SCOPE 33
DECLARE sym_k0003 4 32
REFERENCE missing_6403 32
DECLARE sym_k0000 1 32
REFERENCE sym_k0001 32
REFERENCE sym_k0011 32
REFERENCE sym_k0000 32
DECLARE sym_k0004 5 32
REFERENCE sym_k0001 32
REFERENCE sym_k0028 32
REFERENCE sym_k0003 32
DECLARE sym_k0021 7 32
DECLARE sym_k0001 2 32
REFERENCE sym_k0029 32
DECLARE sym_k0051 7 32
REFERENCE sym_k0001 32
REFERENCE sym_k0000 32
REFERENCE sym_k0013 32
REFERENCE sym_k0000 32
REFERENCE sym_k0038 32
DECLARE sym_k0019 5 32
DECLARE sym_k0002 3 32
REFERENCE sym_k0002 32
REFERENCE sym_k0000 32
REFERENCE sym_k0005 32
REFERENCE sym_k0000 32
REFERENCE missing_7817 32
REFERENCE sym_k0001 32
REFERENCE sym_k0003 32
REFERENCE missing_4646 32
DECLARE sym_k0046 2 32
REFERENCE sym_k0000 32
REFERENCE sym_k0002 32
REFERENCE sym_k0005 32
REFERENCE sym_k0000 32
REFERENCE sym_k0000 32
REFERENCE sym_k0002 32
REFERENCE missing_2110 32
REFERENCE sym_k0004 32
REFERENCE sym_k0048 32
REFERENCE sym_k0019 32
ENTER_SCOPE 34 32
REFERENCE missing_4629 34
REFERENCE missing_3123 34
REFERENCE sym_k0028 34
REFERENCE missing_1650 34
REFERENCE sym_k0010 34
REFERENCE sym_k0003 34
DECLARE sym_k0158 9 34
EXIT_SCOPE 34
REFERENCE missing_7811 32
DECLARE sym_k0013 14 32
ENTER_SCOPE 35 32
DECLARE sym_k0001 2 35
REFERENCE sym_k0002 35
REFERENCE sym_k0001 35
REFERENCE sym_k0001 35
DECLARE sym_k0058 14 35
REFERENCE sym_k0005 35
REFERENCE sym_k0000 35
DECLARE sym_k0002 3 35
EXIT_SCOPE 35
DECLARE sym_k0008 9 32
REFERENCE sym_k0005 32
ENTER_SCOPE 36 32
DECLARE sym_k0000 1 36
DECLARE sym_k0001 2 36
REFERENCE sym_k0002 36
REFERENCE sym_k0000 36
DECLARE sym_k0173 9 36
REFERENCE missing_3879 36
REFERENCE sym_k0000 36
REFERENCE sym_k0001 36
EXIT_SCOPE 36
REFERENCE missing_3496 32
REFERENCE sym_k0011 32
REFERENCE sym_k0013 32
REFERENCE sym_k0000 32
REFERENCE sym_k0046 32
REFERENCE sym_k0000 32
DECLARE sym_k0044 15 32
ENTER_SCOPE 37 32
EXIT_SCOPE 37
REFERENCE sym_k0000 32
REFERENCE missing_4248 32
REFERENCE sym_k0000 32
REFERENCE sym_k0006 32
REFERENCE sym_k0002 32
REFERENCE sym_k0006 32
ENTER_SCOPE 38 32
DECLARE sym_k0005 6 38
REFERENCE sym_k0043 38
EXIT_SCOPE 38
REFERENCE sym_k0003 32
DECLARE sym_k0113 9 32
REFERENCE sym_k0003 32
REFERENCE sym_k0000 32
REFERENCE sym_k0011 32
REFERENCE sym_k0025 32
REFERENCE missing_6626 32
REFERENCE sym_k0001 32
ENTER_SCOPE 39 32
DECLARE sym_k0006 7 39
REFERENCE sym_k0027 39
DECLARE sym_k0278 9 39
REFERENCE sym_k0000 39
DECLARE sym_k0001 2 39
REFERENCE sym_k0001 39
REFERENCE sym_k0001 39
DECLARE sym_k0002 3 39
REFERENCE sym_k0047 39
DECLARE sym_k0000 1 39
REFERENCE sym_k0000 39
REFERENCE sym_k0002 39
REFERENCE sym_k0000 39
REFERENCE sym_k0001 39
REFERENCE sym_k0000 39
REFERENCE sym_k0000 39
REFERENCE sym_k0048 39
REFERENCE sym_k0000 39
DECLARE sym_k0016 2 39
DECLARE sym_k0035 6 39
REFERENCE sym_k0000 39
DECLARE sym_k0115 11 39
REFERENCE sym_k0037 39
DECLARE sym_k0040 11 39
DECLARE sym_k0015 1 39
REFERENCE sym_k0000 39
REFERENCE sym_k0001 39
EXIT_SCOPE 39
REFERENCE sym_k0004 32
ENTER_SCOPE 40 32
REFERENCE sym_k0000 40
DECLARE sym_k0003 4 40
REFERENCE sym_k0010 40
REFERENCE sym_k0007 40
REFERENCE sym_k0000 40
REFERENCE sym_k0001 40
DECLARE sym_k0001 2 40
REFERENCE sym_k0034 40
DECLARE sym_k0005 6 40
REFERENCE missing_4550 40
DECLARE sym_k0019 5 40
REFERENCE sym_k0003 40
DECLARE sym_k0008 9 40
DECLARE sym_k0029 15 40
REFERENCE sym_k0001 40
DECLARE sym_k0028 14 40
REFERENCE missing_9673 40
EXIT_SCOPE 40
DECLARE sym_k0036 7 32
REFERENCE sym_k0001 32
ENTER_SCOPE 41 32
REFERENCE sym_k0012 41
DECLARE sym_k0023 9 41
REFERENCE sym_k0000 41
REFERENCE missing_7634 41
DECLARE sym_k0020 6 41
DECLARE sym_k0011 12 41
EXIT_SCOPE 41
DECLARE sym_k0017 3 32
REFERENCE sym_k0001 32
REFERENCE sym_k0000 32
REFERENCE sym_k0028 32
DECLARE sym_k0020 6 32
REFERENCE missing_6062 32
REFERENCE sym_k0001 32
REFERENCE missing_8668 32
REFERENCE sym_k0013 32
REFERENCE sym_k0000 32
REFERENCE sym_k0007 32
REFERENCE sym_k0000 32
REFERENCE sym_k0000 32
EXIT_SCOPE 32
REFERENCE missing_6319 31
EXIT_SCOPE 31
REFERENCE missing_6763 12
REFERENCE sym_k0000 12
DECLARE sym_k0009 10 12
DECLARE sym_k0129 10 12
REFERENCE sym_k0004 12
REFERENCE sym_k0000 12
EXIT_SCOPE 12
REFERENCE sym_k0000 11
REFERENCE sym_k0016 11
DECLARE sym_k0024 10 11
DECLARE sym_k0055 11 11
REFERENCE sym_k0002 11
REFERENCE sym_k0000 11
REFERENCE sym_k0000 11
REFERENCE sym_k0000 11
REFERENCE sym_k0000 11
REFERENCE sym_k0001 11
REFERENCE sym_k0002 11
REFERENCE sym_k0000 11
REFERENCE sym_k0014 11
DECLARE sym_k0112 8 11
REFERENCE sym_k0003 11
REFERENCE sym_k0021 11
REFERENCE sym_k0000 11
REFERENCE sym_k0000 11
REFERENCE sym_k0000 11
ENTER_SCOPE 42 11
DECLARE sym_k0160 11 42
DECLARE sym_k0006 7 42
EXIT_SCOPE 42
REFERENCE sym_k0023 11
REFERENCE sym_k0039 11
DECLARE sym_k0010 11 11
REFERENCE sym_k0000 11
REFERENCE sym_k0002 11
REFERENCE sym_k0001 11
REFERENCE missing_2968 11
REFERENCE missing_3160 11
EXIT_SCOPE 11
DECLARE sym_k0006 7 9
DECLARE sym_k0055 11 9
REFERENCE sym_k0026 9
REFERENCE sym_k0006 9
DECLARE sym_k0028 14 9
DECLARE sym_k0001 2 9
DECLARE sym_k0203 9 9
ENTER_SCOPE 43 9
ENTER_SCOPE 44 43
ENTER_SCOPE 45 44
REFERENCE sym_k0000 45
REFERENCE sym_k0000 45
DECLARE sym_k0008 9 45
DECLARE sym_k0004 5 45
REFERENCE sym_k0000 45
DECLARE sym_k0019 5 45
REFERENCE sym_k0001 45
REFERENCE sym_k0004 45
REFERENCE sym_k0003 45
DECLARE sym_k0000 1 45
DECLARE sym_k0023 9 45
REFERENCE sym_k0000 45
REFERENCE sym_k0002 45
REFERENCE sym_k0010 45
REFERENCE sym_k0000 45
REFERENCE sym_k0004 45
REFERENCE missing_1818 45
DECLARE sym_k0002 3 45
DECLARE sym_k0025 11 45
REFERENCE sym_k0005 45
DECLARE sym_k0034 5 45
REFERENCE sym_k0020 45
EXIT_SCOPE 45
REFERENCE sym_k0034 44
REFERENCE sym_k0000 44
EXIT_SCOPE 44
REFERENCE missing_6637 43
REFERENCE sym_k0048 43
ENTER_SCOPE 46 43
REFERENCE sym_k0008 46
DECLARE sym_k0004 5 46
REFERENCE sym_k0004 46
REFERENCE sym_k0274 46
DECLARE sym_k0000 1 46
REFERENCE sym_k0000 46
DECLARE sym_k0001 2 46
REFERENCE sym_k0000 46
DECLARE sym_k0025 11 46
DECLARE sym_k0030 1 46
REFERENCE sym_k0008 46
REFERENCE sym_k0000 46
DECLARE sym_k0019 5 46
DECLARE sym_k0005 6 46
ENTER_SCOPE 47 46
DECLARE sym_k0005 6 47
REFERENCE sym_k0004 47
REFERENCE missing_4244 47
DECLARE sym_k0001 2 47
DECLARE sym_k0000 1 47
REFERENCE sym_k0000 47
DECLARE sym_k0046 2 47
REFERENCE sym_k0000 47
REFERENCE sym_k0016 47
DECLARE sym_k0006 7 47
REFERENCE sym_k0049 47
DECLARE sym_k0002 3 47
REFERENCE sym_k0027 47
EXIT_SCOPE 47
REFERENCE sym_k0000 46
REFERENCE missing_8933 46
REFERENCE sym_k0000 46
REFERENCE sym_k0043 46
REFERENCE sym_k0007 46
DECLARE sym_k0002 3 46
ENTER_SCOPE 48 46
DECLARE sym_k0017 3 48
REFERENCE sym_k0013 48
EXIT_SCOPE 48
EXIT_SCOPE 46
DECLARE sym_k0000 1 43
EXIT_SCOPE 43
REFERENCE sym_k0000 9
REFERENCE sym_k0006 9
REFERENCE sym_k0001 9
REFERENCE sym_k0006 9
REFERENCE sym_k0005 9
REFERENCE sym_k0001 9
DECLARE sym_k0002 3 9
REFERENCE sym_k0000 9
REFERENCE sym_k0024 9
REFERENCE sym_k0010 9
REFERENCE sym_k0000 9
DECLARE sym_k0039 10 9
REFERENCE missing_2876 9
DECLARE sym_k0081 7 9
ENTER_SCOPE 49 9
REFERENCE missing_8248 49
DECLARE sym_k0131 12 49
DECLARE sym_k0005 6 49
REFERENCE sym_k0007 49
REFERENCE sym_k0004 49
DECLARE sym_k0041 12 49
DECLARE sym_k0020 6 49
REFERENCE sym_k0039 49
REFERENCE missing_2897 49
REFERENCE sym_k0000 49
DECLARE sym_k0163 14 49
DECLARE sym_k0015 1 49
REFERENCE sym_k0026 49
REFERENCE sym_k0022 49
REFERENCE sym_k0000 49
REFERENCE sym_k0003 49
REFERENCE sym_k0001 49
REFERENCE sym_k0000 49
REFERENCE sym_k0001 49
REFERENCE sym_k0030 49
DECLARE sym_k0001 2 49
REFERENCE sym_k0048 49
REFERENCE sym_k0025 49
DECLARE sym_k0000 1 49
REFERENCE sym_k0000 49
REFERENCE sym_k0010 49
REFERENCE sym_k0000 49
DECLARE sym_k0002 3 49
REFERENCE sym_k0000 49
REFERENCE sym_k0039 49
REFERENCE sym_k0015 49
REFERENCE sym_k0131 49
DECLARE sym_k0029 15 49
REFERENCE missing_8180 49
REFERENCE sym_k0001 49
REFERENCE sym_k0001 49
REFERENCE sym_k0001 49
REFERENCE sym_k0010 49
ENTER_SCOPE 50 49
REFERENCE sym_k0003 50
EXIT_SCOPE 50
REFERENCE sym_k0003 49
REFERENCE missing_8463 49
REFERENCE sym_k0000 49
REFERENCE sym_k0009 49
ENTER_SCOPE 51 49
DECLARE sym_k0019 5 51
REFERENCE sym_k0005 51
REFERENCE sym_k0008 51
REFERENCE sym_k0000 51
REFERENCE sym_k0000 51
REFERENCE sym_k0000 51
EXIT_SCOPE 51
DECLARE sym_k0003 4 49
REFERENCE sym_k0001 49
REFERENCE sym_k0002 49
REFERENCE sym_k0002 49
REFERENCE sym_k0000 49
REFERENCE sym_k0000 49
REFERENCE sym_k0003 49
DECLARE sym_k0019 5 49
REFERENCE sym_k0000 49
REFERENCE sym_k0000 49
REFERENCE sym_k0010 49
REFERENCE sym_k0000 49
EXIT_SCOPE 49
EXIT_SCOPE 9
EXIT_SCOPE 8
EXIT_SCOPE 0
