# ColliScope Generated Random Trace
# Parameters: seed=43, scope=flat, type=declaration-heavy, load_factor=0.7
ENTER_SCOPE 0
DECLARE bsd_00000 15 0
DECLARE jsc_00001 20 0
DECLARE mal_00002 12 0
DECLARE qyx_00003 14 0
DECLARE kbc_00004 4 0
DECLARE jcn_00005 16 0
DECLARE dkz_00006 9 0
DECLARE ojb_00007 2 0
DECLARE ebe_00008 9 0
DECLARE xnc_00009 19 0
DECLARE rqb_00010 20 0
DECLARE lqs_00011 11 0
DECLARE nse_00012 3 0
DECLARE ubp_00013 12 0
DECLARE srb_00014 18 0
DECLARE rhx_00015 12 0
DECLARE sbz_00016 20 0
DECLARE ujq_00017 5 0
DECLARE ohr_00018 14 0
DECLARE laa_00019 4 0
DECLARE dau_00020 11 0
DECLARE dng_00021 15 0
DECLARE vwk_00022 2 0
DECLARE cfy_00023 13 0
DECLARE fyk_00024 20 0
DECLARE pxi_00025 12 0
DECLARE bnu_00026 7 0
DECLARE szr_00027 10 0
DECLARE fef_00028 13 0
DECLARE vkb_00029 17 0
DECLARE bao_00030 20 0
DECLARE wxn_00031 17 0
DECLARE ypg_00032 5 0
DECLARE lkg_00033 4 0
DECLARE sdq_00034 7 0
DECLARE jce_00035 4 0
DECLARE igd_00036 19 0
DECLARE dgg_00037 3 0
DECLARE gsh_00038 3 0
DECLARE mii_00039 1 0
DECLARE smq_00040 10 0
DECLARE ols_00041 15 0
DECLARE izt_00042 16 0
DECLARE vps_00043 17 0
DECLARE vbp_00044 5 0
DECLARE pac_00045 3 0
DECLARE xxg_00046 7 0
DECLARE psn_00047 9 0
DECLARE ezk_00048 3 0
DECLARE ilg_00049 5 0
DECLARE iic_00050 13 0
DECLARE liu_00051 8 0
REFERENCE lqs_00011 0
REFERENCE nse_00012 0
DECLARE qyh_00052 5 0
REFERENCE pxi_00025 0
DECLARE qns_00053 7 0
DECLARE mxe_00054 9 0
REFERENCE missing_9444 0
DECLARE cln_00055 9 0
DECLARE onb_00056 19 0
DECLARE lmq_00057 4 0
DECLARE smb_00058 4 0
DECLARE fsr_00059 18 0
DECLARE dea_00060 9 0
DECLARE bxv_00061 6 0
DECLARE jid_00062 15 0
DECLARE qcx_00063 7 0
DECLARE gub_00064 4 0
DECLARE aqn_00065 8 0
DECLARE kee_00066 11 0
DECLARE oys_00067 14 0
DECLARE lpf_00068 14 0
DECLARE xvn_00069 5 0
DECLARE xew_00070 3 0
DECLARE ldq_00071 9 0
REFERENCE jsc_00001 0
DECLARE mzg_00072 12 0
DECLARE can_00073 3 0
DECLARE wab_00074 4 0
DECLARE yvz_00075 12 0
REFERENCE ldq_00071 0
DECLARE las_00076 3 0
DECLARE aah_00077 18 0
DECLARE jhd_00078 13 0
DECLARE hij_00079 7 0
DECLARE kjl_00080 4 0
DECLARE nec_00081 14 0
DECLARE ers_00082 9 0
DECLARE kzi_00083 4 0
REFERENCE nse_00012 0
REFERENCE vkb_00029 0
REFERENCE psn_00047 0
REFERENCE cln_00055 0
DECLARE tee_00084 12 0
REFERENCE ezk_00048 0
DECLARE nxp_00085 9 0
REFERENCE ebe_00008 0
DECLARE saz_00086 6 0
DECLARE sdz_00087 15 0
REFERENCE sdq_00034 0
DECLARE aug_00088 6 0
DECLARE zwy_00089 3 0
DECLARE osd_00090 12 0
REFERENCE missing_8332 0
DECLARE vrm_00091 3 0
REFERENCE gsh_00038 0
DECLARE jbd_00092 15 0
DECLARE rzx_00093 19 0
REFERENCE wxn_00031 0
DECLARE dge_00094 11 0
DECLARE oys_00095 1 0
DECLARE xng_00096 14 0
DECLARE nwf_00097 8 0
DECLARE mci_00098 4 0
REFERENCE mii_00039 0
DECLARE azf_00099 1 0
DECLARE wti_00100 2 0
DECLARE kdr_00101 2 0
REFERENCE vrm_00091 0
DECLARE jzg_00102 9 0
REFERENCE szr_00027 0
DECLARE sum_00103 14 0
REFERENCE jid_00062 0
DECLARE ycz_00104 8 0
REFERENCE sbz_00016 0
DECLARE wtq_00105 2 0
DECLARE jfl_00106 6 0
REFERENCE kdr_00101 0
REFERENCE ilg_00049 0
DECLARE lqo_00107 13 0
DECLARE meo_00108 4 0
DECLARE qba_00109 10 0
DECLARE qld_00110 11 0
DECLARE wjo_00111 20 0
DECLARE snp_00112 4 0
DECLARE xyj_00113 5 0
DECLARE tyn_00114 1 0
REFERENCE qcx_00063 0
DECLARE aox_00115 6 0
DECLARE jfl_00116 5 0
DECLARE qnc_00117 8 0
DECLARE zye_00118 10 0
DECLARE yia_00119 12 0
DECLARE bdv_00120 3 0
REFERENCE oys_00095 0
DECLARE awt_00121 7 0
REFERENCE missing_4543 0
DECLARE pzf_00122 9 0
REFERENCE missing_2307 0
DECLARE auz_00123 7 0
DECLARE vsp_00124 2 0
REFERENCE bao_00030 0
DECLARE qcm_00125 11 0
DECLARE vkv_00126 19 0
DECLARE uro_00127 19 0
REFERENCE laa_00019 0
DECLARE cxj_00128 2 0
DECLARE lty_00129 12 0
REFERENCE missing_4774 0
DECLARE jbj_00130 12 0
DECLARE vqy_00131 9 0
DECLARE gma_00132 16 0
DECLARE ipz_00133 15 0
DECLARE pna_00134 10 0
REFERENCE missing_7226 0
REFERENCE mii_00039 0
REFERENCE tee_00084 0
REFERENCE gsh_00038 0
DECLARE lps_00135 1 0
DECLARE mgx_00136 12 0
REFERENCE mgx_00136 0
DECLARE nvt_00137 1 0
DECLARE kvp_00138 4 0
DECLARE hzi_00139 18 0
DECLARE cwj_00140 3 0
DECLARE vsx_00141 16 0
DECLARE ezr_00142 11 0
REFERENCE missing_2583 0
DECLARE jnt_00143 9 0
DECLARE syy_00144 4 0
REFERENCE dng_00021 0
DECLARE fvb_00145 9 0
DECLARE pja_00146 19 0
REFERENCE missing_3684 0
DECLARE cbw_00147 20 0
DECLARE ucb_00148 16 0
DECLARE hen_00149 11 0
DECLARE kgw_00150 9 0
REFERENCE bao_00030 0
DECLARE rgj_00151 12 0
DECLARE zfh_00152 13 0
DECLARE yhc_00153 16 0
DECLARE chi_00154 2 0
DECLARE pao_00155 12 0
DECLARE oiv_00156 6 0
DECLARE orw_00157 2 0
DECLARE rza_00158 7 0
DECLARE axl_00159 16 0
REFERENCE missing_2454 0
REFERENCE missing_2912 0
DECLARE bsw_00160 15 0
DECLARE kya_00161 19 0
REFERENCE fsr_00059 0
DECLARE ahb_00162 3 0
DECLARE lwi_00163 14 0
REFERENCE onb_00056 0
DECLARE icq_00164 19 0
DECLARE isx_00165 10 0
DECLARE gwr_00166 5 0
REFERENCE xvn_00069 0
REFERENCE snp_00112 0
REFERENCE saz_00086 0
DECLARE rsu_00167 9 0
DECLARE tkg_00168 12 0
DECLARE jkd_00169 8 0
DECLARE lpo_00170 17 0
DECLARE mpm_00171 3 0
DECLARE rmx_00172 1 0
REFERENCE saz_00086 0
DECLARE och_00173 16 0
DECLARE dgf_00174 15 0
DECLARE mtt_00175 2 0
DECLARE ruq_00176 20 0
DECLARE wyh_00177 3 0
REFERENCE missing_3324 0
DECLARE ymr_00178 13 0
DECLARE pcc_00179 9 0
REFERENCE missing_5433 0
DECLARE hjf_00180 11 0
DECLARE qsn_00181 5 0
DECLARE fzw_00182 11 0
REFERENCE lmq_00057 0
DECLARE xcl_00183 11 0
REFERENCE mii_00039 0
DECLARE gkf_00184 20 0
DECLARE pje_00185 16 0
REFERENCE rqb_00010 0
DECLARE imt_00186 17 0
DECLARE vyx_00187 18 0
DECLARE zkv_00188 12 0
DECLARE xys_00189 4 0
DECLARE uls_00190 13 0
REFERENCE uro_00127 0
REFERENCE hjf_00180 0
DECLARE tet_00191 10 0
REFERENCE qyx_00003 0
DECLARE qeh_00192 13 0
DECLARE ubw_00193 6 0
REFERENCE lmq_00057 0
DECLARE zca_00194 11 0
DECLARE heo_00195 5 0
DECLARE okt_00196 20 0
DECLARE rqn_00197 11 0
REFERENCE dau_00020 0
DECLARE dbr_00198 9 0
REFERENCE ezr_00142 0
REFERENCE imt_00186 0
DECLARE pif_00199 14 0
DECLARE ijo_00200 12 0
REFERENCE bxv_00061 0
DECLARE uxv_00201 7 0
DECLARE waq_00202 19 0
DECLARE tpd_00203 19 0
REFERENCE snp_00112 0
DECLARE rbg_00204 14 0
DECLARE rwz_00205 1 0
DECLARE vpt_00206 17 0
DECLARE udo_00207 5 0
DECLARE ymo_00208 15 0
DECLARE izz_00209 9 0
DECLARE xnw_00210 5 0
DECLARE qby_00211 6 0
DECLARE tgb_00212 17 0
DECLARE cue_00213 8 0
DECLARE wkm_00214 12 0
REFERENCE lqs_00011 0
DECLARE kha_00215 7 0
REFERENCE jfl_00116 0
DECLARE knj_00216 14 0
REFERENCE jcn_00005 0
DECLARE spr_00217 20 0
DECLARE xet_00218 20 0
DECLARE rtk_00219 8 0
REFERENCE okt_00196 0
DECLARE bkm_00220 4 0
REFERENCE vbp_00044 0
DECLARE poo_00221 15 0
DECLARE ugz_00222 4 0
REFERENCE rsu_00167 0
REFERENCE aox_00115 0
DECLARE pve_00223 7 0
DECLARE epj_00224 11 0
REFERENCE szr_00027 0
DECLARE uwh_00225 9 0
DECLARE hou_00226 5 0
REFERENCE hij_00079 0
DECLARE ehu_00227 7 0
DECLARE hre_00228 5 0
DECLARE wyv_00229 4 0
DECLARE kmd_00230 8 0
DECLARE ktn_00231 13 0
DECLARE hle_00232 3 0
DECLARE wed_00233 11 0
DECLARE zwx_00234 19 0
DECLARE chf_00235 19 0
DECLARE mca_00236 12 0
REFERENCE gkf_00184 0
DECLARE fbw_00237 16 0
REFERENCE lpo_00170 0
DECLARE cwu_00238 7 0
REFERENCE lmq_00057 0
DECLARE ccc_00239 14 0
REFERENCE rtk_00219 0
DECLARE xpy_00240 17 0
DECLARE dzx_00241 18 0
REFERENCE vkv_00126 0
REFERENCE fef_00028 0
DECLARE loz_00242 19 0
REFERENCE xnc_00009 0
DECLARE yon_00243 9 0
REFERENCE meo_00108 0
DECLARE wjl_00244 13 0
DECLARE inb_00245 10 0
REFERENCE xvn_00069 0
DECLARE wsz_00246 17 0
REFERENCE igd_00036 0
DECLARE luz_00247 5 0
REFERENCE vsp_00124 0
DECLARE lsj_00248 2 0
REFERENCE ezr_00142 0
DECLARE uwp_00249 12 0
DECLARE xbo_00250 17 0
DECLARE jwo_00251 15 0
DECLARE vrq_00252 5 0
REFERENCE zfh_00152 0
DECLARE xjq_00253 6 0
DECLARE gbk_00254 11 0
DECLARE aas_00255 8 0
DECLARE ams_00256 7 0
REFERENCE ymo_00208 0
DECLARE vrg_00257 15 0
REFERENCE vwk_00022 0
REFERENCE rwz_00205 0
DECLARE kbc_00258 11 0
DECLARE lfy_00259 9 0
DECLARE pkk_00260 14 0
DECLARE vfk_00261 14 0
DECLARE xxe_00262 11 0
DECLARE ajm_00263 8 0
DECLARE gma_00264 14 0
DECLARE nvs_00265 7 0
REFERENCE aah_00077 0
DECLARE aob_00266 15 0
DECLARE eyg_00267 11 0
DECLARE rhj_00268 6 0
DECLARE jqr_00269 17 0
DECLARE azu_00270 3 0
DECLARE isn_00271 6 0
REFERENCE xng_00096 0
REFERENCE gub_00064 0
DECLARE qgp_00272 12 0
DECLARE pci_00273 17 0
DECLARE wym_00274 11 0
REFERENCE gwr_00166 0
DECLARE uor_00275 17 0
REFERENCE pna_00134 0
REFERENCE missing_5990 0
DECLARE hbg_00276 12 0
DECLARE sri_00277 3 0
DECLARE bdx_00278 7 0
REFERENCE nwf_00097 0
REFERENCE ruq_00176 0
DECLARE eqn_00279 19 0
DECLARE cih_00280 2 0
REFERENCE wyv_00229 0
REFERENCE fsr_00059 0
DECLARE nfs_00281 20 0
DECLARE ecq_00282 13 0
REFERENCE ohr_00018 0
DECLARE gzv_00283 15 0
DECLARE ztn_00284 20 0
REFERENCE missing_3562 0
DECLARE jzl_00285 6 0
REFERENCE missing_3547 0
DECLARE yev_00286 10 0
DECLARE xal_00287 19 0
DECLARE epk_00288 5 0
DECLARE snk_00289 3 0
DECLARE yee_00290 11 0
DECLARE olh_00291 3 0
DECLARE ovs_00292 11 0
DECLARE sjh_00293 2 0
REFERENCE qba_00109 0
DECLARE ocb_00294 1 0
REFERENCE missing_2932 0
DECLARE ppw_00295 5 0
REFERENCE rhx_00015 0
DECLARE dmh_00296 18 0
DECLARE ugs_00297 20 0
DECLARE ipj_00298 11 0
REFERENCE fzw_00182 0
DECLARE bmf_00299 18 0
DECLARE osx_00300 2 0
DECLARE etm_00301 14 0
DECLARE ylg_00302 13 0
DECLARE mti_00303 19 0
DECLARE hem_00304 1 0
DECLARE tun_00305 9 0
REFERENCE kya_00161 0
DECLARE lzd_00306 10 0
REFERENCE dzx_00241 0
REFERENCE missing_6982 0
REFERENCE heo_00195 0
REFERENCE wyv_00229 0
DECLARE nhl_00307 13 0
REFERENCE missing_3784 0
DECLARE xvz_00308 11 0
REFERENCE nwf_00097 0
REFERENCE missing_4016 0
DECLARE rqh_00309 3 0
DECLARE cuc_00310 15 0
DECLARE nki_00311 19 0
REFERENCE vfk_00261 0
REFERENCE lmq_00057 0
DECLARE hzd_00312 5 0
DECLARE vce_00313 12 0
DECLARE dgd_00314 5 0
DECLARE rxp_00315 18 0
DECLARE mil_00316 9 0
DECLARE kxq_00317 7 0
DECLARE rzj_00318 10 0
DECLARE lrs_00319 4 0
DECLARE smz_00320 12 0
DECLARE ujm_00321 2 0
REFERENCE azu_00270 0
DECLARE fzn_00322 2 0
DECLARE vfx_00323 2 0
DECLARE oxn_00324 11 0
DECLARE pyw_00325 15 0
DECLARE xmu_00326 11 0
REFERENCE missing_3226 0
REFERENCE missing_1062 0
DECLARE iei_00327 9 0
DECLARE kpy_00328 4 0
DECLARE ggu_00329 6 0
REFERENCE knj_00216 0
DECLARE pgv_00330 12 0
DECLARE gky_00331 2 0
REFERENCE epk_00288 0
DECLARE sfm_00332 20 0
REFERENCE wti_00100 0
DECLARE nim_00333 16 0
DECLARE xxl_00334 15 0
DECLARE eal_00335 13 0
DECLARE xgn_00336 12 0
DECLARE eux_00337 3 0
REFERENCE cbw_00147 0
DECLARE nqe_00338 9 0
DECLARE oiw_00339 9 0
DECLARE xbz_00340 9 0
REFERENCE zkv_00188 0
DECLARE fwz_00341 19 0
DECLARE xgp_00342 1 0
DECLARE mcr_00343 12 0
REFERENCE xet_00218 0
DECLARE gkq_00344 15 0
DECLARE jrs_00345 18 0
DECLARE coj_00346 20 0
DECLARE ceh_00347 17 0
DECLARE gys_00348 7 0
REFERENCE missing_6221 0
REFERENCE rzj_00318 0
DECLARE nzl_00349 6 0
DECLARE sqh_00350 10 0
DECLARE ohn_00351 7 0
DECLARE evi_00352 12 0
DECLARE bra_00353 19 0
REFERENCE jkd_00169 0
DECLARE scv_00354 20 0
REFERENCE xbo_00250 0
DECLARE vny_00355 9 0
REFERENCE missing_8999 0
REFERENCE coj_00346 0
DECLARE koz_00356 11 0
DECLARE yjj_00357 20 0
DECLARE znm_00358 8 0
DECLARE jri_00359 2 0
DECLARE ujj_00360 13 0
REFERENCE xew_00070 0
REFERENCE wxn_00031 0
DECLARE ugd_00361 1 0
DECLARE fqo_00362 13 0
DECLARE hxy_00363 2 0
DECLARE bog_00364 4 0
DECLARE gbq_00365 7 0
DECLARE hej_00366 14 0
DECLARE nqn_00367 15 0
REFERENCE ebe_00008 0
DECLARE jaz_00368 6 0
DECLARE hrs_00369 6 0
DECLARE ybm_00370 14 0
REFERENCE wyv_00229 0
DECLARE zvn_00371 8 0
REFERENCE dng_00021 0
DECLARE agj_00372 17 0
REFERENCE gub_00064 0
DECLARE zgc_00373 6 0
DECLARE buc_00374 18 0
DECLARE wgu_00375 10 0
DECLARE rts_00376 12 0
REFERENCE rxp_00315 0
REFERENCE missing_1920 0
REFERENCE eux_00337 0
DECLARE yzi_00377 9 0
DECLARE qem_00378 12 0
REFERENCE sdz_00087 0
DECLARE zyj_00379 15 0
DECLARE ftp_00380 19 0
DECLARE lqu_00381 13 0
DECLARE bhn_00382 4 0
DECLARE beu_00383 14 0
REFERENCE missing_4405 0
REFERENCE iei_00327 0
DECLARE obg_00384 6 0
REFERENCE cue_00213 0
REFERENCE eux_00337 0
DECLARE nfn_00385 7 0
DECLARE oni_00386 12 0
DECLARE lqm_00387 6 0
REFERENCE uor_00275 0
DECLARE lce_00388 20 0
DECLARE bqj_00389 12 0
DECLARE lhj_00390 6 0
DECLARE okr_00391 7 0
DECLARE vfi_00392 5 0
DECLARE vvl_00393 18 0
DECLARE blx_00394 7 0
DECLARE vzc_00395 19 0
DECLARE yls_00396 9 0
REFERENCE fvb_00145 0
REFERENCE qcm_00125 0
REFERENCE wjo_00111 0
REFERENCE missing_7814 0
DECLARE fds_00397 11 0
DECLARE var_00398 5 0
REFERENCE missing_8248 0
DECLARE wkp_00399 3 0
DECLARE pub_00400 19 0
DECLARE iau_00401 16 0
DECLARE qmo_00402 19 0
DECLARE pxa_00403 10 0
DECLARE oli_00404 16 0
DECLARE mch_00405 12 0
REFERENCE missing_2197 0
DECLARE rhc_00406 1 0
REFERENCE wab_00074 0
DECLARE rqk_00407 7 0
DECLARE yso_00408 19 0
DECLARE zjw_00409 12 0
DECLARE cqe_00410 9 0
REFERENCE psn_00047 0
DECLARE xln_00411 10 0
REFERENCE vrm_00091 0
DECLARE muk_00412 14 0
REFERENCE sri_00277 0
DECLARE xuw_00413 19 0
DECLARE sfx_00414 10 0
REFERENCE lpo_00170 0
DECLARE jwx_00415 8 0
REFERENCE vpt_00206 0
DECLARE vcv_00416 11 0
REFERENCE fzw_00182 0
DECLARE zrs_00417 13 0
DECLARE ktb_00418 18 0
REFERENCE wkp_00399 0
DECLARE sun_00419 3 0
DECLARE lgp_00420 13 0
DECLARE xdm_00421 17 0
DECLARE gno_00422 3 0
DECLARE sut_00423 12 0
REFERENCE qld_00110 0
DECLARE ggc_00424 19 0
DECLARE axz_00425 7 0
DECLARE twz_00426 20 0
REFERENCE ruq_00176 0
REFERENCE epk_00288 0
DECLARE ksn_00427 19 0
REFERENCE koz_00356 0
DECLARE obn_00428 17 0
DECLARE ewu_00429 19 0
DECLARE yox_00430 2 0
REFERENCE hen_00149 0
DECLARE atj_00431 1 0
DECLARE psa_00432 15 0
DECLARE odm_00433 6 0
DECLARE qjm_00434 20 0
DECLARE fns_00435 2 0
DECLARE goc_00436 17 0
REFERENCE dzx_00241 0
DECLARE cdc_00437 6 0
DECLARE nmx_00438 7 0
DECLARE xph_00439 5 0
REFERENCE iic_00050 0
DECLARE zdh_00440 10 0
DECLARE xiu_00441 18 0
DECLARE fxz_00442 11 0
DECLARE okm_00443 16 0
REFERENCE rxp_00315 0
DECLARE zki_00444 6 0
DECLARE rjj_00445 15 0
DECLARE joj_00446 3 0
DECLARE ive_00447 15 0
DECLARE mai_00448 1 0
DECLARE mor_00449 9 0
DECLARE hhb_00450 4 0
DECLARE bhe_00451 16 0
DECLARE oic_00452 1 0
DECLARE gsx_00453 14 0
DECLARE pkd_00454 6 0
REFERENCE gub_00064 0
REFERENCE kbc_00004 0
DECLARE suh_00455 7 0
REFERENCE xgn_00336 0
DECLARE xow_00456 18 0
DECLARE sgo_00457 9 0
REFERENCE vfx_00323 0
REFERENCE vwk_00022 0
REFERENCE dkz_00006 0
DECLARE gxz_00458 9 0
DECLARE uyx_00459 14 0
DECLARE apu_00460 8 0
DECLARE jrk_00461 2 0
DECLARE xwr_00462 5 0
DECLARE gmx_00463 8 0
DECLARE muy_00464 13 0
DECLARE tox_00465 12 0
DECLARE thn_00466 1 0
DECLARE wkd_00467 13 0
DECLARE kny_00468 4 0
DECLARE vnu_00469 10 0
DECLARE chr_00470 12 0
DECLARE hbh_00471 18 0
DECLARE bgr_00472 15 0
DECLARE rdd_00473 5 0
REFERENCE missing_8094 0
DECLARE fxg_00474 3 0
REFERENCE icq_00164 0
REFERENCE zdh_00440 0
DECLARE zyz_00475 1 0
REFERENCE ybm_00370 0
REFERENCE can_00073 0
DECLARE gnq_00476 5 0
REFERENCE zwy_00089 0
REFERENCE ubw_00193 0
DECLARE etw_00477 5 0
REFERENCE wkm_00214 0
DECLARE ezl_00478 10 0
DECLARE egg_00479 5 0
DECLARE nwn_00480 12 0
DECLARE shq_00481 9 0
REFERENCE lkg_00033 0
DECLARE xoi_00482 3 0
DECLARE xja_00483 11 0
DECLARE sit_00484 10 0
DECLARE aml_00485 16 0
REFERENCE fzw_00182 0
DECLARE jjx_00486 18 0
REFERENCE ldq_00071 0
DECLARE rrb_00487 19 0
DECLARE eus_00488 3 0
DECLARE eoh_00489 16 0
DECLARE jgo_00490 2 0
DECLARE axp_00491 10 0
DECLARE ooi_00492 16 0
DECLARE miv_00493 18 0
REFERENCE pja_00146 0
DECLARE xoj_00494 19 0
DECLARE rjx_00495 13 0
DECLARE clz_00496 1 0
DECLARE sbr_00497 14 0
DECLARE odn_00498 7 0
DECLARE qxb_00499 18 0
DECLARE aus_00500 3 0
DECLARE bjd_00501 12 0
DECLARE yxi_00502 19 0
REFERENCE ujm_00321 0
REFERENCE pao_00155 0
DECLARE ied_00503 14 0
REFERENCE fns_00435 0
DECLARE rvc_00504 12 0
DECLARE eqn_00505 3 0
DECLARE jdy_00506 18 0
DECLARE vya_00507 11 0
DECLARE zsy_00508 17 0
REFERENCE qxb_00499 0
DECLARE ien_00509 15 0
DECLARE ben_00510 16 0
DECLARE ixx_00511 6 0
REFERENCE ipj_00298 0
DECLARE ncf_00512 13 0
DECLARE lhe_00513 1 0
REFERENCE azu_00270 0
DECLARE oua_00514 3 0
DECLARE ukk_00515 5 0
DECLARE imf_00516 18 0
DECLARE nlv_00517 12 0
REFERENCE zvn_00371 0
DECLARE nqz_00518 13 0
DECLARE vqg_00519 9 0
REFERENCE igd_00036 0
DECLARE pde_00520 8 0
DECLARE udu_00521 15 0
REFERENCE missing_7458 0
DECLARE gvc_00522 10 0
REFERENCE ksn_00427 0
DECLARE fim_00523 18 0
DECLARE nme_00524 7 0
DECLARE akj_00525 14 0
DECLARE yxj_00526 13 0
DECLARE qty_00527 17 0
DECLARE tcv_00528 5 0
DECLARE xcn_00529 2 0
DECLARE lhp_00530 11 0
DECLARE iga_00531 9 0
DECLARE sfk_00532 6 0
REFERENCE kvp_00138 0
DECLARE kcm_00533 14 0
DECLARE uyq_00534 20 0
DECLARE wnu_00535 8 0
DECLARE yqn_00536 7 0
REFERENCE jrk_00461 0
REFERENCE missing_5538 0
DECLARE miq_00537 1 0
REFERENCE kdr_00101 0
DECLARE pie_00538 8 0
DECLARE hqx_00539 12 0
DECLARE ovg_00540 13 0
DECLARE knq_00541 13 0
DECLARE bfp_00542 10 0
REFERENCE ipz_00133 0
DECLARE kjm_00543 18 0
DECLARE ioj_00544 5 0
DECLARE djl_00545 5 0
DECLARE vnh_00546 15 0
DECLARE kte_00547 16 0
DECLARE rkn_00548 8 0
REFERENCE missing_7147 0
DECLARE nah_00549 3 0
REFERENCE obg_00384 0
DECLARE cmw_00550 7 0
DECLARE jxx_00551 1 0
DECLARE tep_00552 5 0
REFERENCE cih_00280 0
DECLARE qjp_00553 20 0
REFERENCE azf_00099 0
DECLARE rvo_00554 1 0
DECLARE zal_00555 9 0
DECLARE jin_00556 3 0
REFERENCE missing_9318 0
DECLARE ftz_00557 17 0
DECLARE mgh_00558 10 0
REFERENCE rbg_00204 0
DECLARE inn_00559 5 0
DECLARE vve_00560 10 0
DECLARE rgv_00561 6 0
REFERENCE ztn_00284 0
DECLARE pqm_00562 11 0
DECLARE opb_00563 12 0
DECLARE bdv_00564 5 0
REFERENCE cwu_00238 0
DECLARE etn_00565 2 0
REFERENCE lzd_00306 0
REFERENCE ocb_00294 0
REFERENCE snp_00112 0
DECLARE uwj_00566 9 0
DECLARE ckn_00567 11 0
DECLARE glg_00568 16 0
DECLARE syy_00569 14 0
DECLARE crb_00570 16 0
REFERENCE odm_00433 0
REFERENCE nvs_00265 0
DECLARE ieq_00571 11 0
DECLARE dzp_00572 19 0
DECLARE hkj_00573 16 0
REFERENCE bkm_00220 0
REFERENCE fzw_00182 0
DECLARE elt_00574 13 0
DECLARE mfx_00575 15 0
REFERENCE nlv_00517 0
DECLARE uwn_00576 13 0
DECLARE sfs_00577 19 0
DECLARE gwj_00578 14 0
REFERENCE lgp_00420 0
DECLARE ssq_00579 12 0
DECLARE gey_00580 8 0
DECLARE qiv_00581 17 0
DECLARE xxo_00582 6 0
DECLARE oal_00583 17 0
REFERENCE fyk_00024 0
DECLARE fnl_00584 19 0
DECLARE axy_00585 17 0
REFERENCE hzd_00312 0
DECLARE ovb_00586 6 0
DECLARE msv_00587 9 0
DECLARE oqu_00588 11 0
REFERENCE mai_00448 0
DECLARE mcp_00589 9 0
DECLARE kcf_00590 1 0
REFERENCE pje_00185 0
DECLARE iet_00591 4 0
DECLARE kqc_00592 7 0
REFERENCE loz_00242 0
DECLARE mkv_00593 9 0
DECLARE nqd_00594 13 0
DECLARE xme_00595 13 0
DECLARE osj_00596 12 0
DECLARE bph_00597 4 0
DECLARE qli_00598 14 0
REFERENCE ycz_00104 0
DECLARE wtm_00599 13 0
REFERENCE cmw_00550 0
DECLARE exp_00600 1 0
DECLARE qam_00601 8 0
DECLARE hol_00602 18 0
DECLARE toc_00603 3 0
DECLARE xlr_00604 7 0
DECLARE npy_00605 19 0
DECLARE aji_00606 20 0
DECLARE pqk_00607 6 0
DECLARE xuo_00608 6 0
REFERENCE ucb_00148 0
DECLARE ira_00609 17 0
REFERENCE yxj_00526 0
DECLARE ixy_00610 4 0
DECLARE fdb_00611 13 0
DECLARE fhj_00612 10 0
REFERENCE missing_5637 0
REFERENCE ccc_00239 0
DECLARE yux_00613 18 0
DECLARE mhj_00614 11 0
REFERENCE ksn_00427 0
REFERENCE rqh_00309 0
DECLARE svg_00615 20 0
DECLARE bck_00616 15 0
DECLARE lux_00617 17 0
DECLARE klq_00618 17 0
REFERENCE xph_00439 0
DECLARE ivj_00619 2 0
DECLARE aks_00620 16 0
DECLARE ugs_00621 1 0
DECLARE nst_00622 12 0
DECLARE rba_00623 11 0
DECLARE lyb_00624 12 0
DECLARE oah_00625 19 0
DECLARE rrp_00626 16 0
REFERENCE missing_6731 0
REFERENCE ipz_00133 0
DECLARE rus_00627 3 0
DECLARE ofl_00628 5 0
DECLARE eyb_00629 19 0
DECLARE tbt_00630 12 0
DECLARE pdp_00631 10 0
DECLARE vcj_00632 2 0
REFERENCE lyb_00624 0
DECLARE akg_00633 9 0
REFERENCE yls_00396 0
DECLARE bnb_00634 10 0
REFERENCE hij_00079 0
DECLARE kbs_00635 20 0
DECLARE qdx_00636 19 0
DECLARE qbl_00637 9 0
REFERENCE psn_00047 0
DECLARE iql_00638 16 0
DECLARE tji_00639 6 0
DECLARE ahc_00640 18 0
DECLARE joa_00641 12 0
DECLARE wrt_00642 17 0
DECLARE you_00643 10 0
REFERENCE missing_2838 0
REFERENCE fzw_00182 0
REFERENCE iga_00531 0
DECLARE mlt_00644 17 0
DECLARE jeq_00645 13 0
DECLARE iys_00646 18 0
DECLARE kbo_00647 8 0
REFERENCE rqn_00197 0
DECLARE orq_00648 5 0
DECLARE mlk_00649 14 0
DECLARE nin_00650 8 0
DECLARE jkg_00651 2 0
DECLARE slq_00652 17 0
REFERENCE missing_6595 0
DECLARE ymu_00653 15 0
DECLARE jid_00654 8 0
DECLARE ivy_00655 8 0
DECLARE par_00656 11 0
DECLARE dbz_00657 17 0
DECLARE zqw_00658 9 0
DECLARE jat_00659 4 0
DECLARE gsb_00660 1 0
REFERENCE okt_00196 0
DECLARE jtd_00661 1 0
DECLARE xlt_00662 8 0
DECLARE hki_00663 11 0
REFERENCE yox_00430 0
DECLARE glw_00664 12 0
DECLARE cbg_00665 18 0
DECLARE ggd_00666 3 0
DECLARE hgb_00667 18 0
DECLARE xts_00668 16 0
REFERENCE missing_6638 0
REFERENCE hle_00232 0
DECLARE ujt_00669 6 0
REFERENCE szr_00027 0
DECLARE aab_00670 19 0
DECLARE fmi_00671 14 0
REFERENCE shq_00481 0
REFERENCE fnl_00584 0
DECLARE qwf_00672 2 0
DECLARE bul_00673 19 0
DECLARE ozk_00674 2 0
REFERENCE hzi_00139 0
REFERENCE rwz_00205 0
REFERENCE ugz_00222 0
DECLARE rwc_00675 9 0
DECLARE bxd_00676 1 0
DECLARE yor_00677 12 0
DECLARE hhd_00678 1 0
DECLARE sjx_00679 1 0
DECLARE ksj_00680 3 0
DECLARE mvf_00681 5 0
DECLARE pbt_00682 16 0
DECLARE zaf_00683 20 0
DECLARE sut_00684 10 0
REFERENCE missing_4991 0
REFERENCE oiw_00339 0
REFERENCE missing_4496 0
REFERENCE jzg_00102 0
DECLARE nis_00685 7 0
DECLARE vab_00686 17 0
DECLARE nxm_00687 11 0
DECLARE wir_00688 15 0
REFERENCE missing_5451 0
REFERENCE fyk_00024 0
DECLARE mqe_00689 9 0
DECLARE nly_00690 13 0
DECLARE wrt_00691 17 0
DECLARE rws_00692 15 0
DECLARE uos_00693 1 0
DECLARE sdi_00694 2 0
DECLARE wav_00695 15 0
DECLARE zox_00696 9 0
REFERENCE muy_00464 0
DECLARE lfk_00697 3 0
DECLARE nqq_00698 13 0
DECLARE fkz_00699 17 0
REFERENCE ahb_00162 0
DECLARE tmw_00700 11 0
DECLARE uuc_00701 14 0
REFERENCE hhb_00450 0
REFERENCE dau_00020 0
DECLARE tjd_00702 7 0
DECLARE cha_00703 2 0
REFERENCE lqu_00381 0
DECLARE eec_00704 1 0
DECLARE weo_00705 12 0
DECLARE nxp_00706 17 0
REFERENCE lqs_00011 0
DECLARE vbs_00707 20 0
DECLARE tdd_00708 4 0
DECLARE qer_00709 4 0
DECLARE rne_00710 14 0
DECLARE zrz_00711 12 0
DECLARE nnp_00712 1 0
DECLARE vcz_00713 16 0
DECLARE etq_00714 19 0
DECLARE ovm_00715 5 0
DECLARE nvw_00716 1 0
REFERENCE uls_00190 0
REFERENCE zwy_00089 0
DECLARE zqp_00717 1 0
DECLARE beg_00718 9 0
DECLARE aqo_00719 3 0
DECLARE zno_00720 17 0
DECLARE cjm_00721 5 0
REFERENCE missing_2735 0
REFERENCE vrq_00252 0
DECLARE qsb_00722 16 0
DECLARE ecs_00723 2 0
REFERENCE iet_00591 0
DECLARE owc_00724 19 0
DECLARE lif_00725 3 0
DECLARE bba_00726 1 0
DECLARE vxi_00727 5 0
REFERENCE akg_00633 0
DECLARE yrz_00728 13 0
REFERENCE wab_00074 0
DECLARE azm_00729 18 0
DECLARE lmz_00730 9 0
EXIT_SCOPE 0
