# ColliScope Frequency-Matched Synthetic Trace
# Parameters: seed=82, zipf_s=1.244, scope=flat, type=lookup-heavy, load_factor=0.7
ENTER_SCOPE 0
DECLARE sym_k0000 1 0
DECLARE sym_k0001 2 0
DECLARE sym_k0002 3 0
DECLARE sym_k0003 4 0
DECLARE sym_k0004 5 0
DECLARE sym_k0005 6 0
DECLARE sym_k0006 7 0
DECLARE sym_k0007 8 0
DECLARE sym_k0008 9 0
DECLARE sym_k0009 10 0
DECLARE sym_k0010 1 0
DECLARE sym_k0011 2 0
DECLARE sym_k0012 3 0
DECLARE sym_k0013 4 0
DECLARE sym_k0014 5 0
DECLARE sym_k0015 6 0
DECLARE sym_k0016 7 0
DECLARE sym_k0017 8 0
DECLARE sym_k0018 9 0
DECLARE sym_k0019 10 0
DECLARE sym_k0020 1 0
DECLARE sym_k0021 2 0
DECLARE sym_k0022 3 0
DECLARE sym_k0023 4 0
DECLARE sym_k0024 5 0
DECLARE sym_k0025 6 0
DECLARE sym_k0026 7 0
DECLARE sym_k0027 8 0
DECLARE sym_k0028 9 0
DECLARE sym_k0029 10 0
DECLARE sym_k0030 1 0
DECLARE sym_k0031 2 0
DECLARE sym_k0032 3 0
DECLARE sym_k0033 4 0
DECLARE sym_k0034 5 0
DECLARE sym_k0035 6 0
DECLARE sym_k0036 7 0
DECLARE sym_k0037 8 0
DECLARE sym_k0038 9 0
DECLARE sym_k0039 10 0
DECLARE sym_k0040 1 0
DECLARE sym_k0041 2 0
DECLARE sym_k0042 3 0
DECLARE sym_k0043 4 0
DECLARE sym_k0044 5 0
DECLARE sym_k0045 6 0
DECLARE sym_k0046 7 0
DECLARE sym_k0047 8 0
DECLARE sym_k0048 9 0
DECLARE sym_k0049 10 0
DECLARE sym_k0289 5 0
REFERENCE sym_k0289 0
REFERENCE sym_k0000 0
DECLARE sym_k0225 1 0
REFERENCE sym_k0002 0
REFERENCE missing_6032 0
REFERENCE missing_8893 0
DECLARE sym_k0132 13 0
REFERENCE sym_k0000 0
REFERENCE sym_k0001 0
DECLARE sym_k0156 7 0
REFERENCE sym_k0000 0
REFERENCE sym_k0004 0
REFERENCE sym_k0001 0
REFERENCE sym_k0039 0
REFERENCE sym_k0000 0
REFERENCE sym_k0000 0
REFERENCE missing_5014 0
REFERENCE sym_k0003 0
REFERENCE sym_k0022 0
REFERENCE sym_k0000 0
REFERENCE sym_k0007 0
REFERENCE sym_k0002 0
REFERENCE missing_7768 0
REFERENCE sym_k0018 0
REFERENCE sym_k0003 0
REFERENCE sym_k0000 0
REFERENCE sym_k0004 0
REFERENCE missing_7674 0
REFERENCE sym_k0031 0
REFERENCE sym_k0001 0
REFERENCE sym_k0016 0
REFERENCE sym_k0011 0
REFERENCE missing_9276 0
REFERENCE sym_k0002 0
REFERENCE sym_k0007 0
REFERENCE missing_8270 0
REFERENCE sym_k0000 0
REFERENCE sym_k0031 0
REFERENCE sym_k0000 0
REFERENCE sym_k0000 0
REFERENCE sym_k0005 0
REFERENCE sym_k0000 0
REFERENCE sym_k0000 0
REFERENCE missing_2426 0
REFERENCE sym_k0023 0
REFERENCE sym_k0003 0
REFERENCE sym_k0000 0
REFERENCE sym_k0004 0
REFERENCE sym_k0017 0
REFERENCE sym_k0000 0
REFERENCE sym_k0045 0
REFERENCE missing_4391 0
REFERENCE sym_k0000 0
REFERENCE missing_4018 0
REFERENCE sym_k0002 0
REFERENCE sym_k0006 0
REFERENCE sym_k0040 0
REFERENCE sym_k0000 0
REFERENCE sym_k0003 0
REFERENCE missing_4410 0
REFERENCE sym_k0020 0
REFERENCE sym_k0000 0
REFERENCE missing_1813 0
REFERENCE sym_k0000 0
REFERENCE sym_k0006 0
REFERENCE sym_k0003 0
REFERENCE sym_k0003 0
REFERENCE sym_k0025 0
REFERENCE sym_k0011 0
REFERENCE sym_k0004 0
REFERENCE sym_k0007 0
REFERENCE sym_k0000 0
REFERENCE sym_k0000 0
REFERENCE sym_k0007 0
REFERENCE sym_k0003 0
REFERENCE sym_k0007 0
REFERENCE sym_k0000 0
REFERENCE sym_k0002 0
REFERENCE sym_k0001 0
REFERENCE missing_2322 0
REFERENCE sym_k0000 0
REFERENCE sym_k0000 0
REFERENCE sym_k0045 0
DECLARE sym_k0071 12 0
REFERENCE sym_k0002 0
REFERENCE sym_k0043 0
REFERENCE sym_k0000 0
REFERENCE sym_k0002 0
REFERENCE sym_k0001 0
REFERENCE missing_5593 0
REFERENCE sym_k0002 0
DECLARE sym_k0095 6 0
REFERENCE sym_k0002 0
REFERENCE missing_4711 0
REFERENCE sym_k0000 0
REFERENCE sym_k0008 0
REFERENCE sym_k0006 0
REFERENCE sym_k0001 0
REFERENCE sym_k0037 0
REFERENCE sym_k0003 0
REFERENCE sym_k0002 0
REFERENCE sym_k0003 0
REFERENCE sym_k0002 0
REFERENCE missing_6717 0
REFERENCE sym_k0026 0
REFERENCE sym_k0008 0
REFERENCE sym_k0004 0
REFERENCE sym_k0156 0
REFERENCE sym_k0046 0
REFERENCE sym_k0000 0
REFERENCE sym_k0008 0
REFERENCE sym_k0000 0
REFERENCE sym_k0021 0
REFERENCE sym_k0001 0
REFERENCE sym_k0033 0
REFERENCE sym_k0002 0
REFERENCE sym_k0001 0
REFERENCE sym_k0036 0
REFERENCE sym_k0001 0
REFERENCE sym_k0004 0
REFERENCE sym_k0021 0
REFERENCE sym_k0029 0
REFERENCE missing_7791 0
REFERENCE sym_k0007 0
REFERENCE sym_k0017 0
REFERENCE sym_k0007 0
REFERENCE sym_k0000 0
REFERENCE sym_k0000 0
REFERENCE sym_k0004 0
REFERENCE sym_k0011 0
REFERENCE sym_k0027 0
REFERENCE sym_k0000 0
REFERENCE sym_k0000 0
REFERENCE sym_k0008 0
REFERENCE sym_k0016 0
REFERENCE sym_k0003 0
REFERENCE sym_k0000 0
REFERENCE sym_k0000 0
DECLARE sym_k0115 11 0
REFERENCE sym_k0007 0
REFERENCE missing_4265 0
REFERENCE sym_k0000 0
REFERENCE sym_k0012 0
REFERENCE sym_k0000 0
REFERENCE sym_k0000 0
REFERENCE sym_k0005 0
REFERENCE sym_k0001 0
REFERENCE sym_k0001 0
REFERENCE sym_k0016 0
REFERENCE sym_k0002 0
REFERENCE sym_k0018 0
REFERENCE sym_k0011 0
REFERENCE sym_k0000 0
REFERENCE sym_k0003 0
REFERENCE sym_k0011 0
REFERENCE sym_k0006 0
REFERENCE sym_k0003 0
REFERENCE sym_k0156 0
REFERENCE sym_k0038 0
REFERENCE sym_k0003 0
REFERENCE sym_k0071 0
REFERENCE sym_k0000 0
DECLARE sym_k0058 14 0
REFERENCE sym_k0058 0
REFERENCE sym_k0000 0
REFERENCE sym_k0003 0
REFERENCE sym_k0012 0
REFERENCE sym_k0006 0
REFERENCE sym_k0000 0
REFERENCE sym_k0006 0
REFERENCE sym_k0041 0
REFERENCE sym_k0004 0
REFERENCE sym_k0000 0
REFERENCE sym_k0003 0
REFERENCE sym_k0001 0
REFERENCE missing_2305 0
REFERENCE sym_k0000 0
REFERENCE sym_k0006 0
REFERENCE sym_k0000 0
REFERENCE sym_k0009 0
REFERENCE sym_k0027 0
REFERENCE sym_k0001 0
REFERENCE missing_4366 0
REFERENCE sym_k0000 0
REFERENCE sym_k0000 0
REFERENCE missing_4088 0
REFERENCE sym_k0006 0
REFERENCE sym_k0026 0
REFERENCE sym_k0024 0
REFERENCE missing_7132 0
REFERENCE sym_k0018 0
REFERENCE sym_k0006 0
REFERENCE sym_k0004 0
REFERENCE sym_k0001 0
REFERENCE sym_k0000 0
REFERENCE sym_k0034 0
REFERENCE sym_k0000 0
REFERENCE sym_k0012 0
REFERENCE sym_k0006 0
REFERENCE sym_k0002 0
REFERENCE sym_k0002 0
REFERENCE sym_k0005 0
REFERENCE sym_k0043 0
REFERENCE sym_k0000 0
REFERENCE sym_k0004 0
REFERENCE missing_4691 0
REFERENCE sym_k0000 0
REFERENCE missing_2874 0
REFERENCE sym_k0000 0
REFERENCE sym_k0000 0
REFERENCE sym_k0000 0
REFERENCE sym_k0001 0
REFERENCE sym_k0016 0
REFERENCE sym_k0000 0
REFERENCE sym_k0041 0
REFERENCE sym_k0000 0
REFERENCE sym_k0000 0
REFERENCE sym_k0002 0
REFERENCE sym_k0032 0
REFERENCE sym_k0038 0
REFERENCE sym_k0022 0
REFERENCE sym_k0000 0
REFERENCE sym_k0000 0
DECLARE sym_k0121 2 0
REFERENCE sym_k0000 0
REFERENCE missing_8788 0
REFERENCE sym_k0000 0
REFERENCE sym_k0001 0
REFERENCE sym_k0000 0
REFERENCE sym_k0000 0
REFERENCE sym_k0001 0
REFERENCE sym_k0000 0
REFERENCE sym_k0001 0
REFERENCE sym_k0002 0
REFERENCE sym_k0001 0
REFERENCE sym_k0018 0
REFERENCE sym_k0000 0
REFERENCE sym_k0001 0
REFERENCE sym_k0045 0
REFERENCE sym_k0002 0
REFERENCE sym_k0001 0
REFERENCE sym_k0036 0
REFERENCE missing_5518 0
REFERENCE sym_k0001 0
REFERENCE sym_k0002 0
REFERENCE sym_k0010 0
REFERENCE sym_k0018 0
REFERENCE sym_k0004 0
REFERENCE sym_k0016 0
REFERENCE sym_k0000 0
REFERENCE sym_k0000 0
REFERENCE sym_k0156 0
REFERENCE sym_k0012 0
REFERENCE sym_k0001 0
REFERENCE sym_k0026 0
REFERENCE sym_k0009 0
REFERENCE sym_k0020 0
REFERENCE sym_k0024 0
REFERENCE sym_k0002 0
REFERENCE missing_6910 0
REFERENCE sym_k0008 0
REFERENCE sym_k0004 0
REFERENCE sym_k0000 0
REFERENCE sym_k0012 0
REFERENCE sym_k0008 0
REFERENCE sym_k0020 0
REFERENCE sym_k0015 0
REFERENCE sym_k0000 0
REFERENCE sym_k0001 0
REFERENCE missing_1440 0
REFERENCE sym_k0049 0
REFERENCE sym_k0034 0
REFERENCE sym_k0024 0
REFERENCE sym_k0004 0
REFERENCE sym_k0015 0
REFERENCE sym_k0020 0
REFERENCE sym_k0001 0
REFERENCE sym_k0023 0
REFERENCE missing_1086 0
REFERENCE sym_k0016 0
REFERENCE sym_k0000 0
REFERENCE sym_k0000 0
REFERENCE sym_k0009 0
REFERENCE sym_k0003 0
REFERENCE sym_k0004 0
REFERENCE sym_k0046 0
REFERENCE sym_k0018 0
REFERENCE sym_k0041 0
REFERENCE sym_k0000 0
REFERENCE sym_k0005 0
REFERENCE sym_k0000 0
REFERENCE sym_k0005 0
REFERENCE sym_k0003 0
REFERENCE sym_k0012 0
REFERENCE sym_k0000 0
REFERENCE sym_k0041 0
REFERENCE sym_k0006 0
REFERENCE sym_k0040 0
REFERENCE sym_k0000 0
REFERENCE sym_k0006 0
REFERENCE sym_k0013 0
REFERENCE missing_9451 0
REFERENCE sym_k0017 0
REFERENCE sym_k0002 0
REFERENCE sym_k0003 0
REFERENCE sym_k0005 0
REFERENCE sym_k0002 0
REFERENCE sym_k0000 0
REFERENCE sym_k0040 0
REFERENCE sym_k0003 0
REFERENCE sym_k0030 0
REFERENCE sym_k0003 0
REFERENCE sym_k0001 0
REFERENCE sym_k0000 0
REFERENCE sym_k0006 0
REFERENCE sym_k0016 0
REFERENCE sym_k0001 0
REFERENCE sym_k0000 0
REFERENCE sym_k0008 0
REFERENCE sym_k0000 0
REFERENCE sym_k0029 0
REFERENCE sym_k0156 0
REFERENCE sym_k0005 0
REFERENCE sym_k0000 0
REFERENCE sym_k0001 0
REFERENCE sym_k0019 0
REFERENCE sym_k0004 0
REFERENCE sym_k0000 0
REFERENCE sym_k0009 0
REFERENCE missing_5125 0
REFERENCE missing_5719 0
REFERENCE sym_k0000 0
REFERENCE sym_k0009 0
REFERENCE sym_k0000 0
REFERENCE sym_k0001 0
REFERENCE sym_k0045 0
REFERENCE sym_k0007 0
REFERENCE sym_k0002 0
REFERENCE sym_k0006 0
REFERENCE sym_k0001 0
REFERENCE missing_2662 0
REFERENCE sym_k0000 0
DECLARE sym_k0074 15 0
REFERENCE missing_8369 0
REFERENCE sym_k0002 0
REFERENCE sym_k0004 0
REFERENCE sym_k0000 0
REFERENCE missing_1100 0
REFERENCE sym_k0017 0
REFERENCE sym_k0002 0
REFERENCE sym_k0000 0
REFERENCE missing_1101 0
REFERENCE missing_9958 0
REFERENCE sym_k0019 0
REFERENCE sym_k0003 0
REFERENCE sym_k0000 0
REFERENCE sym_k0000 0
REFERENCE missing_9749 0
REFERENCE sym_k0006 0
REFERENCE sym_k0000 0
REFERENCE sym_k0002 0
REFERENCE sym_k0010 0
REFERENCE sym_k0000 0
REFERENCE sym_k0037 0
REFERENCE sym_k0010 0
REFERENCE sym_k0008 0
REFERENCE sym_k0001 0
REFERENCE sym_k0000 0
REFERENCE sym_k0001 0
REFERENCE sym_k0004 0
REFERENCE missing_7823 0
REFERENCE sym_k0000 0
DECLARE sym_k0061 2 0
REFERENCE sym_k0000 0
REFERENCE sym_k0019 0
REFERENCE sym_k0001 0
REFERENCE sym_k0002 0
REFERENCE sym_k0000 0
REFERENCE sym_k0023 0
REFERENCE missing_2349 0
REFERENCE sym_k0005 0
REFERENCE missing_7006 0
REFERENCE sym_k0000 0
REFERENCE sym_k0020 0
REFERENCE sym_k0000 0
REFERENCE sym_k0002 0
REFERENCE missing_3986 0
REFERENCE sym_k0000 0
DECLARE sym_k0081 7 0
REFERENCE sym_k0000 0
REFERENCE sym_k0002 0
REFERENCE sym_k0009 0
REFERENCE sym_k0006 0
REFERENCE missing_9207 0
REFERENCE sym_k0032 0
REFERENCE sym_k0000 0
REFERENCE sym_k0001 0
REFERENCE sym_k0000 0
REFERENCE sym_k0071 0
REFERENCE sym_k0005 0
REFERENCE sym_k0012 0
REFERENCE sym_k0001 0
REFERENCE missing_5984 0
REFERENCE sym_k0012 0
REFERENCE sym_k0000 0
REFERENCE sym_k0000 0
REFERENCE sym_k0031 0
REFERENCE sym_k0001 0
REFERENCE sym_k0034 0
REFERENCE missing_6467 0
REFERENCE sym_k0000 0
DECLARE sym_k0059 15 0
REFERENCE sym_k0001 0
REFERENCE missing_3381 0
REFERENCE sym_k0000 0
REFERENCE sym_k0002 0
REFERENCE missing_6037 0
REFERENCE sym_k0000 0
REFERENCE sym_k0000 0
REFERENCE missing_2836 0
REFERENCE sym_k0001 0
REFERENCE sym_k0039 0
REFERENCE sym_k0001 0
REFERENCE sym_k0004 0
REFERENCE sym_k0002 0
REFERENCE sym_k0001 0
REFERENCE sym_k0001 0
REFERENCE sym_k0010 0
REFERENCE sym_k0000 0
REFERENCE sym_k0014 0
REFERENCE sym_k0034 0
REFERENCE sym_k0015 0
REFERENCE sym_k0027 0
REFERENCE sym_k0000 0
REFERENCE sym_k0005 0
REFERENCE sym_k0044 0
REFERENCE sym_k0002 0
REFERENCE sym_k0002 0
REFERENCE sym_k0000 0
REFERENCE sym_k0016 0
REFERENCE missing_1884 0
REFERENCE sym_k0000 0
REFERENCE sym_k0013 0
REFERENCE sym_k0000 0
REFERENCE missing_9729 0
REFERENCE sym_k0013 0
REFERENCE sym_k0049 0
REFERENCE sym_k0004 0
REFERENCE sym_k0006 0
REFERENCE sym_k0001 0
REFERENCE sym_k0007 0
REFERENCE sym_k0000 0
REFERENCE sym_k0016 0
REFERENCE sym_k0002 0
REFERENCE sym_k0005 0
REFERENCE sym_k0024 0
REFERENCE sym_k0025 0
REFERENCE sym_k0081 0
REFERENCE sym_k0001 0
REFERENCE sym_k0000 0
REFERENCE sym_k0010 0
REFERENCE sym_k0001 0
REFERENCE missing_8456 0
REFERENCE sym_k0002 0
REFERENCE sym_k0015 0
REFERENCE sym_k0001 0
REFERENCE sym_k0000 0
REFERENCE sym_k0011 0
REFERENCE sym_k0005 0
REFERENCE sym_k0003 0
REFERENCE sym_k0000 0
REFERENCE sym_k0010 0
REFERENCE missing_3741 0
REFERENCE sym_k0028 0
REFERENCE sym_k0001 0
REFERENCE sym_k0047 0
REFERENCE sym_k0000 0
REFERENCE sym_k0006 0
REFERENCE sym_k0028 0
REFERENCE missing_1520 0
REFERENCE sym_k0000 0
REFERENCE sym_k0006 0
REFERENCE sym_k0000 0
REFERENCE sym_k0011 0
REFERENCE sym_k0009 0
REFERENCE sym_k0289 0
REFERENCE sym_k0000 0
REFERENCE sym_k0004 0
REFERENCE sym_k0040 0
REFERENCE sym_k0001 0
REFERENCE sym_k0000 0
REFERENCE sym_k0024 0
REFERENCE sym_k0018 0
REFERENCE sym_k0000 0
REFERENCE missing_1384 0
REFERENCE sym_k0004 0
REFERENCE sym_k0002 0
REFERENCE sym_k0000 0
REFERENCE sym_k0058 0
REFERENCE sym_k0023 0
REFERENCE sym_k0031 0
REFERENCE missing_4894 0
REFERENCE missing_3356 0
REFERENCE sym_k0011 0
REFERENCE sym_k0003 0
REFERENCE sym_k0001 0
REFERENCE sym_k0008 0
REFERENCE missing_4019 0
REFERENCE sym_k0011 0
REFERENCE sym_k0043 0
REFERENCE sym_k0002 0
REFERENCE sym_k0006 0
REFERENCE sym_k0000 0
REFERENCE sym_k0002 0
REFERENCE sym_k0001 0
REFERENCE sym_k0003 0
REFERENCE sym_k0000 0
REFERENCE sym_k0000 0
DECLARE sym_k0072 13 0
REFERENCE sym_k0002 0
REFERENCE sym_k0000 0
REFERENCE sym_k0025 0
REFERENCE sym_k0003 0
REFERENCE sym_k0038 0
REFERENCE sym_k0049 0
REFERENCE sym_k0045 0
REFERENCE sym_k0016 0
DECLARE sym_k0065 6 0
REFERENCE sym_k0038 0
REFERENCE sym_k0000 0
REFERENCE sym_k0005 0
REFERENCE sym_k0002 0
REFERENCE sym_k0000 0
REFERENCE sym_k0001 0
REFERENCE sym_k0003 0
REFERENCE sym_k0042 0
REFERENCE sym_k0000 0
REFERENCE sym_k0011 0
DECLARE sym_k0139 5 0
REFERENCE sym_k0002 0
REFERENCE sym_k0004 0
REFERENCE sym_k0016 0
REFERENCE sym_k0000 0
REFERENCE missing_4542 0
REFERENCE sym_k0000 0
REFERENCE sym_k0001 0
REFERENCE sym_k0000 0
REFERENCE sym_k0002 0
REFERENCE sym_k0000 0
REFERENCE sym_k0000 0
REFERENCE sym_k0000 0
REFERENCE sym_k0121 0
REFERENCE sym_k0003 0
REFERENCE missing_2237 0
REFERENCE sym_k0074 0
REFERENCE missing_5641 0
REFERENCE sym_k0001 0
REFERENCE sym_k0036 0
REFERENCE sym_k0011 0
REFERENCE sym_k0017 0
REFERENCE sym_k0014 0
REFERENCE sym_k0000 0
REFERENCE missing_1545 0
REFERENCE sym_k0029 0
REFERENCE sym_k0001 0
REFERENCE sym_k0000 0
REFERENCE sym_k0000 0
REFERENCE missing_8295 0
REFERENCE sym_k0020 0
REFERENCE sym_k0020 0
REFERENCE missing_5229 0
REFERENCE sym_k0000 0
REFERENCE missing_8280 0
REFERENCE sym_k0004 0
DECLARE sym_k0282 13 0
REFERENCE sym_k0026 0
REFERENCE sym_k0000 0
REFERENCE sym_k0014 0
REFERENCE sym_k0004 0
REFERENCE sym_k0002 0
REFERENCE sym_k0005 0
REFERENCE sym_k0000 0
REFERENCE sym_k0002 0
REFERENCE sym_k0009 0
REFERENCE sym_k0000 0
REFERENCE sym_k0011 0
REFERENCE sym_k0027 0
REFERENCE sym_k0038 0
REFERENCE sym_k0000 0
REFERENCE missing_8294 0
REFERENCE sym_k0031 0
REFERENCE sym_k0001 0
REFERENCE sym_k0000 0
REFERENCE sym_k0000 0
REFERENCE sym_k0095 0
REFERENCE sym_k0000 0
REFERENCE sym_k0003 0
REFERENCE sym_k0074 0
REFERENCE sym_k0022 0
DECLARE sym_k0141 7 0
REFERENCE sym_k0002 0
REFERENCE missing_3484 0
REFERENCE sym_k0000 0
REFERENCE sym_k0000 0
REFERENCE sym_k0011 0
REFERENCE sym_k0008 0
REFERENCE sym_k0023 0
REFERENCE sym_k0049 0
REFERENCE sym_k0002 0
REFERENCE sym_k0031 0
REFERENCE sym_k0022 0
REFERENCE sym_k0001 0
REFERENCE sym_k0000 0
REFERENCE sym_k0027 0
REFERENCE sym_k0004 0
REFERENCE sym_k0002 0
REFERENCE sym_k0003 0
REFERENCE missing_6265 0
REFERENCE sym_k0000 0
REFERENCE sym_k0014 0
REFERENCE sym_k0000 0
REFERENCE sym_k0001 0
REFERENCE sym_k0003 0
REFERENCE sym_k0004 0
REFERENCE sym_k0029 0
REFERENCE sym_k0000 0
REFERENCE sym_k0017 0
REFERENCE sym_k0038 0
REFERENCE sym_k0004 0
REFERENCE missing_5685 0
REFERENCE missing_1878 0
REFERENCE sym_k0000 0
REFERENCE sym_k0002 0
REFERENCE sym_k0001 0
REFERENCE sym_k0004 0
REFERENCE sym_k0005 0
REFERENCE sym_k0000 0
REFERENCE sym_k0000 0
REFERENCE sym_k0002 0
REFERENCE sym_k0005 0
REFERENCE sym_k0000 0
REFERENCE sym_k0008 0
REFERENCE sym_k0020 0
REFERENCE sym_k0030 0
REFERENCE sym_k0001 0
REFERENCE missing_1578 0
REFERENCE sym_k0017 0
REFERENCE sym_k0074 0
REFERENCE sym_k0095 0
REFERENCE sym_k0000 0
REFERENCE sym_k0024 0
REFERENCE sym_k0000 0
REFERENCE sym_k0026 0
REFERENCE sym_k0007 0
REFERENCE sym_k0002 0
REFERENCE sym_k0030 0
REFERENCE sym_k0031 0
REFERENCE sym_k0000 0
REFERENCE sym_k0014 0
REFERENCE missing_8346 0
REFERENCE sym_k0007 0
REFERENCE sym_k0005 0
REFERENCE sym_k0001 0
REFERENCE sym_k0001 0
REFERENCE sym_k0005 0
REFERENCE sym_k0005 0
REFERENCE sym_k0002 0
REFERENCE sym_k0031 0
REFERENCE sym_k0003 0
REFERENCE sym_k0072 0
REFERENCE missing_9975 0
REFERENCE sym_k0001 0
REFERENCE sym_k0004 0
REFERENCE sym_k0003 0
REFERENCE sym_k0029 0
REFERENCE missing_5060 0
REFERENCE sym_k0044 0
REFERENCE sym_k0001 0
REFERENCE sym_k0025 0
REFERENCE sym_k0001 0
REFERENCE sym_k0000 0
REFERENCE sym_k0007 0
REFERENCE missing_4281 0
REFERENCE sym_k0001 0
REFERENCE sym_k0002 0
REFERENCE sym_k0003 0
REFERENCE sym_k0000 0
REFERENCE sym_k0004 0
REFERENCE sym_k0014 0
REFERENCE sym_k0028 0
REFERENCE sym_k0000 0
REFERENCE sym_k0042 0
REFERENCE missing_3150 0
REFERENCE sym_k0011 0
REFERENCE sym_k0001 0
REFERENCE sym_k0034 0
REFERENCE sym_k0041 0
REFERENCE sym_k0081 0
REFERENCE sym_k0001 0
REFERENCE sym_k0003 0
REFERENCE sym_k0006 0
REFERENCE sym_k0001 0
REFERENCE sym_k0000 0
REFERENCE sym_k0001 0
REFERENCE sym_k0002 0
REFERENCE sym_k0003 0
REFERENCE sym_k0000 0
REFERENCE sym_k0005 0
REFERENCE sym_k0000 0
REFERENCE missing_9386 0
REFERENCE missing_6547 0
REFERENCE missing_1495 0
REFERENCE sym_k0015 0
REFERENCE sym_k0000 0
REFERENCE sym_k0000 0
REFERENCE sym_k0022 0
REFERENCE sym_k0011 0
REFERENCE sym_k0005 0
REFERENCE sym_k0002 0
REFERENCE sym_k0000 0
REFERENCE sym_k0000 0
REFERENCE sym_k0000 0
REFERENCE missing_5668 0
REFERENCE sym_k0003 0
REFERENCE sym_k0000 0
REFERENCE sym_k0032 0
REFERENCE sym_k0047 0
REFERENCE sym_k0004 0
REFERENCE sym_k0000 0
REFERENCE sym_k0000 0
REFERENCE missing_3454 0
REFERENCE sym_k0001 0
REFERENCE sym_k0004 0
DECLARE sym_k0208 14 0
REFERENCE sym_k0026 0
REFERENCE sym_k0002 0
REFERENCE sym_k0004 0
REFERENCE sym_k0003 0
REFERENCE sym_k0000 0
REFERENCE sym_k0026 0
REFERENCE sym_k0141 0
REFERENCE sym_k0003 0
REFERENCE sym_k0000 0
REFERENCE sym_k0001 0
REFERENCE sym_k0001 0
REFERENCE sym_k0004 0
REFERENCE sym_k0010 0
REFERENCE sym_k0001 0
REFERENCE sym_k0017 0
REFERENCE sym_k0022 0
REFERENCE sym_k0000 0
REFERENCE sym_k0008 0
REFERENCE sym_k0003 0
REFERENCE missing_8289 0
REFERENCE sym_k0000 0
REFERENCE sym_k0004 0
REFERENCE sym_k0001 0
REFERENCE sym_k0000 0
REFERENCE sym_k0003 0
REFERENCE sym_k0011 0
REFERENCE sym_k0003 0
REFERENCE sym_k0001 0
REFERENCE sym_k0001 0
REFERENCE sym_k0026 0
REFERENCE sym_k0017 0
REFERENCE sym_k0046 0
REFERENCE sym_k0006 0
REFERENCE sym_k0002 0
REFERENCE sym_k0013 0
REFERENCE sym_k0002 0
REFERENCE sym_k0000 0
REFERENCE sym_k0001 0
REFERENCE sym_k0015 0
REFERENCE missing_3016 0
REFERENCE sym_k0001 0
REFERENCE sym_k0037 0
REFERENCE sym_k0009 0
REFERENCE sym_k0000 0
REFERENCE sym_k0005 0
REFERENCE missing_8157 0
REFERENCE sym_k0019 0
REFERENCE sym_k0002 0
REFERENCE sym_k0002 0
REFERENCE sym_k0038 0
REFERENCE sym_k0000 0
REFERENCE sym_k0021 0
REFERENCE sym_k0004 0
REFERENCE missing_6572 0
REFERENCE sym_k0001 0
REFERENCE sym_k0004 0
DECLARE sym_k0112 8 0
REFERENCE sym_k0035 0
REFERENCE sym_k0043 0
REFERENCE sym_k0000 0
REFERENCE sym_k0040 0
REFERENCE sym_k0021 0
REFERENCE missing_7410 0
DECLARE sym_k0142 8 0
REFERENCE sym_k0001 0
REFERENCE sym_k0014 0
REFERENCE sym_k0000 0
REFERENCE sym_k0032 0
REFERENCE sym_k0013 0
REFERENCE sym_k0003 0
REFERENCE sym_k0002 0
REFERENCE sym_k0004 0
REFERENCE sym_k0001 0
REFERENCE sym_k0008 0
REFERENCE sym_k0000 0
REFERENCE sym_k0032 0
REFERENCE sym_k0002 0
REFERENCE sym_k0000 0
REFERENCE sym_k0002 0
REFERENCE missing_6004 0
REFERENCE sym_k0002 0
REFERENCE missing_2782 0
REFERENCE sym_k0014 0
REFERENCE sym_k0001 0
REFERENCE sym_k0000 0
REFERENCE sym_k0035 0
REFERENCE sym_k0121 0
REFERENCE missing_1251 0
REFERENCE sym_k0003 0
REFERENCE sym_k0007 0
REFERENCE sym_k0001 0
REFERENCE sym_k0002 0
REFERENCE sym_k0000 0
REFERENCE missing_9128 0
REFERENCE sym_k0002 0
REFERENCE missing_6343 0
REFERENCE sym_k0021 0
REFERENCE sym_k0036 0
REFERENCE sym_k0027 0
REFERENCE sym_k0017 0
REFERENCE sym_k0001 0
REFERENCE sym_k0027 0
REFERENCE sym_k0000 0
REFERENCE sym_k0000 0
REFERENCE missing_1057 0
REFERENCE sym_k0001 0
REFERENCE sym_k0003 0
REFERENCE missing_5508 0
REFERENCE sym_k0033 0
REFERENCE missing_2669 0
REFERENCE sym_k0013 0
REFERENCE sym_k0000 0
REFERENCE sym_k0000 0
REFERENCE sym_k0039 0
REFERENCE sym_k0000 0
REFERENCE sym_k0002 0
DECLARE sym_k0113 9 0
REFERENCE sym_k0003 0
REFERENCE sym_k0000 0
REFERENCE missing_1885 0
REFERENCE sym_k0005 0
REFERENCE sym_k0002 0
REFERENCE sym_k0000 0
REFERENCE sym_k0003 0
REFERENCE sym_k0000 0
REFERENCE missing_1826 0
REFERENCE sym_k0000 0
REFERENCE sym_k0009 0
REFERENCE sym_k0002 0
REFERENCE sym_k0000 0
REFERENCE sym_k0000 0
REFERENCE sym_k0000 0
REFERENCE sym_k0003 0
REFERENCE sym_k0004 0
REFERENCE sym_k0011 0
REFERENCE sym_k0020 0
REFERENCE sym_k0001 0
REFERENCE sym_k0000 0
REFERENCE sym_k0003 0
REFERENCE missing_9473 0
REFERENCE sym_k0000 0
REFERENCE sym_k0000 0
REFERENCE sym_k0003 0
REFERENCE sym_k0001 0
REFERENCE missing_6330 0
REFERENCE sym_k0000 0
REFERENCE sym_k0113 0
REFERENCE sym_k0005 0
REFERENCE sym_k0000 0
REFERENCE sym_k0000 0
REFERENCE sym_k0072 0
REFERENCE sym_k0001 0
REFERENCE sym_k0000 0
REFERENCE sym_k0027 0
REFERENCE sym_k0035 0
REFERENCE sym_k0020 0
REFERENCE sym_k0008 0
REFERENCE sym_k0002 0
REFERENCE sym_k0006 0
REFERENCE sym_k0005 0
REFERENCE sym_k0022 0
REFERENCE sym_k0000 0
REFERENCE sym_k0001 0
DECLARE sym_k0144 10 0
REFERENCE sym_k0004 0
REFERENCE sym_k0004 0
REFERENCE sym_k0011 0
REFERENCE sym_k0058 0
REFERENCE sym_k0002 0
REFERENCE sym_k0008 0
REFERENCE sym_k0000 0
REFERENCE missing_5537 0
REFERENCE sym_k0000 0
REFERENCE sym_k0000 0
REFERENCE sym_k0006 0
REFERENCE sym_k0005 0
REFERENCE sym_k0036 0
REFERENCE sym_k0013 0
REFERENCE sym_k0000 0
REFERENCE sym_k0000 0
REFERENCE sym_k0010 0
REFERENCE sym_k0001 0
REFERENCE sym_k0012 0
REFERENCE sym_k0017 0
REFERENCE sym_k0007 0
REFERENCE sym_k0000 0
REFERENCE sym_k0005 0
REFERENCE sym_k0001 0
REFERENCE sym_k0046 0
DECLARE sym_k0131 12 0
REFERENCE sym_k0033 0
REFERENCE sym_k0000 0
REFERENCE sym_k0000 0
REFERENCE sym_k0001 0
REFERENCE sym_k0023 0
REFERENCE sym_k0018 0
REFERENCE sym_k0000 0
REFERENCE sym_k0029 0
REFERENCE sym_k0005 0
REFERENCE sym_k0001 0
REFERENCE sym_k0007 0
REFERENCE sym_k0001 0
REFERENCE sym_k0001 0
REFERENCE sym_k0002 0
REFERENCE sym_k0002 0
DECLARE sym_k0082 8 0
REFERENCE sym_k0000 0
REFERENCE sym_k0001 0
REFERENCE missing_5826 0
REFERENCE sym_k0282 0
REFERENCE sym_k0030 0
REFERENCE sym_k0000 0
REFERENCE sym_k0007 0
REFERENCE sym_k0131 0
REFERENCE sym_k0002 0
EXIT_SCOPE 0
