# ColliScope Generated Random Trace
# Parameters: seed=55, scope=nested, type=lookup-heavy, load_factor=0.7
ENTER_SCOPE 0
DECLARE cyd_00000 10 0
DECLARE vth_00001 12 0
DECLARE xxw_00002 16 0
DECLARE okk_00003 14 0
DECLARE zub_00004 9 0
DECLARE bfs_00005 19 0
DECLARE mfj_00006 3 0
DECLARE ntf_00007 7 0
DECLARE khv_00008 4 0
DECLARE vki_00009 20 0
DECLARE fmv_00010 8 0
DECLARE ief_00011 5 0
DECLARE vsv_00012 19 0
DECLARE pcv_00013 3 0
DECLARE gvs_00014 10 0
DECLARE idp_00015 15 0
DECLARE mbg_00016 12 0
DECLARE dfo_00017 16 0
DECLARE pqb_00018 8 0
DECLARE usj_00019 14 0
DECLARE ijx_00020 1 0
DECLARE asf_00021 11 0
DECLARE mhn_00022 9 0
DECLARE qfy_00023 8 0
DECLARE efz_00024 12 0
DECLARE lqa_00025 2 0
DECLARE opg_00026 16 0
DECLARE fry_00027 14 0
DECLARE fwf_00028 17 0
DECLARE aqm_00029 19 0
DECLARE myf_00030 14 0
DECLARE alc_00031 12 0
DECLARE lkw_00032 11 0
DECLARE bvd_00033 5 0
DECLARE ats_00034 9 0
DECLARE tsb_00035 18 0
DECLARE bog_00036 1 0
DECLARE ncj_00037 1 0
DECLARE vnu_00038 8 0
DECLARE gdo_00039 20 0
DECLARE sor_00040 17 0
DECLARE qob_00041 16 0
DECLARE oid_00042 20 0
DECLARE cpq_00043 10 0
DECLARE bxw_00044 3 0
DECLARE msl_00045 1 0
DECLARE crb_00046 18 0
DECLARE dma_00047 14 0
DECLARE tbb_00048 20 0
DECLARE vzc_00049 10 0
REFERENCE efz_00024 0
REFERENCE okk_00003 0
REFERENCE missing_4061 0
DECLARE itm_00050 5 0
REFERENCE sor_00040 0
REFERENCE vsv_00012 0
ENTER_SCOPE 1 0
EXIT_SCOPE 1
REFERENCE pcv_00013 0
REFERENCE ats_00034 0
REFERENCE qob_00041 0
REFERENCE tsb_00035 0
REFERENCE missing_6357 0
ENTER_SCOPE 2 0
REFERENCE lkw_00032 2
REFERENCE missing_5199 2
REFERENCE bxw_00044 2
ENTER_SCOPE 3 2
EXIT_SCOPE 3
ENTER_SCOPE 4 2
REFERENCE xxw_00002 4
REFERENCE msl_00045 4
REFERENCE zub_00004 4
ENTER_SCOPE 5 4
REFERENCE vnu_00038 5
REFERENCE opg_00026 5
REFERENCE mfj_00006 5
REFERENCE missing_3343 5
REFERENCE aqm_00029 5
REFERENCE missing_1348 5
ENTER_SCOPE 6 5
REFERENCE bog_00036 6
REFERENCE efz_00024 6
REFERENCE usj_00019 6
REFERENCE ats_00034 6
REFERENCE fmv_00010 6
ENTER_SCOPE 7 6
REFERENCE opg_00026 7
REFERENCE missing_6390 7
REFERENCE bxw_00044 7
DECLARE htg_00051 10 7
REFERENCE fry_00027 7
REFERENCE ncj_00037 7
REFERENCE tbb_00048 7
REFERENCE tbb_00048 7
REFERENCE bvd_00033 7
REFERENCE sor_00040 7
REFERENCE sor_00040 7
REFERENCE qob_00041 7
REFERENCE ntf_00007 7
REFERENCE qfy_00023 7
REFERENCE myf_00030 7
REFERENCE vki_00009 7
REFERENCE missing_5206 7
REFERENCE cpq_00043 7
REFERENCE vsv_00012 7
REFERENCE sor_00040 7
REFERENCE qfy_00023 7
REFERENCE gdo_00039 7
REFERENCE lkw_00032 7
REFERENCE opg_00026 7
REFERENCE tbb_00048 7
REFERENCE vnu_00038 7
REFERENCE missing_6658 7
REFERENCE lqa_00025 7
REFERENCE alc_00031 7
REFERENCE cpq_00043 7
REFERENCE vsv_00012 7
REFERENCE sor_00040 7
REFERENCE lkw_00032 7
REFERENCE vsv_00012 7
REFERENCE missing_7182 7
DECLARE qhd_00052 1 7
DECLARE ehe_00053 13 7
REFERENCE missing_1631 7
REFERENCE cpq_00043 7
REFERENCE ehe_00053 7
DECLARE bxw_00044 20 7
REFERENCE dfo_00017 7
EXIT_SCOPE 7
REFERENCE ief_00011 6
REFERENCE xxw_00002 6
REFERENCE lkw_00032 6
EXIT_SCOPE 6
REFERENCE pqb_00018 5
REFERENCE crb_00046 5
REFERENCE ncj_00037 5
ENTER_SCOPE 8 5
REFERENCE cyd_00000 8
REFERENCE qob_00041 8
REFERENCE opg_00026 8
REFERENCE bog_00036 8
REFERENCE bvd_00033 8
REFERENCE oid_00042 8
REFERENCE aqm_00029 8
REFERENCE vth_00001 8
REFERENCE ats_00034 8
REFERENCE dma_00047 8
REFERENCE missing_9088 8
ENTER_SCOPE 9 8
REFERENCE efz_00024 9
REFERENCE missing_7210 9
REFERENCE idp_00015 9
ENTER_SCOPE 10 9
REFERENCE ats_00034 10
REFERENCE vzc_00049 10
REFERENCE lkw_00032 10
REFERENCE opg_00026 10
REFERENCE itm_00050 10
REFERENCE mfj_00006 10
REFERENCE missing_3807 10
REFERENCE dma_00047 10
REFERENCE ats_00034 10
DECLARE jat_00054 15 10
DECLARE xvr_00055 7 10
REFERENCE fmv_00010 10
REFERENCE lqa_00025 10
REFERENCE cpq_00043 10
REFERENCE fwf_00028 10
REFERENCE mhn_00022 10
REFERENCE qob_00041 10
REFERENCE ijx_00020 10
EXIT_SCOPE 10
REFERENCE vsv_00012 9
REFERENCE itm_00050 9
REFERENCE msl_00045 9
REFERENCE lqa_00025 9
REFERENCE mbg_00016 9
REFERENCE pcv_00013 9
REFERENCE qfy_00023 9
REFERENCE opg_00026 9
REFERENCE sor_00040 9
DECLARE uhe_00056 7 9
DECLARE cnh_00057 18 9
REFERENCE ncj_00037 9
ENTER_SCOPE 11 9
REFERENCE bog_00036 11
EXIT_SCOPE 11
DECLARE kbf_00058 10 9
REFERENCE crb_00046 9
REFERENCE pcv_00013 9
REFERENCE usj_00019 9
REFERENCE mbg_00016 9
REFERENCE kbf_00058 9
REFERENCE ntf_00007 9
ENTER_SCOPE 12 9
REFERENCE vki_00009 12
REFERENCE missing_6343 12
REFERENCE tbb_00048 12
REFERENCE bvd_00033 12
REFERENCE bxw_00044 12
REFERENCE khv_00008 12
ENTER_SCOPE 13 12
REFERENCE gdo_00039 13
REFERENCE alc_00031 13
REFERENCE missing_8132 13
REFERENCE qfy_00023 13
REFERENCE dfo_00017 13
REFERENCE efz_00024 13
REFERENCE usj_00019 13
REFERENCE missing_4719 13
REFERENCE fry_00027 13
REFERENCE sor_00040 13
REFERENCE gvs_00014 13
EXIT_SCOPE 13
REFERENCE missing_3944 12
REFERENCE okk_00003 12
REFERENCE missing_4799 12
REFERENCE bfs_00005 12
REFERENCE bxw_00044 12
REFERENCE fwf_00028 12
REFERENCE missing_1958 12
REFERENCE qob_00041 12
REFERENCE mfj_00006 12
REFERENCE myf_00030 12
DECLARE kbf_00058 13 12
EXIT_SCOPE 12
REFERENCE ncj_00037 9
REFERENCE ief_00011 9
DECLARE ohr_00059 12 9
REFERENCE fwf_00028 9
REFERENCE tsb_00035 9
REFERENCE oid_00042 9
REFERENCE cpq_00043 9
REFERENCE missing_2927 9
REFERENCE xxw_00002 9
REFERENCE okk_00003 9
REFERENCE msl_00045 9
REFERENCE myf_00030 9
REFERENCE missing_6977 9
REFERENCE missing_9116 9
REFERENCE bog_00036 9
REFERENCE bvd_00033 9
REFERENCE lqa_00025 9
ENTER_SCOPE 14 9
REFERENCE dfo_00017 14
REFERENCE qob_00041 14
EXIT_SCOPE 14
REFERENCE missing_4967 9
REFERENCE sor_00040 9
REFERENCE qob_00041 9
REFERENCE missing_3741 9
ENTER_SCOPE 15 9
REFERENCE itm_00050 15
REFERENCE vth_00001 15
REFERENCE missing_7732 15
REFERENCE gvs_00014 15
REFERENCE missing_4569 15
REFERENCE qob_00041 15
DECLARE ikc_00060 16 15
REFERENCE mbg_00016 15
REFERENCE missing_8597 15
REFERENCE missing_4195 15
DECLARE vek_00061 8 15
REFERENCE ntf_00007 15
REFERENCE pcv_00013 15
REFERENCE ikc_00060 15
ENTER_SCOPE 16 15
DECLARE tvu_00062 8 16
REFERENCE mfj_00006 16
REFERENCE okk_00003 16
REFERENCE qfy_00023 16
REFERENCE khv_00008 16
REFERENCE zub_00004 16
REFERENCE qob_00041 16
REFERENCE missing_6050 16
REFERENCE missing_4191 16
REFERENCE usj_00019 16
REFERENCE bfs_00005 16
REFERENCE mhn_00022 16
REFERENCE tvu_00062 16
REFERENCE aqm_00029 16
REFERENCE okk_00003 16
EXIT_SCOPE 16
REFERENCE missing_7994 15
REFERENCE opg_00026 15
ENTER_SCOPE 17 15
DECLARE wry_00063 9 17
REFERENCE itm_00050 17
REFERENCE myf_00030 17
REFERENCE vek_00061 17
REFERENCE sor_00040 17
REFERENCE crb_00046 17
REFERENCE gvs_00014 17
REFERENCE cpq_00043 17
REFERENCE asf_00021 17
EXIT_SCOPE 17
REFERENCE ief_00011 15
REFERENCE cyd_00000 15
REFERENCE khv_00008 15
REFERENCE tbb_00048 15
REFERENCE msl_00045 15
REFERENCE mfj_00006 15
DECLARE gmx_00064 16 15
REFERENCE missing_4432 15
REFERENCE mfj_00006 15
REFERENCE missing_6044 15
REFERENCE mhn_00022 15
REFERENCE missing_5363 15
REFERENCE lkw_00032 15
EXIT_SCOPE 15
REFERENCE vki_00009 9
REFERENCE aqm_00029 9
REFERENCE ijx_00020 9
REFERENCE mbg_00016 9
DECLARE geo_00065 9 9
REFERENCE cnh_00057 9
ENTER_SCOPE 18 9
ENTER_SCOPE 19 18
REFERENCE zub_00004 19
REFERENCE cpq_00043 19
REFERENCE vth_00001 19
REFERENCE opg_00026 19
REFERENCE missing_2743 19
REFERENCE ief_00011 19
REFERENCE qfy_00023 19
DECLARE xez_00066 13 19
REFERENCE fwf_00028 19
REFERENCE vsv_00012 19
REFERENCE kbf_00058 19
REFERENCE missing_7585 19
REFERENCE missing_2016 19
DECLARE uhe_00056 12 19
DECLARE nda_00067 19 19
REFERENCE alc_00031 19
DECLARE mjs_00068 3 19
REFERENCE tsb_00035 19
DECLARE pvg_00069 5 19
REFERENCE vsv_00012 19
REFERENCE ijx_00020 19
REFERENCE bxw_00044 19
REFERENCE zub_00004 19
REFERENCE uhe_00056 19
REFERENCE opg_00026 19
REFERENCE cyd_00000 19
REFERENCE ohr_00059 19
REFERENCE dfo_00017 19
REFERENCE crb_00046 19
REFERENCE mhn_00022 19
REFERENCE xxw_00002 19
REFERENCE vth_00001 19
EXIT_SCOPE 19
DECLARE kbf_00058 2 18
ENTER_SCOPE 20 18
DECLARE nzd_00070 12 20
REFERENCE bfs_00005 20
REFERENCE ats_00034 20
REFERENCE tbb_00048 20
REFERENCE alc_00031 20
REFERENCE vsv_00012 20
REFERENCE missing_9178 20
REFERENCE fry_00027 20
REFERENCE dma_00047 20
REFERENCE alc_00031 20
REFERENCE bxw_00044 20
REFERENCE lqa_00025 20
EXIT_SCOPE 20
REFERENCE vzc_00049 18
DECLARE geo_00065 20 18
REFERENCE missing_7143 18
REFERENCE efz_00024 18
REFERENCE missing_1198 18
ENTER_SCOPE 21 18
REFERENCE missing_3850 21
REFERENCE idp_00015 21
REFERENCE missing_6500 21
REFERENCE khv_00008 21
REFERENCE vki_00009 21
REFERENCE usj_00019 21
DECLARE mfh_00071 7 21
REFERENCE qob_00041 21
REFERENCE ncj_00037 21
REFERENCE mhn_00022 21
REFERENCE vzc_00049 21
REFERENCE bvd_00033 21
REFERENCE vnu_00038 21
REFERENCE dfo_00017 21
REFERENCE lkw_00032 21
REFERENCE mbg_00016 21
REFERENCE myf_00030 21
REFERENCE msl_00045 21
REFERENCE missing_2233 21
REFERENCE missing_9588 21
REFERENCE tbb_00048 21
REFERENCE tsb_00035 21
REFERENCE dma_00047 21
REFERENCE geo_00065 21
REFERENCE crb_00046 21
REFERENCE pcv_00013 21
REFERENCE mhn_00022 21
REFERENCE missing_8417 21
REFERENCE itm_00050 21
REFERENCE alc_00031 21
REFERENCE khv_00008 21
REFERENCE ncj_00037 21
EXIT_SCOPE 21
REFERENCE pcv_00013 18
REFERENCE ohr_00059 18
REFERENCE missing_6118 18
REFERENCE kbf_00058 18
REFERENCE kbf_00058 18
EXIT_SCOPE 18
EXIT_SCOPE 9
REFERENCE usj_00019 8
REFERENCE xxw_00002 8
REFERENCE fmv_00010 8
DECLARE uzj_00072 20 8
REFERENCE ief_00011 8
REFERENCE myf_00030 8
DECLARE nyh_00073 11 8
DECLARE mbg_00016 17 8
REFERENCE fry_00027 8
REFERENCE bxw_00044 8
REFERENCE fry_00027 8
REFERENCE pqb_00018 8
DECLARE ziw_00074 19 8
REFERENCE missing_8887 8
REFERENCE dma_00047 8
REFERENCE gdo_00039 8
REFERENCE lkw_00032 8
REFERENCE vnu_00038 8
REFERENCE tbb_00048 8
REFERENCE oid_00042 8
REFERENCE zub_00004 8
REFERENCE missing_3991 8
DECLARE zkj_00075 20 8
REFERENCE missing_2969 8
REFERENCE zub_00004 8
REFERENCE pcv_00013 8
REFERENCE aqm_00029 8
REFERENCE xxw_00002 8
DECLARE foz_00076 4 8
REFERENCE mhn_00022 8
REFERENCE lkw_00032 8
REFERENCE khv_00008 8
REFERENCE aqm_00029 8
REFERENCE vki_00009 8
REFERENCE vzc_00049 8
REFERENCE cpq_00043 8
REFERENCE pcv_00013 8
REFERENCE mbg_00016 8
REFERENCE lkw_00032 8
REFERENCE pqb_00018 8
REFERENCE ncj_00037 8
REFERENCE vki_00009 8
REFERENCE okk_00003 8
REFERENCE sor_00040 8
REFERENCE missing_7172 8
REFERENCE bvd_00033 8
REFERENCE lkw_00032 8
REFERENCE mhn_00022 8
REFERENCE vsv_00012 8
ENTER_SCOPE 22 8
REFERENCE xxw_00002 22
REFERENCE missing_4692 22
REFERENCE sor_00040 22
EXIT_SCOPE 22
REFERENCE missing_6157 8
REFERENCE alc_00031 8
REFERENCE fry_00027 8
DECLARE krf_00077 13 8
REFERENCE cyd_00000 8
REFERENCE missing_4618 8
REFERENCE tsb_00035 8
REFERENCE qob_00041 8
EXIT_SCOPE 8
EXIT_SCOPE 5
REFERENCE aqm_00029 4
REFERENCE gdo_00039 4
REFERENCE bvd_00033 4
REFERENCE lkw_00032 4
REFERENCE missing_7195 4
DECLARE bcg_00078 14 4
REFERENCE vki_00009 4
REFERENCE fmv_00010 4
ENTER_SCOPE 23 4
REFERENCE asf_00021 23
REFERENCE msl_00045 23
EXIT_SCOPE 23
REFERENCE mbg_00016 4
DECLARE dmk_00079 5 4
ENTER_SCOPE 24 4
REFERENCE mbg_00016 24
DECLARE bcg_00078 9 24
REFERENCE missing_8697 24
REFERENCE pcv_00013 24
REFERENCE bvd_00033 24
DECLARE lci_00080 13 24
REFERENCE gdo_00039 24
REFERENCE mhn_00022 24
REFERENCE sor_00040 24
REFERENCE missing_2648 24
REFERENCE lqa_00025 24
REFERENCE crb_00046 24
REFERENCE asf_00021 24
REFERENCE mbg_00016 24
REFERENCE bcg_00078 24
REFERENCE missing_3916 24
REFERENCE lkw_00032 24
REFERENCE gdo_00039 24
REFERENCE crb_00046 24
REFERENCE alc_00031 24
REFERENCE vth_00001 24
ENTER_SCOPE 25 24
DECLARE gse_00081 3 25
REFERENCE pqb_00018 25
ENTER_SCOPE 26 25
REFERENCE missing_6511 26
REFERENCE dma_00047 26
REFERENCE tsb_00035 26
REFERENCE crb_00046 26
ENTER_SCOPE 27 26
REFERENCE cpq_00043 27
REFERENCE crb_00046 27
REFERENCE tbb_00048 27
REFERENCE mhn_00022 27
REFERENCE missing_8129 27
REFERENCE dfo_00017 27
EXIT_SCOPE 27
REFERENCE vsv_00012 26
REFERENCE bcg_00078 26
REFERENCE fry_00027 26
REFERENCE vth_00001 26
REFERENCE missing_9537 26
REFERENCE pcv_00013 26
REFERENCE lci_00080 26
REFERENCE tsb_00035 26
REFERENCE bcg_00078 26
REFERENCE ncj_00037 26
REFERENCE missing_8680 26
DECLARE yde_00082 12 26
REFERENCE crb_00046 26
DECLARE qln_00083 12 26
REFERENCE missing_3044 26
REFERENCE bfs_00005 26
REFERENCE idp_00015 26
REFERENCE lkw_00032 26
REFERENCE aqm_00029 26
DECLARE gse_00081 3 26
REFERENCE missing_4006 26
REFERENCE missing_8241 26
DECLARE byz_00084 11 26
REFERENCE okk_00003 26
ENTER_SCOPE 28 26
REFERENCE missing_3999 28
REFERENCE gvs_00014 28
REFERENCE ijx_00020 28
DECLARE mgd_00085 20 28
DECLARE byz_00084 20 28
REFERENCE efz_00024 28
REFERENCE gse_00081 28
REFERENCE asf_00021 28
REFERENCE dmk_00079 28
REFERENCE gdo_00039 28
DECLARE uqo_00086 10 28
REFERENCE sor_00040 28
REFERENCE cpq_00043 28
REFERENCE itm_00050 28
DECLARE wru_00087 18 28
REFERENCE efz_00024 28
DECLARE mtf_00088 12 28
REFERENCE usj_00019 28
DECLARE tph_00089 13 28
DECLARE hgp_00090 15 28
REFERENCE sor_00040 28
ENTER_SCOPE 29 28
REFERENCE yde_00082 29
REFERENCE byz_00084 29
REFERENCE efz_00024 29
DECLARE ahb_00091 3 29
REFERENCE missing_5236 29
DECLARE yhy_00092 9 29
REFERENCE bog_00036 29
REFERENCE vsv_00012 29
REFERENCE gse_00081 29
REFERENCE wru_00087 29
REFERENCE lci_00080 29
REFERENCE qln_00083 29
EXIT_SCOPE 29
REFERENCE usj_00019 28
REFERENCE xxw_00002 28
REFERENCE alc_00031 28
REFERENCE missing_4719 28
REFERENCE opg_00026 28
REFERENCE fmv_00010 28
EXIT_SCOPE 28
REFERENCE bfs_00005 26
REFERENCE qfy_00023 26
REFERENCE missing_6845 26
REFERENCE usj_00019 26
REFERENCE pcv_00013 26
REFERENCE ijx_00020 26
REFERENCE missing_3634 26
REFERENCE aqm_00029 26
DECLARE fps_00093 8 26
REFERENCE bfs_00005 26
DECLARE rep_00094 4 26
REFERENCE lci_00080 26
REFERENCE vki_00009 26
REFERENCE missing_7235 26
REFERENCE oid_00042 26
REFERENCE mfj_00006 26
DECLARE ylm_00095 4 26
REFERENCE tbb_00048 26
REFERENCE missing_6521 26
REFERENCE msl_00045 26
REFERENCE lkw_00032 26
REFERENCE aqm_00029 26
EXIT_SCOPE 26
REFERENCE ats_00034 25
REFERENCE dmk_00079 25
ENTER_SCOPE 30 25
ENTER_SCOPE 31 30
REFERENCE pcv_00013 31
REFERENCE aqm_00029 31
REFERENCE dmk_00079 31
DECLARE gse_00081 9 31
REFERENCE khv_00008 31
EXIT_SCOPE 31
REFERENCE dfo_00017 30
DECLARE snp_00096 16 30
REFERENCE crb_00046 30
REFERENCE bvd_00033 30
ENTER_SCOPE 32 30
REFERENCE gvs_00014 32
ENTER_SCOPE 33 32
REFERENCE idp_00015 33
REFERENCE qob_00041 33
REFERENCE missing_6604 33
EXIT_SCOPE 33
REFERENCE lqa_00025 32
REFERENCE cpq_00043 32
REFERENCE xxw_00002 32
REFERENCE msl_00045 32
REFERENCE missing_9084 32
REFERENCE missing_5470 32
REFERENCE qfy_00023 32
REFERENCE gdo_00039 32
REFERENCE myf_00030 32
REFERENCE gdo_00039 32
REFERENCE bcg_00078 32
REFERENCE missing_4263 32
REFERENCE missing_2075 32
DECLARE rct_00097 8 32
REFERENCE qfy_00023 32
REFERENCE missing_7353 32
REFERENCE fry_00027 32
REFERENCE idp_00015 32
DECLARE ugx_00098 9 32
REFERENCE ntf_00007 32
REFERENCE alc_00031 32
REFERENCE crb_00046 32
REFERENCE efz_00024 32
REFERENCE gvs_00014 32
REFERENCE asf_00021 32
REFERENCE snp_00096 32
REFERENCE lqa_00025 32
REFERENCE missing_8913 32
REFERENCE qob_00041 32
ENTER_SCOPE 34 32
EXIT_SCOPE 34
REFERENCE dfo_00017 32
REFERENCE ats_00034 32
DECLARE wtr_00099 10 32
REFERENCE vki_00009 32
REFERENCE dmk_00079 32
REFERENCE bvd_00033 32
REFERENCE vnu_00038 32
REFERENCE mbg_00016 32
REFERENCE lkw_00032 32
REFERENCE cpq_00043 32
REFERENCE idp_00015 32
REFERENCE itm_00050 32
REFERENCE bcg_00078 32
REFERENCE sor_00040 32
REFERENCE missing_4984 32
DECLARE rsd_00100 7 32
REFERENCE oid_00042 32
REFERENCE tsb_00035 32
REFERENCE vki_00009 32
REFERENCE vki_00009 32
REFERENCE efz_00024 32
REFERENCE tsb_00035 32
REFERENCE sor_00040 32
REFERENCE bxw_00044 32
REFERENCE efz_00024 32
DECLARE dev_00101 20 32
REFERENCE bfs_00005 32
REFERENCE bvd_00033 32
REFERENCE oid_00042 32
REFERENCE mbg_00016 32
REFERENCE myf_00030 32
REFERENCE dmk_00079 32
DECLARE snp_00096 1 32
REFERENCE missing_9353 32
ENTER_SCOPE 35 32
REFERENCE vsv_00012 35
REFERENCE tsb_00035 35
REFERENCE ncj_00037 35
REFERENCE mhn_00022 35
REFERENCE fry_00027 35
REFERENCE wtr_00099 35
REFERENCE missing_3618 35
REFERENCE ijx_00020 35
REFERENCE bfs_00005 35
REFERENCE missing_8954 35
REFERENCE lkw_00032 35
REFERENCE missing_3661 35
DECLARE rsd_00100 3 35
REFERENCE missing_1396 35
REFERENCE msl_00045 35
REFERENCE missing_6745 35
EXIT_SCOPE 35
EXIT_SCOPE 32
REFERENCE missing_9503 30
REFERENCE missing_3588 30
REFERENCE alc_00031 30
DECLARE gse_00081 10 30
REFERENCE cpq_00043 30
REFERENCE missing_6237 30
REFERENCE gse_00081 30
REFERENCE khv_00008 30
ENTER_SCOPE 36 30
REFERENCE ncj_00037 36
REFERENCE dfo_00017 36
REFERENCE pqb_00018 36
REFERENCE lkw_00032 36
REFERENCE bfs_00005 36
REFERENCE gse_00081 36
REFERENCE fmv_00010 36
REFERENCE vth_00001 36
REFERENCE oid_00042 36
REFERENCE bfs_00005 36
REFERENCE vki_00009 36
REFERENCE ntf_00007 36
DECLARE mmk_00102 20 36
DECLARE pug_00103 1 36
REFERENCE lkw_00032 36
REFERENCE okk_00003 36
REFERENCE ats_00034 36
REFERENCE bvd_00033 36
REFERENCE cpq_00043 36
REFERENCE khv_00008 36
REFERENCE lkw_00032 36
DECLARE vgn_00104 4 36
REFERENCE crb_00046 36
REFERENCE asf_00021 36
REFERENCE crb_00046 36
DECLARE udz_00105 2 36
REFERENCE bxw_00044 36
REFERENCE missing_6822 36
REFERENCE mbg_00016 36
REFERENCE bcg_00078 36
DECLARE yci_00106 15 36
REFERENCE vzc_00049 36
REFERENCE asf_00021 36
REFERENCE khv_00008 36
DECLARE mrm_00107 13 36
REFERENCE missing_9076 36
REFERENCE missing_8467 36
REFERENCE crb_00046 36
REFERENCE khv_00008 36
REFERENCE mrm_00107 36
REFERENCE gse_00081 36
REFERENCE gse_00081 36
REFERENCE opg_00026 36
REFERENCE sor_00040 36
REFERENCE sor_00040 36
REFERENCE mbg_00016 36
REFERENCE opg_00026 36
REFERENCE bfs_00005 36
REFERENCE bcg_00078 36
REFERENCE ntf_00007 36
REFERENCE myf_00030 36
REFERENCE usj_00019 36
REFERENCE vth_00001 36
REFERENCE alc_00031 36
DECLARE snp_00096 19 36
REFERENCE opg_00026 36
REFERENCE gdo_00039 36
DECLARE tvz_00108 6 36
REFERENCE gdo_00039 36
ENTER_SCOPE 37 36
REFERENCE bfs_00005 37
REFERENCE mrm_00107 37
REFERENCE lqa_00025 37
REFERENCE ats_00034 37
REFERENCE mbg_00016 37
REFERENCE okk_00003 37
REFERENCE oid_00042 37
EXIT_SCOPE 37
REFERENCE gse_00081 36
REFERENCE snp_00096 36
REFERENCE vsv_00012 36
REFERENCE mbg_00016 36
REFERENCE vki_00009 36
ENTER_SCOPE 38 36
EXIT_SCOPE 38
REFERENCE tsb_00035 36
REFERENCE asf_00021 36
REFERENCE gdo_00039 36
EXIT_SCOPE 36
REFERENCE mbg_00016 30
DECLARE jfk_00109 16 30
DECLARE xbc_00110 9 30
REFERENCE fwf_00028 30
REFERENCE aqm_00029 30
REFERENCE ncj_00037 30
REFERENCE lqa_00025 30
REFERENCE ief_00011 30
REFERENCE missing_2281 30
REFERENCE crb_00046 30
REFERENCE pqb_00018 30
REFERENCE dmk_00079 30
REFERENCE efz_00024 30
REFERENCE vnu_00038 30
REFERENCE dmk_00079 30
REFERENCE lkw_00032 30
DECLARE bfa_00111 15 30
REFERENCE missing_8276 30
REFERENCE gse_00081 30
DECLARE vjs_00112 17 30
REFERENCE missing_5655 30
ENTER_SCOPE 39 30
REFERENCE gse_00081 39
DECLARE bww_00113 20 39
REFERENCE vjs_00112 39
DECLARE lfd_00114 4 39
REFERENCE pqb_00018 39
REFERENCE mfj_00006 39
REFERENCE bcg_00078 39
EXIT_SCOPE 39
REFERENCE missing_6910 30
EXIT_SCOPE 30
DECLARE mdh_00115 9 25
REFERENCE missing_4418 25
REFERENCE ijx_00020 25
REFERENCE lci_00080 25
REFERENCE bxw_00044 25
REFERENCE bxw_00044 25
REFERENCE fwf_00028 25
REFERENCE zub_00004 25
REFERENCE lkw_00032 25
DECLARE csa_00116 17 25
REFERENCE missing_4104 25
DECLARE lci_00080 16 25
REFERENCE xxw_00002 25
REFERENCE vth_00001 25
REFERENCE bfs_00005 25
REFERENCE mfj_00006 25
REFERENCE usj_00019 25
REFERENCE lkw_00032 25
REFERENCE idp_00015 25
REFERENCE fmv_00010 25
ENTER_SCOPE 40 25
REFERENCE itm_00050 40
DECLARE tid_00117 13 40
REFERENCE opg_00026 40
REFERENCE gse_00081 40
REFERENCE ief_00011 40
REFERENCE bcg_00078 40
DECLARE cau_00118 13 40
REFERENCE missing_4980 40
REFERENCE sor_00040 40
REFERENCE ief_00011 40
REFERENCE pqb_00018 40
REFERENCE vnu_00038 40
REFERENCE gse_00081 40
REFERENCE mfj_00006 40
REFERENCE missing_2408 40
DECLARE csa_00116 11 40
REFERENCE missing_9344 40
REFERENCE mfj_00006 40
REFERENCE csa_00116 40
REFERENCE bcg_00078 40
REFERENCE cyd_00000 40
ENTER_SCOPE 41 40
DECLARE vge_00119 5 41
DECLARE csa_00116 19 41
REFERENCE cau_00118 41
REFERENCE vsv_00012 41
REFERENCE ncj_00037 41
REFERENCE missing_6647 41
EXIT_SCOPE 41
REFERENCE fmv_00010 40
ENTER_SCOPE 42 40
REFERENCE missing_5334 42
DECLARE sgi_00120 8 42
REFERENCE qob_00041 42
REFERENCE csa_00116 42
REFERENCE tid_00117 42
REFERENCE bcg_00078 42
REFERENCE bfs_00005 42
REFERENCE vth_00001 42
REFERENCE itm_00050 42
EXIT_SCOPE 42
DECLARE bqf_00121 10 40
REFERENCE khv_00008 40
REFERENCE mbg_00016 40
DECLARE gse_00081 12 40
ENTER_SCOPE 43 40
REFERENCE cau_00118 43
REFERENCE vki_00009 43
REFERENCE fwf_00028 43
DECLARE gse_00081 12 43
REFERENCE myf_00030 43
REFERENCE bqf_00121 43
REFERENCE vki_00009 43
ENTER_SCOPE 44 43
REFERENCE zub_00004 44
EXIT_SCOPE 44
ENTER_SCOPE 45 43
REFERENCE bvd_00033 45
EXIT_SCOPE 45
REFERENCE pcv_00013 43
DECLARE bmo_00122 2 43
EXIT_SCOPE 43
REFERENCE missing_6241 40
REFERENCE khv_00008 40
REFERENCE ncj_00037 40
REFERENCE missing_7743 40
REFERENCE bcg_00078 40
REFERENCE csa_00116 40
DECLARE uvr_00123 4 40
REFERENCE usj_00019 40
REFERENCE missing_2618 40
ENTER_SCOPE 46 40
REFERENCE crb_00046 46
REFERENCE missing_9794 46
REFERENCE oid_00042 46
REFERENCE ntf_00007 46
EXIT_SCOPE 46
REFERENCE ijx_00020 40
REFERENCE lci_00080 40
DECLARE ukz_00124 12 40
REFERENCE missing_8115 40
ENTER_SCOPE 47 40
REFERENCE csa_00116 47
REFERENCE tid_00117 47
REFERENCE dfo_00017 47
DECLARE fjw_00125 16 47
REFERENCE missing_6544 47
REFERENCE csa_00116 47
DECLARE uvr_00123 8 47
REFERENCE missing_2362 47
REFERENCE missing_1523 47
REFERENCE dma_00047 47
REFERENCE ncj_00037 47
REFERENCE vnu_00038 47
REFERENCE bfs_00005 47
REFERENCE vzc_00049 47
REFERENCE vnu_00038 47
EXIT_SCOPE 47
REFERENCE ukz_00124 40
REFERENCE vth_00001 40
REFERENCE zub_00004 40
REFERENCE vth_00001 40
REFERENCE idp_00015 40
REFERENCE bqf_00121 40
REFERENCE lqa_00025 40
REFERENCE fwf_00028 40
REFERENCE lqa_00025 40
REFERENCE xxw_00002 40
REFERENCE alc_00031 40
REFERENCE bxw_00044 40
DECLARE dpg_00126 12 40
REFERENCE vki_00009 40
REFERENCE idp_00015 40
REFERENCE pqb_00018 40
REFERENCE gse_00081 40
EXIT_SCOPE 40
REFERENCE missing_1264 25
REFERENCE gdo_00039 25
REFERENCE mdh_00115 25
REFERENCE vki_00009 25
REFERENCE msl_00045 25
REFERENCE missing_9267 25
REFERENCE ntf_00007 25
DECLARE cqs_00127 9 25
REFERENCE cqs_00127 25
REFERENCE gdo_00039 25
ENTER_SCOPE 48 25
REFERENCE mbg_00016 48
REFERENCE cpq_00043 48
REFERENCE cqs_00127 48
ENTER_SCOPE 49 48
REFERENCE okk_00003 49
REFERENCE missing_1044 49
ENTER_SCOPE 50 49
REFERENCE bvd_00033 50
EXIT_SCOPE 50
EXIT_SCOPE 49
EXIT_SCOPE 48
EXIT_SCOPE 25
EXIT_SCOPE 24
EXIT_SCOPE 4
EXIT_SCOPE 2
EXIT_SCOPE 0
