# ColliScope Frequency-Matched Synthetic Trace
# Parameters: seed=92, zipf_s=1.244, scope=nested, type=lookup-heavy, load_factor=0.9
ENTER_SCOPE 0
DECLARE sym_k0000 1 0
DECLARE sym_k0001 2 0
DECLARE sym_k0002 3 0
DECLARE sym_k0003 4 0
DECLARE sym_k0004 5 0
DECLARE sym_k0005 6 0
DECLARE sym_k0006 7 0
DECLARE sym_k0007 8 0
DECLARE sym_k0008 9 0
DECLARE sym_k0009 10 0
DECLARE sym_k0010 1 0
DECLARE sym_k0011 2 0
DECLARE sym_k0012 3 0
DECLARE sym_k0013 4 0
DECLARE sym_k0014 5 0
DECLARE sym_k0015 6 0
DECLARE sym_k0016 7 0
DECLARE sym_k0017 8 0
DECLARE sym_k0018 9 0
DECLARE sym_k0019 10 0
DECLARE sym_k0020 1 0
DECLARE sym_k0021 2 0
DECLARE sym_k0022 3 0
DECLARE sym_k0023 4 0
DECLARE sym_k0024 5 0
DECLARE sym_k0025 6 0
DECLARE sym_k0026 7 0
DECLARE sym_k0027 8 0
DECLARE sym_k0028 9 0
DECLARE sym_k0029 10 0
DECLARE sym_k0030 1 0
DECLARE sym_k0031 2 0
DECLARE sym_k0032 3 0
DECLARE sym_k0033 4 0
DECLARE sym_k0034 5 0
DECLARE sym_k0035 6 0
DECLARE sym_k0036 7 0
DECLARE sym_k0037 8 0
DECLARE sym_k0038 9 0
DECLARE sym_k0039 10 0
DECLARE sym_k0040 1 0
DECLARE sym_k0041 2 0
DECLARE sym_k0042 3 0
DECLARE sym_k0043 4 0
DECLARE sym_k0044 5 0
DECLARE sym_k0045 6 0
DECLARE sym_k0046 7 0
DECLARE sym_k0047 8 0
DECLARE sym_k0048 9 0
DECLARE sym_k0049 10 0
REFERENCE sym_k0007 0
REFERENCE sym_k0000 0
REFERENCE sym_k0001 0
REFERENCE sym_k0001 0
REFERENCE sym_k0000 0
REFERENCE sym_k0038 0
REFERENCE sym_k0000 0
ENTER_SCOPE 1 0
EXIT_SCOPE 1
REFERENCE sym_k0000 0
REFERENCE sym_k0009 0
REFERENCE sym_k0000 0
REFERENCE sym_k0000 0
REFERENCE sym_k0000 0
REFERENCE sym_k0003 0
REFERENCE sym_k0002 0
REFERENCE sym_k0003 0
REFERENCE sym_k0012 0
REFERENCE sym_k0001 0
REFERENCE sym_k0000 0
REFERENCE sym_k0003 0
REFERENCE missing_1111 0
REFERENCE sym_k0002 0
REFERENCE sym_k0032 0
REFERENCE missing_9690 0
ENTER_SCOPE 2 0
REFERENCE sym_k0030 2
REFERENCE missing_9112 2
REFERENCE sym_k0027 2
REFERENCE missing_7012 2
REFERENCE sym_k0005 2
REFERENCE sym_k0000 2
REFERENCE sym_k0000 2
REFERENCE missing_3279 2
REFERENCE sym_k0001 2
REFERENCE sym_k0005 2
REFERENCE sym_k0015 2
REFERENCE sym_k0036 2
ENTER_SCOPE 3 2
REFERENCE sym_k0007 3
REFERENCE sym_k0006 3
REFERENCE sym_k0010 3
REFERENCE sym_k0000 3
REFERENCE sym_k0000 3
REFERENCE sym_k0000 3
REFERENCE sym_k0005 3
REFERENCE sym_k0029 3
REFERENCE sym_k0005 3
REFERENCE sym_k0000 3
REFERENCE sym_k0014 3
REFERENCE sym_k0007 3
REFERENCE sym_k0000 3
REFERENCE sym_k0015 3
REFERENCE sym_k0000 3
EXIT_SCOPE 3
REFERENCE sym_k0000 2
REFERENCE sym_k0006 2
REFERENCE sym_k0000 2
REFERENCE missing_6782 2
REFERENCE sym_k0005 2
REFERENCE sym_k0000 2
REFERENCE sym_k0001 2
REFERENCE sym_k0000 2
REFERENCE sym_k0017 2
REFERENCE sym_k0002 2
REFERENCE sym_k0033 2
DECLARE sym_k0002 3 2
REFERENCE sym_k0010 2
REFERENCE sym_k0001 2
REFERENCE sym_k0005 2
REFERENCE sym_k0018 2
REFERENCE missing_5390 2
ENTER_SCOPE 4 2
REFERENCE sym_k0022 4
REFERENCE sym_k0012 4
REFERENCE sym_k0003 4
REFERENCE sym_k0005 4
ENTER_SCOPE 5 4
REFERENCE missing_5156 5
EXIT_SCOPE 5
EXIT_SCOPE 4
REFERENCE missing_9043 2
REFERENCE sym_k0015 2
REFERENCE sym_k0022 2
REFERENCE sym_k0000 2
EXIT_SCOPE 2
REFERENCE missing_5072 0
REFERENCE missing_5875 0
REFERENCE missing_2221 0
REFERENCE missing_3734 0
REFERENCE sym_k0000 0
REFERENCE missing_9910 0
REFERENCE missing_7556 0
REFERENCE sym_k0001 0
REFERENCE sym_k0000 0
REFERENCE sym_k0000 0
REFERENCE sym_k0002 0
REFERENCE sym_k0003 0
REFERENCE sym_k0009 0
REFERENCE missing_5209 0
REFERENCE missing_7161 0
REFERENCE sym_k0015 0
REFERENCE sym_k0023 0
REFERENCE sym_k0007 0
ENTER_SCOPE 6 0
REFERENCE sym_k0023 6
DECLARE sym_k0004 5 6
REFERENCE sym_k0000 6
REFERENCE sym_k0001 6
REFERENCE sym_k0006 6
REFERENCE sym_k0009 6
REFERENCE sym_k0006 6
REFERENCE sym_k0017 6
REFERENCE missing_3308 6
REFERENCE missing_3038 6
REFERENCE sym_k0014 6
REFERENCE sym_k0000 6
REFERENCE sym_k0047 6
REFERENCE sym_k0041 6
REFERENCE sym_k0045 6
REFERENCE missing_5345 6
REFERENCE sym_k0003 6
REFERENCE missing_2643 6
REFERENCE missing_7532 6
REFERENCE missing_7731 6
REFERENCE sym_k0000 6
REFERENCE sym_k0001 6
REFERENCE sym_k0004 6
REFERENCE sym_k0013 6
REFERENCE sym_k0039 6
REFERENCE sym_k0003 6
REFERENCE sym_k0042 6
REFERENCE sym_k0000 6
REFERENCE sym_k0001 6
REFERENCE sym_k0026 6
REFERENCE sym_k0001 6
ENTER_SCOPE 7 6
ENTER_SCOPE 8 7
EXIT_SCOPE 8
EXIT_SCOPE 7
REFERENCE sym_k0013 6
REFERENCE sym_k0000 6
REFERENCE sym_k0021 6
REFERENCE sym_k0000 6
REFERENCE sym_k0000 6
EXIT_SCOPE 6
REFERENCE missing_9222 0
REFERENCE sym_k0021 0
REFERENCE sym_k0000 0
REFERENCE sym_k0001 0
REFERENCE sym_k0009 0
REFERENCE sym_k0007 0
REFERENCE sym_k0000 0
REFERENCE sym_k0012 0
REFERENCE sym_k0012 0
REFERENCE sym_k0001 0
ENTER_SCOPE 9 0
REFERENCE sym_k0006 9
ENTER_SCOPE 10 9
ENTER_SCOPE 11 10
REFERENCE sym_k0004 11
REFERENCE sym_k0039 11
REFERENCE sym_k0002 11
DECLARE sym_k0000 1 11
REFERENCE sym_k0000 11
REFERENCE sym_k0000 11
REFERENCE sym_k0034 11
REFERENCE missing_7006 11
REFERENCE sym_k0000 11
REFERENCE sym_k0001 11
REFERENCE sym_k0014 11
REFERENCE sym_k0000 11
REFERENCE sym_k0045 11
REFERENCE sym_k0013 11
REFERENCE sym_k0045 11
REFERENCE sym_k0012 11
ENTER_SCOPE 12 11
REFERENCE sym_k0000 12
REFERENCE sym_k0035 12
REFERENCE sym_k0023 12
REFERENCE sym_k0013 12
REFERENCE sym_k0000 12
REFERENCE sym_k0036 12
REFERENCE missing_5283 12
DECLARE sym_k0009 10 12
EXIT_SCOPE 12
REFERENCE missing_5237 11
REFERENCE sym_k0001 11
REFERENCE sym_k0025 11
REFERENCE missing_7911 11
REFERENCE sym_k0002 11
REFERENCE sym_k0038 11
REFERENCE sym_k0031 11
REFERENCE sym_k0009 11
REFERENCE sym_k0005 11
REFERENCE sym_k0009 11
REFERENCE sym_k0001 11
DECLARE sym_k0016 2 11
REFERENCE sym_k0003 11
REFERENCE sym_k0006 11
REFERENCE sym_k0003 11
REFERENCE sym_k0001 11
REFERENCE sym_k0000 11
REFERENCE sym_k0019 11
EXIT_SCOPE 11
REFERENCE sym_k0001 10
REFERENCE sym_k0007 10
REFERENCE sym_k0005 10
REFERENCE sym_k0016 10
REFERENCE sym_k0000 10
REFERENCE missing_5206 10
REFERENCE missing_5684 10
DECLARE sym_k0002 3 10
REFERENCE sym_k0045 10
EXIT_SCOPE 10
DECLARE sym_k0004 5 9
REFERENCE sym_k0002 9
REFERENCE sym_k0000 9
REFERENCE sym_k0012 9
REFERENCE sym_k0021 9
REFERENCE sym_k0034 9
REFERENCE sym_k0007 9
REFERENCE sym_k0003 9
REFERENCE sym_k0000 9
REFERENCE sym_k0000 9
REFERENCE sym_k0004 9
DECLARE sym_k0002 3 9
REFERENCE missing_8772 9
REFERENCE sym_k0032 9
REFERENCE sym_k0004 9
REFERENCE sym_k0000 9
REFERENCE sym_k0008 9
ENTER_SCOPE 13 9
REFERENCE sym_k0000 13
REFERENCE sym_k0036 13
ENTER_SCOPE 14 13
REFERENCE sym_k0016 14
REFERENCE sym_k0001 14
REFERENCE sym_k0000 14
REFERENCE missing_6048 14
ENTER_SCOPE 15 14
REFERENCE missing_1589 15
REFERENCE missing_7672 15
REFERENCE sym_k0002 15
EXIT_SCOPE 15
REFERENCE missing_6766 14
REFERENCE missing_4661 14
DECLARE sym_k0000 1 14
REFERENCE sym_k0026 14
REFERENCE sym_k0000 14
REFERENCE sym_k0007 14
REFERENCE sym_k0001 14
REFERENCE missing_7324 14
REFERENCE sym_k0003 14
REFERENCE sym_k0016 14
DECLARE sym_k0034 5 14
REFERENCE sym_k0022 14
REFERENCE sym_k0001 14
REFERENCE sym_k0028 14
REFERENCE sym_k0016 14
REFERENCE sym_k0048 14
REFERENCE sym_k0001 14
REFERENCE sym_k0005 14
REFERENCE sym_k0037 14
ENTER_SCOPE 16 14
REFERENCE missing_8387 16
REFERENCE sym_k0022 16
REFERENCE sym_k0004 16
REFERENCE missing_7855 16
REFERENCE sym_k0004 16
REFERENCE sym_k0007 16
REFERENCE sym_k0004 16
REFERENCE sym_k0000 16
REFERENCE sym_k0025 16
ENTER_SCOPE 17 16
REFERENCE sym_k0000 17
REFERENCE sym_k0000 17
REFERENCE sym_k0000 17
REFERENCE sym_k0001 17
REFERENCE sym_k0002 17
DECLARE sym_k0008 9 17
REFERENCE sym_k0012 17
REFERENCE sym_k0003 17
REFERENCE sym_k0001 17
REFERENCE sym_k0007 17
DECLARE sym_k0034 5 17
ENTER_SCOPE 18 17
REFERENCE sym_k0000 18
ENTER_SCOPE 19 18
EXIT_SCOPE 19
REFERENCE sym_k0013 18
REFERENCE sym_k0017 18
REFERENCE missing_8565 18
ENTER_SCOPE 20 18
REFERENCE missing_7885 20
REFERENCE sym_k0004 20
REFERENCE sym_k0023 20
DECLARE sym_k0000 1 20
DECLARE sym_k0011 12 20
EXIT_SCOPE 20
REFERENCE sym_k0002 18
EXIT_SCOPE 18
REFERENCE sym_k0002 17
DECLARE sym_k0066 7 17
REFERENCE sym_k0042 17
EXIT_SCOPE 17
REFERENCE sym_k0000 16
DECLARE sym_k0002 3 16
REFERENCE sym_k0002 16
REFERENCE sym_k0000 16
REFERENCE missing_9311 16
REFERENCE sym_k0028 16
REFERENCE sym_k0001 16
REFERENCE missing_7827 16
REFERENCE sym_k0000 16
REFERENCE sym_k0000 16
REFERENCE sym_k0021 16
REFERENCE missing_5641 16
REFERENCE sym_k0006 16
REFERENCE sym_k0000 16
REFERENCE sym_k0013 16
EXIT_SCOPE 16
REFERENCE sym_k0043 14
REFERENCE missing_9572 14
REFERENCE missing_9533 14
EXIT_SCOPE 14
REFERENCE sym_k0001 13
REFERENCE sym_k0000 13
REFERENCE missing_1346 13
REFERENCE sym_k0002 13
REFERENCE sym_k0002 13
REFERENCE missing_6860 13
REFERENCE sym_k0009 13
REFERENCE sym_k0000 13
ENTER_SCOPE 21 13
DECLARE sym_k0001 2 21
REFERENCE sym_k0013 21
REFERENCE sym_k0047 21
REFERENCE sym_k0010 21
REFERENCE sym_k0001 21
REFERENCE missing_9917 21
ENTER_SCOPE 22 21
REFERENCE sym_k0001 22
REFERENCE sym_k0014 22
REFERENCE sym_k0026 22
REFERENCE sym_k0001 22
REFERENCE missing_7731 22
EXIT_SCOPE 22
REFERENCE sym_k0000 21
ENTER_SCOPE 23 21
REFERENCE sym_k0001 23
EXIT_SCOPE 23
REFERENCE sym_k0000 21
REFERENCE sym_k0000 21
REFERENCE missing_9864 21
REFERENCE missing_8215 21
REFERENCE sym_k0002 21
REFERENCE sym_k0031 21
REFERENCE sym_k0000 21
REFERENCE sym_k0003 21
REFERENCE sym_k0030 21
REFERENCE sym_k0001 21
REFERENCE sym_k0001 21
REFERENCE sym_k0005 21
REFERENCE sym_k0002 21
REFERENCE sym_k0000 21
REFERENCE sym_k0002 21
REFERENCE sym_k0006 21
REFERENCE sym_k0042 21
REFERENCE missing_6215 21
REFERENCE missing_4892 21
REFERENCE sym_k0000 21
EXIT_SCOPE 21
ENTER_SCOPE 24 13
REFERENCE sym_k0000 24
REFERENCE sym_k0001 24
REFERENCE sym_k0001 24
REFERENCE sym_k0001 24
REFERENCE sym_k0032 24
REFERENCE sym_k0025 24
DECLARE sym_k0043 14 24
REFERENCE sym_k0000 24
REFERENCE sym_k0002 24
REFERENCE sym_k0013 24
DECLARE sym_k0001 2 24
REFERENCE sym_k0001 24
REFERENCE sym_k0035 24
ENTER_SCOPE 25 24
REFERENCE sym_k0000 25
EXIT_SCOPE 25
REFERENCE sym_k0013 24
REFERENCE missing_6257 24
REFERENCE sym_k0044 24
REFERENCE sym_k0000 24
REFERENCE missing_6936 24
ENTER_SCOPE 26 24
REFERENCE missing_5710 26
ENTER_SCOPE 27 26
DECLARE sym_k0004 5 27
REFERENCE sym_k0001 27
REFERENCE sym_k0001 27
REFERENCE sym_k0000 27
REFERENCE sym_k0001 27
REFERENCE sym_k0035 27
REFERENCE sym_k0002 27
DECLARE sym_k0001 2 27
REFERENCE sym_k0009 27
REFERENCE sym_k0021 27
REFERENCE sym_k0021 27
REFERENCE sym_k0004 27
REFERENCE sym_k0001 27
DECLARE sym_k0002 3 27
REFERENCE sym_k0000 27
REFERENCE sym_k0039 27
REFERENCE missing_5737 27
REFERENCE sym_k0023 27
REFERENCE sym_k0000 27
DECLARE sym_k0156 7 27
REFERENCE sym_k0001 27
REFERENCE sym_k0001 27
REFERENCE sym_k0003 27
REFERENCE sym_k0000 27
REFERENCE sym_k0015 27
REFERENCE sym_k0000 27
REFERENCE sym_k0021 27
REFERENCE sym_k0005 27
ENTER_SCOPE 28 27
REFERENCE sym_k0001 28
DECLARE sym_k0000 1 28
REFERENCE sym_k0000 28
REFERENCE missing_9571 28
REFERENCE sym_k0023 28
ENTER_SCOPE 29 28
REFERENCE sym_k0000 29
REFERENCE sym_k0000 29
REFERENCE sym_k0000 29
REFERENCE sym_k0001 29
REFERENCE sym_k0001 29
EXIT_SCOPE 29
ENTER_SCOPE 30 28
REFERENCE sym_k0008 30
DECLARE sym_k0031 2 30
REFERENCE sym_k0034 30
REFERENCE sym_k0007 30
REFERENCE missing_4990 30
REFERENCE sym_k0010 30
REFERENCE sym_k0000 30
REFERENCE sym_k0001 30
REFERENCE sym_k0040 30
REFERENCE sym_k0000 30
REFERENCE sym_k0002 30
EXIT_SCOPE 30
REFERENCE sym_k0000 28
DECLARE sym_k0100 11 28
REFERENCE sym_k0007 28
REFERENCE sym_k0006 28
REFERENCE sym_k0000 28
REFERENCE sym_k0007 28
REFERENCE sym_k0014 28
REFERENCE sym_k0001 28
REFERENCE sym_k0001 28
REFERENCE missing_9309 28
REFERENCE sym_k0000 28
REFERENCE sym_k0000 28
DECLARE sym_k0050 6 28
REFERENCE sym_k0007 28
REFERENCE sym_k0004 28
EXIT_SCOPE 28
REFERENCE sym_k0000 27
REFERENCE sym_k0000 27
REFERENCE sym_k0002 27
REFERENCE sym_k0016 27
REFERENCE sym_k0000 27
DECLARE sym_k0109 5 27
REFERENCE sym_k0000 27
DECLARE sym_k0003 4 27
REFERENCE sym_k0000 27
REFERENCE sym_k0002 27
REFERENCE sym_k0004 27
REFERENCE sym_k0000 27
REFERENCE sym_k0033 27
REFERENCE sym_k0002 27
REFERENCE sym_k0004 27
REFERENCE sym_k0000 27
DECLARE sym_k0000 1 27
REFERENCE sym_k0001 27
REFERENCE sym_k0001 27
REFERENCE missing_1550 27
REFERENCE missing_4678 27
REFERENCE sym_k0000 27
REFERENCE missing_4011 27
REFERENCE sym_k0001 27
REFERENCE sym_k0000 27
DECLARE sym_k0016 2 27
REFERENCE sym_k0000 27
EXIT_SCOPE 27
REFERENCE sym_k0018 26
REFERENCE sym_k0014 26
ENTER_SCOPE 31 26
REFERENCE sym_k0043 31
REFERENCE sym_k0014 31
REFERENCE sym_k0004 31
REFERENCE missing_3446 31
REFERENCE sym_k0000 31
REFERENCE sym_k0000 31
REFERENCE missing_8059 31
REFERENCE sym_k0001 31
REFERENCE sym_k0004 31
REFERENCE sym_k0005 31
DECLARE sym_k0014 15 31
ENTER_SCOPE 32 31
REFERENCE sym_k0000 32
REFERENCE missing_7061 32
REFERENCE sym_k0003 32
REFERENCE sym_k0049 32
REFERENCE sym_k0000 32
REFERENCE sym_k0003 32
REFERENCE sym_k0002 32
REFERENCE sym_k0004 32
REFERENCE sym_k0000 32
REFERENCE missing_1544 32
ENTER_SCOPE 33 32
REFERENCE sym_k0001 33
REFERENCE sym_k0004 33
REFERENCE sym_k0019 33
REFERENCE sym_k0010 33
REFERENCE missing_9604 33
REFERENCE sym_k0000 33
REFERENCE sym_k0043 33
REFERENCE sym_k0002 33
REFERENCE missing_1629 33
REFERENCE sym_k0006 33
REFERENCE sym_k0000 33
REFERENCE sym_k0007 33
REFERENCE sym_k0002 33
DECLARE sym_k0003 4 33
REFERENCE missing_6582 33
DECLARE sym_k0090 1 33
REFERENCE sym_k0001 33
DECLARE sym_k0002 3 33
REFERENCE missing_2630 33
REFERENCE missing_6879 33
EXIT_SCOPE 33
DECLARE sym_k0003 4 32
REFERENCE sym_k0001 32
REFERENCE sym_k0006 32
REFERENCE sym_k0001 32
REFERENCE sym_k0004 32
ENTER_SCOPE 34 32
REFERENCE missing_6628 34
REFERENCE sym_k0000 34
REFERENCE sym_k0009 34
REFERENCE sym_k0001 34
REFERENCE sym_k0004 34
REFERENCE sym_k0005 34
REFERENCE sym_k0000 34
REFERENCE missing_8213 34
EXIT_SCOPE 34
REFERENCE sym_k0002 32
REFERENCE sym_k0000 32
REFERENCE sym_k0000 32
REFERENCE sym_k0040 32
REFERENCE sym_k0006 32
REFERENCE sym_k0004 32
REFERENCE sym_k0029 32
DECLARE sym_k0001 2 32
DECLARE sym_k0009 10 32
REFERENCE sym_k0004 32
REFERENCE sym_k0000 32
REFERENCE sym_k0001 32
REFERENCE sym_k0036 32
REFERENCE sym_k0002 32
REFERENCE sym_k0007 32
REFERENCE sym_k0013 32
REFERENCE sym_k0001 32
REFERENCE sym_k0013 32
REFERENCE sym_k0006 32
REFERENCE missing_8797 32
REFERENCE sym_k0000 32
REFERENCE sym_k0037 32
REFERENCE sym_k0030 32
REFERENCE sym_k0000 32
REFERENCE sym_k0029 32
ENTER_SCOPE 35 32
REFERENCE sym_k0001 35
REFERENCE sym_k0009 35
REFERENCE sym_k0006 35
REFERENCE sym_k0002 35
REFERENCE sym_k0001 35
EXIT_SCOPE 35
REFERENCE sym_k0000 32
REFERENCE sym_k0048 32
REFERENCE sym_k0009 32
DECLARE sym_k0055 11 32
REFERENCE sym_k0023 32
ENTER_SCOPE 36 32
REFERENCE sym_k0000 36
REFERENCE sym_k0002 36
REFERENCE sym_k0002 36
DECLARE sym_k0000 1 36
EXIT_SCOPE 36
REFERENCE sym_k0000 32
REFERENCE sym_k0000 32
DECLARE sym_k0090 1 32
REFERENCE sym_k0002 32
ENTER_SCOPE 37 32
REFERENCE sym_k0005 37
REFERENCE sym_k0032 37
REFERENCE sym_k0001 37
DECLARE sym_k0006 7 37
REFERENCE sym_k0012 37
REFERENCE sym_k0013 37
REFERENCE missing_4949 37
REFERENCE sym_k0001 37
REFERENCE sym_k0002 37
REFERENCE sym_k0017 37
REFERENCE sym_k0026 37
REFERENCE sym_k0001 37
REFERENCE sym_k0001 37
REFERENCE sym_k0003 37
REFERENCE sym_k0005 37
REFERENCE missing_3729 37
REFERENCE sym_k0000 37
REFERENCE sym_k0012 37
EXIT_SCOPE 37
REFERENCE sym_k0005 32
REFERENCE sym_k0004 32
ENTER_SCOPE 38 32
REFERENCE sym_k0002 38
REFERENCE sym_k0000 38
DECLARE sym_k0001 2 38
REFERENCE sym_k0001 38
REFERENCE sym_k0019 38
REFERENCE sym_k0002 38
REFERENCE sym_k0001 38
REFERENCE sym_k0001 38
DECLARE sym_k0059 15 38
REFERENCE sym_k0045 38
REFERENCE sym_k0047 38
REFERENCE sym_k0000 38
REFERENCE sym_k0000 38
REFERENCE sym_k0000 38
REFERENCE sym_k0000 38
REFERENCE sym_k0001 38
REFERENCE sym_k0004 38
REFERENCE sym_k0034 38
REFERENCE sym_k0002 38
REFERENCE sym_k0000 38
REFERENCE sym_k0005 38
REFERENCE sym_k0001 38
REFERENCE sym_k0000 38
REFERENCE sym_k0003 38
REFERENCE sym_k0003 38
DECLARE sym_k0019 5 38
REFERENCE missing_6265 38
REFERENCE missing_8255 38
REFERENCE sym_k0001 38
REFERENCE sym_k0000 38
REFERENCE sym_k0000 38
REFERENCE sym_k0000 38
REFERENCE missing_2177 38
REFERENCE sym_k0031 38
REFERENCE sym_k0000 38
REFERENCE sym_k0000 38
REFERENCE sym_k0004 38
DECLARE sym_k0000 1 38
DECLARE sym_k0015 1 38
REFERENCE sym_k0008 38
REFERENCE missing_9072 38
REFERENCE missing_9723 38
REFERENCE sym_k0006 38
EXIT_SCOPE 38
ENTER_SCOPE 39 32
EXIT_SCOPE 39
REFERENCE missing_2191 32
REFERENCE sym_k0039 32
ENTER_SCOPE 40 32
REFERENCE sym_k0012 40
REFERENCE sym_k0004 40
REFERENCE sym_k0002 40
REFERENCE sym_k0028 40
REFERENCE sym_k0000 40
REFERENCE sym_k0000 40
REFERENCE sym_k0003 40
DECLARE sym_k0000 1 40
REFERENCE sym_k0004 40
REFERENCE sym_k0008 40
REFERENCE sym_k0000 40
REFERENCE sym_k0002 40
REFERENCE sym_k0021 40
REFERENCE sym_k0049 40
REFERENCE sym_k0000 40
REFERENCE sym_k0009 40
REFERENCE sym_k0009 40
REFERENCE sym_k0013 40
EXIT_SCOPE 40
REFERENCE sym_k0012 32
REFERENCE sym_k0000 32
DECLARE sym_k0000 1 32
REFERENCE sym_k0000 32
REFERENCE sym_k0018 32
REFERENCE sym_k0006 32
REFERENCE sym_k0000 32
REFERENCE sym_k0006 32
REFERENCE sym_k0004 32
REFERENCE sym_k0009 32
ENTER_SCOPE 41 32
REFERENCE sym_k0001 41
REFERENCE sym_k0004 41
EXIT_SCOPE 41
REFERENCE sym_k0000 32
REFERENCE sym_k0039 32
REFERENCE missing_5220 32
DECLARE sym_k0032 3 32
REFERENCE sym_k0000 32
REFERENCE sym_k0021 32
REFERENCE missing_2812 32
REFERENCE sym_k0001 32
EXIT_SCOPE 32
REFERENCE sym_k0004 31
REFERENCE sym_k0020 31
REFERENCE sym_k0012 31
REFERENCE sym_k0002 31
REFERENCE sym_k0001 31
REFERENCE missing_4744 31
REFERENCE sym_k0001 31
REFERENCE sym_k0024 31
REFERENCE sym_k0001 31
REFERENCE sym_k0000 31
REFERENCE sym_k0024 31
REFERENCE sym_k0000 31
REFERENCE missing_2925 31
REFERENCE sym_k0006 31
REFERENCE sym_k0012 31
REFERENCE sym_k0001 31
REFERENCE sym_k0040 31
REFERENCE sym_k0000 31
REFERENCE sym_k0004 31
REFERENCE sym_k0001 31
ENTER_SCOPE 42 31
REFERENCE missing_7219 42
REFERENCE missing_5102 42
REFERENCE missing_7361 42
REFERENCE sym_k0001 42
ENTER_SCOPE 43 42
REFERENCE sym_k0005 43
REFERENCE sym_k0025 43
EXIT_SCOPE 43
REFERENCE sym_k0018 42
EXIT_SCOPE 42
REFERENCE sym_k0003 31
REFERENCE sym_k0000 31
REFERENCE sym_k0015 31
REFERENCE sym_k0025 31
REFERENCE sym_k0016 31
DECLARE sym_k0000 1 31
REFERENCE sym_k0004 31
REFERENCE sym_k0009 31
REFERENCE sym_k0005 31
REFERENCE sym_k0000 31
EXIT_SCOPE 31
REFERENCE sym_k0001 26
EXIT_SCOPE 26
REFERENCE sym_k0001 24
REFERENCE sym_k0001 24
REFERENCE missing_2140 24
REFERENCE sym_k0000 24
REFERENCE sym_k0027 24
REFERENCE sym_k0011 24
REFERENCE sym_k0003 24
DECLARE sym_k0052 8 24
REFERENCE sym_k0000 24
REFERENCE sym_k0003 24
REFERENCE sym_k0025 24
REFERENCE missing_4542 24
REFERENCE sym_k0001 24
REFERENCE sym_k0001 24
REFERENCE sym_k0036 24
REFERENCE sym_k0001 24
REFERENCE sym_k0002 24
ENTER_SCOPE 44 24
REFERENCE sym_k0000 44
REFERENCE sym_k0000 44
REFERENCE missing_4641 44
DECLARE sym_k0001 2 44
REFERENCE sym_k0000 44
DECLARE sym_k0000 1 44
REFERENCE missing_7296 44
REFERENCE sym_k0001 44
REFERENCE sym_k0000 44
REFERENCE sym_k0038 44
REFERENCE sym_k0010 44
REFERENCE sym_k0000 44
ENTER_SCOPE 45 44
REFERENCE sym_k0040 45
REFERENCE sym_k0000 45
REFERENCE missing_8333 45
REFERENCE missing_7611 45
DECLARE sym_k0143 9 45
EXIT_SCOPE 45
REFERENCE sym_k0011 44
REFERENCE sym_k0001 44
REFERENCE sym_k0002 44
REFERENCE sym_k0021 44
REFERENCE sym_k0003 44
REFERENCE sym_k0000 44
REFERENCE missing_7868 44
REFERENCE sym_k0001 44
ENTER_SCOPE 46 44
REFERENCE sym_k0000 46
REFERENCE sym_k0000 46
REFERENCE sym_k0000 46
REFERENCE sym_k0007 46
REFERENCE missing_3376 46
REFERENCE sym_k0023 46
REFERENCE sym_k0022 46
EXIT_SCOPE 46
DECLARE sym_k0006 7 44
REFERENCE sym_k0033 44
REFERENCE sym_k0042 44
REFERENCE sym_k0000 44
REFERENCE sym_k0000 44
REFERENCE sym_k0028 44
ENTER_SCOPE 47 44
ENTER_SCOPE 48 47
REFERENCE sym_k0000 48
REFERENCE sym_k0043 48
REFERENCE missing_5622 48
REFERENCE sym_k0000 48
REFERENCE sym_k0003 48
REFERENCE sym_k0020 48
REFERENCE sym_k0009 48
ENTER_SCOPE 49 48
DECLARE sym_k0240 1 49
REFERENCE sym_k0019 49
REFERENCE sym_k0009 49
REFERENCE sym_k0000 49
REFERENCE missing_2785 49
DECLARE sym_k0000 1 49
REFERENCE sym_k0006 49
DECLARE sym_k0071 12 49
REFERENCE sym_k0022 49
EXIT_SCOPE 49
REFERENCE missing_8455 48
REFERENCE sym_k0001 48
DECLARE sym_k0000 1 48
REFERENCE sym_k0002 48
REFERENCE sym_k0052 48
REFERENCE sym_k0027 48
REFERENCE sym_k0000 48
REFERENCE missing_9477 48
REFERENCE sym_k0000 48
ENTER_SCOPE 50 48
REFERENCE sym_k0000 50
REFERENCE sym_k0000 50
REFERENCE sym_k0002 50
REFERENCE sym_k0000 50
REFERENCE sym_k0022 50
DECLARE sym_k0007 8 50
REFERENCE sym_k0033 50
REFERENCE sym_k0044 50
REFERENCE sym_k0014 50
REFERENCE sym_k0000 50
REFERENCE sym_k0007 50
REFERENCE sym_k0000 50
REFERENCE sym_k0001 50
DECLARE sym_k0079 5 50
REFERENCE sym_k0001 50
REFERENCE missing_2850 50
REFERENCE sym_k0000 50
REFERENCE sym_k0007 50
REFERENCE sym_k0005 50
REFERENCE sym_k0010 50
REFERENCE sym_k0000 50
DECLARE sym_k0005 6 50
REFERENCE missing_8482 50
REFERENCE sym_k0001 50
REFERENCE sym_k0005 50
REFERENCE sym_k0000 50
REFERENCE sym_k0004 50
DECLARE sym_k0000 1 50
REFERENCE sym_k0035 50
REFERENCE sym_k0004 50
REFERENCE sym_k0002 50
REFERENCE sym_k0003 50
REFERENCE missing_3437 50
REFERENCE sym_k0014 50
REFERENCE missing_6451 50
REFERENCE missing_8681 50
REFERENCE sym_k0016 50
REFERENCE sym_k0009 50
REFERENCE sym_k0009 50
REFERENCE sym_k0003 50
REFERENCE sym_k0046 50
REFERENCE sym_k0000 50
REFERENCE sym_k0000 50
REFERENCE sym_k0001 50
REFERENCE sym_k0001 50
REFERENCE sym_k0000 50
REFERENCE sym_k0003 50
EXIT_SCOPE 50
REFERENCE sym_k0046 48
REFERENCE sym_k0000 48
REFERENCE sym_k0008 48
REFERENCE sym_k0000 48
REFERENCE sym_k0000 48
DECLARE sym_k0015 1 48
REFERENCE missing_2619 48
REFERENCE sym_k0003 48
DECLARE sym_k0083 9 48
REFERENCE sym_k0000 48
ENTER_SCOPE 51 48
REFERENCE sym_k0005 51
REFERENCE sym_k0018 51
EXIT_SCOPE 51
REFERENCE sym_k0000 48
REFERENCE sym_k0008 48
REFERENCE sym_k0002 48
EXIT_SCOPE 48
REFERENCE sym_k0000 47
EXIT_SCOPE 47
REFERENCE sym_k0016 44
REFERENCE missing_7184 44
REFERENCE missing_6470 44
ENTER_SCOPE 52 44
REFERENCE sym_k0000 52
DECLARE sym_k0054 10 52
REFERENCE sym_k0000 52
REFERENCE sym_k0012 52
DECLARE sym_k0000 1 52
REFERENCE sym_k0006 52
REFERENCE sym_k0014 52
ENTER_SCOPE 53 52
REFERENCE sym_k0001 53
REFERENCE missing_5879 53
REFERENCE sym_k0012 53
REFERENCE missing_4191 53
REFERENCE sym_k0001 53
REFERENCE sym_k0005 53
DECLARE sym_k0019 5 53
EXIT_SCOPE 53
REFERENCE sym_k0000 52
DECLARE sym_k0021 7 52
REFERENCE sym_k0000 52
EXIT_SCOPE 52
EXIT_SCOPE 44
REFERENCE missing_5278 24
REFERENCE sym_k0003 24
REFERENCE sym_k0000 24
ENTER_SCOPE 54 24
EXIT_SCOPE 54
EXIT_SCOPE 24
EXIT_SCOPE 13
EXIT_SCOPE 9
EXIT_SCOPE 0
