# ColliScope Generated Random Trace
# Parameters: seed=56, scope=nested, type=lookup-heavy, load_factor=0.9
ENTER_SCOPE 0
DECLARE zom_00000 17 0
DECLARE hoy_00001 8 0
DECLARE cqi_00002 9 0
DECLARE zft_00003 7 0
DECLARE bpd_00004 1 0
DECLARE ykg_00005 4 0
DECLARE pol_00006 13 0
DECLARE drb_00007 7 0
DECLARE nee_00008 18 0
DECLARE mqa_00009 2 0
DECLARE pao_00010 1 0
DECLARE ncm_00011 12 0
DECLARE mjn_00012 18 0
DECLARE mbx_00013 6 0
DECLARE isd_00014 7 0
DECLARE hpl_00015 5 0
DECLARE avw_00016 6 0
DECLARE ucy_00017 10 0
DECLARE pks_00018 17 0
DECLARE mth_00019 7 0
DECLARE bsk_00020 6 0
DECLARE roo_00021 17 0
DECLARE qrb_00022 16 0
DECLARE gnb_00023 5 0
DECLARE tyy_00024 4 0
DECLARE zks_00025 8 0
DECLARE fci_00026 18 0
DECLARE dxo_00027 8 0
DECLARE kys_00028 7 0
DECLARE uyh_00029 20 0
DECLARE qye_00030 2 0
DECLARE qlv_00031 20 0
DECLARE uvo_00032 18 0
DECLARE jkg_00033 2 0
DECLARE ult_00034 4 0
DECLARE jjh_00035 15 0
DECLARE dzq_00036 15 0
DECLARE inv_00037 1 0
DECLARE sll_00038 10 0
DECLARE gsx_00039 14 0
DECLARE wfx_00040 18 0
DECLARE vuz_00041 9 0
DECLARE bow_00042 12 0
DECLARE arm_00043 14 0
DECLARE szc_00044 6 0
DECLARE jem_00045 5 0
DECLARE opp_00046 14 0
DECLARE fts_00047 16 0
DECLARE mxf_00048 4 0
DECLARE jgk_00049 11 0
REFERENCE hoy_00001 0
REFERENCE dzq_00036 0
REFERENCE hpl_00015 0
DECLARE bjr_00050 11 0
REFERENCE fts_00047 0
REFERENCE roo_00021 0
REFERENCE uyh_00029 0
REFERENCE uvo_00032 0
REFERENCE dzq_00036 0
REFERENCE uvo_00032 0
REFERENCE szc_00044 0
DECLARE djx_00051 3 0
REFERENCE fci_00026 0
DECLARE cgi_00052 17 0
REFERENCE missing_3886 0
REFERENCE mth_00019 0
REFERENCE mjn_00012 0
REFERENCE mth_00019 0
REFERENCE hoy_00001 0
REFERENCE bow_00042 0
ENTER_SCOPE 1 0
REFERENCE dxo_00027 1
REFERENCE ucy_00017 1
REFERENCE inv_00037 1
REFERENCE missing_2496 1
REFERENCE mbx_00013 1
DECLARE lkm_00053 20 1
REFERENCE missing_5770 1
REFERENCE hpl_00015 1
ENTER_SCOPE 2 1
REFERENCE missing_6094 2
DECLARE euc_00054 18 2
REFERENCE dxo_00027 2
REFERENCE drb_00007 2
REFERENCE djx_00051 2
REFERENCE vuz_00041 2
REFERENCE fci_00026 2
REFERENCE hoy_00001 2
REFERENCE mjn_00012 2
REFERENCE missing_1016 2
REFERENCE mbx_00013 2
DECLARE awe_00055 9 2
REFERENCE missing_1156 2
ENTER_SCOPE 3 2
REFERENCE wfx_00040 3
REFERENCE missing_1650 3
REFERENCE awe_00055 3
REFERENCE missing_2281 3
REFERENCE uyh_00029 3
ENTER_SCOPE 4 3
REFERENCE zom_00000 4
REFERENCE mqa_00009 4
REFERENCE euc_00054 4
REFERENCE missing_5950 4
REFERENCE bsk_00020 4
REFERENCE jjh_00035 4
REFERENCE drb_00007 4
REFERENCE jem_00045 4
DECLARE gzm_00056 17 4
REFERENCE gsx_00039 4
REFERENCE qlv_00031 4
REFERENCE tyy_00024 4
REFERENCE uyh_00029 4
REFERENCE missing_5033 4
REFERENCE mjn_00012 4
REFERENCE ncm_00011 4
REFERENCE tyy_00024 4
REFERENCE dzq_00036 4
REFERENCE euc_00054 4
REFERENCE cqi_00002 4
REFERENCE avw_00016 4
REFERENCE awe_00055 4
REFERENCE mth_00019 4
REFERENCE missing_3924 4
REFERENCE avw_00016 4
ENTER_SCOPE 5 4
REFERENCE jem_00045 5
REFERENCE fci_00026 5
REFERENCE jem_00045 5
REFERENCE drb_00007 5
REFERENCE avw_00016 5
REFERENCE fci_00026 5
REFERENCE drb_00007 5
EXIT_SCOPE 5
REFERENCE vuz_00041 4
REFERENCE qlv_00031 4
REFERENCE isd_00014 4
ENTER_SCOPE 6 4
REFERENCE lkm_00053 6
REFERENCE vuz_00041 6
REFERENCE mth_00019 6
REFERENCE zks_00025 6
REFERENCE gsx_00039 6
REFERENCE pao_00010 6
REFERENCE missing_9036 6
REFERENCE zom_00000 6
REFERENCE fci_00026 6
REFERENCE mth_00019 6
REFERENCE hoy_00001 6
REFERENCE bow_00042 6
REFERENCE pks_00018 6
REFERENCE opp_00046 6
REFERENCE hpl_00015 6
REFERENCE bjr_00050 6
DECLARE ndt_00057 18 6
REFERENCE drb_00007 6
REFERENCE euc_00054 6
DECLARE thc_00058 17 6
REFERENCE bsk_00020 6
REFERENCE qlv_00031 6
DECLARE mhh_00059 16 6
REFERENCE mhh_00059 6
REFERENCE dxo_00027 6
DECLARE sdn_00060 5 6
REFERENCE opp_00046 6
REFERENCE ykg_00005 6
REFERENCE inv_00037 6
REFERENCE thc_00058 6
DECLARE dbv_00061 15 6
REFERENCE mth_00019 6
REFERENCE thc_00058 6
REFERENCE gzm_00056 6
ENTER_SCOPE 7 6
REFERENCE qye_00030 7
EXIT_SCOPE 7
REFERENCE dbv_00061 6
REFERENCE qye_00030 6
REFERENCE awe_00055 6
REFERENCE jem_00045 6
REFERENCE dxo_00027 6
DECLARE eaq_00062 8 6
REFERENCE missing_1642 6
REFERENCE missing_8624 6
REFERENCE fts_00047 6
REFERENCE thc_00058 6
REFERENCE gsx_00039 6
REFERENCE sdn_00060 6
REFERENCE qrb_00022 6
REFERENCE awe_00055 6
DECLARE elj_00063 2 6
REFERENCE missing_2448 6
REFERENCE fci_00026 6
EXIT_SCOPE 6
REFERENCE hoy_00001 4
ENTER_SCOPE 8 4
REFERENCE dxo_00027 8
REFERENCE dxo_00027 8
REFERENCE arm_00043 8
DECLARE gzm_00056 19 8
REFERENCE nee_00008 8
REFERENCE qye_00030 8
ENTER_SCOPE 9 8
REFERENCE zom_00000 9
REFERENCE opp_00046 9
REFERENCE mbx_00013 9
REFERENCE missing_9190 9
REFERENCE missing_5009 9
DECLARE rql_00064 15 9
REFERENCE isd_00014 9
EXIT_SCOPE 9
REFERENCE ucy_00017 8
REFERENCE jjh_00035 8
REFERENCE gzm_00056 8
REFERENCE bpd_00004 8
REFERENCE opp_00046 8
ENTER_SCOPE 10 8
REFERENCE missing_7825 10
REFERENCE jem_00045 10
REFERENCE jkg_00033 10
DECLARE sbc_00065 17 10
REFERENCE missing_3322 10
REFERENCE djx_00051 10
REFERENCE pao_00010 10
REFERENCE pol_00006 10
REFERENCE tyy_00024 10
REFERENCE euc_00054 10
REFERENCE jjh_00035 10
REFERENCE dzq_00036 10
REFERENCE lkm_00053 10
REFERENCE arm_00043 10
REFERENCE missing_6077 10
ENTER_SCOPE 11 10
REFERENCE sll_00038 11
REFERENCE gnb_00023 11
REFERENCE sbc_00065 11
DECLARE wey_00066 8 11
EXIT_SCOPE 11
REFERENCE missing_2046 10
REFERENCE missing_9803 10
REFERENCE lkm_00053 10
DECLARE tjp_00067 17 10
DECLARE hwa_00068 6 10
REFERENCE hoy_00001 10
REFERENCE missing_1159 10
REFERENCE missing_6869 10
REFERENCE isd_00014 10
REFERENCE bow_00042 10
ENTER_SCOPE 12 10
REFERENCE gzm_00056 12
EXIT_SCOPE 12
REFERENCE kys_00028 10
ENTER_SCOPE 13 10
REFERENCE hwa_00068 13
EXIT_SCOPE 13
REFERENCE kys_00028 10
REFERENCE gsx_00039 10
REFERENCE tjp_00067 10
DECLARE gzm_00056 9 10
REFERENCE bpd_00004 10
REFERENCE ncm_00011 10
REFERENCE zom_00000 10
REFERENCE jem_00045 10
REFERENCE hpl_00015 10
REFERENCE zft_00003 10
REFERENCE pks_00018 10
ENTER_SCOPE 14 10
EXIT_SCOPE 14
REFERENCE mth_00019 10
REFERENCE zft_00003 10
REFERENCE missing_8505 10
REFERENCE pao_00010 10
REFERENCE zom_00000 10
REFERENCE missing_4545 10
REFERENCE jem_00045 10
REFERENCE gzm_00056 10
REFERENCE dzq_00036 10
REFERENCE gnb_00023 10
DECLARE euc_00054 6 10
REFERENCE missing_2141 10
REFERENCE sll_00038 10
REFERENCE drb_00007 10
REFERENCE missing_5299 10
DECLARE txn_00069 5 10
REFERENCE zks_00025 10
REFERENCE bow_00042 10
REFERENCE tjp_00067 10
REFERENCE gsx_00039 10
REFERENCE ult_00034 10
ENTER_SCOPE 15 10
DECLARE hwa_00068 19 15
REFERENCE bow_00042 15
REFERENCE cqi_00002 15
REFERENCE txn_00069 15
DECLARE euc_00054 6 15
REFERENCE arm_00043 15
REFERENCE jjh_00035 15
EXIT_SCOPE 15
REFERENCE dzq_00036 10
REFERENCE cqi_00002 10
REFERENCE zks_00025 10
REFERENCE ykg_00005 10
REFERENCE pol_00006 10
REFERENCE mbx_00013 10
REFERENCE uyh_00029 10
REFERENCE gzm_00056 10
EXIT_SCOPE 10
REFERENCE jgk_00049 8
EXIT_SCOPE 8
ENTER_SCOPE 16 4
REFERENCE drb_00007 16
REFERENCE ykg_00005 16
DECLARE gzm_00056 9 16
REFERENCE mjn_00012 16
REFERENCE nee_00008 16
DECLARE bzl_00070 1 16
REFERENCE mqa_00009 16
REFERENCE missing_3782 16
REFERENCE missing_7891 16
DECLARE ftf_00071 4 16
REFERENCE inv_00037 16
REFERENCE dxo_00027 16
ENTER_SCOPE 17 16
REFERENCE ykg_00005 17
REFERENCE sll_00038 17
EXIT_SCOPE 17
DECLARE vtz_00072 19 16
REFERENCE ftf_00071 16
REFERENCE jgk_00049 16
REFERENCE drb_00007 16
REFERENCE djx_00051 16
REFERENCE bow_00042 16
REFERENCE ult_00034 16
REFERENCE missing_3869 16
REFERENCE missing_7342 16
REFERENCE jem_00045 16
REFERENCE missing_3243 16
DECLARE nzx_00073 5 16
REFERENCE nzx_00073 16
REFERENCE dxo_00027 16
REFERENCE cgi_00052 16
ENTER_SCOPE 18 16
REFERENCE isd_00014 18
REFERENCE mqa_00009 18
DECLARE fqy_00074 19 18
REFERENCE ncm_00011 18
EXIT_SCOPE 18
REFERENCE zom_00000 16
REFERENCE mbx_00013 16
REFERENCE awe_00055 16
EXIT_SCOPE 16
REFERENCE hpl_00015 4
DECLARE euc_00054 7 4
ENTER_SCOPE 19 4
REFERENCE dzq_00036 19
REFERENCE missing_6142 19
REFERENCE fts_00047 19
REFERENCE gzm_00056 19
EXIT_SCOPE 19
REFERENCE ncm_00011 4
DECLARE qom_00075 4 4
ENTER_SCOPE 20 4
REFERENCE djx_00051 20
REFERENCE djx_00051 20
REFERENCE pao_00010 20
REFERENCE nee_00008 20
REFERENCE jkg_00033 20
REFERENCE cgi_00052 20
REFERENCE fci_00026 20
REFERENCE arm_00043 20
REFERENCE tyy_00024 20
REFERENCE lkm_00053 20
REFERENCE hoy_00001 20
REFERENCE tyy_00024 20
EXIT_SCOPE 20
REFERENCE pol_00006 4
REFERENCE szc_00044 4
REFERENCE awe_00055 4
REFERENCE mth_00019 4
REFERENCE awe_00055 4
REFERENCE fts_00047 4
REFERENCE missing_3216 4
REFERENCE dxo_00027 4
REFERENCE missing_2531 4
REFERENCE euc_00054 4
REFERENCE gnb_00023 4
DECLARE awe_00055 2 4
ENTER_SCOPE 21 4
EXIT_SCOPE 21
REFERENCE bpd_00004 4
ENTER_SCOPE 22 4
DECLARE flc_00076 15 22
REFERENCE dzq_00036 22
REFERENCE arm_00043 22
REFERENCE qye_00030 22
REFERENCE missing_3734 22
REFERENCE mxf_00048 22
DECLARE bjg_00077 1 22
REFERENCE awe_00055 22
ENTER_SCOPE 23 22
DECLARE kub_00078 8 23
REFERENCE cqi_00002 23
REFERENCE tyy_00024 23
REFERENCE pol_00006 23
REFERENCE awe_00055 23
REFERENCE pao_00010 23
REFERENCE fts_00047 23
REFERENCE bjg_00077 23
REFERENCE qrb_00022 23
REFERENCE jkg_00033 23
REFERENCE missing_4333 23
REFERENCE hpl_00015 23
EXIT_SCOPE 23
REFERENCE gzm_00056 22
ENTER_SCOPE 24 22
DECLARE bjg_00077 16 24
REFERENCE dzq_00036 24
ENTER_SCOPE 25 24
REFERENCE djx_00051 25
REFERENCE cqi_00002 25
EXIT_SCOPE 25
REFERENCE missing_4675 24
REFERENCE inv_00037 24
REFERENCE bjr_00050 24
REFERENCE qom_00075 24
REFERENCE jjh_00035 24
REFERENCE cqi_00002 24
REFERENCE arm_00043 24
REFERENCE roo_00021 24
REFERENCE szc_00044 24
REFERENCE missing_5107 24
REFERENCE qom_00075 24
REFERENCE arm_00043 24
REFERENCE pao_00010 24
REFERENCE cgi_00052 24
REFERENCE zks_00025 24
REFERENCE missing_7719 24
REFERENCE mqa_00009 24
REFERENCE uvo_00032 24
DECLARE mqs_00079 19 24
REFERENCE missing_3976 24
DECLARE flc_00076 5 24
REFERENCE qlv_00031 24
REFERENCE jjh_00035 24
DECLARE nhm_00080 14 24
ENTER_SCOPE 26 24
REFERENCE fts_00047 26
REFERENCE cqi_00002 26
REFERENCE euc_00054 26
REFERENCE euc_00054 26
REFERENCE vuz_00041 26
REFERENCE jjh_00035 26
REFERENCE flc_00076 26
REFERENCE hoy_00001 26
REFERENCE mjn_00012 26
REFERENCE tyy_00024 26
REFERENCE gsx_00039 26
REFERENCE uvo_00032 26
REFERENCE jjh_00035 26
REFERENCE bjr_00050 26
REFERENCE tyy_00024 26
EXIT_SCOPE 26
REFERENCE missing_7754 24
REFERENCE fts_00047 24
ENTER_SCOPE 27 24
REFERENCE mqs_00079 27
DECLARE qqn_00081 20 27
REFERENCE mqs_00079 27
REFERENCE missing_1782 27
REFERENCE zks_00025 27
REFERENCE cqi_00002 27
REFERENCE ykg_00005 27
EXIT_SCOPE 27
REFERENCE qlv_00031 24
REFERENCE missing_3658 24
REFERENCE jjh_00035 24
ENTER_SCOPE 28 24
REFERENCE missing_9926 28
EXIT_SCOPE 28
REFERENCE isd_00014 24
REFERENCE missing_4115 24
REFERENCE avw_00016 24
REFERENCE missing_2691 24
REFERENCE tyy_00024 24
DECLARE pza_00082 7 24
REFERENCE zks_00025 24
REFERENCE awe_00055 24
REFERENCE euc_00054 24
REFERENCE wfx_00040 24
REFERENCE bow_00042 24
REFERENCE szc_00044 24
REFERENCE nhm_00080 24
REFERENCE zks_00025 24
REFERENCE ult_00034 24
REFERENCE arm_00043 24
REFERENCE missing_7731 24
REFERENCE zks_00025 24
REFERENCE dxo_00027 24
REFERENCE jgk_00049 24
REFERENCE pks_00018 24
REFERENCE jkg_00033 24
ENTER_SCOPE 29 24
REFERENCE mqa_00009 29
REFERENCE lkm_00053 29
REFERENCE cqi_00002 29
REFERENCE missing_7242 29
REFERENCE arm_00043 29
REFERENCE drb_00007 29
REFERENCE zks_00025 29
REFERENCE zom_00000 29
REFERENCE pao_00010 29
REFERENCE awe_00055 29
REFERENCE missing_3070 29
REFERENCE missing_3737 29
REFERENCE avw_00016 29
REFERENCE kys_00028 29
EXIT_SCOPE 29
DECLARE qom_00075 19 24
EXIT_SCOPE 24
REFERENCE ucy_00017 22
REFERENCE kys_00028 22
REFERENCE missing_2105 22
REFERENCE isd_00014 22
REFERENCE bsk_00020 22
REFERENCE gsx_00039 22
DECLARE eae_00083 14 22
REFERENCE missing_7649 22
REFERENCE pol_00006 22
REFERENCE ult_00034 22
DECLARE rdc_00084 4 22
ENTER_SCOPE 30 22
REFERENCE fts_00047 30
REFERENCE bjr_00050 30
REFERENCE euc_00054 30
REFERENCE nee_00008 30
ENTER_SCOPE 31 30
REFERENCE missing_5633 31
REFERENCE missing_5808 31
REFERENCE bpd_00004 31
EXIT_SCOPE 31
DECLARE bjg_00077 5 30
REFERENCE inv_00037 30
ENTER_SCOPE 32 30
DECLARE bjg_00077 19 32
REFERENCE missing_6394 32
EXIT_SCOPE 32
REFERENCE tyy_00024 30
REFERENCE missing_1780 30
REFERENCE missing_9689 30
DECLARE eae_00083 3 30
REFERENCE dxo_00027 30
REFERENCE missing_5353 30
REFERENCE bjg_00077 30
REFERENCE szc_00044 30
REFERENCE hpl_00015 30
REFERENCE qom_00075 30
DECLARE gov_00085 19 30
REFERENCE rdc_00084 30
REFERENCE uyh_00029 30
DECLARE rdc_00084 9 30
REFERENCE missing_4924 30
REFERENCE zom_00000 30
REFERENCE mqa_00009 30
REFERENCE ult_00034 30
REFERENCE qye_00030 30
REFERENCE missing_2827 30
ENTER_SCOPE 33 30
REFERENCE missing_3527 33
REFERENCE vuz_00041 33
REFERENCE tyy_00024 33
REFERENCE missing_6986 33
REFERENCE missing_4517 33
REFERENCE missing_2666 33
REFERENCE wfx_00040 33
REFERENCE ykg_00005 33
REFERENCE missing_4505 33
REFERENCE jgk_00049 33
DECLARE bcc_00086 7 33
REFERENCE jjh_00035 33
REFERENCE missing_2214 33
REFERENCE drb_00007 33
REFERENCE missing_3058 33
REFERENCE mbx_00013 33
REFERENCE qye_00030 33
REFERENCE tyy_00024 33
REFERENCE inv_00037 33
REFERENCE uvo_00032 33
REFERENCE inv_00037 33
REFERENCE zom_00000 33
REFERENCE dxo_00027 33
EXIT_SCOPE 33
REFERENCE rdc_00084 30
REFERENCE missing_2765 30
EXIT_SCOPE 30
ENTER_SCOPE 34 22
REFERENCE jem_00045 34
REFERENCE missing_7220 34
REFERENCE fci_00026 34
REFERENCE awe_00055 34
REFERENCE ult_00034 34
REFERENCE hpl_00015 34
ENTER_SCOPE 35 34
DECLARE sbk_00087 18 35
REFERENCE awe_00055 35
REFERENCE arm_00043 35
DECLARE tox_00088 16 35
REFERENCE drb_00007 35
REFERENCE dzq_00036 35
EXIT_SCOPE 35
REFERENCE pol_00006 34
REFERENCE avw_00016 34
REFERENCE missing_2954 34
REFERENCE tyy_00024 34
REFERENCE tyy_00024 34
REFERENCE szc_00044 34
DECLARE lki_00089 6 34
EXIT_SCOPE 34
REFERENCE hpl_00015 22
REFERENCE missing_3160 22
DECLARE hjw_00090 17 22
REFERENCE qye_00030 22
REFERENCE missing_9673 22
REFERENCE zks_00025 22
REFERENCE zks_00025 22
REFERENCE uvo_00032 22
REFERENCE missing_7389 22
REFERENCE roo_00021 22
REFERENCE avw_00016 22
REFERENCE hjw_00090 22
REFERENCE sll_00038 22
REFERENCE arm_00043 22
ENTER_SCOPE 36 22
REFERENCE missing_9717 36
REFERENCE gsx_00039 36
REFERENCE dzq_00036 36
REFERENCE mth_00019 36
EXIT_SCOPE 36
REFERENCE jgk_00049 22
REFERENCE missing_4935 22
REFERENCE qrb_00022 22
EXIT_SCOPE 22
REFERENCE kys_00028 4
REFERENCE roo_00021 4
REFERENCE ykg_00005 4
REFERENCE missing_4678 4
REFERENCE mbx_00013 4
REFERENCE inv_00037 4
REFERENCE mxf_00048 4
REFERENCE djx_00051 4
EXIT_SCOPE 4
EXIT_SCOPE 3
ENTER_SCOPE 37 2
REFERENCE jkg_00033 37
REFERENCE inv_00037 37
REFERENCE fci_00026 37
DECLARE ivy_00091 14 37
REFERENCE dxo_00027 37
REFERENCE jjh_00035 37
REFERENCE djx_00051 37
REFERENCE ykg_00005 37
REFERENCE dzq_00036 37
REFERENCE pks_00018 37
ENTER_SCOPE 38 37
REFERENCE cgi_00052 38
DECLARE yjs_00092 5 38
REFERENCE ucy_00017 38
REFERENCE fts_00047 38
REFERENCE euc_00054 38
REFERENCE jjh_00035 38
REFERENCE cgi_00052 38
EXIT_SCOPE 38
REFERENCE mjn_00012 37
REFERENCE euc_00054 37
REFERENCE missing_3831 37
EXIT_SCOPE 37
REFERENCE dxo_00027 2
REFERENCE missing_7277 2
REFERENCE djx_00051 2
REFERENCE missing_8138 2
REFERENCE wfx_00040 2
DECLARE heg_00093 5 2
EXIT_SCOPE 2
REFERENCE pao_00010 1
REFERENCE kys_00028 1
REFERENCE dzq_00036 1
REFERENCE jem_00045 1
DECLARE nxq_00094 2 1
REFERENCE zft_00003 1
REFERENCE drb_00007 1
REFERENCE mqa_00009 1
EXIT_SCOPE 1
REFERENCE ucy_00017 0
REFERENCE fts_00047 0
REFERENCE hpl_00015 0
REFERENCE jgk_00049 0
REFERENCE szc_00044 0
REFERENCE missing_2906 0
REFERENCE mxf_00048 0
REFERENCE gnb_00023 0
REFERENCE djx_00051 0
REFERENCE mjn_00012 0
REFERENCE sll_00038 0
ENTER_SCOPE 39 0
REFERENCE cqi_00002 39
REFERENCE missing_2730 39
REFERENCE pks_00018 39
ENTER_SCOPE 40 39
REFERENCE missing_7055 40
REFERENCE mth_00019 40
REFERENCE hpl_00015 40
REFERENCE djx_00051 40
REFERENCE missing_1619 40
REFERENCE missing_8396 40
REFERENCE zft_00003 40
REFERENCE szc_00044 40
REFERENCE zks_00025 40
EXIT_SCOPE 40
REFERENCE ncm_00011 39
REFERENCE uyh_00029 39
REFERENCE jjh_00035 39
REFERENCE jjh_00035 39
REFERENCE bsk_00020 39
REFERENCE dxo_00027 39
REFERENCE jgk_00049 39
REFERENCE cqi_00002 39
REFERENCE uvo_00032 39
DECLARE qji_00095 17 39
REFERENCE pao_00010 39
ENTER_SCOPE 41 39
REFERENCE fci_00026 41
REFERENCE missing_7987 41
EXIT_SCOPE 41
REFERENCE ncm_00011 39
DECLARE isd_00014 3 39
REFERENCE gsx_00039 39
REFERENCE missing_4449 39
REFERENCE hoy_00001 39
REFERENCE zom_00000 39
REFERENCE ncm_00011 39
REFERENCE jgk_00049 39
REFERENCE jem_00045 39
REFERENCE szc_00044 39
REFERENCE jkg_00033 39
REFERENCE missing_2611 39
DECLARE nro_00096 10 39
REFERENCE missing_2610 39
REFERENCE missing_5015 39
REFERENCE zom_00000 39
REFERENCE cqi_00002 39
REFERENCE ult_00034 39
REFERENCE fts_00047 39
REFERENCE qji_00095 39
REFERENCE jjh_00035 39
REFERENCE szc_00044 39
REFERENCE uvo_00032 39
REFERENCE opp_00046 39
REFERENCE missing_6838 39
REFERENCE uvo_00032 39
REFERENCE avw_00016 39
REFERENCE szc_00044 39
DECLARE yzm_00097 1 39
REFERENCE qrb_00022 39
EXIT_SCOPE 39
REFERENCE zft_00003 0
REFERENCE dxo_00027 0
ENTER_SCOPE 42 0
REFERENCE qrb_00022 42
REFERENCE qrb_00022 42
REFERENCE mbx_00013 42
ENTER_SCOPE 43 42
REFERENCE bjr_00050 43
DECLARE xzr_00098 3 43
REFERENCE avw_00016 43
DECLARE ukh_00099 10 43
REFERENCE fts_00047 43
REFERENCE bjr_00050 43
REFERENCE dzq_00036 43
REFERENCE bow_00042 43
REFERENCE fts_00047 43
REFERENCE arm_00043 43
REFERENCE gnb_00023 43
REFERENCE pks_00018 43
DECLARE slg_00100 11 43
REFERENCE bow_00042 43
REFERENCE vuz_00041 43
REFERENCE jjh_00035 43
REFERENCE pol_00006 43
REFERENCE roo_00021 43
REFERENCE uyh_00029 43
REFERENCE drb_00007 43
REFERENCE tyy_00024 43
REFERENCE bow_00042 43
REFERENCE nee_00008 43
DECLARE fdv_00101 11 43
REFERENCE hpl_00015 43
REFERENCE gsx_00039 43
REFERENCE fdv_00101 43
ENTER_SCOPE 44 43
REFERENCE bow_00042 44
REFERENCE bsk_00020 44
REFERENCE drb_00007 44
ENTER_SCOPE 45 44
REFERENCE bpd_00004 45
EXIT_SCOPE 45
REFERENCE dxo_00027 44
ENTER_SCOPE 46 44
REFERENCE mxf_00048 46
REFERENCE mbx_00013 46
EXIT_SCOPE 46
REFERENCE mth_00019 44
REFERENCE pao_00010 44
REFERENCE ucy_00017 44
REFERENCE ukh_00099 44
REFERENCE missing_3110 44
REFERENCE missing_6630 44
REFERENCE slg_00100 44
REFERENCE mjn_00012 44
REFERENCE tyy_00024 44
REFERENCE ykg_00005 44
DECLARE tzw_00102 19 44
REFERENCE missing_2020 44
REFERENCE zks_00025 44
REFERENCE pks_00018 44
REFERENCE opp_00046 44
REFERENCE zft_00003 44
REFERENCE missing_5480 44
REFERENCE missing_9180 44
REFERENCE ykg_00005 44
DECLARE pdb_00103 13 44
REFERENCE zft_00003 44
REFERENCE roo_00021 44
REFERENCE inv_00037 44
REFERENCE dxo_00027 44
REFERENCE inv_00037 44
REFERENCE mth_00019 44
REFERENCE ukh_00099 44
REFERENCE pao_00010 44
REFERENCE ukh_00099 44
EXIT_SCOPE 44
REFERENCE hpl_00015 43
ENTER_SCOPE 47 43
REFERENCE fts_00047 47
REFERENCE jkg_00033 47
REFERENCE mqa_00009 47
REFERENCE isd_00014 47
ENTER_SCOPE 48 47
REFERENCE ukh_00099 48
REFERENCE missing_6500 48
REFERENCE ukh_00099 48
REFERENCE slg_00100 48
REFERENCE sll_00038 48
REFERENCE djx_00051 48
REFERENCE missing_2021 48
REFERENCE bow_00042 48
DECLARE fdv_00101 12 48
REFERENCE missing_8354 48
REFERENCE cqi_00002 48
DECLARE ktz_00104 9 48
REFERENCE pol_00006 48
DECLARE dla_00105 4 48
REFERENCE pks_00018 48
REFERENCE vuz_00041 48
REFERENCE ykg_00005 48
REFERENCE zom_00000 48
REFERENCE ukh_00099 48
REFERENCE roo_00021 48
REFERENCE isd_00014 48
REFERENCE mbx_00013 48
REFERENCE pao_00010 48
DECLARE slg_00100 12 48
REFERENCE nee_00008 48
REFERENCE cqi_00002 48
REFERENCE missing_7998 48
REFERENCE vuz_00041 48
REFERENCE ucy_00017 48
REFERENCE mth_00019 48
REFERENCE mxf_00048 48
DECLARE xzr_00098 16 48
REFERENCE xzr_00098 48
REFERENCE fdv_00101 48
REFERENCE bpd_00004 48
ENTER_SCOPE 49 48
REFERENCE missing_6551 49
REFERENCE fdv_00101 49
DECLARE veg_00106 14 49
REFERENCE tyy_00024 49
REFERENCE missing_4327 49
REFERENCE xzr_00098 49
REFERENCE opp_00046 49
REFERENCE gnb_00023 49
REFERENCE qlv_00031 49
DECLARE wot_00107 11 49
REFERENCE bsk_00020 49
REFERENCE missing_9915 49
DECLARE quq_00108 13 49
REFERENCE fci_00026 49
REFERENCE missing_4290 49
REFERENCE vuz_00041 49
REFERENCE xzr_00098 49
REFERENCE bjr_00050 49
REFERENCE dzq_00036 49
REFERENCE ktz_00104 49
DECLARE gdt_00109 17 49
REFERENCE xzr_00098 49
ENTER_SCOPE 50 49
REFERENCE qye_00030 50
DECLARE gkx_00110 1 50
REFERENCE mbx_00013 50
REFERENCE fdv_00101 50
REFERENCE ukh_00099 50
DECLARE mwl_00111 8 50
EXIT_SCOPE 50
REFERENCE xzr_00098 49
REFERENCE fdv_00101 49
REFERENCE wfx_00040 49
REFERENCE pks_00018 49
DECLARE tjs_00112 9 49
REFERENCE jjh_00035 49
EXIT_SCOPE 49
ENTER_SCOPE 51 48
REFERENCE dxo_00027 51
REFERENCE ykg_00005 51
REFERENCE qlv_00031 51
DECLARE aki_00113 11 51
REFERENCE cgi_00052 51
REFERENCE slg_00100 51
REFERENCE gnb_00023 51
REFERENCE hpl_00015 51
REFERENCE wfx_00040 51
REFERENCE aki_00113 51
REFERENCE zom_00000 51
REFERENCE hpl_00015 51
ENTER_SCOPE 52 51
DECLARE dum_00114 16 52
REFERENCE ult_00034 52
ENTER_SCOPE 53 52
EXIT_SCOPE 53
REFERENCE xzr_00098 52
REFERENCE zom_00000 52
REFERENCE missing_3275 52
REFERENCE bow_00042 52
REFERENCE kys_00028 52
REFERENCE jjh_00035 52
REFERENCE dxo_00027 52
REFERENCE bow_00042 52
REFERENCE missing_7778 52
EXIT_SCOPE 52
REFERENCE missing_4706 51
REFERENCE qlv_00031 51
REFERENCE roo_00021 51
REFERENCE wfx_00040 51
REFERENCE drb_00007 51
REFERENCE avw_00016 51
REFERENCE gnb_00023 51
REFERENCE missing_8106 51
REFERENCE missing_6355 51
REFERENCE jjh_00035 51
REFERENCE wfx_00040 51
REFERENCE slg_00100 51
REFERENCE mjn_00012 51
REFERENCE ncm_00011 51
REFERENCE slg_00100 51
REFERENCE roo_00021 51
REFERENCE slg_00100 51
REFERENCE xzr_00098 51
REFERENCE missing_1740 51
REFERENCE missing_5420 51
REFERENCE mjn_00012 51
DECLARE ftb_00115 5 51
DECLARE bsu_00116 11 51
REFERENCE slg_00100 51
ENTER_SCOPE 54 51
REFERENCE dla_00105 54
EXIT_SCOPE 54
REFERENCE ktz_00104 51
REFERENCE mqa_00009 51
REFERENCE hoy_00001 51
REFERENCE ftb_00115 51
REFERENCE missing_6628 51
REFERENCE cgi_00052 51
REFERENCE zft_00003 51
REFERENCE ncm_00011 51
REFERENCE ftb_00115 51
REFERENCE missing_3857 51
REFERENCE fci_00026 51
REFERENCE pol_00006 51
REFERENCE vuz_00041 51
REFERENCE xzr_00098 51
REFERENCE kys_00028 51
REFERENCE missing_5647 51
DECLARE lfz_00117 20 51
REFERENCE qlv_00031 51
REFERENCE zom_00000 51
REFERENCE missing_9731 51
REFERENCE missing_6026 51
REFERENCE gsx_00039 51
REFERENCE fdv_00101 51
ENTER_SCOPE 55 51
REFERENCE hoy_00001 55
DECLARE ogv_00118 11 55
ENTER_SCOPE 56 55
EXIT_SCOPE 56
EXIT_SCOPE 55
EXIT_SCOPE 51
EXIT_SCOPE 48
EXIT_SCOPE 47
EXIT_SCOPE 43
EXIT_SCOPE 42
EXIT_SCOPE 0
