# ColliScope Frequency-Matched Synthetic Trace
# Parameters: seed=64, zipf_s=1.244, scope=flat, type=lookup-heavy, replicate=2
ENTER_SCOPE 0
DECLARE sym_k0000 1 0
DECLARE sym_k0001 2 0
DECLARE sym_k0002 3 0
DECLARE sym_k0003 4 0
DECLARE sym_k0004 5 0
DECLARE sym_k0005 6 0
DECLARE sym_k0006 7 0
DECLARE sym_k0007 8 0
DECLARE sym_k0008 9 0
DECLARE sym_k0009 10 0
DECLARE sym_k0010 1 0
DECLARE sym_k0011 2 0
DECLARE sym_k0012 3 0
DECLARE sym_k0013 4 0
DECLARE sym_k0014 5 0
DECLARE sym_k0015 6 0
DECLARE sym_k0016 7 0
DECLARE sym_k0017 8 0
DECLARE sym_k0018 9 0
DECLARE sym_k0019 10 0
DECLARE sym_k0020 1 0
DECLARE sym_k0021 2 0
DECLARE sym_k0022 3 0
DECLARE sym_k0023 4 0
DECLARE sym_k0024 5 0
DECLARE sym_k0025 6 0
DECLARE sym_k0026 7 0
DECLARE sym_k0027 8 0
DECLARE sym_k0028 9 0
DECLARE sym_k0029 10 0
DECLARE sym_k0030 1 0
DECLARE sym_k0031 2 0
DECLARE sym_k0032 3 0
DECLARE sym_k0033 4 0
DECLARE sym_k0034 5 0
DECLARE sym_k0035 6 0
DECLARE sym_k0036 7 0
DECLARE sym_k0037 8 0
DECLARE sym_k0038 9 0
DECLARE sym_k0039 10 0
DECLARE sym_k0040 1 0
DECLARE sym_k0041 2 0
DECLARE sym_k0042 3 0
DECLARE sym_k0043 4 0
DECLARE sym_k0044 5 0
DECLARE sym_k0045 6 0
DECLARE sym_k0046 7 0
DECLARE sym_k0047 8 0
DECLARE sym_k0048 9 0
DECLARE sym_k0049 10 0
REFERENCE sym_k0008 0
REFERENCE sym_k0004 0
REFERENCE sym_k0000 0
REFERENCE sym_k0001 0
REFERENCE sym_k0015 0
REFERENCE missing_7827 0
REFERENCE sym_k0000 0
DECLARE sym_k0242 3 0
REFERENCE missing_2045 0
REFERENCE sym_k0008 0
REFERENCE sym_k0000 0
REFERENCE sym_k0000 0
REFERENCE sym_k0002 0
REFERENCE sym_k0005 0
REFERENCE sym_k0013 0
REFERENCE missing_7994 0
REFERENCE sym_k0000 0
REFERENCE sym_k0046 0
REFERENCE sym_k0005 0
REFERENCE sym_k0004 0
REFERENCE sym_k0027 0
REFERENCE sym_k0013 0
REFERENCE sym_k0005 0
REFERENCE sym_k0005 0
REFERENCE sym_k0028 0
REFERENCE sym_k0041 0
REFERENCE sym_k0000 0
REFERENCE sym_k0037 0
REFERENCE sym_k0000 0
REFERENCE sym_k0003 0
REFERENCE sym_k0000 0
REFERENCE sym_k0049 0
REFERENCE sym_k0000 0
DECLARE sym_k0093 4 0
REFERENCE sym_k0000 0
REFERENCE sym_k0005 0
REFERENCE sym_k0003 0
REFERENCE sym_k0017 0
REFERENCE sym_k0002 0
REFERENCE sym_k0000 0
REFERENCE sym_k0003 0
REFERENCE sym_k0021 0
REFERENCE missing_9771 0
REFERENCE sym_k0049 0
REFERENCE sym_k0002 0
REFERENCE sym_k0039 0
REFERENCE sym_k0000 0
REFERENCE sym_k0031 0
REFERENCE sym_k0000 0
REFERENCE sym_k0000 0
DECLARE sym_k0114 10 0
REFERENCE sym_k0001 0
REFERENCE sym_k0000 0
REFERENCE sym_k0001 0
REFERENCE sym_k0006 0
REFERENCE sym_k0023 0
REFERENCE missing_5865 0
REFERENCE sym_k0013 0
REFERENCE sym_k0005 0
REFERENCE sym_k0004 0
DECLARE sym_k0066 7 0
REFERENCE sym_k0000 0
REFERENCE missing_9715 0
REFERENCE sym_k0009 0
DECLARE sym_k0067 8 0
REFERENCE sym_k0001 0
REFERENCE sym_k0020 0
REFERENCE missing_3650 0
REFERENCE sym_k0033 0
REFERENCE sym_k0004 0
REFERENCE sym_k0003 0
REFERENCE sym_k0022 0
REFERENCE sym_k0000 0
REFERENCE sym_k0010 0
REFERENCE missing_1105 0
REFERENCE sym_k0024 0
DECLARE sym_k0057 13 0
REFERENCE sym_k0001 0
REFERENCE sym_k0003 0
REFERENCE sym_k0019 0
REFERENCE sym_k0002 0
REFERENCE missing_9815 0
REFERENCE sym_k0001 0
REFERENCE sym_k0046 0
REFERENCE sym_k0039 0
REFERENCE sym_k0010 0
REFERENCE sym_k0005 0
REFERENCE sym_k0022 0
REFERENCE sym_k0032 0
REFERENCE sym_k0034 0
REFERENCE sym_k0002 0
REFERENCE sym_k0009 0
REFERENCE sym_k0021 0
REFERENCE sym_k0045 0
REFERENCE sym_k0004 0
REFERENCE sym_k0025 0
REFERENCE sym_k0000 0
DECLARE sym_k0083 9 0
REFERENCE missing_9355 0
REFERENCE missing_8209 0
REFERENCE sym_k0007 0
REFERENCE sym_k0005 0
REFERENCE sym_k0004 0
REFERENCE missing_4377 0
REFERENCE sym_k0035 0
REFERENCE sym_k0005 0
REFERENCE missing_1451 0
REFERENCE sym_k0019 0
REFERENCE sym_k0037 0
REFERENCE sym_k0009 0
REFERENCE sym_k0006 0
REFERENCE sym_k0008 0
REFERENCE sym_k0012 0
REFERENCE sym_k0022 0
REFERENCE sym_k0000 0
REFERENCE sym_k0000 0
REFERENCE sym_k0009 0
REFERENCE sym_k0002 0
REFERENCE sym_k0021 0
REFERENCE sym_k0001 0
REFERENCE sym_k0008 0
REFERENCE sym_k0001 0
REFERENCE sym_k0023 0
REFERENCE sym_k0007 0
REFERENCE sym_k0010 0
REFERENCE sym_k0000 0
REFERENCE sym_k0003 0
REFERENCE sym_k0010 0
REFERENCE sym_k0000 0
REFERENCE sym_k0001 0
REFERENCE missing_8430 0
DECLARE sym_k0055 11 0
REFERENCE sym_k0000 0
REFERENCE sym_k0000 0
REFERENCE sym_k0005 0
REFERENCE sym_k0005 0
REFERENCE sym_k0012 0
REFERENCE sym_k0019 0
REFERENCE sym_k0000 0
REFERENCE sym_k0038 0
REFERENCE sym_k0004 0
DECLARE sym_k0086 12 0
REFERENCE sym_k0036 0
REFERENCE sym_k0000 0
REFERENCE sym_k0000 0
REFERENCE sym_k0011 0
REFERENCE sym_k0045 0
REFERENCE sym_k0018 0
REFERENCE sym_k0000 0
REFERENCE sym_k0013 0
REFERENCE sym_k0001 0
REFERENCE sym_k0000 0
REFERENCE sym_k0010 0
REFERENCE sym_k0000 0
REFERENCE sym_k0004 0
REFERENCE sym_k0020 0
REFERENCE sym_k0001 0
REFERENCE sym_k0002 0
REFERENCE sym_k0000 0
REFERENCE sym_k0000 0
REFERENCE sym_k0011 0
REFERENCE sym_k0009 0
REFERENCE missing_6660 0
REFERENCE sym_k0017 0
REFERENCE sym_k0037 0
REFERENCE sym_k0001 0
REFERENCE sym_k0000 0
REFERENCE sym_k0034 0
REFERENCE sym_k0001 0
REFERENCE sym_k0000 0
REFERENCE sym_k0000 0
REFERENCE sym_k0011 0
REFERENCE sym_k0016 0
REFERENCE sym_k0001 0
REFERENCE missing_9646 0
REFERENCE sym_k0114 0
REFERENCE sym_k0008 0
REFERENCE sym_k0002 0
REFERENCE sym_k0026 0
REFERENCE sym_k0006 0
REFERENCE sym_k0004 0
REFERENCE sym_k0012 0
REFERENCE missing_8242 0
REFERENCE missing_1286 0
REFERENCE sym_k0001 0
REFERENCE sym_k0003 0
REFERENCE sym_k0012 0
REFERENCE sym_k0000 0
REFERENCE sym_k0000 0
REFERENCE missing_9712 0
REFERENCE sym_k0007 0
REFERENCE sym_k0001 0
REFERENCE sym_k0002 0
REFERENCE sym_k0000 0
REFERENCE sym_k0008 0
REFERENCE sym_k0004 0
REFERENCE sym_k0001 0
DECLARE sym_k0204 10 0
REFERENCE sym_k0002 0
REFERENCE sym_k0003 0
REFERENCE sym_k0003 0
REFERENCE sym_k0047 0
REFERENCE sym_k0021 0
REFERENCE missing_6578 0
REFERENCE sym_k0009 0
REFERENCE sym_k0003 0
REFERENCE sym_k0024 0
REFERENCE sym_k0005 0
REFERENCE sym_k0000 0
DECLARE sym_k0080 6 0
REFERENCE sym_k0042 0
REFERENCE missing_5531 0
REFERENCE sym_k0000 0
REFERENCE missing_8775 0
REFERENCE sym_k0004 0
REFERENCE sym_k0003 0
REFERENCE sym_k0000 0
REFERENCE missing_9123 0
REFERENCE sym_k0037 0
REFERENCE sym_k0018 0
REFERENCE sym_k0016 0
REFERENCE sym_k0020 0
REFERENCE sym_k0000 0
REFERENCE sym_k0005 0
REFERENCE sym_k0000 0
REFERENCE sym_k0014 0
REFERENCE sym_k0005 0
REFERENCE sym_k0011 0
REFERENCE sym_k0011 0
REFERENCE missing_7639 0
REFERENCE sym_k0002 0
REFERENCE sym_k0002 0
REFERENCE sym_k0033 0
REFERENCE sym_k0001 0
REFERENCE sym_k0003 0
REFERENCE sym_k0004 0
REFERENCE sym_k0002 0
REFERENCE sym_k0017 0
REFERENCE sym_k0000 0
REFERENCE sym_k0041 0
REFERENCE sym_k0002 0
REFERENCE sym_k0000 0
REFERENCE sym_k0000 0
REFERENCE sym_k0004 0
REFERENCE sym_k0008 0
REFERENCE sym_k0000 0
REFERENCE sym_k0000 0
REFERENCE sym_k0000 0
REFERENCE sym_k0010 0
REFERENCE sym_k0000 0
REFERENCE sym_k0000 0
REFERENCE sym_k0008 0
REFERENCE sym_k0006 0
REFERENCE sym_k0002 0
REFERENCE sym_k0041 0
REFERENCE sym_k0007 0
REFERENCE sym_k0002 0
REFERENCE sym_k0001 0
REFERENCE sym_k0027 0
REFERENCE sym_k0001 0
REFERENCE sym_k0002 0
REFERENCE sym_k0000 0
REFERENCE sym_k0000 0
REFERENCE sym_k0011 0
REFERENCE sym_k0001 0
REFERENCE missing_6111 0
REFERENCE sym_k0000 0
REFERENCE sym_k0030 0
REFERENCE sym_k0001 0
REFERENCE missing_6676 0
REFERENCE sym_k0031 0
REFERENCE sym_k0000 0
REFERENCE sym_k0001 0
REFERENCE sym_k0010 0
REFERENCE sym_k0002 0
REFERENCE sym_k0000 0
REFERENCE sym_k0008 0
REFERENCE sym_k0004 0
REFERENCE sym_k0000 0
REFERENCE sym_k0012 0
REFERENCE missing_9038 0
REFERENCE sym_k0018 0
REFERENCE missing_9608 0
REFERENCE sym_k0001 0
REFERENCE sym_k0000 0
REFERENCE sym_k0002 0
REFERENCE sym_k0038 0
REFERENCE sym_k0000 0
REFERENCE sym_k0027 0
REFERENCE sym_k0000 0
REFERENCE sym_k0005 0
REFERENCE sym_k0041 0
REFERENCE sym_k0011 0
REFERENCE sym_k0019 0
REFERENCE sym_k0011 0
REFERENCE sym_k0028 0
REFERENCE missing_3925 0
REFERENCE sym_k0021 0
REFERENCE missing_8539 0
REFERENCE sym_k0036 0
REFERENCE sym_k0000 0
REFERENCE sym_k0002 0
REFERENCE sym_k0002 0
REFERENCE sym_k0001 0
REFERENCE sym_k0027 0
REFERENCE sym_k0011 0
REFERENCE sym_k0001 0
REFERENCE missing_3690 0
REFERENCE sym_k0000 0
REFERENCE sym_k0006 0
REFERENCE sym_k0003 0
REFERENCE sym_k0012 0
REFERENCE sym_k0001 0
REFERENCE sym_k0004 0
REFERENCE sym_k0066 0
REFERENCE sym_k0000 0
REFERENCE sym_k0023 0
REFERENCE sym_k0000 0
DECLARE sym_k0186 7 0
REFERENCE sym_k0006 0
REFERENCE sym_k0010 0
REFERENCE missing_9542 0
REFERENCE missing_2941 0
REFERENCE sym_k0002 0
REFERENCE sym_k0000 0
REFERENCE sym_k0001 0
REFERENCE sym_k0010 0
REFERENCE sym_k0045 0
REFERENCE sym_k0000 0
REFERENCE missing_5632 0
REFERENCE sym_k0040 0
REFERENCE sym_k0001 0
REFERENCE sym_k0020 0
REFERENCE sym_k0000 0
REFERENCE sym_k0036 0
REFERENCE sym_k0000 0
REFERENCE sym_k0009 0
REFERENCE sym_k0017 0
REFERENCE missing_2895 0
REFERENCE sym_k0012 0
REFERENCE sym_k0002 0
REFERENCE sym_k0010 0
REFERENCE sym_k0000 0
REFERENCE sym_k0020 0
REFERENCE missing_1379 0
REFERENCE sym_k0002 0
REFERENCE sym_k0023 0
REFERENCE sym_k0015 0
REFERENCE sym_k0000 0
REFERENCE sym_k0040 0
REFERENCE sym_k0000 0
REFERENCE sym_k0002 0
REFERENCE sym_k0000 0
REFERENCE sym_k0001 0
REFERENCE sym_k0001 0
REFERENCE missing_7955 0
REFERENCE sym_k0005 0
REFERENCE sym_k0001 0
REFERENCE sym_k0000 0
REFERENCE sym_k0048 0
REFERENCE sym_k0003 0
REFERENCE sym_k0006 0
REFERENCE sym_k0006 0
REFERENCE sym_k0001 0
REFERENCE sym_k0000 0
REFERENCE sym_k0037 0
DECLARE sym_k0073 14 0
REFERENCE sym_k0002 0
REFERENCE sym_k0000 0
REFERENCE sym_k0025 0
REFERENCE sym_k0007 0
REFERENCE missing_5446 0
REFERENCE sym_k0000 0
REFERENCE sym_k0002 0
REFERENCE missing_7218 0
REFERENCE sym_k0003 0
REFERENCE sym_k0008 0
REFERENCE sym_k0055 0
REFERENCE sym_k0002 0
REFERENCE sym_k0001 0
REFERENCE sym_k0001 0
REFERENCE sym_k0028 0
REFERENCE sym_k0044 0
REFERENCE sym_k0000 0
REFERENCE sym_k0028 0
REFERENCE sym_k0013 0
REFERENCE sym_k0011 0
REFERENCE sym_k0000 0
REFERENCE sym_k0000 0
REFERENCE sym_k0038 0
REFERENCE sym_k0000 0
REFERENCE sym_k0010 0
REFERENCE sym_k0002 0
REFERENCE missing_9277 0
REFERENCE sym_k0013 0
REFERENCE sym_k0000 0
REFERENCE missing_3148 0
REFERENCE sym_k0000 0
REFERENCE sym_k0000 0
REFERENCE sym_k0003 0
REFERENCE sym_k0004 0
REFERENCE sym_k0000 0
REFERENCE sym_k0027 0
REFERENCE sym_k0037 0
REFERENCE sym_k0003 0
REFERENCE missing_7458 0
REFERENCE sym_k0000 0
REFERENCE sym_k0000 0
REFERENCE sym_k0000 0
REFERENCE sym_k0013 0
REFERENCE sym_k0073 0
REFERENCE sym_k0012 0
REFERENCE sym_k0012 0
REFERENCE sym_k0000 0
REFERENCE sym_k0000 0
REFERENCE sym_k0002 0
REFERENCE sym_k0000 0
REFERENCE sym_k0008 0
REFERENCE sym_k0009 0
REFERENCE sym_k0038 0
REFERENCE sym_k0000 0
REFERENCE sym_k0002 0
REFERENCE missing_9870 0
DECLARE sym_k0163 14 0
REFERENCE sym_k0011 0
REFERENCE sym_k0000 0
REFERENCE sym_k0000 0
REFERENCE sym_k0055 0
REFERENCE sym_k0000 0
REFERENCE sym_k0000 0
REFERENCE sym_k0013 0
REFERENCE sym_k0020 0
DECLARE sym_k0127 8 0
REFERENCE sym_k0000 0
REFERENCE sym_k0009 0
REFERENCE sym_k0012 0
REFERENCE sym_k0000 0
REFERENCE sym_k0001 0
DECLARE sym_k0207 13 0
REFERENCE sym_k0023 0
REFERENCE sym_k0000 0
REFERENCE missing_3785 0
REFERENCE sym_k0003 0
REFERENCE sym_k0001 0
REFERENCE sym_k0004 0
REFERENCE sym_k0025 0
REFERENCE missing_7964 0
REFERENCE sym_k0000 0
REFERENCE sym_k0003 0
REFERENCE sym_k0000 0
REFERENCE sym_k0011 0
REFERENCE sym_k0010 0
REFERENCE sym_k0002 0
REFERENCE sym_k0005 0
REFERENCE sym_k0012 0
REFERENCE sym_k0028 0
REFERENCE sym_k0000 0
REFERENCE sym_k0000 0
REFERENCE sym_k0011 0
REFERENCE sym_k0001 0
REFERENCE sym_k0000 0
REFERENCE sym_k0043 0
REFERENCE sym_k0002 0
REFERENCE sym_k0000 0
REFERENCE sym_k0001 0
REFERENCE sym_k0007 0
REFERENCE sym_k0000 0
REFERENCE sym_k0023 0
REFERENCE sym_k0000 0
REFERENCE sym_k0023 0
REFERENCE missing_1837 0
REFERENCE sym_k0001 0
REFERENCE sym_k0006 0
REFERENCE missing_2246 0
REFERENCE sym_k0000 0
REFERENCE sym_k0000 0
REFERENCE sym_k0000 0
REFERENCE missing_6267 0
REFERENCE sym_k0007 0
REFERENCE sym_k0001 0
REFERENCE missing_3433 0
REFERENCE sym_k0001 0
REFERENCE sym_k0027 0
REFERENCE sym_k0002 0
REFERENCE sym_k0001 0
REFERENCE sym_k0017 0
REFERENCE sym_k0000 0
REFERENCE missing_3528 0
REFERENCE sym_k0002 0
REFERENCE sym_k0021 0
REFERENCE sym_k0002 0
REFERENCE sym_k0000 0
REFERENCE sym_k0000 0
REFERENCE sym_k0002 0
REFERENCE sym_k0000 0
REFERENCE sym_k0002 0
REFERENCE sym_k0001 0
REFERENCE sym_k0002 0
REFERENCE sym_k0027 0
REFERENCE sym_k0014 0
REFERENCE missing_7915 0
REFERENCE sym_k0007 0
REFERENCE sym_k0003 0
REFERENCE sym_k0000 0
REFERENCE missing_2430 0
REFERENCE sym_k0002 0
REFERENCE sym_k0003 0
REFERENCE sym_k0002 0
REFERENCE sym_k0003 0
REFERENCE sym_k0000 0
REFERENCE missing_1615 0
REFERENCE sym_k0012 0
REFERENCE sym_k0012 0
REFERENCE missing_4071 0
DECLARE sym_k0109 5 0
REFERENCE sym_k0000 0
DECLARE sym_k0136 2 0
REFERENCE sym_k0012 0
REFERENCE missing_4332 0
REFERENCE sym_k0000 0
REFERENCE sym_k0000 0
REFERENCE sym_k0000 0
REFERENCE missing_6015 0
REFERENCE missing_4928 0
REFERENCE sym_k0007 0
REFERENCE sym_k0003 0
REFERENCE sym_k0002 0
REFERENCE sym_k0001 0
REFERENCE sym_k0000 0
REFERENCE sym_k0003 0
REFERENCE sym_k0003 0
REFERENCE sym_k0000 0
REFERENCE sym_k0003 0
REFERENCE sym_k0004 0
REFERENCE sym_k0026 0
REFERENCE missing_8679 0
REFERENCE missing_2475 0
REFERENCE sym_k0004 0
REFERENCE sym_k0000 0
REFERENCE sym_k0067 0
REFERENCE sym_k0032 0
REFERENCE sym_k0002 0
REFERENCE sym_k0000 0
REFERENCE sym_k0000 0
REFERENCE sym_k0000 0
REFERENCE sym_k0023 0
REFERENCE sym_k0014 0
REFERENCE sym_k0000 0
REFERENCE sym_k0015 0
REFERENCE missing_5558 0
REFERENCE sym_k0001 0
REFERENCE sym_k0034 0
REFERENCE sym_k0005 0
REFERENCE sym_k0004 0
REFERENCE sym_k0002 0
REFERENCE sym_k0040 0
REFERENCE missing_3020 0
REFERENCE sym_k0002 0
REFERENCE missing_8010 0
REFERENCE sym_k0004 0
DECLARE sym_k0099 10 0
REFERENCE sym_k0015 0
REFERENCE sym_k0000 0
REFERENCE sym_k0000 0
REFERENCE sym_k0000 0
REFERENCE sym_k0004 0
REFERENCE sym_k0026 0
REFERENCE sym_k0041 0
REFERENCE sym_k0003 0
REFERENCE sym_k0011 0
REFERENCE sym_k0000 0
REFERENCE sym_k0006 0
DECLARE sym_k0217 8 0
REFERENCE sym_k0005 0
REFERENCE sym_k0045 0
REFERENCE missing_7485 0
REFERENCE missing_1523 0
REFERENCE sym_k0002 0
REFERENCE sym_k0036 0
REFERENCE sym_k0000 0
REFERENCE sym_k0005 0
REFERENCE sym_k0001 0
REFERENCE sym_k0021 0
REFERENCE sym_k0001 0
REFERENCE sym_k0005 0
REFERENCE sym_k0000 0
REFERENCE missing_3783 0
REFERENCE sym_k0001 0
REFERENCE sym_k0005 0
REFERENCE sym_k0000 0
REFERENCE sym_k0000 0
REFERENCE sym_k0000 0
REFERENCE sym_k0000 0
REFERENCE sym_k0001 0
REFERENCE sym_k0008 0
REFERENCE sym_k0000 0
REFERENCE sym_k0002 0
REFERENCE sym_k0000 0
REFERENCE sym_k0086 0
REFERENCE sym_k0000 0
REFERENCE sym_k0002 0
REFERENCE sym_k0001 0
REFERENCE sym_k0000 0
REFERENCE sym_k0001 0
REFERENCE sym_k0006 0
REFERENCE sym_k0006 0
REFERENCE sym_k0000 0
REFERENCE sym_k0015 0
REFERENCE sym_k0000 0
REFERENCE sym_k0000 0
REFERENCE missing_2386 0
REFERENCE sym_k0000 0
REFERENCE missing_4002 0
REFERENCE sym_k0127 0
REFERENCE sym_k0010 0
REFERENCE sym_k0009 0
REFERENCE sym_k0018 0
REFERENCE sym_k0010 0
REFERENCE sym_k0009 0
REFERENCE sym_k0000 0
REFERENCE sym_k0000 0
REFERENCE sym_k0001 0
REFERENCE missing_9853 0
REFERENCE sym_k0023 0
REFERENCE sym_k0000 0
REFERENCE sym_k0000 0
REFERENCE sym_k0008 0
REFERENCE sym_k0010 0
REFERENCE sym_k0000 0
REFERENCE sym_k0049 0
REFERENCE sym_k0000 0
REFERENCE sym_k0000 0
REFERENCE sym_k0000 0
REFERENCE sym_k0038 0
REFERENCE missing_9423 0
REFERENCE sym_k0025 0
REFERENCE sym_k0066 0
REFERENCE sym_k0001 0
REFERENCE sym_k0002 0
REFERENCE sym_k0001 0
REFERENCE sym_k0000 0
REFERENCE sym_k0042 0
REFERENCE sym_k0136 0
REFERENCE sym_k0003 0
REFERENCE missing_7094 0
REFERENCE missing_9603 0
REFERENCE sym_k0002 0
REFERENCE missing_6057 0
REFERENCE sym_k0000 0
REFERENCE sym_k0043 0
REFERENCE sym_k0006 0
REFERENCE sym_k0034 0
REFERENCE sym_k0080 0
REFERENCE sym_k0000 0
REFERENCE sym_k0003 0
REFERENCE sym_k0014 0
REFERENCE sym_k0001 0
REFERENCE sym_k0000 0
REFERENCE sym_k0009 0
REFERENCE sym_k0001 0
REFERENCE sym_k0004 0
REFERENCE sym_k0057 0
REFERENCE sym_k0000 0
REFERENCE sym_k0049 0
REFERENCE missing_6880 0
REFERENCE sym_k0002 0
REFERENCE sym_k0041 0
REFERENCE sym_k0000 0
REFERENCE sym_k0001 0
REFERENCE sym_k0002 0
REFERENCE sym_k0022 0
REFERENCE sym_k0000 0
REFERENCE sym_k0004 0
REFERENCE sym_k0009 0
REFERENCE sym_k0031 0
REFERENCE sym_k0003 0
REFERENCE sym_k0001 0
REFERENCE sym_k0001 0
REFERENCE sym_k0023 0
REFERENCE sym_k0002 0
REFERENCE sym_k0000 0
REFERENCE sym_k0021 0
REFERENCE sym_k0041 0
REFERENCE sym_k0000 0
REFERENCE sym_k0000 0
REFERENCE sym_k0005 0
REFERENCE sym_k0012 0
REFERENCE sym_k0000 0
REFERENCE sym_k0008 0
REFERENCE sym_k0000 0
REFERENCE sym_k0001 0
REFERENCE sym_k0010 0
DECLARE sym_k0076 2 0
REFERENCE sym_k0207 0
REFERENCE sym_k0000 0
REFERENCE missing_1636 0
REFERENCE sym_k0001 0
REFERENCE sym_k0006 0
REFERENCE sym_k0000 0
REFERENCE sym_k0000 0
REFERENCE sym_k0001 0
REFERENCE sym_k0002 0
REFERENCE sym_k0000 0
REFERENCE sym_k0000 0
REFERENCE sym_k0001 0
REFERENCE sym_k0000 0
REFERENCE missing_4036 0
REFERENCE sym_k0000 0
REFERENCE sym_k0003 0
REFERENCE sym_k0019 0
REFERENCE sym_k0003 0
REFERENCE sym_k0000 0
REFERENCE missing_5106 0
REFERENCE sym_k0003 0
DECLARE sym_k0269 15 0
REFERENCE sym_k0008 0
REFERENCE sym_k0010 0
REFERENCE sym_k0002 0
REFERENCE sym_k0045 0
REFERENCE sym_k0000 0
REFERENCE sym_k0008 0
REFERENCE sym_k0002 0
REFERENCE sym_k0001 0
REFERENCE sym_k0002 0
REFERENCE sym_k0001 0
REFERENCE sym_k0000 0
REFERENCE sym_k0030 0
REFERENCE sym_k0001 0
REFERENCE sym_k0005 0
REFERENCE sym_k0001 0
REFERENCE sym_k0019 0
REFERENCE sym_k0000 0
REFERENCE sym_k0000 0
REFERENCE sym_k0001 0
REFERENCE sym_k0001 0
REFERENCE sym_k0000 0
REFERENCE sym_k0001 0
REFERENCE sym_k0000 0
REFERENCE sym_k0003 0
REFERENCE sym_k0000 0
REFERENCE missing_2832 0
REFERENCE sym_k0000 0
REFERENCE sym_k0009 0
REFERENCE sym_k0007 0
REFERENCE sym_k0000 0
REFERENCE sym_k0000 0
REFERENCE sym_k0002 0
REFERENCE sym_k0006 0
REFERENCE sym_k0019 0
REFERENCE missing_8894 0
REFERENCE sym_k0204 0
REFERENCE sym_k0000 0
DECLARE sym_k0100 11 0
REFERENCE missing_1093 0
REFERENCE missing_5679 0
REFERENCE sym_k0006 0
REFERENCE sym_k0001 0
DECLARE sym_k0190 11 0
REFERENCE sym_k0004 0
REFERENCE sym_k0045 0
REFERENCE missing_9067 0
REFERENCE sym_k0018 0
REFERENCE sym_k0004 0
REFERENCE sym_k0034 0
REFERENCE sym_k0012 0
REFERENCE sym_k0086 0
REFERENCE sym_k0000 0
REFERENCE sym_k0000 0
REFERENCE sym_k0025 0
REFERENCE sym_k0026 0
REFERENCE sym_k0186 0
REFERENCE missing_5092 0
REFERENCE sym_k0045 0
REFERENCE sym_k0000 0
REFERENCE sym_k0000 0
REFERENCE sym_k0002 0
REFERENCE sym_k0006 0
REFERENCE missing_2602 0
REFERENCE sym_k0000 0
REFERENCE sym_k0010 0
REFERENCE sym_k0006 0
REFERENCE sym_k0007 0
REFERENCE missing_4439 0
REFERENCE sym_k0000 0
REFERENCE sym_k0001 0
REFERENCE sym_k0010 0
REFERENCE sym_k0005 0
REFERENCE sym_k0003 0
REFERENCE sym_k0000 0
REFERENCE sym_k0004 0
REFERENCE sym_k0000 0
REFERENCE sym_k0030 0
REFERENCE sym_k0000 0
REFERENCE sym_k0003 0
REFERENCE sym_k0002 0
REFERENCE sym_k0003 0
REFERENCE missing_3367 0
REFERENCE sym_k0000 0
REFERENCE sym_k0039 0
REFERENCE sym_k0005 0
REFERENCE sym_k0000 0
REFERENCE sym_k0000 0
REFERENCE sym_k0006 0
REFERENCE missing_3121 0
REFERENCE sym_k0003 0
REFERENCE sym_k0000 0
REFERENCE missing_6580 0
REFERENCE missing_6903 0
REFERENCE missing_7234 0
REFERENCE sym_k0000 0
REFERENCE missing_4685 0
REFERENCE sym_k0100 0
REFERENCE sym_k0000 0
REFERENCE sym_k0000 0
REFERENCE missing_1238 0
REFERENCE sym_k0000 0
REFERENCE sym_k0001 0
REFERENCE missing_2260 0
REFERENCE sym_k0002 0
REFERENCE sym_k0004 0
REFERENCE sym_k0000 0
REFERENCE sym_k0000 0
REFERENCE sym_k0000 0
REFERENCE sym_k0000 0
REFERENCE sym_k0014 0
REFERENCE sym_k0021 0
REFERENCE sym_k0022 0
REFERENCE sym_k0100 0
REFERENCE sym_k0217 0
REFERENCE sym_k0000 0
REFERENCE sym_k0012 0
REFERENCE sym_k0000 0
REFERENCE missing_8349 0
REFERENCE sym_k0004 0
REFERENCE sym_k0000 0
REFERENCE sym_k0004 0
REFERENCE missing_3225 0
REFERENCE sym_k0003 0
REFERENCE sym_k0000 0
REFERENCE sym_k0011 0
REFERENCE sym_k0032 0
REFERENCE sym_k0032 0
REFERENCE sym_k0000 0
REFERENCE sym_k0026 0
REFERENCE sym_k0003 0
REFERENCE sym_k0014 0
REFERENCE sym_k0004 0
REFERENCE sym_k0006 0
REFERENCE sym_k0000 0
REFERENCE sym_k0000 0
REFERENCE sym_k0000 0
REFERENCE sym_k0003 0
REFERENCE sym_k0021 0
REFERENCE sym_k0000 0
REFERENCE sym_k0010 0
REFERENCE sym_k0044 0
REFERENCE sym_k0011 0
REFERENCE sym_k0003 0
REFERENCE sym_k0010 0
REFERENCE sym_k0002 0
REFERENCE sym_k0037 0
REFERENCE sym_k0019 0
REFERENCE sym_k0136 0
REFERENCE sym_k0000 0
REFERENCE sym_k0001 0
REFERENCE sym_k0001 0
REFERENCE sym_k0019 0
REFERENCE sym_k0001 0
REFERENCE sym_k0000 0
REFERENCE sym_k0000 0
REFERENCE sym_k0046 0
REFERENCE sym_k0011 0
REFERENCE sym_k0013 0
REFERENCE sym_k0127 0
REFERENCE sym_k0039 0
REFERENCE sym_k0018 0
REFERENCE sym_k0136 0
REFERENCE sym_k0002 0
REFERENCE sym_k0027 0
REFERENCE sym_k0020 0
REFERENCE sym_k0000 0
REFERENCE sym_k0007 0
REFERENCE sym_k0032 0
REFERENCE sym_k0002 0
REFERENCE sym_k0000 0
REFERENCE sym_k0040 0
REFERENCE sym_k0001 0
REFERENCE sym_k0007 0
REFERENCE sym_k0000 0
REFERENCE sym_k0001 0
REFERENCE sym_k0004 0
REFERENCE missing_8977 0
REFERENCE sym_k0002 0
REFERENCE sym_k0008 0
REFERENCE sym_k0001 0
REFERENCE sym_k0048 0
REFERENCE sym_k0217 0
REFERENCE sym_k0001 0
REFERENCE sym_k0049 0
REFERENCE sym_k0020 0
REFERENCE sym_k0014 0
REFERENCE sym_k0007 0
REFERENCE sym_k0000 0
REFERENCE sym_k0001 0
REFERENCE sym_k0127 0
REFERENCE sym_k0000 0
REFERENCE sym_k0040 0
REFERENCE sym_k0035 0
REFERENCE sym_k0000 0
REFERENCE sym_k0016 0
REFERENCE sym_k0046 0
REFERENCE sym_k0010 0
REFERENCE sym_k0000 0
REFERENCE sym_k0000 0
REFERENCE sym_k0023 0
REFERENCE sym_k0000 0
REFERENCE missing_9050 0
REFERENCE sym_k0001 0
REFERENCE sym_k0136 0
REFERENCE sym_k0001 0
REFERENCE sym_k0000 0
REFERENCE missing_1646 0
REFERENCE sym_k0011 0
REFERENCE sym_k0027 0
REFERENCE sym_k0080 0
REFERENCE sym_k0067 0
REFERENCE sym_k0038 0
REFERENCE sym_k0046 0
REFERENCE sym_k0000 0
REFERENCE sym_k0000 0
REFERENCE sym_k0001 0
REFERENCE missing_4060 0
REFERENCE sym_k0006 0
REFERENCE sym_k0009 0
REFERENCE missing_7255 0
REFERENCE sym_k0001 0
REFERENCE sym_k0004 0
REFERENCE sym_k0003 0
REFERENCE sym_k0006 0
REFERENCE sym_k0000 0
REFERENCE sym_k0086 0
REFERENCE sym_k0066 0
REFERENCE sym_k0000 0
REFERENCE sym_k0000 0
REFERENCE missing_2161 0
REFERENCE sym_k0005 0
REFERENCE sym_k0018 0
REFERENCE sym_k0039 0
REFERENCE sym_k0000 0
REFERENCE sym_k0000 0
EXIT_SCOPE 0
