# ColliScope Generated Random Trace
# Parameters: seed=52, scope=nested, type=declaration-heavy, load_factor=0.7
ENTER_SCOPE 0
DECLARE zbs_00000 16 0
DECLARE wja_00001 5 0
DECLARE ezk_00002 6 0
DECLARE zla_00003 18 0
DECLARE kab_00004 6 0
DECLARE mqm_00005 16 0
DECLARE kwx_00006 13 0
DECLARE yor_00007 12 0
DECLARE odn_00008 17 0
DECLARE shi_00009 14 0
DECLARE vrl_00010 1 0
DECLARE ffs_00011 16 0
DECLARE led_00012 6 0
DECLARE cqf_00013 7 0
DECLARE olo_00014 7 0
DECLARE dyw_00015 19 0
DECLARE lyv_00016 8 0
DECLARE nvr_00017 13 0
DECLARE nrb_00018 5 0
DECLARE bqa_00019 9 0
DECLARE bbn_00020 5 0
DECLARE ctj_00021 1 0
DECLARE dlb_00022 18 0
DECLARE ddc_00023 8 0
DECLARE ifg_00024 5 0
DECLARE cug_00025 3 0
DECLARE xwe_00026 18 0
DECLARE ijj_00027 1 0
DECLARE ekc_00028 8 0
DECLARE vbt_00029 10 0
DECLARE gur_00030 18 0
DECLARE maz_00031 20 0
DECLARE sgr_00032 17 0
DECLARE brm_00033 7 0
DECLARE zbs_00034 20 0
DECLARE xhw_00035 17 0
DECLARE ean_00036 7 0
DECLARE dic_00037 12 0
DECLARE vbn_00038 17 0
DECLARE ugn_00039 10 0
DECLARE nzx_00040 15 0
DECLARE dap_00041 19 0
DECLARE eiz_00042 7 0
DECLARE ads_00043 14 0
DECLARE sel_00044 7 0
DECLARE ckk_00045 15 0
DECLARE tcm_00046 16 0
DECLARE yrk_00047 8 0
DECLARE qcz_00048 10 0
DECLARE osw_00049 4 0
REFERENCE dyw_00015 0
REFERENCE zbs_00000 0
DECLARE nxt_00050 1 0
REFERENCE vrl_00010 0
REFERENCE led_00012 0
DECLARE uxm_00051 18 0
DECLARE cui_00052 14 0
ENTER_SCOPE 1 0
DECLARE uee_00053 4 1
DECLARE acf_00054 13 1
DECLARE led_00012 19 1
DECLARE wzp_00055 4 1
DECLARE dkn_00056 6 1
REFERENCE cui_00052 1
DECLARE iqp_00057 14 1
DECLARE oin_00058 18 1
REFERENCE iqp_00057 1
DECLARE bng_00059 12 1
DECLARE qog_00060 11 1
REFERENCE odn_00008 1
DECLARE aej_00061 13 1
DECLARE eeb_00062 15 1
REFERENCE dap_00041 1
REFERENCE xhw_00035 1
DECLARE blx_00063 1 1
REFERENCE missing_2870 1
DECLARE xwe_00026 10 1
ENTER_SCOPE 2 1
DECLARE tkf_00064 15 2
DECLARE rio_00065 4 2
DECLARE zii_00066 17 2
REFERENCE eeb_00062 2
DECLARE vmp_00067 7 2
DECLARE iqp_00057 7 2
DECLARE uck_00068 6 2
REFERENCE ckk_00045 2
REFERENCE uee_00053 2
DECLARE luq_00069 16 2
REFERENCE lyv_00016 2
REFERENCE yor_00007 2
DECLARE mft_00070 13 2
DECLARE yth_00071 18 2
DECLARE goy_00072 6 2
DECLARE knf_00073 15 2
DECLARE bdu_00074 18 2
REFERENCE knf_00073 2
DECLARE vsd_00075 12 2
DECLARE tow_00076 4 2
DECLARE bng_00059 13 2
REFERENCE xwe_00026 2
REFERENCE led_00012 2
DECLARE evj_00077 10 2
ENTER_SCOPE 3 2
EXIT_SCOPE 3
EXIT_SCOPE 2
REFERENCE dic_00037 1
EXIT_SCOPE 1
DECLARE fri_00078 11 0
DECLARE edb_00079 7 0
REFERENCE lyv_00016 0
REFERENCE ean_00036 0
REFERENCE nrb_00018 0
DECLARE mkf_00080 17 0
REFERENCE tcm_00046 0
REFERENCE dlb_00022 0
DECLARE cbw_00081 5 0
REFERENCE cug_00025 0
DECLARE cyl_00082 2 0
REFERENCE xhw_00035 0
DECLARE sza_00083 4 0
DECLARE ctw_00084 1 0
REFERENCE dlb_00022 0
DECLARE xkc_00085 20 0
DECLARE hrn_00086 3 0
DECLARE rnx_00087 11 0
REFERENCE qcz_00048 0
ENTER_SCOPE 4 0
DECLARE pxm_00088 19 4
DECLARE dtu_00089 4 4
DECLARE nda_00090 3 4
DECLARE zjw_00091 15 4
REFERENCE cbw_00081 4
DECLARE ugn_00039 19 4
DECLARE jju_00092 9 4
DECLARE xpq_00093 2 4
DECLARE lhd_00094 2 4
DECLARE wja_00001 1 4
EXIT_SCOPE 4
DECLARE kfp_00095 10 0
DECLARE cay_00096 1 0
DECLARE ogl_00097 9 0
DECLARE sac_00098 9 0
DECLARE rgj_00099 17 0
DECLARE fnw_00100 16 0
REFERENCE zbs_00000 0
ENTER_SCOPE 5 0
DECLARE sbs_00101 8 5
REFERENCE ifg_00024 5
DECLARE qub_00102 14 5
DECLARE kfp_00095 14 5
DECLARE lkp_00103 3 5
EXIT_SCOPE 5
DECLARE mpp_00104 18 0
DECLARE mqd_00105 13 0
REFERENCE missing_1075 0
ENTER_SCOPE 6 0
DECLARE lqn_00106 13 6
REFERENCE rgj_00099 6
REFERENCE bqa_00019 6
DECLARE yrk_00047 15 6
DECLARE lno_00107 2 6
DECLARE gxj_00108 20 6
DECLARE rkw_00109 5 6
REFERENCE ctj_00021 6
REFERENCE uxm_00051 6
REFERENCE lqn_00106 6
EXIT_SCOPE 6
DECLARE tzm_00110 18 0
REFERENCE brm_00033 0
REFERENCE hrn_00086 0
ENTER_SCOPE 7 0
DECLARE gsa_00111 11 7
DECLARE vvx_00112 4 7
DECLARE kab_00004 19 7
DECLARE zgt_00113 7 7
REFERENCE hrn_00086 7
DECLARE gga_00114 8 7
DECLARE hay_00115 7 7
REFERENCE kwx_00006 7
DECLARE xsz_00116 10 7
DECLARE mjq_00117 10 7
EXIT_SCOPE 7
REFERENCE tzm_00110 0
REFERENCE cui_00052 0
DECLARE qbg_00118 1 0
DECLARE kzk_00119 3 0
DECLARE ajp_00120 6 0
REFERENCE odn_00008 0
DECLARE zmb_00121 2 0
DECLARE ohq_00122 8 0
REFERENCE ijj_00027 0
ENTER_SCOPE 8 0
REFERENCE mqm_00005 8
DECLARE bxa_00123 6 8
REFERENCE cay_00096 8
REFERENCE mqd_00105 8
REFERENCE maz_00031 8
DECLARE jdo_00124 5 8
DECLARE eae_00125 2 8
DECLARE maz_00031 5 8
DECLARE sac_00098 9 8
DECLARE nrb_00018 18 8
DECLARE cbw_00081 4 8
DECLARE rnh_00126 4 8
DECLARE mhm_00127 13 8
DECLARE btx_00128 16 8
REFERENCE bqa_00019 8
REFERENCE sza_00083 8
DECLARE lyv_00016 13 8
DECLARE kzk_00119 3 8
DECLARE uft_00129 6 8
REFERENCE nrb_00018 8
DECLARE zpx_00130 12 8
EXIT_SCOPE 8
REFERENCE cui_00052 0
DECLARE uuj_00131 14 0
DECLARE rjn_00132 5 0
REFERENCE xkc_00085 0
DECLARE dyf_00133 13 0
DECLARE dkm_00134 18 0
ENTER_SCOPE 9 0
REFERENCE tzm_00110 9
DECLARE ofn_00135 11 9
DECLARE ggh_00136 5 9
DECLARE eiz_00042 1 9
REFERENCE cqf_00013 9
ENTER_SCOPE 10 9
DECLARE hpc_00137 17 10
DECLARE sah_00138 7 10
REFERENCE missing_7269 10
DECLARE lnl_00139 5 10
DECLARE phd_00140 7 10
REFERENCE maz_00031 10
REFERENCE nrb_00018 10
REFERENCE odn_00008 10
REFERENCE zmb_00121 10
REFERENCE missing_7500 10
REFERENCE nrb_00018 10
DECLARE agq_00141 11 10
REFERENCE yor_00007 10
EXIT_SCOPE 10
REFERENCE bqa_00019 9
DECLARE adc_00142 11 9
DECLARE lia_00143 17 9
EXIT_SCOPE 9
DECLARE zyl_00144 14 0
ENTER_SCOPE 11 0
DECLARE lxw_00145 1 11
REFERENCE missing_6886 11
DECLARE osw_00049 5 11
ENTER_SCOPE 12 11
REFERENCE xkc_00085 12
REFERENCE ads_00043 12
REFERENCE rjn_00132 12
DECLARE hib_00146 16 12
DECLARE osw_00049 13 12
DECLARE lxw_00145 6 12
REFERENCE ifg_00024 12
DECLARE uuj_00131 2 12
REFERENCE zbs_00000 12
REFERENCE missing_1402 12
REFERENCE missing_9758 12
DECLARE fkc_00147 8 12
DECLARE hao_00148 19 12
DECLARE bvo_00149 4 12
DECLARE sel_00044 11 12
DECLARE sns_00150 20 12
DECLARE fix_00151 6 12
DECLARE iqn_00152 18 12
REFERENCE bbn_00020 12
DECLARE bhu_00153 16 12
DECLARE zvc_00154 19 12
DECLARE nzx_00040 4 12
ENTER_SCOPE 13 12
DECLARE xfd_00155 5 13
REFERENCE nvr_00017 13
DECLARE rcf_00156 15 13
DECLARE wxo_00157 7 13
REFERENCE ffs_00011 13
DECLARE spx_00158 15 13
REFERENCE fkc_00147 13
REFERENCE yor_00007 13
DECLARE uuj_00131 11 13
DECLARE aas_00159 18 13
DECLARE olq_00160 4 13
ENTER_SCOPE 14 13
DECLARE kuh_00161 4 14
REFERENCE hao_00148 14
DECLARE wxo_00157 7 14
DECLARE bgz_00162 10 14
REFERENCE ctj_00021 14
REFERENCE cyl_00082 14
DECLARE oxk_00163 5 14
DECLARE jwu_00164 3 14
REFERENCE kzk_00119 14
DECLARE lqz_00165 14 14
REFERENCE yor_00007 14
DECLARE ipe_00166 10 14
DECLARE onm_00167 7 14
DECLARE isv_00168 2 14
EXIT_SCOPE 14
DECLARE bax_00169 6 13
DECLARE bne_00170 16 13
REFERENCE brm_00033 13
DECLARE unu_00171 1 13
DECLARE eox_00172 6 13
REFERENCE missing_4064 13
REFERENCE qbg_00118 13
DECLARE osw_00049 5 13
DECLARE liv_00173 17 13
DECLARE bhu_00153 15 13
REFERENCE rjn_00132 13
DECLARE hib_00146 7 13
REFERENCE ijj_00027 13
DECLARE lxw_00145 1 13
DECLARE tgh_00174 18 13
DECLARE uki_00175 1 13
DECLARE gow_00176 17 13
REFERENCE iqn_00152 13
REFERENCE cbw_00081 13
DECLARE hao_00148 14 13
DECLARE sns_00150 20 13
REFERENCE sel_00044 13
DECLARE khy_00177 20 13
REFERENCE maz_00031 13
DECLARE gix_00178 9 13
DECLARE rhb_00179 17 13
DECLARE iwq_00180 4 13
DECLARE hym_00181 12 13
DECLARE whc_00182 20 13
DECLARE fix_00151 18 13
DECLARE kzh_00183 13 13
DECLARE sel_00044 15 13
REFERENCE rnx_00087 13
DECLARE ijy_00184 10 13
DECLARE rln_00185 19 13
REFERENCE missing_7609 13
DECLARE ghk_00186 9 13
REFERENCE sza_00083 13
ENTER_SCOPE 15 13
DECLARE hao_00148 17 15
DECLARE ehq_00187 7 15
DECLARE muc_00188 3 15
REFERENCE rcf_00156 15
REFERENCE missing_6230 15
DECLARE qrh_00189 8 15
DECLARE whc_00182 17 15
EXIT_SCOPE 15
DECLARE iqn_00152 5 13
DECLARE gvh_00190 19 13
DECLARE jlk_00191 6 13
EXIT_SCOPE 13
DECLARE sxo_00192 3 12
REFERENCE cay_00096 12
DECLARE rfh_00193 2 12
ENTER_SCOPE 16 12
REFERENCE dap_00041 16
DECLARE voz_00194 1 16
DECLARE pno_00195 19 16
DECLARE hne_00196 19 16
REFERENCE dic_00037 16
REFERENCE wja_00001 16
DECLARE ait_00197 16 16
DECLARE uuz_00198 20 16
DECLARE lsy_00199 2 16
DECLARE fvi_00200 8 16
DECLARE sel_00044 8 16
DECLARE afw_00201 18 16
DECLARE bhu_00153 13 16
REFERENCE nzx_00040 16
REFERENCE uuj_00131 16
REFERENCE rjn_00132 16
DECLARE oax_00202 9 16
DECLARE uuj_00131 8 16
DECLARE nzx_00040 19 16
REFERENCE dkm_00134 16
DECLARE vgx_00203 3 16
ENTER_SCOPE 17 16
DECLARE bhu_00153 13 17
DECLARE fvi_00200 2 17
DECLARE mnk_00204 18 17
DECLARE srn_00205 13 17
DECLARE voz_00194 15 17
DECLARE nib_00206 3 17
DECLARE mmn_00207 20 17
DECLARE dlc_00208 3 17
DECLARE ome_00209 8 17
DECLARE eek_00210 4 17
DECLARE lsy_00199 3 17
DECLARE fpr_00211 15 17
DECLARE afw_00201 16 17
ENTER_SCOPE 18 17
DECLARE gur_00212 5 18
DECLARE lsy_00199 16 18
REFERENCE xwe_00026 18
REFERENCE uuj_00131 18
DECLARE zho_00213 3 18
REFERENCE rgj_00099 18
REFERENCE yrk_00047 18
REFERENCE uxm_00051 18
DECLARE ogy_00214 13 18
DECLARE zdg_00215 5 18
DECLARE eqx_00216 19 18
DECLARE swn_00217 13 18
DECLARE ihu_00218 14 18
REFERENCE sza_00083 18
DECLARE fvi_00200 16 18
REFERENCE ifg_00024 18
REFERENCE fpr_00211 18
REFERENCE fri_00078 18
REFERENCE hne_00196 18
DECLARE maw_00219 12 18
DECLARE weo_00220 19 18
DECLARE loe_00221 19 18
REFERENCE nzx_00040 18
DECLARE sqa_00222 20 18
DECLARE gpw_00223 5 18
DECLARE fpr_00211 4 18
DECLARE mmn_00207 10 18
DECLARE srn_00205 15 18
DECLARE eny_00224 11 18
DECLARE yvk_00225 19 18
REFERENCE lxw_00145 18
REFERENCE missing_5665 18
EXIT_SCOPE 18
DECLARE uuj_00131 12 17
DECLARE djp_00226 9 17
DECLARE hne_00196 14 17
REFERENCE rjn_00132 17
DECLARE uuz_00198 14 17
DECLARE zdk_00227 2 17
ENTER_SCOPE 19 17
DECLARE mue_00228 12 19
REFERENCE qbg_00118 19
ENTER_SCOPE 20 19
DECLARE jhj_00229 9 20
DECLARE mue_00228 12 20
DECLARE vsm_00230 11 20
DECLARE dau_00231 2 20
DECLARE fvi_00200 6 20
DECLARE utx_00232 8 20
DECLARE eek_00210 9 20
DECLARE shc_00233 19 20
DECLARE ete_00234 8 20
ENTER_SCOPE 21 20
DECLARE zex_00235 16 21
DECLARE ogg_00236 15 21
DECLARE qlk_00237 19 21
REFERENCE sac_00098 21
REFERENCE mue_00228 21
DECLARE ten_00238 6 21
REFERENCE ten_00238 21
REFERENCE edb_00079 21
DECLARE mcv_00239 11 21
REFERENCE uxm_00051 21
REFERENCE rnx_00087 21
REFERENCE missing_5323 21
DECLARE shc_00233 18 21
DECLARE wwt_00240 1 21
REFERENCE olo_00014 21
REFERENCE dyf_00133 21
REFERENCE pno_00195 21
DECLARE sfa_00241 4 21
EXIT_SCOPE 21
DECLARE jfy_00242 17 20
DECLARE yxw_00243 7 20
DECLARE lsy_00199 12 20
ENTER_SCOPE 22 20
REFERENCE pno_00195 22
DECLARE rkf_00244 10 22
REFERENCE uuj_00131 22
REFERENCE yrk_00047 22
DECLARE lub_00245 6 22
DECLARE bic_00246 10 22
REFERENCE missing_6443 22
DECLARE pvt_00247 7 22
DECLARE uxf_00248 12 22
DECLARE xny_00249 18 22
DECLARE dau_00231 5 22
DECLARE ete_00234 16 22
DECLARE tju_00250 17 22
DECLARE pqx_00251 17 22
REFERENCE nzx_00040 22
EXIT_SCOPE 22
REFERENCE missing_3337 20
REFERENCE vbn_00038 20
DECLARE sxd_00252 17 20
DECLARE qwi_00253 10 20
DECLARE ted_00254 4 20
DECLARE gzd_00255 3 20
REFERENCE kzk_00119 20
DECLARE vkg_00256 13 20
REFERENCE mnk_00204 20
DECLARE jwf_00257 6 20
DECLARE gzx_00258 9 20
REFERENCE lsy_00199 20
DECLARE aky_00259 6 20
REFERENCE ugn_00039 20
REFERENCE missing_7833 20
REFERENCE zyl_00144 20
DECLARE bhu_00153 10 20
DECLARE rne_00260 2 20
DECLARE vbx_00261 5 20
ENTER_SCOPE 23 20
DECLARE wkq_00262 10 23
DECLARE xez_00263 11 23
DECLARE prf_00264 18 23
DECLARE ahe_00265 4 23
DECLARE jhj_00229 11 23
EXIT_SCOPE 23
DECLARE rip_00266 7 20
DECLARE xen_00267 9 20
DECLARE dlc_00208 17 20
DECLARE afw_00201 4 20
REFERENCE lxw_00145 20
DECLARE toe_00268 4 20
DECLARE zdk_00227 10 20
DECLARE gtb_00269 13 20
REFERENCE sel_00044 20
DECLARE kfb_00270 5 20
REFERENCE kab_00004 20
DECLARE uuz_00198 11 20
REFERENCE kab_00004 20
REFERENCE hib_00146 20
DECLARE clu_00271 14 20
REFERENCE missing_3302 20
DECLARE dme_00272 12 20
REFERENCE jwf_00257 20
DECLARE sqx_00273 11 20
DECLARE krs_00274 18 20
EXIT_SCOPE 20
DECLARE fvi_00200 19 19
REFERENCE cbw_00081 19
REFERENCE cug_00025 19
REFERENCE cqf_00013 19
ENTER_SCOPE 24 19
ENTER_SCOPE 25 24
DECLARE nob_00275 5 25
REFERENCE pno_00195 25
REFERENCE wja_00001 25
REFERENCE sac_00098 25
REFERENCE cbw_00081 25
EXIT_SCOPE 25
DECLARE zus_00276 17 24
DECLARE gbw_00277 18 24
DECLARE uev_00278 2 24
DECLARE fvi_00200 3 24
REFERENCE ijj_00027 24
REFERENCE missing_1158 24
DECLARE mqp_00279 9 24
DECLARE inc_00280 2 24
REFERENCE voz_00194 24
DECLARE rrh_00281 3 24
DECLARE cxw_00282 3 24
DECLARE mue_00228 6 24
DECLARE pra_00283 3 24
REFERENCE voz_00194 24
DECLARE srn_00205 8 24
REFERENCE missing_4853 24
EXIT_SCOPE 24
REFERENCE missing_7726 19
DECLARE hne_00196 1 19
DECLARE ovr_00284 4 19
REFERENCE srn_00205 19
REFERENCE uxm_00051 19
DECLARE twi_00285 17 19
EXIT_SCOPE 19
DECLARE vzh_00286 20 17
DECLARE elp_00287 20 17
DECLARE ucp_00288 8 17
DECLARE pmc_00289 17 17
DECLARE oax_00202 11 17
DECLARE vgx_00203 9 17
DECLARE nzx_00040 5 17
DECLARE sqi_00290 20 17
DECLARE mhm_00291 6 17
REFERENCE missing_7851 17
REFERENCE zbs_00034 17
DECLARE sel_00044 18 17
REFERENCE oax_00202 17
REFERENCE bvo_00149 17
DECLARE pno_00195 1 17
ENTER_SCOPE 26 17
DECLARE giq_00292 15 26
DECLARE ekb_00293 17 26
DECLARE nch_00294 5 26
REFERENCE mhm_00291 26
REFERENCE eiz_00042 26
REFERENCE missing_9389 26
DECLARE tln_00295 7 26
REFERENCE bhu_00153 26
DECLARE afw_00201 20 26
DECLARE oat_00296 17 26
DECLARE srn_00205 4 26
DECLARE yit_00297 9 26
DECLARE itu_00298 10 26
REFERENCE xkc_00085 26
DECLARE ljb_00299 20 26
DECLARE rup_00300 16 26
REFERENCE missing_3178 26
DECLARE urs_00301 12 26
DECLARE nzx_00040 6 26
REFERENCE wja_00001 26
ENTER_SCOPE 27 26
DECLARE wwq_00302 19 27
DECLARE fmf_00303 4 27
DECLARE yit_00297 4 27
REFERENCE dap_00041 27
REFERENCE dyw_00015 27
DECLARE rup_00300 18 27
DECLARE afw_00201 18 27
DECLARE rtj_00304 5 27
DECLARE gkv_00305 20 27
DECLARE srn_00205 2 27
REFERENCE missing_6377 27
DECLARE ovy_00306 6 27
DECLARE hph_00307 9 27
EXIT_SCOPE 27
REFERENCE uuj_00131 26
ENTER_SCOPE 28 26
DECLARE adf_00308 16 28
REFERENCE tzm_00110 28
REFERENCE nzx_00040 28
DECLARE afw_00201 17 28
REFERENCE missing_7460 28
REFERENCE sns_00150 28
DECLARE vdb_00309 9 28
REFERENCE srn_00205 28
REFERENCE shi_00009 28
DECLARE xes_00310 1 28
REFERENCE nzx_00040 28
REFERENCE afw_00201 28
DECLARE itu_00298 6 28
DECLARE uzq_00311 2 28
DECLARE aak_00312 14 28
ENTER_SCOPE 29 28
DECLARE azz_00313 7 29
DECLARE wky_00314 15 29
DECLARE puu_00315 12 29
REFERENCE sac_00098 29
DECLARE aak_00312 4 29
DECLARE cjr_00316 20 29
DECLARE afw_00201 8 29
DECLARE uha_00317 17 29
DECLARE qvc_00318 12 29
REFERENCE missing_3506 29
REFERENCE itu_00298 29
DECLARE mly_00319 18 29
DECLARE xsj_00320 5 29
DECLARE adf_00308 19 29
DECLARE cbg_00321 6 29
DECLARE qde_00322 4 29
DECLARE ioy_00323 20 29
DECLARE ifv_00324 10 29
DECLARE cfb_00325 20 29
DECLARE jgc_00326 4 29
REFERENCE ogl_00097 29
DECLARE daq_00327 4 29
REFERENCE qcz_00048 29
EXIT_SCOPE 29
ENTER_SCOPE 30 28
DECLARE afw_00201 13 30
DECLARE sic_00328 11 30
DECLARE opx_00329 13 30
REFERENCE ohq_00122 30
REFERENCE fvi_00200 30
REFERENCE missing_6472 30
DECLARE bsp_00330 15 30
REFERENCE lsy_00199 30
DECLARE fwi_00331 1 30
REFERENCE maz_00031 30
DECLARE tek_00332 9 30
DECLARE rws_00333 7 30
DECLARE nih_00334 16 30
DECLARE jsp_00335 12 30
DECLARE gle_00336 8 30
DECLARE git_00337 11 30
REFERENCE rjn_00132 30
DECLARE adf_00308 18 30
EXIT_SCOPE 30
REFERENCE missing_2890 28
DECLARE uft_00338 4 28
REFERENCE xhw_00035 28
DECLARE ufn_00339 5 28
REFERENCE sel_00044 28
DECLARE nzx_00040 12 28
DECLARE ljb_00299 1 28
REFERENCE vzh_00286 28
DECLARE twz_00340 1 28
REFERENCE bvo_00149 28
DECLARE wsm_00341 4 28
DECLARE mhd_00342 15 28
ENTER_SCOPE 31 28
DECLARE oot_00343 19 31
DECLARE ulo_00344 8 31
REFERENCE qcz_00048 31
DECLARE xmg_00345 3 31
REFERENCE missing_5068 31
EXIT_SCOPE 31
DECLARE nch_00294 18 28
DECLARE ekb_00293 1 28
DECLARE mzk_00346 8 28
REFERENCE pmc_00289 28
DECLARE ifi_00347 15 28
REFERENCE vdb_00309 28
DECLARE giq_00292 20 28
DECLARE zhb_00348 1 28
EXIT_SCOPE 28
DECLARE seo_00349 20 26
DECLARE sqi_00290 19 26
DECLARE lng_00350 3 26
REFERENCE missing_3080 26
DECLARE xxd_00351 8 26
ENTER_SCOPE 32 26
EXIT_SCOPE 32
DECLARE okp_00352 1 26
REFERENCE vgx_00203 26
ENTER_SCOPE 33 26
REFERENCE pmc_00289 33
REFERENCE hao_00148 33
DECLARE pub_00353 5 33
REFERENCE nvr_00017 33
DECLARE nzx_00040 15 33
DECLARE lng_00350 16 33
DECLARE rup_00300 13 33
REFERENCE nvr_00017 33
REFERENCE cbw_00081 33
DECLARE rlm_00354 16 33
REFERENCE missing_3836 33
REFERENCE missing_8398 33
REFERENCE fvi_00200 33
DECLARE yit_00297 7 33
EXIT_SCOPE 33
DECLARE frd_00355 1 26
ENTER_SCOPE 34 26
DECLARE awg_00356 20 34
DECLARE kjl_00357 4 34
REFERENCE ffs_00011 34
DECLARE nzx_00040 12 34
EXIT_SCOPE 34
EXIT_SCOPE 26
DECLARE wrc_00358 8 17
DECLARE hlk_00359 12 17
DECLARE ait_00197 17 17
REFERENCE sel_00044 17
DECLARE gff_00360 19 17
EXIT_SCOPE 17
REFERENCE kfp_00095 16
DECLARE xra_00361 12 16
DECLARE prp_00362 12 16
REFERENCE rnx_00087 16
DECLARE exu_00363 16 16
DECLARE xqs_00364 14 16
DECLARE fcq_00365 18 16
REFERENCE osw_00049 16
REFERENCE xra_00361 16
DECLARE yhs_00366 19 16
DECLARE hpq_00367 11 16
DECLARE tck_00368 15 16
DECLARE fup_00369 19 16
DECLARE iqn_00152 12 16
REFERENCE rgj_00099 16
DECLARE etq_00370 10 16
EXIT_SCOPE 16
ENTER_SCOPE 35 12
DECLARE lxw_00145 20 35
DECLARE wtl_00371 1 35
REFERENCE zyl_00144 35
DECLARE afr_00372 13 35
DECLARE pen_00373 14 35
ENTER_SCOPE 36 35
DECLARE qgb_00374 15 36
ENTER_SCOPE 37 36
DECLARE nrg_00375 9 37
EXIT_SCOPE 37
DECLARE xyj_00376 16 36
REFERENCE lyv_00016 36
REFERENCE fnw_00100 36
DECLARE upv_00377 11 36
REFERENCE missing_8791 36
DECLARE kqb_00378 20 36
REFERENCE sel_00044 36
DECLARE uhr_00379 5 36
DECLARE rhu_00380 15 36
ENTER_SCOPE 38 36
REFERENCE uuj_00131 38
DECLARE imq_00381 20 38
DECLARE upv_00377 2 38
DECLARE ces_00382 18 38
DECLARE uhx_00383 8 38
REFERENCE brm_00033 38
DECLARE rzu_00384 11 38
REFERENCE odn_00008 38
ENTER_SCOPE 39 38
EXIT_SCOPE 39
REFERENCE eiz_00042 38
DECLARE vjo_00385 19 38
DECLARE qgb_00374 12 38
DECLARE xbo_00386 15 38
DECLARE aks_00387 10 38
DECLARE gzt_00388 7 38
REFERENCE sac_00098 38
REFERENCE hib_00146 38
DECLARE xyj_00376 2 38
REFERENCE bbn_00020 38
REFERENCE rnx_00087 38
DECLARE tnj_00389 9 38
REFERENCE fri_00078 38
DECLARE rhu_00380 20 38
DECLARE kqb_00378 4 38
DECLARE uhr_00379 19 38
DECLARE ngl_00390 8 38
DECLARE afr_00372 17 38
DECLARE zjm_00391 9 38
DECLARE ogs_00392 6 38
ENTER_SCOPE 40 38
EXIT_SCOPE 40
DECLARE uyn_00393 5 38
DECLARE hkb_00394 14 38
DECLARE lxw_00145 3 38
DECLARE hal_00395 16 38
REFERENCE vbn_00038 38
REFERENCE rjn_00132 38
DECLARE wtl_00371 12 38
DECLARE kgt_00396 5 38
REFERENCE xhw_00035 38
DECLARE nvb_00397 20 38
DECLARE pen_00373 7 38
REFERENCE missing_1397 38
DECLARE hrp_00398 7 38
DECLARE czy_00399 11 38
DECLARE uuj_00131 17 38
REFERENCE lxw_00145 38
EXIT_SCOPE 38
DECLARE pkl_00400 16 36
DECLARE noi_00401 14 36
DECLARE pen_00373 6 36
REFERENCE zbs_00034 36
DECLARE git_00402 7 36
DECLARE oyw_00403 12 36
ENTER_SCOPE 41 36
ENTER_SCOPE 42 41
DECLARE vnr_00404 2 42
DECLARE ftb_00405 12 42
DECLARE git_00402 20 42
REFERENCE yrk_00047 42
DECLARE obq_00406 16 42
DECLARE ouf_00407 19 42
REFERENCE ajp_00120 42
REFERENCE fkc_00147 42
DECLARE oyw_00403 9 42
DECLARE njw_00408 19 42
DECLARE faq_00409 10 42
DECLARE yzr_00410 19 42
DECLARE kxi_00411 4 42
DECLARE ifg_00412 18 42
DECLARE kqb_00378 1 42
DECLARE tqk_00413 8 42
DECLARE hiu_00414 4 42
DECLARE qgb_00374 6 42
DECLARE baf_00415 8 42
REFERENCE ugn_00039 42
REFERENCE lxw_00145 42
DECLARE rhu_00380 1 42
REFERENCE sel_00044 42
ENTER_SCOPE 43 42
REFERENCE zyl_00144 43
DECLARE cnb_00416 1 43
REFERENCE ifg_00024 43
EXIT_SCOPE 43
REFERENCE dyw_00015 42
DECLARE msp_00417 6 42
DECLARE pkl_00400 17 42
REFERENCE ctj_00021 42
REFERENCE missing_1313 42
DECLARE ghf_00418 2 42
EXIT_SCOPE 42
REFERENCE tzm_00110 41
DECLARE kqb_00378 16 41
DECLARE ejp_00419 5 41
REFERENCE bqa_00019 41
DECLARE jwa_00420 11 41
DECLARE xyj_00376 7 41
DECLARE noi_00401 6 41
DECLARE xky_00421 9 41
DECLARE lyt_00422 2 41
DECLARE git_00402 7 41
REFERENCE uhr_00379 41
DECLARE uhr_00379 4 41
DECLARE pen_00373 7 41
REFERENCE vrl_00010 41
REFERENCE ean_00036 41
ENTER_SCOPE 44 41
REFERENCE odn_00008 44
REFERENCE nrb_00018 44
DECLARE kkw_00423 4 44
DECLARE pen_00373 10 44
REFERENCE lxw_00145 44
DECLARE gxh_00424 12 44
DECLARE ipi_00425 8 44
ENTER_SCOPE 45 44
DECLARE pen_00373 10 45
DECLARE kkw_00423 8 45
DECLARE cts_00426 12 45
REFERENCE xyj_00376 45
DECLARE sns_00427 8 45
DECLARE jrd_00428 4 45
DECLARE ipi_00425 10 45
DECLARE ocr_00429 6 45
DECLARE gxh_00424 13 45
EXIT_SCOPE 45
EXIT_SCOPE 44
ENTER_SCOPE 46 41
DECLARE zas_00430 13 46
DECLARE hjs_00431 12 46
DECLARE yhd_00432 3 46
DECLARE kqb_00378 6 46
REFERENCE missing_8275 46
DECLARE ert_00433 2 46
EXIT_SCOPE 46
DECLARE xsg_00434 11 41
DECLARE ozf_00435 5 41
DECLARE rhu_00380 10 41
EXIT_SCOPE 41
REFERENCE maz_00031 36
DECLARE hap_00436 9 36
EXIT_SCOPE 36
ENTER_SCOPE 47 35
DECLARE dge_00437 14 47
DECLARE bfw_00438 3 47
DECLARE zvi_00439 18 47
DECLARE cgr_00440 18 47
DECLARE wfw_00441 1 47
DECLARE bvc_00442 18 47
REFERENCE edb_00079 47
DECLARE epb_00443 17 47
DECLARE bsx_00444 9 47
ENTER_SCOPE 48 47
DECLARE dge_00437 12 48
DECLARE pwh_00445 12 48
DECLARE xrz_00446 8 48
DECLARE emz_00447 19 48
DECLARE lns_00448 7 48
REFERENCE emz_00447 48
ENTER_SCOPE 49 48
DECLARE psl_00449 7 49
REFERENCE dyw_00015 49
DECLARE ntw_00450 7 49
DECLARE sxj_00451 5 49
REFERENCE xwe_00026 49
ENTER_SCOPE 50 49
DECLARE ntw_00450 17 50
DECLARE psl_00449 13 50
DECLARE zse_00452 4 50
DECLARE rin_00453 15 50
DECLARE ffp_00454 18 50
EXIT_SCOPE 50
DECLARE kye_00455 2 49
REFERENCE xwe_00026 49
REFERENCE gur_00030 49
DECLARE pwh_00445 3 49
EXIT_SCOPE 49
DECLARE vnp_00456 2 48
DECLARE vuj_00457 12 48
DECLARE zvi_00439 4 48
DECLARE vmr_00458 9 48
REFERENCE ctw_00084 48
DECLARE doz_00459 9 48
REFERENCE tzm_00110 48
REFERENCE shi_00009 48
DECLARE gpe_00460 8 48
DECLARE yaz_00461 18 48
DECLARE umv_00462 8 48
DECLARE epb_00443 13 48
REFERENCE ijj_00027 48
DECLARE jrf_00463 10 48
REFERENCE sel_00044 48
DECLARE wpv_00464 6 48
REFERENCE ugn_00039 48
EXIT_SCOPE 48
DECLARE hkb_00465 12 47
REFERENCE ads_00043 47
DECLARE hmo_00466 10 47
REFERENCE missing_1307 47
REFERENCE ads_00043 47
DECLARE jus_00467 15 47
DECLARE wtl_00371 13 47
EXIT_SCOPE 47
REFERENCE iqn_00152 35
REFERENCE missing_7693 35
ENTER_SCOPE 51 35
REFERENCE missing_5332 51
REFERENCE missing_1583 51
DECLARE wtl_00371 3 51
DECLARE oln_00468 1 51
REFERENCE qcz_00048 51
DECLARE afr_00372 16 51
DECLARE qek_00469 16 51
DECLARE icb_00470 11 51
DECLARE nto_00471 9 51
EXIT_SCOPE 51
EXIT_SCOPE 35
EXIT_SCOPE 12
EXIT_SCOPE 11
EXIT_SCOPE 0
