# ColliScope Frequency-Matched Synthetic Trace
# Parameters: seed=83, zipf_s=1.244, scope=flat, type=lookup-heavy, load_factor=0.9
ENTER_SCOPE 0
DECLARE sym_k0000 1 0
DECLARE sym_k0001 2 0
DECLARE sym_k0002 3 0
DECLARE sym_k0003 4 0
DECLARE sym_k0004 5 0
DECLARE sym_k0005 6 0
DECLARE sym_k0006 7 0
DECLARE sym_k0007 8 0
DECLARE sym_k0008 9 0
DECLARE sym_k0009 10 0
DECLARE sym_k0010 1 0
DECLARE sym_k0011 2 0
DECLARE sym_k0012 3 0
DECLARE sym_k0013 4 0
DECLARE sym_k0014 5 0
DECLARE sym_k0015 6 0
DECLARE sym_k0016 7 0
DECLARE sym_k0017 8 0
DECLARE sym_k0018 9 0
DECLARE sym_k0019 10 0
DECLARE sym_k0020 1 0
DECLARE sym_k0021 2 0
DECLARE sym_k0022 3 0
DECLARE sym_k0023 4 0
DECLARE sym_k0024 5 0
DECLARE sym_k0025 6 0
DECLARE sym_k0026 7 0
DECLARE sym_k0027 8 0
DECLARE sym_k0028 9 0
DECLARE sym_k0029 10 0
DECLARE sym_k0030 1 0
DECLARE sym_k0031 2 0
DECLARE sym_k0032 3 0
DECLARE sym_k0033 4 0
DECLARE sym_k0034 5 0
DECLARE sym_k0035 6 0
DECLARE sym_k0036 7 0
DECLARE sym_k0037 8 0
DECLARE sym_k0038 9 0
DECLARE sym_k0039 10 0
DECLARE sym_k0040 1 0
DECLARE sym_k0041 2 0
DECLARE sym_k0042 3 0
DECLARE sym_k0043 4 0
DECLARE sym_k0044 5 0
DECLARE sym_k0045 6 0
DECLARE sym_k0046 7 0
DECLARE sym_k0047 8 0
DECLARE sym_k0048 9 0
DECLARE sym_k0049 10 0
REFERENCE sym_k0001 0
REFERENCE sym_k0000 0
REFERENCE missing_4476 0
REFERENCE sym_k0008 0
REFERENCE sym_k0001 0
REFERENCE sym_k0001 0
REFERENCE sym_k0000 0
REFERENCE sym_k0048 0
REFERENCE sym_k0002 0
REFERENCE sym_k0001 0
REFERENCE missing_1499 0
REFERENCE sym_k0007 0
REFERENCE sym_k0003 0
REFERENCE sym_k0005 0
REFERENCE sym_k0013 0
REFERENCE sym_k0002 0
REFERENCE sym_k0004 0
REFERENCE sym_k0002 0
REFERENCE sym_k0007 0
REFERENCE sym_k0017 0
REFERENCE sym_k0005 0
REFERENCE sym_k0032 0
REFERENCE sym_k0025 0
REFERENCE sym_k0000 0
REFERENCE sym_k0002 0
REFERENCE sym_k0000 0
REFERENCE sym_k0000 0
REFERENCE sym_k0003 0
REFERENCE sym_k0001 0
REFERENCE sym_k0014 0
REFERENCE sym_k0004 0
REFERENCE sym_k0000 0
REFERENCE sym_k0004 0
REFERENCE sym_k0023 0
REFERENCE sym_k0025 0
REFERENCE sym_k0000 0
REFERENCE sym_k0010 0
REFERENCE sym_k0000 0
REFERENCE missing_8587 0
REFERENCE sym_k0000 0
REFERENCE sym_k0011 0
REFERENCE sym_k0000 0
REFERENCE sym_k0000 0
REFERENCE missing_8300 0
REFERENCE sym_k0041 0
REFERENCE sym_k0034 0
REFERENCE missing_1613 0
REFERENCE missing_9371 0
REFERENCE sym_k0017 0
REFERENCE missing_5187 0
REFERENCE sym_k0012 0
REFERENCE sym_k0005 0
REFERENCE sym_k0001 0
REFERENCE sym_k0000 0
REFERENCE sym_k0000 0
REFERENCE missing_2064 0
REFERENCE sym_k0020 0
REFERENCE sym_k0000 0
REFERENCE sym_k0001 0
REFERENCE sym_k0004 0
REFERENCE sym_k0005 0
REFERENCE sym_k0014 0
REFERENCE sym_k0002 0
REFERENCE sym_k0005 0
REFERENCE missing_3591 0
REFERENCE sym_k0039 0
REFERENCE sym_k0001 0
REFERENCE sym_k0009 0
REFERENCE sym_k0023 0
REFERENCE sym_k0000 0
REFERENCE missing_9845 0
REFERENCE sym_k0010 0
REFERENCE sym_k0000 0
REFERENCE sym_k0005 0
REFERENCE sym_k0000 0
REFERENCE sym_k0001 0
REFERENCE sym_k0046 0
REFERENCE sym_k0041 0
REFERENCE missing_4193 0
REFERENCE sym_k0000 0
REFERENCE sym_k0017 0
REFERENCE sym_k0001 0
REFERENCE sym_k0000 0
REFERENCE sym_k0000 0
REFERENCE sym_k0013 0
REFERENCE sym_k0000 0
REFERENCE sym_k0000 0
REFERENCE sym_k0000 0
REFERENCE missing_1387 0
REFERENCE missing_6724 0
REFERENCE sym_k0000 0
REFERENCE sym_k0001 0
REFERENCE sym_k0011 0
REFERENCE sym_k0042 0
REFERENCE sym_k0002 0
REFERENCE sym_k0009 0
REFERENCE sym_k0011 0
REFERENCE sym_k0004 0
REFERENCE sym_k0000 0
REFERENCE sym_k0039 0
REFERENCE sym_k0000 0
REFERENCE sym_k0008 0
REFERENCE sym_k0000 0
REFERENCE sym_k0017 0
REFERENCE sym_k0011 0
REFERENCE sym_k0044 0
REFERENCE missing_7305 0
REFERENCE missing_9072 0
DECLARE sym_k0142 8 0
REFERENCE sym_k0047 0
REFERENCE sym_k0002 0
REFERENCE sym_k0002 0
REFERENCE sym_k0000 0
REFERENCE sym_k0005 0
REFERENCE sym_k0002 0
REFERENCE sym_k0036 0
REFERENCE sym_k0000 0
REFERENCE sym_k0003 0
REFERENCE sym_k0000 0
REFERENCE sym_k0012 0
REFERENCE sym_k0004 0
REFERENCE sym_k0000 0
REFERENCE sym_k0007 0
REFERENCE sym_k0000 0
REFERENCE sym_k0000 0
REFERENCE missing_5312 0
REFERENCE sym_k0005 0
REFERENCE sym_k0000 0
DECLARE sym_k0065 6 0
REFERENCE missing_4792 0
REFERENCE sym_k0010 0
REFERENCE sym_k0035 0
REFERENCE sym_k0016 0
REFERENCE sym_k0003 0
REFERENCE missing_1645 0
REFERENCE missing_3462 0
REFERENCE sym_k0002 0
REFERENCE sym_k0001 0
REFERENCE sym_k0003 0
REFERENCE sym_k0002 0
REFERENCE sym_k0001 0
REFERENCE sym_k0011 0
REFERENCE sym_k0001 0
REFERENCE missing_9271 0
REFERENCE sym_k0001 0
REFERENCE sym_k0000 0
REFERENCE sym_k0030 0
REFERENCE sym_k0001 0
REFERENCE sym_k0000 0
REFERENCE sym_k0001 0
REFERENCE sym_k0045 0
REFERENCE sym_k0005 0
REFERENCE sym_k0003 0
REFERENCE sym_k0001 0
REFERENCE sym_k0017 0
REFERENCE sym_k0000 0
REFERENCE missing_5576 0
REFERENCE sym_k0000 0
REFERENCE sym_k0015 0
REFERENCE sym_k0001 0
REFERENCE sym_k0009 0
REFERENCE missing_9112 0
REFERENCE sym_k0020 0
REFERENCE sym_k0003 0
REFERENCE sym_k0005 0
REFERENCE sym_k0011 0
REFERENCE sym_k0001 0
REFERENCE sym_k0036 0
REFERENCE sym_k0002 0
REFERENCE sym_k0001 0
REFERENCE sym_k0000 0
REFERENCE missing_7472 0
REFERENCE sym_k0000 0
REFERENCE sym_k0002 0
REFERENCE sym_k0000 0
REFERENCE missing_7802 0
REFERENCE sym_k0032 0
REFERENCE missing_4476 0
REFERENCE sym_k0000 0
REFERENCE missing_2564 0
REFERENCE sym_k0011 0
REFERENCE sym_k0003 0
REFERENCE sym_k0001 0
REFERENCE sym_k0001 0
REFERENCE sym_k0002 0
REFERENCE missing_9044 0
REFERENCE sym_k0000 0
REFERENCE sym_k0033 0
REFERENCE sym_k0000 0
REFERENCE sym_k0047 0
REFERENCE sym_k0002 0
REFERENCE missing_4580 0
REFERENCE sym_k0008 0
REFERENCE sym_k0020 0
REFERENCE sym_k0001 0
REFERENCE sym_k0000 0
REFERENCE sym_k0004 0
REFERENCE sym_k0049 0
REFERENCE missing_6664 0
REFERENCE sym_k0002 0
REFERENCE sym_k0019 0
REFERENCE sym_k0000 0
REFERENCE sym_k0001 0
REFERENCE sym_k0026 0
REFERENCE sym_k0000 0
REFERENCE sym_k0005 0
REFERENCE sym_k0009 0
REFERENCE sym_k0000 0
REFERENCE sym_k0002 0
REFERENCE sym_k0002 0
REFERENCE sym_k0000 0
REFERENCE sym_k0001 0
REFERENCE sym_k0047 0
REFERENCE sym_k0001 0
REFERENCE sym_k0000 0
REFERENCE sym_k0004 0
REFERENCE sym_k0045 0
REFERENCE sym_k0000 0
REFERENCE sym_k0002 0
DECLARE sym_k0098 9 0
REFERENCE sym_k0004 0
REFERENCE sym_k0000 0
REFERENCE missing_2983 0
REFERENCE sym_k0002 0
REFERENCE sym_k0000 0
REFERENCE sym_k0002 0
REFERENCE sym_k0005 0
REFERENCE sym_k0003 0
REFERENCE sym_k0000 0
REFERENCE sym_k0037 0
REFERENCE sym_k0000 0
REFERENCE missing_7045 0
REFERENCE sym_k0001 0
REFERENCE sym_k0016 0
REFERENCE sym_k0000 0
REFERENCE sym_k0000 0
REFERENCE sym_k0000 0
REFERENCE sym_k0002 0
REFERENCE sym_k0000 0
REFERENCE sym_k0001 0
REFERENCE sym_k0000 0
REFERENCE missing_7135 0
REFERENCE sym_k0047 0
REFERENCE sym_k0004 0
REFERENCE sym_k0000 0
REFERENCE sym_k0001 0
REFERENCE sym_k0001 0
REFERENCE sym_k0002 0
REFERENCE sym_k0003 0
REFERENCE sym_k0007 0
REFERENCE sym_k0003 0
REFERENCE sym_k0040 0
REFERENCE sym_k0043 0
REFERENCE sym_k0009 0
REFERENCE sym_k0008 0
REFERENCE missing_6258 0
REFERENCE sym_k0011 0
REFERENCE sym_k0024 0
REFERENCE sym_k0000 0
REFERENCE sym_k0005 0
REFERENCE sym_k0000 0
REFERENCE sym_k0022 0
REFERENCE sym_k0000 0
REFERENCE sym_k0004 0
REFERENCE sym_k0018 0
REFERENCE sym_k0005 0
REFERENCE sym_k0000 0
DECLARE sym_k0063 4 0
REFERENCE sym_k0000 0
DECLARE sym_k0055 11 0
REFERENCE sym_k0008 0
REFERENCE sym_k0000 0
REFERENCE sym_k0001 0
REFERENCE sym_k0007 0
REFERENCE sym_k0001 0
REFERENCE sym_k0001 0
REFERENCE sym_k0010 0
REFERENCE sym_k0000 0
REFERENCE missing_6357 0
REFERENCE sym_k0014 0
REFERENCE sym_k0002 0
REFERENCE sym_k0000 0
REFERENCE sym_k0025 0
REFERENCE sym_k0000 0
REFERENCE sym_k0021 0
REFERENCE sym_k0005 0
REFERENCE sym_k0000 0
REFERENCE sym_k0010 0
REFERENCE sym_k0003 0
REFERENCE sym_k0000 0
REFERENCE missing_8035 0
REFERENCE sym_k0009 0
REFERENCE missing_7552 0
REFERENCE sym_k0004 0
REFERENCE missing_3332 0
REFERENCE sym_k0034 0
REFERENCE sym_k0017 0
REFERENCE sym_k0005 0
REFERENCE sym_k0000 0
REFERENCE sym_k0016 0
REFERENCE sym_k0004 0
REFERENCE sym_k0029 0
REFERENCE sym_k0000 0
REFERENCE sym_k0001 0
REFERENCE sym_k0001 0
REFERENCE sym_k0001 0
REFERENCE sym_k0001 0
REFERENCE sym_k0005 0
REFERENCE sym_k0006 0
REFERENCE sym_k0009 0
REFERENCE sym_k0002 0
REFERENCE missing_2069 0
REFERENCE sym_k0098 0
REFERENCE sym_k0028 0
REFERENCE sym_k0041 0
REFERENCE sym_k0029 0
REFERENCE missing_1827 0
REFERENCE missing_8260 0
REFERENCE sym_k0000 0
REFERENCE sym_k0000 0
REFERENCE sym_k0006 0
REFERENCE sym_k0001 0
REFERENCE missing_1998 0
REFERENCE sym_k0000 0
REFERENCE sym_k0028 0
REFERENCE sym_k0001 0
REFERENCE sym_k0000 0
REFERENCE sym_k0003 0
REFERENCE missing_5955 0
REFERENCE sym_k0000 0
REFERENCE sym_k0038 0
REFERENCE sym_k0003 0
REFERENCE sym_k0000 0
REFERENCE sym_k0001 0
REFERENCE sym_k0000 0
REFERENCE sym_k0001 0
REFERENCE sym_k0021 0
REFERENCE sym_k0009 0
REFERENCE sym_k0001 0
REFERENCE sym_k0046 0
REFERENCE sym_k0000 0
REFERENCE sym_k0001 0
REFERENCE sym_k0032 0
REFERENCE sym_k0011 0
REFERENCE sym_k0010 0
REFERENCE missing_2953 0
REFERENCE sym_k0003 0
REFERENCE missing_2291 0
REFERENCE sym_k0000 0
REFERENCE sym_k0065 0
REFERENCE sym_k0008 0
REFERENCE sym_k0022 0
REFERENCE sym_k0006 0
REFERENCE sym_k0005 0
REFERENCE sym_k0003 0
REFERENCE sym_k0003 0
REFERENCE sym_k0019 0
REFERENCE sym_k0024 0
REFERENCE sym_k0000 0
REFERENCE missing_8369 0
REFERENCE missing_1482 0
REFERENCE missing_2565 0
REFERENCE sym_k0000 0
REFERENCE sym_k0000 0
REFERENCE sym_k0002 0
REFERENCE sym_k0011 0
REFERENCE sym_k0000 0
REFERENCE sym_k0028 0
REFERENCE sym_k0023 0
REFERENCE missing_4416 0
REFERENCE missing_8132 0
REFERENCE sym_k0005 0
REFERENCE sym_k0000 0
REFERENCE sym_k0023 0
REFERENCE sym_k0019 0
REFERENCE sym_k0001 0
DECLARE sym_k0179 15 0
REFERENCE sym_k0012 0
REFERENCE sym_k0001 0
REFERENCE missing_5699 0
REFERENCE sym_k0003 0
REFERENCE missing_9818 0
REFERENCE sym_k0008 0
REFERENCE sym_k0002 0
REFERENCE sym_k0021 0
REFERENCE sym_k0021 0
REFERENCE sym_k0002 0
REFERENCE sym_k0026 0
REFERENCE sym_k0034 0
REFERENCE missing_2280 0
REFERENCE missing_3763 0
REFERENCE sym_k0007 0
REFERENCE sym_k0000 0
REFERENCE sym_k0000 0
REFERENCE sym_k0000 0
REFERENCE sym_k0000 0
REFERENCE sym_k0021 0
REFERENCE sym_k0001 0
REFERENCE sym_k0000 0
REFERENCE sym_k0000 0
REFERENCE missing_6574 0
REFERENCE sym_k0000 0
REFERENCE sym_k0007 0
REFERENCE sym_k0002 0
REFERENCE sym_k0000 0
REFERENCE missing_7825 0
REFERENCE missing_4622 0
DECLARE sym_k0126 7 0
REFERENCE sym_k0000 0
REFERENCE sym_k0008 0
REFERENCE sym_k0000 0
REFERENCE missing_8207 0
REFERENCE sym_k0041 0
REFERENCE sym_k0000 0
REFERENCE sym_k0000 0
REFERENCE sym_k0018 0
REFERENCE sym_k0005 0
REFERENCE sym_k0000 0
REFERENCE sym_k0036 0
REFERENCE missing_3516 0
REFERENCE sym_k0049 0
REFERENCE sym_k0012 0
REFERENCE missing_3296 0
REFERENCE sym_k0001 0
REFERENCE sym_k0000 0
REFERENCE sym_k0003 0
REFERENCE sym_k0003 0
REFERENCE sym_k0000 0
REFERENCE sym_k0000 0
REFERENCE sym_k0002 0
REFERENCE sym_k0004 0
REFERENCE sym_k0003 0
REFERENCE sym_k0000 0
REFERENCE sym_k0000 0
REFERENCE sym_k0018 0
REFERENCE sym_k0025 0
REFERENCE sym_k0006 0
REFERENCE sym_k0004 0
REFERENCE sym_k0003 0
REFERENCE sym_k0005 0
REFERENCE missing_3747 0
REFERENCE sym_k0000 0
REFERENCE sym_k0018 0
REFERENCE sym_k0005 0
REFERENCE missing_8949 0
REFERENCE sym_k0001 0
REFERENCE sym_k0004 0
REFERENCE sym_k0000 0
REFERENCE sym_k0009 0
DECLARE sym_k0078 4 0
REFERENCE sym_k0000 0
REFERENCE sym_k0025 0
REFERENCE sym_k0012 0
REFERENCE sym_k0025 0
REFERENCE sym_k0000 0
REFERENCE missing_7012 0
REFERENCE sym_k0001 0
REFERENCE sym_k0046 0
REFERENCE sym_k0000 0
REFERENCE sym_k0003 0
REFERENCE sym_k0007 0
REFERENCE sym_k0002 0
REFERENCE sym_k0000 0
DECLARE sym_k0118 14 0
DECLARE sym_k0173 9 0
REFERENCE missing_3972 0
REFERENCE sym_k0055 0
REFERENCE sym_k0020 0
REFERENCE sym_k0006 0
REFERENCE sym_k0002 0
REFERENCE sym_k0005 0
REFERENCE sym_k0000 0
REFERENCE missing_2105 0
REFERENCE missing_9798 0
REFERENCE sym_k0007 0
REFERENCE missing_7004 0
REFERENCE sym_k0013 0
REFERENCE missing_7012 0
REFERENCE sym_k0000 0
REFERENCE sym_k0000 0
REFERENCE sym_k0030 0
REFERENCE sym_k0027 0
REFERENCE sym_k0007 0
REFERENCE sym_k0000 0
REFERENCE sym_k0118 0
REFERENCE missing_9430 0
REFERENCE sym_k0003 0
REFERENCE sym_k0015 0
REFERENCE sym_k0022 0
REFERENCE sym_k0000 0
REFERENCE sym_k0000 0
REFERENCE sym_k0001 0
REFERENCE sym_k0000 0
REFERENCE missing_2046 0
REFERENCE sym_k0005 0
REFERENCE sym_k0005 0
REFERENCE missing_3139 0
REFERENCE sym_k0003 0
REFERENCE sym_k0004 0
REFERENCE sym_k0045 0
REFERENCE sym_k0001 0
REFERENCE sym_k0029 0
REFERENCE sym_k0000 0
REFERENCE sym_k0003 0
REFERENCE sym_k0022 0
REFERENCE sym_k0036 0
REFERENCE sym_k0039 0
REFERENCE missing_8714 0
REFERENCE sym_k0023 0
DECLARE sym_k0120 1 0
REFERENCE sym_k0024 0
REFERENCE sym_k0000 0
REFERENCE sym_k0049 0
REFERENCE missing_6038 0
REFERENCE sym_k0022 0
REFERENCE sym_k0036 0
REFERENCE sym_k0000 0
REFERENCE sym_k0000 0
REFERENCE sym_k0009 0
REFERENCE sym_k0003 0
REFERENCE sym_k0035 0
REFERENCE sym_k0005 0
REFERENCE sym_k0000 0
REFERENCE sym_k0001 0
REFERENCE missing_8034 0
REFERENCE sym_k0000 0
REFERENCE sym_k0002 0
REFERENCE missing_6689 0
REFERENCE sym_k0000 0
REFERENCE sym_k0000 0
REFERENCE sym_k0001 0
REFERENCE sym_k0004 0
REFERENCE sym_k0003 0
REFERENCE sym_k0017 0
REFERENCE sym_k0003 0
REFERENCE sym_k0035 0
REFERENCE missing_3052 0
REFERENCE sym_k0173 0
REFERENCE sym_k0008 0
REFERENCE sym_k0000 0
REFERENCE sym_k0000 0
REFERENCE sym_k0000 0
REFERENCE sym_k0011 0
REFERENCE sym_k0024 0
REFERENCE sym_k0008 0
REFERENCE sym_k0000 0
REFERENCE sym_k0032 0
REFERENCE sym_k0000 0
REFERENCE sym_k0028 0
REFERENCE sym_k0015 0
REFERENCE missing_8219 0
REFERENCE sym_k0018 0
REFERENCE sym_k0010 0
REFERENCE sym_k0000 0
REFERENCE sym_k0029 0
REFERENCE sym_k0024 0
REFERENCE sym_k0000 0
REFERENCE sym_k0001 0
REFERENCE missing_8094 0
REFERENCE missing_9065 0
REFERENCE missing_8935 0
REFERENCE sym_k0000 0
REFERENCE sym_k0001 0
REFERENCE sym_k0004 0
REFERENCE sym_k0000 0
REFERENCE sym_k0010 0
REFERENCE sym_k0000 0
REFERENCE missing_1830 0
REFERENCE sym_k0002 0
REFERENCE sym_k0002 0
REFERENCE sym_k0004 0
REFERENCE sym_k0004 0
REFERENCE sym_k0013 0
REFERENCE sym_k0026 0
REFERENCE sym_k0000 0
REFERENCE sym_k0015 0
REFERENCE sym_k0003 0
REFERENCE sym_k0001 0
REFERENCE sym_k0002 0
REFERENCE sym_k0003 0
REFERENCE sym_k0003 0
REFERENCE sym_k0042 0
REFERENCE missing_2598 0
REFERENCE sym_k0000 0
REFERENCE sym_k0000 0
REFERENCE sym_k0012 0
REFERENCE missing_9950 0
REFERENCE sym_k0000 0
REFERENCE sym_k0000 0
REFERENCE sym_k0013 0
REFERENCE sym_k0010 0
REFERENCE sym_k0055 0
REFERENCE sym_k0007 0
REFERENCE sym_k0017 0
REFERENCE sym_k0000 0
REFERENCE sym_k0000 0
REFERENCE sym_k0000 0
REFERENCE sym_k0003 0
REFERENCE sym_k0038 0
REFERENCE sym_k0078 0
REFERENCE sym_k0126 0
REFERENCE sym_k0000 0
REFERENCE sym_k0003 0
REFERENCE sym_k0008 0
REFERENCE sym_k0003 0
REFERENCE sym_k0048 0
REFERENCE missing_4051 0
REFERENCE missing_3538 0
REFERENCE sym_k0014 0
REFERENCE sym_k0000 0
REFERENCE sym_k0000 0
REFERENCE sym_k0001 0
REFERENCE sym_k0000 0
REFERENCE sym_k0000 0
DECLARE sym_k0106 2 0
REFERENCE sym_k0007 0
REFERENCE sym_k0024 0
REFERENCE sym_k0000 0
REFERENCE sym_k0001 0
REFERENCE sym_k0044 0
REFERENCE sym_k0012 0
REFERENCE sym_k0018 0
REFERENCE sym_k0003 0
REFERENCE sym_k0000 0
REFERENCE sym_k0002 0
REFERENCE sym_k0039 0
REFERENCE sym_k0007 0
REFERENCE sym_k0000 0
REFERENCE sym_k0003 0
REFERENCE sym_k0008 0
REFERENCE sym_k0003 0
REFERENCE sym_k0005 0
REFERENCE sym_k0026 0
REFERENCE sym_k0000 0
REFERENCE sym_k0001 0
REFERENCE missing_5775 0
REFERENCE sym_k0032 0
REFERENCE missing_9727 0
REFERENCE sym_k0003 0
REFERENCE sym_k0035 0
REFERENCE sym_k0006 0
REFERENCE missing_7869 0
REFERENCE missing_1738 0
REFERENCE sym_k0007 0
REFERENCE sym_k0001 0
REFERENCE sym_k0000 0
REFERENCE sym_k0004 0
REFERENCE sym_k0000 0
REFERENCE missing_3027 0
REFERENCE sym_k0004 0
REFERENCE sym_k0000 0
REFERENCE sym_k0013 0
REFERENCE sym_k0029 0
REFERENCE sym_k0001 0
REFERENCE sym_k0001 0
REFERENCE sym_k0005 0
REFERENCE sym_k0036 0
REFERENCE missing_1543 0
REFERENCE sym_k0002 0
REFERENCE sym_k0003 0
REFERENCE sym_k0000 0
REFERENCE sym_k0005 0
REFERENCE sym_k0000 0
REFERENCE sym_k0063 0
REFERENCE sym_k0000 0
REFERENCE sym_k0000 0
REFERENCE missing_1413 0
REFERENCE sym_k0001 0
REFERENCE missing_4898 0
REFERENCE sym_k0000 0
REFERENCE sym_k0016 0
REFERENCE sym_k0000 0
REFERENCE sym_k0001 0
REFERENCE sym_k0002 0
REFERENCE sym_k0017 0
REFERENCE sym_k0012 0
REFERENCE sym_k0000 0
REFERENCE sym_k0055 0
REFERENCE sym_k0029 0
REFERENCE sym_k0000 0
REFERENCE sym_k0006 0
REFERENCE sym_k0000 0
REFERENCE sym_k0000 0
REFERENCE sym_k0003 0
REFERENCE sym_k0012 0
REFERENCE sym_k0000 0
REFERENCE sym_k0003 0
REFERENCE missing_4479 0
REFERENCE sym_k0001 0
REFERENCE sym_k0001 0
DECLARE sym_k0143 9 0
REFERENCE sym_k0022 0
REFERENCE missing_8371 0
REFERENCE sym_k0001 0
REFERENCE sym_k0004 0
REFERENCE sym_k0002 0
REFERENCE sym_k0000 0
REFERENCE sym_k0001 0
REFERENCE sym_k0025 0
REFERENCE missing_3656 0
REFERENCE missing_8198 0
REFERENCE sym_k0000 0
REFERENCE sym_k0036 0
REFERENCE sym_k0013 0
REFERENCE sym_k0013 0
REFERENCE sym_k0027 0
REFERENCE missing_3732 0
REFERENCE sym_k0003 0
REFERENCE sym_k0000 0
REFERENCE sym_k0000 0
REFERENCE sym_k0003 0
REFERENCE sym_k0001 0
REFERENCE sym_k0002 0
REFERENCE sym_k0003 0
REFERENCE sym_k0004 0
REFERENCE sym_k0000 0
REFERENCE sym_k0000 0
REFERENCE sym_k0049 0
REFERENCE sym_k0000 0
REFERENCE sym_k0000 0
REFERENCE sym_k0002 0
REFERENCE sym_k0021 0
REFERENCE sym_k0000 0
REFERENCE sym_k0008 0
REFERENCE sym_k0173 0
REFERENCE sym_k0001 0
REFERENCE sym_k0031 0
REFERENCE sym_k0012 0
REFERENCE missing_5307 0
REFERENCE sym_k0001 0
REFERENCE sym_k0000 0
REFERENCE sym_k0000 0
REFERENCE sym_k0000 0
REFERENCE sym_k0000 0
REFERENCE sym_k0000 0
REFERENCE sym_k0020 0
REFERENCE sym_k0008 0
REFERENCE sym_k0000 0
REFERENCE sym_k0003 0
REFERENCE sym_k0000 0
REFERENCE sym_k0002 0
REFERENCE sym_k0005 0
REFERENCE sym_k0000 0
REFERENCE sym_k0001 0
REFERENCE sym_k0000 0
REFERENCE sym_k0000 0
REFERENCE sym_k0026 0
REFERENCE sym_k0011 0
REFERENCE sym_k0000 0
REFERENCE sym_k0000 0
REFERENCE sym_k0000 0
REFERENCE sym_k0024 0
REFERENCE sym_k0002 0
REFERENCE sym_k0000 0
REFERENCE missing_5266 0
REFERENCE sym_k0106 0
REFERENCE missing_5922 0
REFERENCE missing_7392 0
REFERENCE sym_k0000 0
REFERENCE sym_k0000 0
REFERENCE sym_k0002 0
REFERENCE sym_k0012 0
REFERENCE missing_8248 0
REFERENCE sym_k0000 0
REFERENCE sym_k0000 0
REFERENCE sym_k0000 0
REFERENCE sym_k0001 0
REFERENCE sym_k0027 0
REFERENCE sym_k0009 0
REFERENCE sym_k0005 0
REFERENCE missing_5503 0
REFERENCE sym_k0000 0
REFERENCE sym_k0007 0
REFERENCE sym_k0004 0
REFERENCE sym_k0000 0
REFERENCE sym_k0033 0
REFERENCE sym_k0001 0
REFERENCE sym_k0001 0
REFERENCE sym_k0007 0
REFERENCE sym_k0000 0
REFERENCE sym_k0000 0
REFERENCE sym_k0012 0
DECLARE sym_k0050 6 0
REFERENCE sym_k0000 0
REFERENCE sym_k0007 0
REFERENCE sym_k0001 0
REFERENCE sym_k0000 0
REFERENCE missing_2730 0
REFERENCE sym_k0001 0
REFERENCE sym_k0016 0
REFERENCE missing_4754 0
REFERENCE sym_k0035 0
REFERENCE sym_k0012 0
REFERENCE sym_k0126 0
REFERENCE sym_k0031 0
REFERENCE missing_9437 0
REFERENCE sym_k0000 0
REFERENCE sym_k0000 0
REFERENCE sym_k0000 0
REFERENCE sym_k0003 0
REFERENCE sym_k0006 0
REFERENCE missing_6518 0
REFERENCE missing_4189 0
REFERENCE sym_k0016 0
REFERENCE missing_4283 0
REFERENCE sym_k0006 0
REFERENCE sym_k0018 0
REFERENCE sym_k0008 0
REFERENCE sym_k0012 0
REFERENCE sym_k0003 0
REFERENCE sym_k0002 0
REFERENCE sym_k0014 0
REFERENCE sym_k0006 0
REFERENCE sym_k0002 0
REFERENCE missing_6376 0
REFERENCE sym_k0001 0
REFERENCE sym_k0001 0
REFERENCE sym_k0063 0
REFERENCE sym_k0000 0
REFERENCE missing_1711 0
REFERENCE sym_k0000 0
REFERENCE missing_4326 0
REFERENCE sym_k0000 0
REFERENCE sym_k0000 0
REFERENCE sym_k0008 0
REFERENCE sym_k0001 0
REFERENCE sym_k0000 0
REFERENCE sym_k0000 0
REFERENCE sym_k0106 0
REFERENCE sym_k0000 0
REFERENCE sym_k0003 0
REFERENCE sym_k0035 0
REFERENCE sym_k0041 0
REFERENCE sym_k0002 0
REFERENCE sym_k0003 0
REFERENCE missing_4729 0
REFERENCE missing_6392 0
REFERENCE sym_k0003 0
REFERENCE sym_k0001 0
REFERENCE sym_k0000 0
REFERENCE sym_k0000 0
REFERENCE missing_4210 0
DECLARE sym_k0170 6 0
REFERENCE sym_k0003 0
REFERENCE sym_k0009 0
REFERENCE sym_k0000 0
REFERENCE sym_k0048 0
REFERENCE sym_k0009 0
REFERENCE sym_k0001 0
REFERENCE sym_k0008 0
REFERENCE sym_k0000 0
REFERENCE sym_k0000 0
REFERENCE sym_k0004 0
REFERENCE sym_k0000 0
REFERENCE sym_k0002 0
REFERENCE sym_k0001 0
REFERENCE sym_k0002 0
REFERENCE sym_k0002 0
REFERENCE sym_k0005 0
REFERENCE sym_k0001 0
REFERENCE sym_k0003 0
REFERENCE sym_k0002 0
REFERENCE sym_k0065 0
REFERENCE sym_k0000 0
REFERENCE sym_k0001 0
REFERENCE sym_k0016 0
REFERENCE sym_k0037 0
REFERENCE sym_k0002 0
REFERENCE sym_k0003 0
REFERENCE sym_k0012 0
REFERENCE sym_k0002 0
REFERENCE sym_k0001 0
REFERENCE sym_k0005 0
REFERENCE sym_k0001 0
REFERENCE missing_7858 0
REFERENCE sym_k0004 0
REFERENCE sym_k0002 0
REFERENCE sym_k0003 0
REFERENCE sym_k0000 0
REFERENCE sym_k0142 0
REFERENCE sym_k0000 0
REFERENCE sym_k0047 0
REFERENCE sym_k0012 0
REFERENCE sym_k0001 0
REFERENCE sym_k0000 0
REFERENCE missing_5432 0
REFERENCE sym_k0006 0
REFERENCE sym_k0038 0
REFERENCE sym_k0001 0
DECLARE sym_k0171 7 0
REFERENCE sym_k0000 0
REFERENCE sym_k0011 0
REFERENCE sym_k0034 0
REFERENCE missing_4785 0
DECLARE sym_k0056 12 0
REFERENCE sym_k0002 0
REFERENCE sym_k0007 0
REFERENCE sym_k0002 0
REFERENCE sym_k0000 0
REFERENCE sym_k0001 0
REFERENCE sym_k0019 0
REFERENCE sym_k0002 0
REFERENCE sym_k0006 0
REFERENCE sym_k0024 0
REFERENCE sym_k0003 0
REFERENCE missing_3656 0
REFERENCE sym_k0000 0
REFERENCE sym_k0000 0
REFERENCE sym_k0001 0
REFERENCE missing_9168 0
REFERENCE missing_8660 0
REFERENCE sym_k0000 0
REFERENCE sym_k0001 0
REFERENCE sym_k0002 0
REFERENCE sym_k0002 0
REFERENCE sym_k0000 0
REFERENCE sym_k0007 0
REFERENCE sym_k0025 0
REFERENCE sym_k0000 0
REFERENCE sym_k0003 0
REFERENCE sym_k0000 0
REFERENCE missing_1963 0
REFERENCE missing_3477 0
REFERENCE sym_k0048 0
REFERENCE sym_k0000 0
REFERENCE missing_2515 0
REFERENCE sym_k0002 0
REFERENCE sym_k0098 0
REFERENCE sym_k0007 0
REFERENCE missing_8616 0
REFERENCE sym_k0000 0
REFERENCE sym_k0029 0
REFERENCE missing_8520 0
REFERENCE sym_k0007 0
REFERENCE sym_k0000 0
REFERENCE missing_4339 0
REFERENCE sym_k0002 0
REFERENCE sym_k0000 0
REFERENCE sym_k0000 0
REFERENCE sym_k0002 0
REFERENCE missing_2996 0
REFERENCE sym_k0004 0
REFERENCE sym_k0000 0
REFERENCE sym_k0029 0
REFERENCE sym_k0006 0
REFERENCE sym_k0002 0
REFERENCE sym_k0000 0
REFERENCE sym_k0030 0
REFERENCE sym_k0019 0
REFERENCE sym_k0000 0
EXIT_SCOPE 0
