# ColliScope Frequency-Matched Synthetic Trace
# Parameters: seed=84, zipf_s=1.244, scope=flat, type=mixed, load_factor=0.5
ENTER_SCOPE 0
DECLARE sym_k0000 1 0
DECLARE sym_k0001 2 0
DECLARE sym_k0002 3 0
DECLARE sym_k0003 4 0
DECLARE sym_k0004 5 0
DECLARE sym_k0005 6 0
DECLARE sym_k0006 7 0
DECLARE sym_k0007 8 0
DECLARE sym_k0008 9 0
DECLARE sym_k0009 10 0
DECLARE sym_k0010 1 0
DECLARE sym_k0011 2 0
DECLARE sym_k0012 3 0
DECLARE sym_k0013 4 0
DECLARE sym_k0014 5 0
DECLARE sym_k0015 6 0
DECLARE sym_k0016 7 0
DECLARE sym_k0017 8 0
DECLARE sym_k0018 9 0
DECLARE sym_k0019 10 0
DECLARE sym_k0020 1 0
DECLARE sym_k0021 2 0
DECLARE sym_k0022 3 0
DECLARE sym_k0023 4 0
DECLARE sym_k0024 5 0
DECLARE sym_k0025 6 0
DECLARE sym_k0026 7 0
DECLARE sym_k0027 8 0
DECLARE sym_k0028 9 0
DECLARE sym_k0029 10 0
DECLARE sym_k0030 1 0
DECLARE sym_k0031 2 0
DECLARE sym_k0032 3 0
DECLARE sym_k0033 4 0
DECLARE sym_k0034 5 0
DECLARE sym_k0035 6 0
DECLARE sym_k0036 7 0
DECLARE sym_k0037 8 0
DECLARE sym_k0038 9 0
DECLARE sym_k0039 10 0
DECLARE sym_k0040 1 0
DECLARE sym_k0041 2 0
DECLARE sym_k0042 3 0
DECLARE sym_k0043 4 0
DECLARE sym_k0044 5 0
DECLARE sym_k0045 6 0
DECLARE sym_k0046 7 0
DECLARE sym_k0047 8 0
DECLARE sym_k0048 9 0
DECLARE sym_k0049 10 0
REFERENCE sym_k0018 0
DECLARE sym_k0084 10 0
REFERENCE sym_k0020 0
REFERENCE sym_k0005 0
REFERENCE sym_k0000 0
REFERENCE sym_k0018 0
REFERENCE sym_k0009 0
REFERENCE sym_k0001 0
REFERENCE sym_k0001 0
REFERENCE sym_k0045 0
REFERENCE sym_k0000 0
REFERENCE sym_k0001 0
REFERENCE sym_k0002 0
REFERENCE missing_1763 0
REFERENCE sym_k0001 0
REFERENCE sym_k0001 0
REFERENCE sym_k0020 0
REFERENCE sym_k0001 0
REFERENCE sym_k0005 0
REFERENCE sym_k0000 0
REFERENCE sym_k0002 0
REFERENCE sym_k0024 0
REFERENCE sym_k0044 0
REFERENCE sym_k0001 0
REFERENCE sym_k0000 0
REFERENCE sym_k0018 0
REFERENCE sym_k0001 0
REFERENCE sym_k0000 0
REFERENCE sym_k0001 0
REFERENCE sym_k0001 0
REFERENCE sym_k0000 0
DECLARE sym_k0238 14 0
REFERENCE sym_k0006 0
DECLARE sym_k0081 7 0
REFERENCE sym_k0002 0
REFERENCE sym_k0048 0
REFERENCE sym_k0022 0
REFERENCE sym_k0003 0
REFERENCE sym_k0001 0
REFERENCE sym_k0007 0
DECLARE sym_k0287 3 0
REFERENCE sym_k0014 0
DECLARE sym_k0125 6 0
REFERENCE sym_k0001 0
REFERENCE sym_k0010 0
REFERENCE sym_k0033 0
REFERENCE sym_k0030 0
REFERENCE sym_k0041 0
REFERENCE missing_5676 0
REFERENCE sym_k0004 0
REFERENCE sym_k0007 0
DECLARE sym_k0051 7 0
REFERENCE sym_k0000 0
REFERENCE sym_k0013 0
REFERENCE sym_k0001 0
REFERENCE sym_k0000 0
REFERENCE sym_k0007 0
REFERENCE sym_k0030 0
DECLARE sym_k0243 4 0
REFERENCE sym_k0002 0
REFERENCE sym_k0000 0
REFERENCE sym_k0002 0
REFERENCE sym_k0000 0
REFERENCE sym_k0018 0
REFERENCE sym_k0022 0
REFERENCE sym_k0029 0
REFERENCE missing_2249 0
REFERENCE sym_k0000 0
REFERENCE sym_k0001 0
DECLARE sym_k0255 1 0
REFERENCE sym_k0009 0
DECLARE sym_k0127 8 0
REFERENCE sym_k0001 0
REFERENCE sym_k0003 0
REFERENCE sym_k0000 0
REFERENCE sym_k0000 0
REFERENCE sym_k0000 0
REFERENCE sym_k0000 0
REFERENCE sym_k0000 0
REFERENCE sym_k0003 0
REFERENCE sym_k0000 0
REFERENCE missing_2657 0
REFERENCE sym_k0011 0
REFERENCE sym_k0032 0
REFERENCE sym_k0012 0
REFERENCE sym_k0042 0
REFERENCE sym_k0000 0
REFERENCE sym_k0000 0
REFERENCE sym_k0002 0
REFERENCE sym_k0001 0
REFERENCE sym_k0029 0
REFERENCE sym_k0014 0
REFERENCE sym_k0003 0
REFERENCE sym_k0000 0
DECLARE sym_k0094 5 0
REFERENCE sym_k0042 0
DECLARE sym_k0156 7 0
REFERENCE sym_k0003 0
REFERENCE sym_k0017 0
REFERENCE sym_k0002 0
REFERENCE sym_k0033 0
REFERENCE sym_k0009 0
REFERENCE missing_1010 0
REFERENCE sym_k0001 0
REFERENCE sym_k0021 0
REFERENCE sym_k0000 0
REFERENCE sym_k0019 0
DECLARE sym_k0091 2 0
REFERENCE sym_k0001 0
REFERENCE sym_k0000 0
REFERENCE sym_k0002 0
REFERENCE sym_k0001 0
REFERENCE sym_k0000 0
REFERENCE sym_k0037 0
REFERENCE sym_k0003 0
REFERENCE sym_k0001 0
DECLARE sym_k0174 10 0
REFERENCE sym_k0021 0
REFERENCE sym_k0004 0
REFERENCE sym_k0000 0
REFERENCE sym_k0001 0
DECLARE sym_k0093 4 0
REFERENCE missing_9741 0
REFERENCE sym_k0000 0
REFERENCE missing_3274 0
REFERENCE sym_k0000 0
REFERENCE sym_k0046 0
REFERENCE missing_1582 0
REFERENCE sym_k0000 0
REFERENCE sym_k0044 0
REFERENCE sym_k0039 0
REFERENCE sym_k0001 0
REFERENCE sym_k0002 0
REFERENCE sym_k0001 0
REFERENCE sym_k0001 0
REFERENCE sym_k0000 0
DECLARE sym_k0144 10 0
DECLARE sym_k0083 9 0
REFERENCE sym_k0003 0
REFERENCE sym_k0001 0
REFERENCE sym_k0025 0
REFERENCE sym_k0001 0
REFERENCE sym_k0017 0
REFERENCE sym_k0001 0
REFERENCE sym_k0036 0
REFERENCE sym_k0004 0
REFERENCE sym_k0018 0
REFERENCE sym_k0174 0
REFERENCE sym_k0001 0
DECLARE sym_k0242 3 0
REFERENCE sym_k0029 0
REFERENCE sym_k0003 0
REFERENCE sym_k0007 0
REFERENCE sym_k0041 0
REFERENCE sym_k0000 0
REFERENCE sym_k0000 0
REFERENCE sym_k0091 0
REFERENCE sym_k0001 0
REFERENCE sym_k0004 0
REFERENCE missing_4813 0
REFERENCE missing_6175 0
REFERENCE sym_k0001 0
REFERENCE sym_k0001 0
REFERENCE sym_k0020 0
REFERENCE sym_k0002 0
REFERENCE missing_9650 0
REFERENCE sym_k0009 0
REFERENCE sym_k0003 0
REFERENCE sym_k0002 0
REFERENCE sym_k0015 0
DECLARE sym_k0208 14 0
DECLARE sym_k0153 4 0
REFERENCE sym_k0011 0
REFERENCE sym_k0010 0
REFERENCE sym_k0006 0
REFERENCE sym_k0010 0
DECLARE sym_k0065 6 0
REFERENCE sym_k0012 0
REFERENCE sym_k0009 0
REFERENCE sym_k0005 0
DECLARE sym_k0178 14 0
REFERENCE sym_k0000 0
REFERENCE sym_k0000 0
REFERENCE missing_8183 0
REFERENCE sym_k0020 0
REFERENCE sym_k0242 0
REFERENCE sym_k0010 0
DECLARE sym_k0095 6 0
REFERENCE sym_k0000 0
DECLARE sym_k0167 3 0
REFERENCE sym_k0004 0
REFERENCE sym_k0002 0
REFERENCE sym_k0004 0
REFERENCE sym_k0000 0
REFERENCE sym_k0156 0
REFERENCE sym_k0000 0
REFERENCE sym_k0008 0
REFERENCE sym_k0005 0
REFERENCE sym_k0002 0
REFERENCE sym_k0010 0
REFERENCE sym_k0046 0
REFERENCE sym_k0002 0
REFERENCE sym_k0000 0
REFERENCE sym_k0018 0
REFERENCE sym_k0000 0
REFERENCE missing_1740 0
REFERENCE sym_k0012 0
REFERENCE sym_k0011 0
REFERENCE sym_k0000 0
REFERENCE sym_k0013 0
REFERENCE sym_k0000 0
REFERENCE sym_k0007 0
REFERENCE sym_k0003 0
REFERENCE sym_k0018 0
REFERENCE sym_k0000 0
REFERENCE missing_7604 0
REFERENCE sym_k0027 0
REFERENCE sym_k0019 0
DECLARE sym_k0080 6 0
REFERENCE sym_k0000 0
REFERENCE sym_k0001 0
REFERENCE sym_k0008 0
REFERENCE sym_k0006 0
DECLARE sym_k0155 6 0
REFERENCE sym_k0016 0
REFERENCE sym_k0000 0
REFERENCE sym_k0001 0
REFERENCE sym_k0027 0
DECLARE sym_k0078 4 0
REFERENCE sym_k0002 0
REFERENCE sym_k0003 0
REFERENCE sym_k0002 0
REFERENCE sym_k0006 0
REFERENCE sym_k0010 0
REFERENCE sym_k0001 0
REFERENCE sym_k0001 0
REFERENCE sym_k0000 0
REFERENCE sym_k0041 0
REFERENCE sym_k0001 0
REFERENCE sym_k0007 0
REFERENCE sym_k0000 0
REFERENCE sym_k0013 0
REFERENCE sym_k0000 0
REFERENCE sym_k0000 0
REFERENCE sym_k0003 0
REFERENCE sym_k0018 0
REFERENCE sym_k0003 0
REFERENCE sym_k0000 0
REFERENCE sym_k0017 0
REFERENCE sym_k0002 0
REFERENCE sym_k0003 0
REFERENCE sym_k0000 0
REFERENCE sym_k0001 0
REFERENCE sym_k0002 0
REFERENCE sym_k0000 0
REFERENCE sym_k0003 0
REFERENCE sym_k0002 0
REFERENCE sym_k0008 0
REFERENCE missing_8872 0
REFERENCE sym_k0039 0
REFERENCE sym_k0000 0
REFERENCE sym_k0012 0
REFERENCE sym_k0000 0
REFERENCE sym_k0035 0
REFERENCE sym_k0127 0
REFERENCE sym_k0002 0
REFERENCE sym_k0000 0
REFERENCE sym_k0024 0
REFERENCE sym_k0000 0
REFERENCE sym_k0002 0
REFERENCE sym_k0000 0
REFERENCE sym_k0006 0
REFERENCE missing_7957 0
REFERENCE sym_k0010 0
REFERENCE sym_k0004 0
REFERENCE sym_k0002 0
REFERENCE sym_k0001 0
REFERENCE sym_k0002 0
REFERENCE sym_k0006 0
REFERENCE sym_k0004 0
REFERENCE sym_k0000 0
REFERENCE sym_k0008 0
REFERENCE sym_k0001 0
REFERENCE sym_k0003 0
REFERENCE missing_5239 0
REFERENCE sym_k0014 0
REFERENCE sym_k0044 0
REFERENCE sym_k0008 0
DECLARE sym_k0271 2 0
REFERENCE sym_k0005 0
REFERENCE sym_k0001 0
REFERENCE sym_k0025 0
REFERENCE sym_k0000 0
REFERENCE sym_k0013 0
REFERENCE missing_1194 0
REFERENCE sym_k0001 0
REFERENCE sym_k0004 0
REFERENCE sym_k0011 0
REFERENCE sym_k0012 0
REFERENCE sym_k0001 0
REFERENCE sym_k0000 0
REFERENCE sym_k0003 0
REFERENCE sym_k0000 0
REFERENCE sym_k0002 0
REFERENCE sym_k0000 0
REFERENCE sym_k0004 0
REFERENCE sym_k0000 0
REFERENCE sym_k0002 0
REFERENCE sym_k0000 0
REFERENCE sym_k0000 0
REFERENCE sym_k0001 0
REFERENCE sym_k0018 0
REFERENCE sym_k0000 0
REFERENCE missing_6675 0
REFERENCE sym_k0000 0
REFERENCE sym_k0003 0
REFERENCE sym_k0000 0
REFERENCE sym_k0005 0
REFERENCE sym_k0011 0
REFERENCE sym_k0007 0
DECLARE sym_k0067 8 0
REFERENCE sym_k0000 0
REFERENCE sym_k0009 0
REFERENCE sym_k0156 0
REFERENCE missing_7772 0
REFERENCE missing_9692 0
REFERENCE missing_7200 0
DECLARE sym_k0076 2 0
REFERENCE sym_k0024 0
REFERENCE missing_4455 0
REFERENCE missing_1943 0
REFERENCE sym_k0041 0
REFERENCE sym_k0000 0
REFERENCE sym_k0000 0
REFERENCE sym_k0031 0
REFERENCE sym_k0007 0
REFERENCE sym_k0007 0
REFERENCE sym_k0000 0
REFERENCE sym_k0001 0
REFERENCE sym_k0002 0
REFERENCE sym_k0000 0
REFERENCE missing_7224 0
REFERENCE sym_k0020 0
REFERENCE sym_k0006 0
REFERENCE sym_k0000 0
REFERENCE sym_k0000 0
REFERENCE missing_8417 0
REFERENCE sym_k0155 0
REFERENCE sym_k0000 0
REFERENCE sym_k0000 0
REFERENCE sym_k0155 0
REFERENCE sym_k0003 0
REFERENCE sym_k0011 0
REFERENCE sym_k0000 0
REFERENCE missing_4487 0
REFERENCE sym_k0004 0
REFERENCE sym_k0001 0
REFERENCE missing_6811 0
REFERENCE sym_k0011 0
REFERENCE sym_k0000 0
REFERENCE sym_k0001 0
REFERENCE sym_k0001 0
REFERENCE sym_k0018 0
REFERENCE sym_k0011 0
REFERENCE sym_k0001 0
REFERENCE sym_k0043 0
REFERENCE sym_k0003 0
REFERENCE sym_k0042 0
REFERENCE sym_k0004 0
REFERENCE sym_k0023 0
REFERENCE sym_k0000 0
REFERENCE sym_k0014 0
REFERENCE sym_k0016 0
DECLARE sym_k0117 13 0
REFERENCE sym_k0002 0
REFERENCE sym_k0003 0
REFERENCE sym_k0000 0
REFERENCE missing_1677 0
REFERENCE missing_7619 0
REFERENCE sym_k0029 0
REFERENCE sym_k0003 0
REFERENCE sym_k0007 0
REFERENCE sym_k0014 0
REFERENCE sym_k0005 0
REFERENCE sym_k0009 0
REFERENCE sym_k0046 0
REFERENCE sym_k0038 0
REFERENCE missing_8321 0
REFERENCE sym_k0000 0
REFERENCE sym_k0001 0
REFERENCE sym_k0156 0
REFERENCE sym_k0000 0
REFERENCE sym_k0005 0
REFERENCE sym_k0038 0
REFERENCE missing_7753 0
REFERENCE sym_k0001 0
REFERENCE sym_k0000 0
REFERENCE sym_k0001 0
REFERENCE sym_k0001 0
REFERENCE sym_k0001 0
REFERENCE sym_k0020 0
REFERENCE sym_k0003 0
REFERENCE sym_k0033 0
REFERENCE sym_k0000 0
REFERENCE sym_k0000 0
REFERENCE sym_k0000 0
REFERENCE sym_k0049 0
REFERENCE sym_k0006 0
REFERENCE sym_k0000 0
REFERENCE sym_k0091 0
REFERENCE sym_k0001 0
REFERENCE sym_k0034 0
REFERENCE sym_k0009 0
REFERENCE sym_k0036 0
REFERENCE sym_k0041 0
REFERENCE sym_k0002 0
REFERENCE sym_k0002 0
REFERENCE sym_k0008 0
REFERENCE sym_k0021 0
REFERENCE sym_k0000 0
REFERENCE sym_k0002 0
REFERENCE sym_k0009 0
DECLARE sym_k0234 10 0
REFERENCE sym_k0000 0
REFERENCE sym_k0156 0
REFERENCE sym_k0000 0
REFERENCE sym_k0002 0
REFERENCE sym_k0001 0
REFERENCE sym_k0029 0
REFERENCE sym_k0000 0
REFERENCE missing_6792 0
REFERENCE sym_k0001 0
REFERENCE sym_k0078 0
REFERENCE sym_k0000 0
REFERENCE sym_k0001 0
REFERENCE missing_4833 0
REFERENCE sym_k0000 0
REFERENCE sym_k0000 0
REFERENCE sym_k0007 0
REFERENCE sym_k0002 0
REFERENCE sym_k0029 0
REFERENCE missing_5442 0
DECLARE sym_k0102 13 0
REFERENCE sym_k0006 0
REFERENCE sym_k0034 0
REFERENCE sym_k0000 0
REFERENCE sym_k0005 0
REFERENCE sym_k0000 0
REFERENCE sym_k0000 0
REFERENCE sym_k0000 0
REFERENCE sym_k0023 0
REFERENCE sym_k0003 0
REFERENCE sym_k0000 0
REFERENCE sym_k0020 0
REFERENCE sym_k0010 0
REFERENCE sym_k0000 0
DECLARE sym_k0059 15 0
REFERENCE sym_k0000 0
REFERENCE sym_k0002 0
REFERENCE sym_k0000 0
REFERENCE sym_k0000 0
REFERENCE sym_k0020 0
REFERENCE sym_k0001 0
REFERENCE sym_k0000 0
REFERENCE sym_k0013 0
DECLARE sym_k0297 13 0
REFERENCE sym_k0036 0
REFERENCE sym_k0003 0
REFERENCE missing_8738 0
REFERENCE sym_k0000 0
REFERENCE sym_k0008 0
REFERENCE sym_k0000 0
REFERENCE sym_k0004 0
REFERENCE sym_k0002 0
REFERENCE sym_k0023 0
REFERENCE sym_k0000 0
REFERENCE sym_k0000 0
REFERENCE missing_5453 0
REFERENCE sym_k0005 0
REFERENCE sym_k0003 0
DECLARE sym_k0148 14 0
REFERENCE sym_k0049 0
REFERENCE sym_k0051 0
REFERENCE sym_k0001 0
REFERENCE sym_k0005 0
REFERENCE sym_k0038 0
REFERENCE sym_k0007 0
REFERENCE sym_k0000 0
REFERENCE sym_k0036 0
REFERENCE missing_7844 0
REFERENCE sym_k0000 0
REFERENCE sym_k0001 0
REFERENCE sym_k0001 0
REFERENCE sym_k0017 0
REFERENCE sym_k0000 0
REFERENCE sym_k0000 0
REFERENCE missing_4153 0
REFERENCE sym_k0004 0
REFERENCE sym_k0000 0
REFERENCE missing_7034 0
REFERENCE sym_k0001 0
REFERENCE sym_k0000 0
REFERENCE sym_k0004 0
REFERENCE sym_k0002 0
REFERENCE sym_k0005 0
REFERENCE sym_k0005 0
REFERENCE sym_k0004 0
REFERENCE sym_k0001 0
REFERENCE sym_k0000 0
REFERENCE sym_k0020 0
REFERENCE sym_k0001 0
REFERENCE sym_k0000 0
REFERENCE sym_k0010 0
REFERENCE sym_k0000 0
REFERENCE sym_k0004 0
REFERENCE sym_k0007 0
REFERENCE sym_k0000 0
REFERENCE sym_k0000 0
REFERENCE missing_2192 0
REFERENCE sym_k0000 0
REFERENCE sym_k0001 0
REFERENCE sym_k0006 0
REFERENCE sym_k0016 0
REFERENCE sym_k0013 0
REFERENCE sym_k0000 0
REFERENCE sym_k0078 0
REFERENCE sym_k0010 0
REFERENCE sym_k0012 0
REFERENCE sym_k0001 0
REFERENCE sym_k0001 0
REFERENCE missing_7549 0
REFERENCE sym_k0001 0
REFERENCE sym_k0002 0
REFERENCE sym_k0001 0
REFERENCE missing_4428 0
REFERENCE sym_k0001 0
REFERENCE missing_2989 0
REFERENCE missing_5381 0
REFERENCE sym_k0051 0
REFERENCE sym_k0003 0
REFERENCE sym_k0001 0
REFERENCE sym_k0019 0
REFERENCE missing_1731 0
REFERENCE sym_k0028 0
REFERENCE sym_k0000 0
REFERENCE sym_k0000 0
REFERENCE sym_k0029 0
DECLARE sym_k0089 15 0
REFERENCE missing_9053 0
REFERENCE missing_3156 0
REFERENCE sym_k0012 0
REFERENCE missing_7407 0
REFERENCE sym_k0004 0
REFERENCE sym_k0001 0
REFERENCE sym_k0008 0
REFERENCE sym_k0000 0
REFERENCE missing_7093 0
REFERENCE sym_k0000 0
REFERENCE sym_k0018 0
REFERENCE sym_k0002 0
REFERENCE sym_k0003 0
REFERENCE sym_k0035 0
REFERENCE missing_2991 0
REFERENCE sym_k0032 0
REFERENCE sym_k0000 0
REFERENCE sym_k0000 0
REFERENCE sym_k0012 0
REFERENCE sym_k0000 0
REFERENCE sym_k0000 0
REFERENCE sym_k0000 0
REFERENCE sym_k0000 0
REFERENCE missing_6307 0
REFERENCE sym_k0095 0
REFERENCE sym_k0022 0
REFERENCE sym_k0003 0
REFERENCE sym_k0003 0
REFERENCE sym_k0001 0
REFERENCE sym_k0000 0
REFERENCE sym_k0000 0
REFERENCE sym_k0000 0
REFERENCE sym_k0002 0
REFERENCE missing_5357 0
REFERENCE sym_k0029 0
REFERENCE sym_k0020 0
DECLARE sym_k0197 3 0
REFERENCE missing_7438 0
REFERENCE sym_k0019 0
REFERENCE sym_k0009 0
REFERENCE sym_k0051 0
DECLARE sym_k0224 15 0
DECLARE sym_k0166 2 0
REFERENCE sym_k0008 0
REFERENCE sym_k0000 0
REFERENCE sym_k0007 0
REFERENCE missing_6588 0
REFERENCE missing_6240 0
REFERENCE sym_k0000 0
REFERENCE sym_k0001 0
REFERENCE sym_k0026 0
REFERENCE missing_7536 0
DECLARE sym_k0055 11 0
DECLARE sym_k0100 11 0
REFERENCE sym_k0001 0
REFERENCE sym_k0002 0
REFERENCE missing_7193 0
REFERENCE sym_k0002 0
REFERENCE sym_k0059 0
REFERENCE missing_7512 0
REFERENCE sym_k0089 0
REFERENCE sym_k0012 0
DECLARE sym_k0109 5 0
DECLARE sym_k0258 4 0
REFERENCE sym_k0002 0
REFERENCE sym_k0003 0
REFERENCE sym_k0000 0
REFERENCE sym_k0002 0
REFERENCE sym_k0000 0
REFERENCE sym_k0000 0
REFERENCE sym_k0040 0
REFERENCE sym_k0006 0
REFERENCE missing_8909 0
REFERENCE missing_6659 0
REFERENCE sym_k0002 0
REFERENCE sym_k0000 0
REFERENCE sym_k0023 0
REFERENCE missing_4030 0
REFERENCE sym_k0008 0
REFERENCE sym_k0005 0
REFERENCE sym_k0000 0
REFERENCE sym_k0010 0
REFERENCE sym_k0012 0
REFERENCE sym_k0003 0
REFERENCE sym_k0287 0
REFERENCE sym_k0000 0
DECLARE sym_k0058 14 0
REFERENCE sym_k0006 0
REFERENCE sym_k0000 0
REFERENCE sym_k0038 0
REFERENCE sym_k0001 0
REFERENCE sym_k0002 0
REFERENCE sym_k0034 0
REFERENCE sym_k0000 0
REFERENCE sym_k0015 0
REFERENCE sym_k0002 0
REFERENCE sym_k0000 0
REFERENCE sym_k0003 0
REFERENCE sym_k0058 0
REFERENCE sym_k0000 0
REFERENCE sym_k0018 0
REFERENCE sym_k0076 0
REFERENCE sym_k0049 0
REFERENCE sym_k0000 0
REFERENCE sym_k0002 0
REFERENCE sym_k0100 0
DECLARE sym_k0079 5 0
REFERENCE sym_k0012 0
REFERENCE sym_k0002 0
REFERENCE sym_k0011 0
REFERENCE sym_k0001 0
DECLARE sym_k0225 1 0
DECLARE sym_k0090 1 0
REFERENCE sym_k0001 0
REFERENCE sym_k0002 0
REFERENCE sym_k0001 0
DECLARE sym_k0202 8 0
REFERENCE sym_k0000 0
REFERENCE sym_k0001 0
REFERENCE sym_k0001 0
REFERENCE sym_k0000 0
DECLARE sym_k0207 13 0
REFERENCE sym_k0001 0
REFERENCE sym_k0000 0
REFERENCE sym_k0007 0
REFERENCE sym_k0000 0
REFERENCE sym_k0021 0
REFERENCE sym_k0243 0
REFERENCE sym_k0000 0
REFERENCE sym_k0006 0
REFERENCE sym_k0093 0
DECLARE sym_k0066 7 0
REFERENCE sym_k0000 0
REFERENCE sym_k0027 0
REFERENCE sym_k0005 0
REFERENCE sym_k0008 0
REFERENCE sym_k0009 0
REFERENCE sym_k0000 0
DECLARE sym_k0204 10 0
DECLARE sym_k0151 2 0
REFERENCE sym_k0001 0
REFERENCE missing_3906 0
REFERENCE sym_k0000 0
REFERENCE sym_k0000 0
REFERENCE sym_k0006 0
REFERENCE sym_k0036 0
REFERENCE sym_k0004 0
REFERENCE sym_k0032 0
REFERENCE sym_k0008 0
REFERENCE sym_k0000 0
REFERENCE sym_k0000 0
REFERENCE sym_k0019 0
REFERENCE sym_k0001 0
REFERENCE sym_k0002 0
REFERENCE sym_k0000 0
REFERENCE sym_k0005 0
REFERENCE missing_7168 0
REFERENCE sym_k0011 0
REFERENCE sym_k0000 0
REFERENCE sym_k0048 0
REFERENCE sym_k0000 0
REFERENCE sym_k0000 0
REFERENCE sym_k0025 0
REFERENCE sym_k0007 0
REFERENCE sym_k0091 0
REFERENCE sym_k0255 0
REFERENCE sym_k0006 0
REFERENCE sym_k0011 0
REFERENCE sym_k0002 0
REFERENCE sym_k0153 0
REFERENCE sym_k0001 0
REFERENCE sym_k0008 0
REFERENCE sym_k0029 0
REFERENCE sym_k0079 0
REFERENCE missing_5281 0
REFERENCE sym_k0028 0
REFERENCE sym_k0012 0
REFERENCE sym_k0004 0
REFERENCE sym_k0042 0
REFERENCE sym_k0009 0
REFERENCE sym_k0002 0
REFERENCE sym_k0000 0
REFERENCE sym_k0009 0
REFERENCE sym_k0009 0
REFERENCE sym_k0059 0
REFERENCE sym_k0008 0
REFERENCE sym_k0019 0
REFERENCE sym_k0000 0
REFERENCE sym_k0000 0
REFERENCE sym_k0002 0
REFERENCE sym_k0004 0
REFERENCE sym_k0019 0
REFERENCE sym_k0022 0
REFERENCE sym_k0017 0
REFERENCE sym_k0003 0
REFERENCE missing_3873 0
REFERENCE sym_k0004 0
REFERENCE missing_1211 0
REFERENCE sym_k0034 0
REFERENCE sym_k0004 0
REFERENCE sym_k0000 0
REFERENCE sym_k0005 0
REFERENCE sym_k0000 0
REFERENCE missing_7623 0
REFERENCE sym_k0117 0
DECLARE sym_k0075 1 0
REFERENCE sym_k0000 0
REFERENCE sym_k0000 0
REFERENCE sym_k0021 0
REFERENCE sym_k0004 0
REFERENCE sym_k0016 0
REFERENCE sym_k0234 0
REFERENCE sym_k0006 0
REFERENCE sym_k0005 0
REFERENCE sym_k0012 0
REFERENCE sym_k0005 0
REFERENCE sym_k0011 0
REFERENCE sym_k0018 0
REFERENCE sym_k0007 0
REFERENCE missing_6196 0
DECLARE sym_k0072 13 0
REFERENCE sym_k0002 0
REFERENCE sym_k0001 0
REFERENCE sym_k0026 0
REFERENCE sym_k0000 0
REFERENCE sym_k0000 0
REFERENCE sym_k0043 0
REFERENCE sym_k0005 0
REFERENCE missing_7158 0
REFERENCE sym_k0022 0
REFERENCE sym_k0000 0
REFERENCE sym_k0027 0
REFERENCE sym_k0012 0
REFERENCE sym_k0000 0
REFERENCE sym_k0019 0
REFERENCE sym_k0006 0
REFERENCE sym_k0000 0
REFERENCE sym_k0006 0
REFERENCE missing_4479 0
REFERENCE sym_k0002 0
REFERENCE sym_k0022 0
REFERENCE sym_k0000 0
REFERENCE sym_k0001 0
REFERENCE sym_k0000 0
REFERENCE sym_k0006 0
REFERENCE sym_k0066 0
DECLARE sym_k0113 9 0
REFERENCE sym_k0000 0
REFERENCE sym_k0000 0
REFERENCE sym_k0000 0
REFERENCE sym_k0049 0
REFERENCE sym_k0015 0
REFERENCE sym_k0000 0
REFERENCE sym_k0000 0
REFERENCE sym_k0002 0
REFERENCE sym_k0001 0
REFERENCE sym_k0047 0
REFERENCE sym_k0005 0
REFERENCE missing_9894 0
REFERENCE sym_k0012 0
REFERENCE sym_k0026 0
REFERENCE sym_k0002 0
REFERENCE sym_k0044 0
REFERENCE sym_k0046 0
REFERENCE sym_k0012 0
REFERENCE sym_k0000 0
REFERENCE sym_k0001 0
REFERENCE sym_k0000 0
REFERENCE sym_k0000 0
REFERENCE sym_k0000 0
REFERENCE sym_k0002 0
DECLARE sym_k0062 3 0
REFERENCE sym_k0083 0
REFERENCE missing_8076 0
REFERENCE sym_k0001 0
REFERENCE sym_k0003 0
REFERENCE sym_k0002 0
REFERENCE missing_1362 0
REFERENCE sym_k0002 0
REFERENCE sym_k0049 0
REFERENCE missing_2234 0
REFERENCE sym_k0049 0
REFERENCE sym_k0001 0
REFERENCE sym_k0003 0
REFERENCE sym_k0010 0
REFERENCE sym_k0000 0
REFERENCE sym_k0003 0
REFERENCE sym_k0156 0
REFERENCE sym_k0004 0
REFERENCE sym_k0000 0
REFERENCE missing_9577 0
REFERENCE sym_k0000 0
REFERENCE sym_k0010 0
REFERENCE sym_k0001 0
REFERENCE sym_k0000 0
REFERENCE sym_k0167 0
REFERENCE sym_k0024 0
REFERENCE sym_k0000 0
REFERENCE sym_k0005 0
REFERENCE sym_k0001 0
REFERENCE sym_k0044 0
REFERENCE sym_k0001 0
REFERENCE sym_k0000 0
REFERENCE sym_k0003 0
DECLARE sym_k0217 8 0
REFERENCE sym_k0030 0
REFERENCE sym_k0002 0
REFERENCE sym_k0000 0
REFERENCE sym_k0000 0
REFERENCE sym_k0001 0
REFERENCE sym_k0001 0
REFERENCE sym_k0026 0
REFERENCE sym_k0005 0
REFERENCE sym_k0095 0
DECLARE sym_k0110 6 0
REFERENCE sym_k0000 0
REFERENCE sym_k0000 0
REFERENCE sym_k0029 0
REFERENCE sym_k0000 0
REFERENCE missing_2129 0
REFERENCE sym_k0004 0
REFERENCE sym_k0000 0
REFERENCE sym_k0003 0
REFERENCE sym_k0011 0
REFERENCE sym_k0000 0
REFERENCE sym_k0148 0
REFERENCE sym_k0009 0
REFERENCE sym_k0000 0
REFERENCE sym_k0003 0
REFERENCE sym_k0019 0
REFERENCE sym_k0001 0
REFERENCE sym_k0010 0
REFERENCE sym_k0037 0
REFERENCE missing_1208 0
REFERENCE sym_k0012 0
REFERENCE sym_k0016 0
REFERENCE sym_k0017 0
REFERENCE sym_k0000 0
REFERENCE sym_k0002 0
REFERENCE sym_k0008 0
REFERENCE sym_k0009 0
REFERENCE sym_k0039 0
REFERENCE sym_k0002 0
REFERENCE sym_k0029 0
REFERENCE sym_k0297 0
REFERENCE sym_k0000 0
REFERENCE sym_k0000 0
REFERENCE sym_k0012 0
REFERENCE sym_k0000 0
REFERENCE sym_k0000 0
REFERENCE missing_4694 0
REFERENCE sym_k0000 0
REFERENCE sym_k0001 0
REFERENCE sym_k0000 0
REFERENCE sym_k0024 0
REFERENCE sym_k0013 0
REFERENCE sym_k0035 0
REFERENCE sym_k0047 0
REFERENCE sym_k0046 0
REFERENCE missing_3212 0
DECLARE sym_k0206 12 0
REFERENCE sym_k0002 0
REFERENCE sym_k0000 0
REFERENCE sym_k0001 0
DECLARE sym_k0063 4 0
REFERENCE sym_k0011 0
REFERENCE sym_k0000 0
REFERENCE sym_k0000 0
REFERENCE sym_k0001 0
REFERENCE sym_k0001 0
REFERENCE sym_k0026 0
REFERENCE sym_k0017 0
REFERENCE sym_k0000 0
DECLARE sym_k0082 8 0
REFERENCE sym_k0002 0
REFERENCE sym_k0224 0
REFERENCE sym_k0014 0
REFERENCE sym_k0017 0
REFERENCE sym_k0166 0
REFERENCE sym_k0000 0
REFERENCE sym_k0000 0
REFERENCE sym_k0000 0
REFERENCE sym_k0001 0
REFERENCE missing_1098 0
REFERENCE sym_k0040 0
DECLARE sym_k0168 4 0
REFERENCE sym_k0000 0
REFERENCE sym_k0008 0
REFERENCE missing_1929 0
REFERENCE missing_2356 0
REFERENCE sym_k0008 0
REFERENCE missing_2497 0
REFERENCE sym_k0002 0
REFERENCE sym_k0002 0
REFERENCE sym_k0003 0
REFERENCE sym_k0001 0
REFERENCE sym_k0000 0
REFERENCE sym_k0001 0
REFERENCE sym_k0000 0
REFERENCE sym_k0002 0
REFERENCE sym_k0003 0
DECLARE sym_k0064 5 0
EXIT_SCOPE 0
