# ColliScope Frequency-Matched Synthetic Trace
# Parameters: seed=81, zipf_s=1.244, scope=flat, type=lookup-heavy, load_factor=0.5
ENTER_SCOPE 0
DECLARE sym_k0000 1 0
DECLARE sym_k0001 2 0
DECLARE sym_k0002 3 0
DECLARE sym_k0003 4 0
DECLARE sym_k0004 5 0
DECLARE sym_k0005 6 0
DECLARE sym_k0006 7 0
DECLARE sym_k0007 8 0
DECLARE sym_k0008 9 0
DECLARE sym_k0009 10 0
DECLARE sym_k0010 1 0
DECLARE sym_k0011 2 0
DECLARE sym_k0012 3 0
DECLARE sym_k0013 4 0
DECLARE sym_k0014 5 0
DECLARE sym_k0015 6 0
DECLARE sym_k0016 7 0
DECLARE sym_k0017 8 0
DECLARE sym_k0018 9 0
DECLARE sym_k0019 10 0
DECLARE sym_k0020 1 0
DECLARE sym_k0021 2 0
DECLARE sym_k0022 3 0
DECLARE sym_k0023 4 0
DECLARE sym_k0024 5 0
DECLARE sym_k0025 6 0
DECLARE sym_k0026 7 0
DECLARE sym_k0027 8 0
DECLARE sym_k0028 9 0
DECLARE sym_k0029 10 0
DECLARE sym_k0030 1 0
DECLARE sym_k0031 2 0
DECLARE sym_k0032 3 0
DECLARE sym_k0033 4 0
DECLARE sym_k0034 5 0
DECLARE sym_k0035 6 0
DECLARE sym_k0036 7 0
DECLARE sym_k0037 8 0
DECLARE sym_k0038 9 0
DECLARE sym_k0039 10 0
DECLARE sym_k0040 1 0
DECLARE sym_k0041 2 0
DECLARE sym_k0042 3 0
DECLARE sym_k0043 4 0
DECLARE sym_k0044 5 0
DECLARE sym_k0045 6 0
DECLARE sym_k0046 7 0
DECLARE sym_k0047 8 0
DECLARE sym_k0048 9 0
DECLARE sym_k0049 10 0
REFERENCE sym_k0002 0
REFERENCE sym_k0000 0
REFERENCE sym_k0032 0
REFERENCE sym_k0007 0
REFERENCE sym_k0002 0
REFERENCE sym_k0003 0
REFERENCE sym_k0003 0
REFERENCE sym_k0000 0
REFERENCE sym_k0001 0
REFERENCE sym_k0000 0
REFERENCE sym_k0005 0
REFERENCE sym_k0016 0
REFERENCE sym_k0002 0
REFERENCE sym_k0035 0
REFERENCE sym_k0001 0
REFERENCE sym_k0013 0
REFERENCE sym_k0023 0
REFERENCE sym_k0000 0
REFERENCE sym_k0002 0
REFERENCE sym_k0000 0
REFERENCE sym_k0002 0
REFERENCE sym_k0002 0
REFERENCE sym_k0000 0
REFERENCE missing_5888 0
REFERENCE sym_k0041 0
REFERENCE sym_k0006 0
REFERENCE sym_k0000 0
REFERENCE sym_k0026 0
REFERENCE sym_k0000 0
REFERENCE sym_k0023 0
REFERENCE sym_k0000 0
REFERENCE sym_k0021 0
REFERENCE sym_k0000 0
REFERENCE sym_k0010 0
REFERENCE sym_k0001 0
REFERENCE sym_k0001 0
REFERENCE missing_9441 0
REFERENCE sym_k0001 0
REFERENCE sym_k0040 0
REFERENCE sym_k0000 0
REFERENCE sym_k0000 0
REFERENCE sym_k0001 0
REFERENCE sym_k0000 0
REFERENCE sym_k0023 0
DECLARE sym_k0128 9 0
REFERENCE sym_k0024 0
REFERENCE missing_5982 0
REFERENCE sym_k0032 0
REFERENCE sym_k0000 0
REFERENCE sym_k0001 0
REFERENCE sym_k0000 0
REFERENCE sym_k0023 0
REFERENCE sym_k0001 0
REFERENCE sym_k0000 0
REFERENCE missing_7275 0
REFERENCE sym_k0000 0
REFERENCE sym_k0000 0
REFERENCE sym_k0019 0
REFERENCE sym_k0016 0
REFERENCE sym_k0000 0
REFERENCE sym_k0042 0
REFERENCE sym_k0022 0
REFERENCE sym_k0019 0
REFERENCE sym_k0001 0
REFERENCE sym_k0004 0
REFERENCE sym_k0000 0
DECLARE sym_k0133 14 0
REFERENCE sym_k0001 0
REFERENCE sym_k0007 0
REFERENCE sym_k0001 0
REFERENCE sym_k0000 0
REFERENCE sym_k0000 0
REFERENCE sym_k0000 0
REFERENCE sym_k0001 0
REFERENCE sym_k0010 0
REFERENCE sym_k0000 0
REFERENCE sym_k0039 0
REFERENCE sym_k0002 0
REFERENCE sym_k0034 0
REFERENCE sym_k0004 0
REFERENCE sym_k0001 0
REFERENCE sym_k0023 0
REFERENCE sym_k0000 0
REFERENCE sym_k0000 0
REFERENCE sym_k0000 0
REFERENCE sym_k0000 0
REFERENCE sym_k0004 0
REFERENCE sym_k0000 0
REFERENCE sym_k0016 0
REFERENCE sym_k0000 0
REFERENCE sym_k0000 0
REFERENCE sym_k0004 0
REFERENCE sym_k0010 0
REFERENCE sym_k0000 0
REFERENCE sym_k0000 0
REFERENCE sym_k0001 0
REFERENCE sym_k0007 0
REFERENCE sym_k0001 0
REFERENCE missing_1410 0
REFERENCE missing_9780 0
REFERENCE sym_k0000 0
REFERENCE sym_k0011 0
REFERENCE sym_k0016 0
REFERENCE missing_7414 0
REFERENCE sym_k0001 0
REFERENCE sym_k0025 0
REFERENCE sym_k0001 0
REFERENCE sym_k0002 0
REFERENCE sym_k0001 0
REFERENCE sym_k0000 0
REFERENCE sym_k0003 0
REFERENCE sym_k0024 0
REFERENCE sym_k0000 0
REFERENCE missing_4208 0
REFERENCE sym_k0006 0
REFERENCE sym_k0019 0
REFERENCE sym_k0000 0
REFERENCE missing_4492 0
REFERENCE sym_k0001 0
REFERENCE sym_k0001 0
REFERENCE missing_8275 0
REFERENCE sym_k0017 0
REFERENCE missing_6417 0
REFERENCE sym_k0031 0
REFERENCE missing_7876 0
REFERENCE sym_k0002 0
REFERENCE sym_k0000 0
REFERENCE sym_k0002 0
REFERENCE missing_6452 0
REFERENCE sym_k0000 0
REFERENCE sym_k0005 0
REFERENCE sym_k0000 0
REFERENCE sym_k0002 0
REFERENCE sym_k0001 0
REFERENCE sym_k0006 0
REFERENCE sym_k0015 0
REFERENCE sym_k0007 0
REFERENCE sym_k0000 0
REFERENCE sym_k0005 0
REFERENCE missing_3911 0
REFERENCE sym_k0000 0
REFERENCE sym_k0000 0
REFERENCE sym_k0007 0
REFERENCE sym_k0009 0
REFERENCE sym_k0003 0
REFERENCE sym_k0001 0
REFERENCE missing_4964 0
REFERENCE sym_k0000 0
REFERENCE sym_k0038 0
REFERENCE missing_3550 0
REFERENCE sym_k0001 0
REFERENCE sym_k0002 0
REFERENCE sym_k0025 0
REFERENCE sym_k0006 0
REFERENCE missing_4164 0
REFERENCE sym_k0000 0
REFERENCE sym_k0001 0
REFERENCE sym_k0000 0
REFERENCE sym_k0000 0
REFERENCE sym_k0000 0
REFERENCE missing_2626 0
REFERENCE missing_1998 0
REFERENCE sym_k0002 0
REFERENCE sym_k0000 0
REFERENCE sym_k0023 0
REFERENCE sym_k0009 0
REFERENCE sym_k0008 0
REFERENCE missing_7573 0
REFERENCE sym_k0010 0
REFERENCE sym_k0000 0
REFERENCE sym_k0001 0
REFERENCE sym_k0046 0
REFERENCE sym_k0006 0
REFERENCE missing_3522 0
REFERENCE sym_k0028 0
REFERENCE sym_k0003 0
REFERENCE sym_k0000 0
REFERENCE sym_k0032 0
REFERENCE sym_k0018 0
REFERENCE sym_k0000 0
DECLARE sym_k0058 14 0
REFERENCE sym_k0009 0
REFERENCE missing_9298 0
REFERENCE sym_k0001 0
REFERENCE sym_k0007 0
REFERENCE sym_k0015 0
REFERENCE sym_k0001 0
DECLARE sym_k0056 12 0
REFERENCE sym_k0013 0
REFERENCE sym_k0000 0
REFERENCE sym_k0019 0
REFERENCE sym_k0045 0
REFERENCE sym_k0009 0
REFERENCE missing_2750 0
REFERENCE sym_k0001 0
REFERENCE sym_k0032 0
REFERENCE sym_k0000 0
REFERENCE sym_k0016 0
REFERENCE sym_k0000 0
REFERENCE sym_k0000 0
REFERENCE sym_k0000 0
REFERENCE sym_k0009 0
REFERENCE sym_k0015 0
REFERENCE sym_k0006 0
REFERENCE sym_k0028 0
REFERENCE sym_k0000 0
REFERENCE sym_k0128 0
REFERENCE sym_k0015 0
REFERENCE sym_k0000 0
REFERENCE sym_k0000 0
REFERENCE sym_k0037 0
REFERENCE sym_k0000 0
REFERENCE sym_k0002 0
REFERENCE missing_2154 0
REFERENCE sym_k0000 0
REFERENCE sym_k0000 0
REFERENCE sym_k0038 0
REFERENCE missing_9968 0
REFERENCE sym_k0000 0
REFERENCE sym_k0012 0
REFERENCE sym_k0000 0
REFERENCE sym_k0000 0
REFERENCE sym_k0000 0
REFERENCE sym_k0046 0
REFERENCE sym_k0006 0
REFERENCE sym_k0003 0
REFERENCE missing_5952 0
REFERENCE sym_k0041 0
REFERENCE missing_1201 0
REFERENCE sym_k0039 0
REFERENCE sym_k0002 0
REFERENCE sym_k0018 0
REFERENCE sym_k0004 0
REFERENCE sym_k0024 0
REFERENCE sym_k0001 0
REFERENCE sym_k0002 0
DECLARE sym_k0094 5 0
DECLARE sym_k0061 2 0
REFERENCE sym_k0058 0
REFERENCE sym_k0001 0
REFERENCE sym_k0041 0
REFERENCE sym_k0004 0
REFERENCE sym_k0000 0
REFERENCE sym_k0008 0
REFERENCE sym_k0003 0
REFERENCE sym_k0009 0
DECLARE sym_k0078 4 0
REFERENCE sym_k0009 0
REFERENCE sym_k0000 0
REFERENCE sym_k0000 0
REFERENCE missing_2264 0
REFERENCE sym_k0000 0
REFERENCE sym_k0003 0
REFERENCE sym_k0016 0
REFERENCE sym_k0008 0
REFERENCE sym_k0022 0
REFERENCE sym_k0017 0
REFERENCE sym_k0012 0
REFERENCE sym_k0000 0
REFERENCE sym_k0001 0
REFERENCE missing_2561 0
REFERENCE sym_k0015 0
REFERENCE sym_k0000 0
REFERENCE sym_k0000 0
REFERENCE sym_k0008 0
REFERENCE sym_k0001 0
REFERENCE sym_k0005 0
REFERENCE sym_k0025 0
DECLARE sym_k0296 12 0
REFERENCE sym_k0001 0
REFERENCE sym_k0000 0
REFERENCE missing_2085 0
REFERENCE sym_k0002 0
REFERENCE missing_3781 0
REFERENCE sym_k0008 0
REFERENCE sym_k0028 0
REFERENCE sym_k0012 0
REFERENCE sym_k0000 0
REFERENCE sym_k0000 0
REFERENCE sym_k0000 0
REFERENCE sym_k0006 0
REFERENCE sym_k0002 0
REFERENCE missing_5060 0
REFERENCE sym_k0015 0
REFERENCE sym_k0000 0
REFERENCE sym_k0040 0
REFERENCE sym_k0007 0
DECLARE sym_k0111 7 0
REFERENCE sym_k0006 0
REFERENCE sym_k0000 0
REFERENCE sym_k0011 0
REFERENCE sym_k0002 0
REFERENCE sym_k0002 0
REFERENCE sym_k0043 0
REFERENCE sym_k0011 0
REFERENCE sym_k0005 0
REFERENCE sym_k0000 0
REFERENCE sym_k0001 0
REFERENCE sym_k0000 0
REFERENCE missing_7534 0
REFERENCE sym_k0009 0
REFERENCE sym_k0000 0
REFERENCE sym_k0000 0
REFERENCE sym_k0002 0
REFERENCE sym_k0014 0
REFERENCE sym_k0012 0
REFERENCE sym_k0000 0
REFERENCE sym_k0000 0
REFERENCE sym_k0045 0
REFERENCE sym_k0019 0
REFERENCE sym_k0000 0
REFERENCE sym_k0010 0
REFERENCE sym_k0000 0
REFERENCE sym_k0000 0
REFERENCE missing_6460 0
REFERENCE missing_5387 0
REFERENCE sym_k0000 0
REFERENCE sym_k0039 0
REFERENCE sym_k0000 0
REFERENCE sym_k0049 0
DECLARE sym_k0064 5 0
REFERENCE missing_6591 0
REFERENCE sym_k0000 0
DECLARE sym_k0072 13 0
REFERENCE sym_k0002 0
REFERENCE sym_k0005 0
REFERENCE sym_k0039 0
REFERENCE sym_k0001 0
REFERENCE sym_k0000 0
REFERENCE sym_k0004 0
REFERENCE sym_k0000 0
REFERENCE sym_k0018 0
REFERENCE sym_k0001 0
REFERENCE sym_k0026 0
REFERENCE sym_k0000 0
REFERENCE sym_k0003 0
REFERENCE sym_k0013 0
REFERENCE sym_k0002 0
REFERENCE sym_k0009 0
REFERENCE sym_k0001 0
REFERENCE missing_4615 0
REFERENCE sym_k0046 0
REFERENCE missing_7021 0
REFERENCE sym_k0000 0
REFERENCE missing_9994 0
REFERENCE sym_k0008 0
REFERENCE missing_4009 0
REFERENCE sym_k0002 0
REFERENCE sym_k0000 0
REFERENCE sym_k0005 0
REFERENCE sym_k0001 0
REFERENCE missing_5306 0
REFERENCE sym_k0000 0
REFERENCE sym_k0000 0
REFERENCE sym_k0008 0
REFERENCE sym_k0000 0
REFERENCE sym_k0000 0
REFERENCE sym_k0001 0
REFERENCE sym_k0000 0
DECLARE sym_k0172 8 0
REFERENCE sym_k0004 0
REFERENCE sym_k0020 0
REFERENCE sym_k0001 0
REFERENCE sym_k0001 0
REFERENCE sym_k0004 0
REFERENCE sym_k0022 0
REFERENCE sym_k0019 0
REFERENCE sym_k0023 0
REFERENCE sym_k0025 0
REFERENCE missing_1771 0
REFERENCE missing_1221 0
REFERENCE missing_6159 0
REFERENCE sym_k0002 0
REFERENCE sym_k0009 0
REFERENCE sym_k0005 0
REFERENCE sym_k0002 0
REFERENCE sym_k0001 0
REFERENCE sym_k0005 0
REFERENCE sym_k0000 0
REFERENCE sym_k0030 0
REFERENCE sym_k0028 0
REFERENCE sym_k0000 0
REFERENCE sym_k0047 0
REFERENCE sym_k0003 0
REFERENCE sym_k0004 0
REFERENCE sym_k0016 0
REFERENCE sym_k0035 0
REFERENCE sym_k0002 0
REFERENCE sym_k0010 0
REFERENCE sym_k0014 0
REFERENCE sym_k0000 0
REFERENCE sym_k0006 0
REFERENCE sym_k0044 0
REFERENCE sym_k0000 0
DECLARE sym_k0164 15 0
REFERENCE sym_k0001 0
REFERENCE sym_k0031 0
REFERENCE missing_7522 0
REFERENCE sym_k0023 0
REFERENCE sym_k0010 0
REFERENCE sym_k0001 0
REFERENCE sym_k0030 0
REFERENCE sym_k0023 0
REFERENCE missing_9565 0
REFERENCE sym_k0001 0
REFERENCE sym_k0000 0
REFERENCE sym_k0002 0
REFERENCE sym_k0000 0
REFERENCE sym_k0000 0
REFERENCE sym_k0022 0
REFERENCE sym_k0000 0
REFERENCE sym_k0028 0
REFERENCE sym_k0009 0
REFERENCE missing_9961 0
REFERENCE sym_k0017 0
REFERENCE sym_k0021 0
REFERENCE sym_k0007 0
REFERENCE sym_k0023 0
DECLARE sym_k0062 3 0
REFERENCE sym_k0002 0
REFERENCE sym_k0015 0
REFERENCE sym_k0000 0
REFERENCE sym_k0001 0
REFERENCE sym_k0000 0
REFERENCE sym_k0001 0
REFERENCE sym_k0004 0
REFERENCE missing_8439 0
REFERENCE sym_k0000 0
REFERENCE sym_k0000 0
REFERENCE sym_k0028 0
REFERENCE sym_k0000 0
REFERENCE sym_k0003 0
REFERENCE missing_1703 0
REFERENCE sym_k0003 0
REFERENCE sym_k0001 0
REFERENCE sym_k0004 0
REFERENCE sym_k0014 0
REFERENCE sym_k0001 0
REFERENCE sym_k0002 0
REFERENCE sym_k0003 0
REFERENCE sym_k0001 0
REFERENCE sym_k0002 0
REFERENCE missing_1271 0
REFERENCE sym_k0012 0
REFERENCE sym_k0016 0
REFERENCE sym_k0004 0
REFERENCE missing_9184 0
REFERENCE sym_k0001 0
REFERENCE sym_k0000 0
REFERENCE sym_k0000 0
REFERENCE sym_k0001 0
REFERENCE sym_k0000 0
REFERENCE sym_k0043 0
REFERENCE sym_k0000 0
REFERENCE sym_k0000 0
REFERENCE sym_k0000 0
REFERENCE sym_k0029 0
REFERENCE sym_k0049 0
REFERENCE sym_k0000 0
REFERENCE sym_k0003 0
REFERENCE sym_k0001 0
REFERENCE sym_k0001 0
REFERENCE sym_k0032 0
REFERENCE sym_k0003 0
REFERENCE sym_k0013 0
REFERENCE sym_k0023 0
REFERENCE sym_k0007 0
REFERENCE missing_6861 0
REFERENCE sym_k0001 0
REFERENCE sym_k0010 0
REFERENCE sym_k0002 0
REFERENCE missing_9635 0
REFERENCE sym_k0017 0
REFERENCE sym_k0004 0
REFERENCE sym_k0013 0
REFERENCE sym_k0017 0
REFERENCE sym_k0043 0
REFERENCE sym_k0027 0
REFERENCE sym_k0000 0
REFERENCE sym_k0000 0
REFERENCE sym_k0005 0
REFERENCE sym_k0008 0
REFERENCE sym_k0018 0
REFERENCE sym_k0000 0
REFERENCE sym_k0014 0
REFERENCE sym_k0000 0
REFERENCE sym_k0035 0
REFERENCE sym_k0010 0
REFERENCE sym_k0014 0
REFERENCE sym_k0001 0
REFERENCE missing_5899 0
REFERENCE sym_k0005 0
REFERENCE sym_k0000 0
REFERENCE sym_k0016 0
REFERENCE sym_k0172 0
REFERENCE sym_k0002 0
REFERENCE sym_k0001 0
REFERENCE sym_k0011 0
REFERENCE missing_1559 0
REFERENCE sym_k0021 0
REFERENCE sym_k0011 0
REFERENCE missing_9070 0
REFERENCE sym_k0000 0
REFERENCE sym_k0003 0
REFERENCE sym_k0049 0
REFERENCE sym_k0001 0
REFERENCE sym_k0164 0
REFERENCE sym_k0032 0
REFERENCE sym_k0025 0
REFERENCE sym_k0001 0
REFERENCE sym_k0000 0
REFERENCE sym_k0000 0
REFERENCE sym_k0000 0
REFERENCE sym_k0000 0
REFERENCE sym_k0021 0
REFERENCE sym_k0025 0
REFERENCE missing_5837 0
REFERENCE sym_k0036 0
REFERENCE sym_k0001 0
REFERENCE sym_k0007 0
REFERENCE missing_9898 0
REFERENCE sym_k0003 0
REFERENCE missing_1187 0
DECLARE sym_k0181 2 0
REFERENCE sym_k0006 0
REFERENCE sym_k0035 0
REFERENCE sym_k0001 0
REFERENCE sym_k0005 0
REFERENCE missing_3518 0
REFERENCE sym_k0003 0
REFERENCE sym_k0039 0
REFERENCE sym_k0002 0
REFERENCE sym_k0013 0
REFERENCE sym_k0000 0
REFERENCE sym_k0043 0
REFERENCE sym_k0043 0
REFERENCE sym_k0006 0
REFERENCE missing_3860 0
REFERENCE sym_k0001 0
REFERENCE missing_5220 0
REFERENCE sym_k0000 0
REFERENCE sym_k0000 0
REFERENCE sym_k0000 0
REFERENCE missing_8885 0
REFERENCE sym_k0172 0
REFERENCE sym_k0045 0
REFERENCE sym_k0078 0
REFERENCE missing_4883 0
REFERENCE sym_k0006 0
REFERENCE sym_k0031 0
REFERENCE sym_k0009 0
REFERENCE sym_k0000 0
REFERENCE sym_k0045 0
REFERENCE sym_k0000 0
REFERENCE sym_k0000 0
REFERENCE sym_k0004 0
REFERENCE sym_k0000 0
REFERENCE sym_k0015 0
REFERENCE missing_7689 0
REFERENCE sym_k0000 0
REFERENCE sym_k0007 0
REFERENCE sym_k0039 0
REFERENCE sym_k0003 0
REFERENCE sym_k0001 0
REFERENCE sym_k0010 0
REFERENCE missing_9043 0
REFERENCE sym_k0008 0
REFERENCE sym_k0000 0
REFERENCE sym_k0005 0
REFERENCE missing_3617 0
REFERENCE sym_k0001 0
REFERENCE sym_k0001 0
REFERENCE sym_k0000 0
REFERENCE missing_3193 0
REFERENCE sym_k0005 0
REFERENCE sym_k0020 0
REFERENCE sym_k0000 0
REFERENCE sym_k0058 0
REFERENCE sym_k0024 0
REFERENCE sym_k0000 0
REFERENCE sym_k0000 0
REFERENCE sym_k0001 0
REFERENCE sym_k0007 0
REFERENCE sym_k0041 0
REFERENCE missing_4174 0
REFERENCE sym_k0001 0
REFERENCE missing_8343 0
REFERENCE sym_k0013 0
REFERENCE sym_k0003 0
REFERENCE sym_k0001 0
REFERENCE missing_8121 0
REFERENCE sym_k0000 0
REFERENCE sym_k0016 0
REFERENCE sym_k0000 0
REFERENCE sym_k0039 0
REFERENCE sym_k0027 0
REFERENCE sym_k0000 0
REFERENCE sym_k0010 0
REFERENCE sym_k0002 0
REFERENCE sym_k0007 0
REFERENCE sym_k0003 0
REFERENCE sym_k0002 0
REFERENCE sym_k0044 0
REFERENCE sym_k0004 0
REFERENCE sym_k0000 0
REFERENCE sym_k0000 0
REFERENCE missing_4537 0
REFERENCE sym_k0004 0
REFERENCE missing_6940 0
REFERENCE sym_k0001 0
DECLARE sym_k0107 3 0
REFERENCE sym_k0001 0
REFERENCE sym_k0011 0
REFERENCE sym_k0001 0
REFERENCE sym_k0001 0
REFERENCE sym_k0000 0
REFERENCE sym_k0003 0
REFERENCE sym_k0000 0
REFERENCE sym_k0004 0
REFERENCE sym_k0000 0
REFERENCE sym_k0000 0
REFERENCE sym_k0001 0
REFERENCE missing_1903 0
DECLARE sym_k0081 7 0
REFERENCE sym_k0000 0
REFERENCE sym_k0001 0
REFERENCE sym_k0001 0
REFERENCE sym_k0011 0
REFERENCE sym_k0000 0
REFERENCE sym_k0000 0
REFERENCE missing_3359 0
REFERENCE sym_k0000 0
REFERENCE missing_9049 0
REFERENCE sym_k0006 0
REFERENCE sym_k0007 0
REFERENCE sym_k0002 0
DECLARE sym_k0124 5 0
REFERENCE missing_5096 0
REFERENCE sym_k0003 0
REFERENCE sym_k0012 0
REFERENCE sym_k0014 0
REFERENCE sym_k0002 0
REFERENCE sym_k0039 0
REFERENCE sym_k0000 0
REFERENCE missing_6772 0
REFERENCE missing_5354 0
REFERENCE sym_k0002 0
REFERENCE sym_k0012 0
REFERENCE sym_k0020 0
REFERENCE sym_k0000 0
REFERENCE sym_k0001 0
REFERENCE missing_4186 0
REFERENCE missing_5105 0
REFERENCE sym_k0002 0
REFERENCE missing_8599 0
DECLARE sym_k0050 6 0
REFERENCE sym_k0000 0
REFERENCE sym_k0045 0
REFERENCE sym_k0039 0
REFERENCE sym_k0172 0
REFERENCE missing_3837 0
REFERENCE sym_k0000 0
REFERENCE sym_k0023 0
REFERENCE sym_k0018 0
REFERENCE sym_k0003 0
REFERENCE sym_k0008 0
REFERENCE sym_k0002 0
REFERENCE sym_k0024 0
DECLARE sym_k0136 2 0
REFERENCE sym_k0003 0
REFERENCE missing_1861 0
REFERENCE missing_7428 0
REFERENCE missing_6619 0
REFERENCE sym_k0004 0
REFERENCE sym_k0009 0
REFERENCE sym_k0000 0
REFERENCE sym_k0005 0
REFERENCE sym_k0000 0
REFERENCE sym_k0007 0
REFERENCE sym_k0002 0
REFERENCE sym_k0000 0
REFERENCE sym_k0018 0
REFERENCE sym_k0001 0
REFERENCE sym_k0002 0
REFERENCE sym_k0001 0
REFERENCE sym_k0009 0
REFERENCE missing_1063 0
REFERENCE sym_k0001 0
REFERENCE sym_k0000 0
REFERENCE sym_k0002 0
REFERENCE sym_k0029 0
REFERENCE sym_k0006 0
REFERENCE sym_k0000 0
REFERENCE sym_k0000 0
REFERENCE sym_k0003 0
REFERENCE sym_k0007 0
REFERENCE sym_k0000 0
REFERENCE sym_k0000 0
REFERENCE missing_7030 0
REFERENCE sym_k0002 0
REFERENCE sym_k0002 0
REFERENCE missing_9552 0
REFERENCE missing_8406 0
REFERENCE missing_7107 0
REFERENCE sym_k0013 0
REFERENCE sym_k0044 0
REFERENCE missing_4743 0
REFERENCE sym_k0000 0
REFERENCE sym_k0017 0
REFERENCE missing_9355 0
REFERENCE sym_k0000 0
REFERENCE sym_k0000 0
REFERENCE sym_k0000 0
REFERENCE sym_k0018 0
REFERENCE missing_4456 0
REFERENCE missing_3927 0
REFERENCE missing_6939 0
REFERENCE missing_1313 0
REFERENCE sym_k0001 0
REFERENCE sym_k0006 0
REFERENCE sym_k0000 0
REFERENCE sym_k0000 0
REFERENCE sym_k0041 0
REFERENCE sym_k0027 0
REFERENCE sym_k0014 0
REFERENCE sym_k0000 0
REFERENCE sym_k0002 0
REFERENCE sym_k0043 0
REFERENCE sym_k0007 0
REFERENCE sym_k0014 0
REFERENCE sym_k0035 0
REFERENCE sym_k0015 0
REFERENCE sym_k0046 0
REFERENCE sym_k0002 0
REFERENCE sym_k0000 0
REFERENCE sym_k0028 0
REFERENCE sym_k0000 0
REFERENCE sym_k0000 0
REFERENCE sym_k0002 0
REFERENCE sym_k0000 0
REFERENCE missing_7138 0
REFERENCE sym_k0000 0
REFERENCE sym_k0061 0
REFERENCE sym_k0072 0
REFERENCE sym_k0000 0
REFERENCE sym_k0001 0
REFERENCE sym_k0002 0
REFERENCE sym_k0124 0
REFERENCE sym_k0013 0
REFERENCE sym_k0015 0
REFERENCE sym_k0004 0
REFERENCE sym_k0000 0
REFERENCE sym_k0000 0
REFERENCE sym_k0001 0
REFERENCE sym_k0006 0
REFERENCE sym_k0056 0
DECLARE sym_k0069 10 0
REFERENCE sym_k0000 0
REFERENCE sym_k0003 0
REFERENCE sym_k0006 0
REFERENCE sym_k0000 0
REFERENCE sym_k0045 0
REFERENCE sym_k0000 0
REFERENCE sym_k0023 0
REFERENCE missing_9759 0
REFERENCE sym_k0022 0
REFERENCE sym_k0001 0
REFERENCE sym_k0000 0
REFERENCE sym_k0000 0
REFERENCE sym_k0000 0
REFERENCE sym_k0001 0
REFERENCE sym_k0000 0
REFERENCE sym_k0001 0
REFERENCE sym_k0000 0
REFERENCE sym_k0000 0
REFERENCE sym_k0032 0
REFERENCE sym_k0011 0
REFERENCE sym_k0056 0
REFERENCE sym_k0004 0
REFERENCE missing_8670 0
REFERENCE sym_k0039 0
REFERENCE sym_k0006 0
REFERENCE sym_k0002 0
REFERENCE missing_5497 0
REFERENCE missing_6852 0
REFERENCE sym_k0045 0
REFERENCE sym_k0000 0
REFERENCE missing_8596 0
REFERENCE sym_k0000 0
REFERENCE sym_k0000 0
REFERENCE sym_k0000 0
REFERENCE sym_k0000 0
REFERENCE sym_k0000 0
REFERENCE sym_k0029 0
REFERENCE sym_k0032 0
REFERENCE sym_k0002 0
REFERENCE sym_k0046 0
REFERENCE missing_8643 0
REFERENCE sym_k0000 0
REFERENCE sym_k0002 0
REFERENCE sym_k0081 0
REFERENCE sym_k0000 0
REFERENCE sym_k0047 0
REFERENCE sym_k0017 0
REFERENCE missing_7208 0
REFERENCE sym_k0022 0
REFERENCE sym_k0000 0
REFERENCE sym_k0000 0
REFERENCE missing_2126 0
REFERENCE missing_6628 0
REFERENCE sym_k0012 0
REFERENCE sym_k0000 0
REFERENCE sym_k0011 0
REFERENCE sym_k0000 0
REFERENCE sym_k0003 0
REFERENCE missing_1268 0
REFERENCE sym_k0027 0
REFERENCE sym_k0000 0
REFERENCE sym_k0006 0
REFERENCE sym_k0003 0
REFERENCE missing_8419 0
REFERENCE sym_k0000 0
REFERENCE missing_4078 0
REFERENCE sym_k0003 0
REFERENCE sym_k0001 0
REFERENCE sym_k0005 0
REFERENCE sym_k0030 0
REFERENCE sym_k0072 0
DECLARE sym_k0106 2 0
REFERENCE sym_k0001 0
REFERENCE sym_k0012 0
REFERENCE sym_k0003 0
REFERENCE sym_k0008 0
REFERENCE sym_k0001 0
REFERENCE sym_k0001 0
REFERENCE sym_k0019 0
REFERENCE sym_k0000 0
REFERENCE missing_1920 0
REFERENCE sym_k0172 0
REFERENCE sym_k0000 0
REFERENCE sym_k0047 0
REFERENCE sym_k0015 0
REFERENCE sym_k0000 0
REFERENCE sym_k0003 0
REFERENCE sym_k0000 0
REFERENCE sym_k0001 0
REFERENCE missing_3807 0
REFERENCE sym_k0014 0
REFERENCE sym_k0004 0
REFERENCE sym_k0015 0
REFERENCE sym_k0007 0
REFERENCE sym_k0000 0
REFERENCE sym_k0000 0
REFERENCE sym_k0000 0
DECLARE sym_k0146 12 0
DECLARE sym_k0102 13 0
REFERENCE sym_k0000 0
REFERENCE sym_k0002 0
REFERENCE missing_1342 0
REFERENCE sym_k0014 0
REFERENCE sym_k0000 0
REFERENCE sym_k0001 0
REFERENCE sym_k0003 0
REFERENCE sym_k0010 0
REFERENCE sym_k0007 0
REFERENCE missing_2679 0
REFERENCE sym_k0003 0
REFERENCE sym_k0004 0
REFERENCE sym_k0004 0
REFERENCE sym_k0001 0
REFERENCE sym_k0008 0
REFERENCE sym_k0000 0
REFERENCE sym_k0003 0
REFERENCE missing_1170 0
REFERENCE sym_k0003 0
REFERENCE missing_7239 0
REFERENCE sym_k0000 0
REFERENCE sym_k0001 0
REFERENCE sym_k0019 0
REFERENCE sym_k0003 0
DECLARE sym_k0230 6 0
REFERENCE sym_k0000 0
REFERENCE sym_k0001 0
REFERENCE missing_8893 0
REFERENCE sym_k0011 0
REFERENCE sym_k0001 0
REFERENCE sym_k0022 0
REFERENCE sym_k0001 0
REFERENCE sym_k0000 0
REFERENCE sym_k0002 0
REFERENCE sym_k0015 0
REFERENCE sym_k0036 0
REFERENCE missing_1502 0
REFERENCE sym_k0002 0
REFERENCE sym_k0006 0
REFERENCE sym_k0007 0
REFERENCE sym_k0000 0
REFERENCE sym_k0002 0
REFERENCE sym_k0002 0
REFERENCE sym_k0005 0
REFERENCE sym_k0003 0
REFERENCE sym_k0005 0
REFERENCE sym_k0000 0
REFERENCE sym_k0000 0
REFERENCE sym_k0107 0
REFERENCE sym_k0000 0
REFERENCE sym_k0081 0
REFERENCE sym_k0002 0
REFERENCE missing_3510 0
REFERENCE sym_k0001 0
REFERENCE sym_k0000 0
REFERENCE sym_k0000 0
REFERENCE sym_k0002 0
REFERENCE sym_k0021 0
REFERENCE sym_k0000 0
REFERENCE sym_k0009 0
REFERENCE sym_k0022 0
REFERENCE sym_k0000 0
REFERENCE missing_1041 0
REFERENCE sym_k0010 0
REFERENCE sym_k0001 0
REFERENCE sym_k0003 0
REFERENCE missing_4419 0
DECLARE sym_k0073 14 0
REFERENCE missing_8414 0
REFERENCE sym_k0004 0
REFERENCE missing_6823 0
REFERENCE sym_k0015 0
REFERENCE sym_k0006 0
REFERENCE sym_k0000 0
DECLARE sym_k0201 7 0
REFERENCE sym_k0007 0
REFERENCE missing_7627 0
REFERENCE sym_k0011 0
REFERENCE sym_k0025 0
REFERENCE sym_k0046 0
DECLARE sym_k0191 12 0
REFERENCE sym_k0009 0
REFERENCE sym_k0007 0
REFERENCE sym_k0027 0
REFERENCE sym_k0006 0
REFERENCE missing_6351 0
REFERENCE sym_k0015 0
REFERENCE sym_k0003 0
REFERENCE sym_k0181 0
REFERENCE sym_k0008 0
REFERENCE sym_k0000 0
REFERENCE sym_k0002 0
REFERENCE sym_k0000 0
REFERENCE sym_k0022 0
EXIT_SCOPE 0
