# ColliScope Generated Random Trace
# Parameters: seed=57, scope=nested, type=mixed, replicate=1
ENTER_SCOPE 0
DECLARE bpa_00000 17 0
DECLARE imz_00001 14 0
DECLARE qwa_00002 6 0
DECLARE npj_00003 4 0
DECLARE rsr_00004 18 0
DECLARE gqd_00005 5 0
DECLARE doe_00006 19 0
DECLARE yne_00007 14 0
DECLARE jnf_00008 9 0
DECLARE kfl_00009 15 0
DECLARE lyb_00010 11 0
DECLARE lts_00011 18 0
DECLARE ohz_00012 12 0
DECLARE jqs_00013 1 0
DECLARE meb_00014 14 0
DECLARE heg_00015 14 0
DECLARE goa_00016 4 0
DECLARE zbi_00017 5 0
DECLARE vgw_00018 2 0
DECLARE oec_00019 15 0
DECLARE nec_00020 6 0
DECLARE nje_00021 14 0
DECLARE nvg_00022 13 0
DECLARE dcz_00023 8 0
DECLARE xaa_00024 15 0
DECLARE wdo_00025 9 0
DECLARE qes_00026 16 0
DECLARE koe_00027 11 0
DECLARE jkk_00028 19 0
DECLARE asm_00029 14 0
DECLARE dbw_00030 1 0
DECLARE csb_00031 3 0
DECLARE rss_00032 7 0
DECLARE aat_00033 6 0
DECLARE tga_00034 18 0
DECLARE xkg_00035 10 0
DECLARE rty_00036 17 0
DECLARE wvy_00037 2 0
DECLARE mfq_00038 1 0
DECLARE dqo_00039 4 0
DECLARE xzh_00040 18 0
DECLARE rhv_00041 11 0
DECLARE wed_00042 19 0
DECLARE yfm_00043 5 0
DECLARE zdg_00044 8 0
DECLARE jou_00045 10 0
DECLARE fxe_00046 11 0
DECLARE mgu_00047 6 0
DECLARE ffr_00048 10 0
DECLARE soe_00049 13 0
DECLARE zzz_00050 1 0
REFERENCE fxe_00046 0
DECLARE ikg_00051 15 0
REFERENCE missing_3324 0
REFERENCE rsr_00004 0
DECLARE thf_00052 3 0
REFERENCE wvy_00037 0
REFERENCE rty_00036 0
REFERENCE wdo_00025 0
REFERENCE zzz_00050 0
REFERENCE rhv_00041 0
ENTER_SCOPE 1 0
REFERENCE yfm_00043 1
REFERENCE vgw_00018 1
REFERENCE koe_00027 1
REFERENCE missing_6695 1
ENTER_SCOPE 2 1
DECLARE nsn_00053 13 2
ENTER_SCOPE 3 2
DECLARE efg_00054 15 3
DECLARE omw_00055 10 3
REFERENCE dcz_00023 3
REFERENCE doe_00006 3
DECLARE vox_00056 13 3
ENTER_SCOPE 4 3
ENTER_SCOPE 5 4
REFERENCE nvg_00022 5
DECLARE qys_00057 4 5
DECLARE vtx_00058 18 5
DECLARE vel_00059 17 5
DECLARE vox_00056 5 5
DECLARE ehv_00060 4 5
REFERENCE jou_00045 5
DECLARE bon_00061 11 5
DECLARE qmi_00062 20 5
DECLARE ngj_00063 10 5
EXIT_SCOPE 5
DECLARE iwr_00064 3 4
REFERENCE zzz_00050 4
REFERENCE doe_00006 4
REFERENCE dcz_00023 4
REFERENCE missing_5067 4
DECLARE jpm_00065 15 4
EXIT_SCOPE 4
ENTER_SCOPE 6 3
DECLARE yjl_00066 15 6
REFERENCE jou_00045 6
REFERENCE xzh_00040 6
REFERENCE lyb_00010 6
DECLARE efg_00054 16 6
REFERENCE qes_00026 6
DECLARE utp_00067 14 6
EXIT_SCOPE 6
REFERENCE missing_4873 3
REFERENCE missing_4088 3
REFERENCE zbi_00017 3
REFERENCE nje_00021 3
REFERENCE asm_00029 3
REFERENCE zdg_00044 3
ENTER_SCOPE 7 3
DECLARE mbx_00068 9 7
DECLARE rjo_00069 15 7
DECLARE noa_00070 5 7
DECLARE xwe_00071 3 7
REFERENCE missing_6112 7
REFERENCE ffr_00048 7
ENTER_SCOPE 8 7
DECLARE nvp_00072 11 8
DECLARE rjk_00073 10 8
REFERENCE mbx_00068 8
REFERENCE ikg_00051 8
DECLARE wta_00074 11 8
DECLARE noa_00070 4 8
REFERENCE asm_00029 8
DECLARE qgo_00075 7 8
DECLARE cuj_00076 9 8
DECLARE rjo_00069 18 8
REFERENCE dqo_00039 8
DECLARE vsi_00077 10 8
DECLARE vfr_00078 9 8
REFERENCE missing_6332 8
DECLARE tyk_00079 9 8
REFERENCE rsr_00004 8
REFERENCE xzh_00040 8
REFERENCE vox_00056 8
REFERENCE npj_00003 8
DECLARE syf_00080 5 8
DECLARE uus_00081 2 8
DECLARE oht_00082 19 8
DECLARE mbx_00068 19 8
DECLARE egi_00083 14 8
ENTER_SCOPE 9 8
ENTER_SCOPE 10 9
REFERENCE nsn_00053 10
DECLARE msz_00084 19 10
DECLARE lkp_00085 9 10
DECLARE rzy_00086 2 10
DECLARE ksk_00087 17 10
DECLARE bad_00088 5 10
REFERENCE rzy_00086 10
REFERENCE nsn_00053 10
REFERENCE zzz_00050 10
REFERENCE wvy_00037 10
DECLARE rjo_00069 15 10
DECLARE mbp_00089 14 10
EXIT_SCOPE 10
REFERENCE rsr_00004 9
DECLARE ixm_00090 3 9
DECLARE buq_00091 12 9
REFERENCE doe_00006 9
REFERENCE lts_00011 9
REFERENCE missing_5014 9
DECLARE lzf_00092 3 9
DECLARE blb_00093 15 9
DECLARE nhw_00094 7 9
REFERENCE rjk_00073 9
REFERENCE missing_8483 9
DECLARE nvp_00072 20 9
REFERENCE vsi_00077 9
DECLARE til_00095 6 9
REFERENCE npj_00003 9
REFERENCE heg_00015 9
DECLARE ibf_00096 13 9
DECLARE noa_00070 7 9
REFERENCE ffr_00048 9
REFERENCE missing_2198 9
REFERENCE rhv_00041 9
DECLARE cuj_00076 8 9
REFERENCE rty_00036 9
REFERENCE qwa_00002 9
REFERENCE cuj_00076 9
REFERENCE mbx_00068 9
REFERENCE missing_9088 9
DECLARE rnf_00097 10 9
REFERENCE blb_00093 9
REFERENCE mfq_00038 9
REFERENCE meb_00014 9
REFERENCE asm_00029 9
DECLARE syf_00080 3 9
REFERENCE ixm_00090 9
REFERENCE koe_00027 9
REFERENCE ixm_00090 9
DECLARE xhr_00098 13 9
DECLARE ehy_00099 1 9
REFERENCE vox_00056 9
REFERENCE missing_8255 9
REFERENCE missing_9382 9
REFERENCE qwa_00002 9
DECLARE txp_00100 17 9
DECLARE cii_00101 4 9
DECLARE egi_00083 2 9
REFERENCE omw_00055 9
REFERENCE uus_00081 9
ENTER_SCOPE 11 9
DECLARE lzf_00092 2 11
DECLARE nvp_00072 7 11
REFERENCE oec_00019 11
DECLARE fee_00102 7 11
DECLARE lxo_00103 16 11
EXIT_SCOPE 11
REFERENCE rjo_00069 9
REFERENCE missing_2030 9
REFERENCE koe_00027 9
REFERENCE rss_00032 9
DECLARE mbx_00068 12 9
REFERENCE imz_00001 9
DECLARE ise_00104 13 9
DECLARE akq_00105 18 9
REFERENCE blb_00093 9
REFERENCE ixm_00090 9
REFERENCE lzf_00092 9
REFERENCE nhw_00094 9
DECLARE yql_00106 9 9
REFERENCE nhw_00094 9
REFERENCE rnf_00097 9
ENTER_SCOPE 12 9
EXIT_SCOPE 12
REFERENCE noa_00070 9
DECLARE jtf_00107 4 9
REFERENCE nvg_00022 9
REFERENCE missing_1867 9
REFERENCE zbi_00017 9
DECLARE qgo_00075 10 9
DECLARE vsi_00077 3 9
ENTER_SCOPE 13 9
REFERENCE vox_00056 13
REFERENCE blb_00093 13
DECLARE azh_00108 14 13
DECLARE qgi_00109 1 13
REFERENCE cuj_00076 13
REFERENCE meb_00014 13
REFERENCE zzz_00050 13
REFERENCE jtf_00107 13
REFERENCE ikg_00051 13
DECLARE sxf_00110 19 13
REFERENCE egi_00083 13
DECLARE rpe_00111 2 13
REFERENCE goa_00016 13
DECLARE ims_00112 3 13
REFERENCE koe_00027 13
REFERENCE lzf_00092 13
REFERENCE noa_00070 13
REFERENCE aat_00033 13
REFERENCE lyb_00010 13
REFERENCE wta_00074 13
DECLARE ise_00104 9 13
REFERENCE missing_8320 13
REFERENCE fxe_00046 13
REFERENCE vgw_00018 13
DECLARE xzz_00113 8 13
REFERENCE rjo_00069 13
DECLARE nvp_00072 16 13
DECLARE xaa_00114 11 13
DECLARE kqn_00115 14 13
REFERENCE csb_00031 13
REFERENCE qgo_00075 13
REFERENCE kqn_00115 13
REFERENCE nhw_00094 13
REFERENCE qgo_00075 13
REFERENCE rpe_00111 13
DECLARE vvp_00116 3 13
DECLARE xqp_00117 7 13
REFERENCE missing_5235 13
REFERENCE rsr_00004 13
DECLARE vaa_00118 9 13
REFERENCE csb_00031 13
REFERENCE missing_7787 13
DECLARE uye_00119 15 13
DECLARE ayh_00120 18 13
DECLARE ibf_00096 18 13
DECLARE jyb_00121 8 13
REFERENCE xhr_00098 13
EXIT_SCOPE 13
DECLARE iam_00122 10 9
DECLARE ima_00123 1 9
REFERENCE missing_3264 9
REFERENCE jnf_00008 9
DECLARE qqh_00124 8 9
DECLARE qhn_00125 4 9
ENTER_SCOPE 14 9
REFERENCE jtf_00107 14
DECLARE nhw_00094 4 14
REFERENCE cii_00101 14
DECLARE cvc_00126 10 14
EXIT_SCOPE 14
REFERENCE lzf_00092 9
DECLARE lew_00127 15 9
DECLARE avf_00128 15 9
DECLARE vsq_00129 15 9
DECLARE tyk_00079 7 9
DECLARE cmo_00130 6 9
REFERENCE tyk_00079 9
REFERENCE fxe_00046 9
REFERENCE egi_00083 9
DECLARE oht_00082 7 9
REFERENCE yfm_00043 9
DECLARE xsv_00131 1 9
REFERENCE qgo_00075 9
REFERENCE tyk_00079 9
REFERENCE akq_00105 9
EXIT_SCOPE 9
ENTER_SCOPE 15 8
ENTER_SCOPE 16 15
REFERENCE missing_8809 16
REFERENCE missing_8024 16
REFERENCE rjo_00069 16
EXIT_SCOPE 16
ENTER_SCOPE 17 15
REFERENCE uus_00081 17
REFERENCE missing_6161 17
REFERENCE fxe_00046 17
DECLARE jya_00132 18 17
REFERENCE yfm_00043 17
REFERENCE missing_8245 17
DECLARE oeg_00133 6 17
DECLARE egi_00083 10 17
EXIT_SCOPE 17
REFERENCE cuj_00076 15
DECLARE sky_00134 8 15
REFERENCE missing_1079 15
DECLARE uus_00081 8 15
REFERENCE wdo_00025 15
REFERENCE uus_00081 15
DECLARE nny_00135 4 15
EXIT_SCOPE 15
REFERENCE syf_00080 8
DECLARE jbl_00136 15 8
REFERENCE rjo_00069 8
REFERENCE missing_4809 8
REFERENCE wdo_00025 8
DECLARE rey_00137 6 8
REFERENCE missing_3433 8
DECLARE axc_00138 12 8
DECLARE jej_00139 13 8
DECLARE xwe_00071 3 8
REFERENCE jkk_00028 8
DECLARE vvt_00140 2 8
REFERENCE nje_00021 8
DECLARE scb_00141 3 8
REFERENCE missing_4898 8
DECLARE qki_00142 9 8
REFERENCE jbl_00136 8
REFERENCE oec_00019 8
REFERENCE fxe_00046 8
REFERENCE missing_4235 8
EXIT_SCOPE 8
DECLARE efg_00054 15 7
DECLARE vox_00056 9 7
REFERENCE missing_3644 7
ENTER_SCOPE 18 7
REFERENCE dcz_00023 18
REFERENCE meb_00014 18
REFERENCE oec_00019 18
DECLARE yrf_00143 7 18
DECLARE gnk_00144 12 18
REFERENCE missing_7049 18
REFERENCE vgw_00018 18
DECLARE wpn_00145 1 18
DECLARE mzp_00146 8 18
REFERENCE rsr_00004 18
REFERENCE soe_00049 18
DECLARE wiz_00147 8 18
REFERENCE doe_00006 18
ENTER_SCOPE 19 18
DECLARE wpn_00145 7 19
DECLARE gby_00148 20 19
REFERENCE nvg_00022 19
DECLARE bmc_00149 1 19
DECLARE mfl_00150 16 19
REFERENCE rsr_00004 19
DECLARE wpp_00151 8 19
REFERENCE rss_00032 19
REFERENCE rjo_00069 19
DECLARE bmu_00152 9 19
DECLARE yrf_00143 8 19
REFERENCE nec_00020 19
DECLARE uzj_00153 5 19
DECLARE mcn_00154 15 19
REFERENCE missing_9274 19
DECLARE qab_00155 1 19
REFERENCE lts_00011 19
DECLARE vgl_00156 8 19
EXIT_SCOPE 19
REFERENCE missing_8578 18
DECLARE jie_00157 4 18
DECLARE gww_00158 5 18
REFERENCE missing_3665 18
REFERENCE mfq_00038 18
REFERENCE lyb_00010 18
REFERENCE wvy_00037 18
REFERENCE rty_00036 18
REFERENCE xwe_00071 18
REFERENCE wiz_00147 18
REFERENCE missing_2644 18
REFERENCE jou_00045 18
REFERENCE missing_3240 18
REFERENCE wed_00042 18
DECLARE rjo_00069 2 18
DECLARE ayl_00159 2 18
DECLARE tmg_00160 19 18
REFERENCE thf_00052 18
REFERENCE wed_00042 18
REFERENCE nvg_00022 18
REFERENCE mfq_00038 18
REFERENCE missing_8772 18
DECLARE noa_00070 15 18
REFERENCE rjo_00069 18
ENTER_SCOPE 20 18
REFERENCE missing_9032 20
DECLARE sob_00161 3 20
DECLARE wpz_00162 12 20
DECLARE gnk_00144 8 20
DECLARE njt_00163 14 20
DECLARE uli_00164 10 20
DECLARE exz_00165 14 20
REFERENCE missing_7563 20
REFERENCE rsr_00004 20
DECLARE oto_00166 17 20
REFERENCE vox_00056 20
REFERENCE dqo_00039 20
DECLARE jis_00167 16 20
DECLARE jpr_00168 19 20
REFERENCE missing_1176 20
DECLARE tdo_00169 16 20
REFERENCE missing_4709 20
REFERENCE mzp_00146 20
DECLARE nkr_00170 16 20
REFERENCE bpa_00000 20
REFERENCE nsn_00053 20
REFERENCE wvy_00037 20
REFERENCE jis_00167 20
DECLARE fzl_00171 6 20
DECLARE spz_00172 14 20
DECLARE bhz_00173 15 20
REFERENCE ohz_00012 20
DECLARE tjn_00174 16 20
DECLARE lor_00175 15 20
REFERENCE noa_00070 20
DECLARE wih_00176 1 20
DECLARE noa_00070 8 20
REFERENCE jou_00045 20
REFERENCE rty_00036 20
EXIT_SCOPE 20
REFERENCE xkg_00035 18
DECLARE vox_00056 15 18
REFERENCE dbw_00030 18
DECLARE uvw_00177 18 18
ENTER_SCOPE 21 18
REFERENCE vox_00056 21
ENTER_SCOPE 22 21
REFERENCE xwe_00071 22
REFERENCE wiz_00147 22
DECLARE thz_00178 17 22
DECLARE bhp_00179 12 22
REFERENCE dqo_00039 22
DECLARE dxf_00180 9 22
DECLARE khv_00181 9 22
EXIT_SCOPE 22
REFERENCE npj_00003 21
REFERENCE bpa_00000 21
REFERENCE missing_5051 21
DECLARE tmg_00160 16 21
REFERENCE lyb_00010 21
DECLARE fjc_00182 15 21
DECLARE uaz_00183 15 21
EXIT_SCOPE 21
DECLARE lqk_00184 18 18
DECLARE yqx_00185 4 18
DECLARE vrk_00186 13 18
DECLARE szl_00187 12 18
EXIT_SCOPE 18
DECLARE osp_00188 10 7
DECLARE joh_00189 6 7
REFERENCE xwe_00071 7
EXIT_SCOPE 7
REFERENCE vox_00056 3
REFERENCE nje_00021 3
DECLARE lel_00190 19 3
DECLARE ccm_00191 12 3
DECLARE nsn_00053 10 3
REFERENCE qes_00026 3
REFERENCE nec_00020 3
ENTER_SCOPE 23 3
REFERENCE missing_7848 23
REFERENCE missing_4145 23
REFERENCE missing_7761 23
DECLARE psa_00192 16 23
REFERENCE missing_7900 23
ENTER_SCOPE 24 23
REFERENCE jnf_00008 24
DECLARE psa_00192 20 24
REFERENCE oec_00019 24
ENTER_SCOPE 25 24
ENTER_SCOPE 26 25
EXIT_SCOPE 26
ENTER_SCOPE 27 25
REFERENCE nje_00021 27
DECLARE guo_00193 16 27
REFERENCE qwa_00002 27
EXIT_SCOPE 27
REFERENCE ikg_00051 25
REFERENCE jkk_00028 25
DECLARE psa_00192 8 25
DECLARE omw_00055 15 25
REFERENCE jnf_00008 25
REFERENCE bpa_00000 25
DECLARE yyq_00194 13 25
REFERENCE thf_00052 25
DECLARE xxr_00195 5 25
REFERENCE lts_00011 25
REFERENCE psa_00192 25
REFERENCE vox_00056 25
REFERENCE mgu_00047 25
DECLARE qmm_00196 15 25
ENTER_SCOPE 28 25
DECLARE yyq_00194 3 28
EXIT_SCOPE 28
DECLARE ccm_00191 16 25
REFERENCE ffr_00048 25
REFERENCE jqs_00013 25
REFERENCE xkg_00035 25
REFERENCE heg_00015 25
REFERENCE yyq_00194 25
DECLARE vvq_00197 1 25
REFERENCE jqs_00013 25
REFERENCE missing_4462 25
REFERENCE npj_00003 25
REFERENCE vvq_00197 25
REFERENCE ohz_00012 25
DECLARE yho_00198 19 25
DECLARE rpr_00199 2 25
DECLARE vra_00200 8 25
DECLARE efg_00054 15 25
ENTER_SCOPE 29 25
DECLARE wxa_00201 13 29
DECLARE xrn_00202 13 29
REFERENCE lel_00190 29
DECLARE psa_00192 9 29
REFERENCE missing_2853 29
REFERENCE rhv_00041 29
REFERENCE nsn_00053 29
DECLARE dvm_00203 3 29
DECLARE jhs_00204 16 29
REFERENCE jou_00045 29
DECLARE qmg_00205 20 29
DECLARE kig_00206 10 29
REFERENCE asm_00029 29
EXIT_SCOPE 29
REFERENCE mfq_00038 25
ENTER_SCOPE 30 25
DECLARE mvq_00207 2 30
REFERENCE yfm_00043 30
REFERENCE efg_00054 30
REFERENCE efg_00054 30
DECLARE bqc_00208 13 30
REFERENCE nje_00021 30
REFERENCE wdo_00025 30
DECLARE yho_00198 8 30
REFERENCE missing_2068 30
REFERENCE yho_00198 30
REFERENCE ikg_00051 30
REFERENCE aat_00033 30
REFERENCE dcz_00023 30
DECLARE ihr_00209 2 30
DECLARE jds_00210 1 30
DECLARE mpq_00211 9 30
REFERENCE aat_00033 30
REFERENCE ccm_00191 30
REFERENCE bpa_00000 30
REFERENCE missing_6022 30
REFERENCE psa_00192 30
DECLARE rdz_00212 6 30
DECLARE ysj_00213 1 30
REFERENCE mfq_00038 30
REFERENCE csb_00031 30
DECLARE mlv_00214 2 30
REFERENCE zdg_00044 30
REFERENCE asm_00029 30
REFERENCE tga_00034 30
REFERENCE mfq_00038 30
REFERENCE rsr_00004 30
DECLARE moe_00215 7 30
DECLARE wci_00216 8 30
DECLARE mkx_00217 15 30
REFERENCE missing_8159 30
EXIT_SCOPE 30
ENTER_SCOPE 31 25
REFERENCE ffr_00048 31
REFERENCE missing_7416 31
REFERENCE nec_00020 31
DECLARE omw_00055 17 31
DECLARE efg_00054 15 31
REFERENCE rss_00032 31
DECLARE crg_00218 4 31
EXIT_SCOPE 31
REFERENCE rpr_00199 25
DECLARE ebf_00219 16 25
REFERENCE vox_00056 25
REFERENCE wed_00042 25
REFERENCE gqd_00005 25
DECLARE tvc_00220 15 25
REFERENCE dbw_00030 25
DECLARE vrl_00221 5 25
DECLARE yki_00222 11 25
DECLARE waa_00223 13 25
REFERENCE missing_4701 25
ENTER_SCOPE 32 25
REFERENCE yyq_00194 32
DECLARE rgs_00224 1 32
REFERENCE mfq_00038 32
REFERENCE missing_2344 32
REFERENCE efg_00054 32
DECLARE tvc_00220 6 32
REFERENCE tvc_00220 32
EXIT_SCOPE 32
REFERENCE wed_00042 25
REFERENCE tga_00034 25
REFERENCE qwa_00002 25
REFERENCE rpr_00199 25
DECLARE nsn_00053 12 25
REFERENCE vox_00056 25
DECLARE vox_00056 6 25
REFERENCE vox_00056 25
DECLARE kxq_00225 1 25
EXIT_SCOPE 25
DECLARE etq_00226 11 24
REFERENCE missing_1398 24
DECLARE nym_00227 20 24
REFERENCE npj_00003 24
REFERENCE nym_00227 24
ENTER_SCOPE 33 24
DECLARE ril_00228 18 33
EXIT_SCOPE 33
DECLARE ccm_00191 1 24
REFERENCE efg_00054 24
DECLARE rnk_00229 6 24
REFERENCE jou_00045 24
DECLARE jta_00230 15 24
DECLARE omw_00055 12 24
REFERENCE dbw_00030 24
REFERENCE npj_00003 24
REFERENCE gqd_00005 24
DECLARE imx_00231 15 24
REFERENCE lts_00011 24
REFERENCE lts_00011 24
DECLARE ill_00232 1 24
REFERENCE ill_00232 24
DECLARE rhd_00233 3 24
DECLARE rqs_00234 8 24
REFERENCE lyb_00010 24
DECLARE wzw_00235 20 24
DECLARE vmm_00236 8 24
DECLARE nwo_00237 19 24
REFERENCE missing_9974 24
REFERENCE nje_00021 24
REFERENCE xzh_00040 24
REFERENCE nym_00227 24
DECLARE gzw_00238 2 24
REFERENCE rty_00036 24
REFERENCE doe_00006 24
REFERENCE ffr_00048 24
DECLARE hpu_00239 15 24
DECLARE ybz_00240 8 24
REFERENCE vgw_00018 24
ENTER_SCOPE 34 24
REFERENCE missing_7123 34
DECLARE wke_00241 3 34
REFERENCE oec_00019 34
REFERENCE lel_00190 34
REFERENCE rss_00032 34
ENTER_SCOPE 35 34
DECLARE ycw_00242 10 35
DECLARE dek_00243 15 35
EXIT_SCOPE 35
REFERENCE xkg_00035 34
DECLARE ysf_00244 3 34
DECLARE soe_00245 1 34
DECLARE rqs_00234 1 34
REFERENCE missing_9047 34
REFERENCE yne_00007 34
REFERENCE missing_2309 34
DECLARE rhd_00233 1 34
EXIT_SCOPE 34
REFERENCE rhv_00041 24
DECLARE npd_00246 16 24
DECLARE rct_00247 14 24
REFERENCE nym_00227 24
ENTER_SCOPE 36 24
DECLARE rap_00248 20 36
REFERENCE nvg_00022 36
DECLARE qiz_00249 9 36
REFERENCE psa_00192 36
REFERENCE soe_00049 36
REFERENCE mfq_00038 36
REFERENCE ccm_00191 36
DECLARE owx_00250 10 36
ENTER_SCOPE 37 36
REFERENCE meb_00014 37
REFERENCE missing_2536 37
EXIT_SCOPE 37
REFERENCE asm_00029 36
DECLARE pqc_00251 10 36
REFERENCE thf_00052 36
DECLARE jme_00252 8 36
REFERENCE thf_00052 36
REFERENCE wdo_00025 36
REFERENCE asm_00029 36
DECLARE omp_00253 11 36
REFERENCE vmm_00236 36
DECLARE cbe_00254 20 36
DECLARE kmr_00255 16 36
DECLARE llw_00256 6 36
ENTER_SCOPE 38 36
REFERENCE qes_00026 38
DECLARE irk_00257 6 38
REFERENCE rty_00036 38
DECLARE aei_00258 6 38
REFERENCE ccm_00191 38
REFERENCE mgu_00047 38
REFERENCE ffr_00048 38
DECLARE ekf_00259 8 38
REFERENCE tga_00034 38
DECLARE llw_00256 11 38
REFERENCE missing_1336 38
DECLARE rak_00260 18 38
EXIT_SCOPE 38
REFERENCE ffr_00048 36
DECLARE tkl_00261 10 36
REFERENCE rqs_00234 36
REFERENCE yne_00007 36
ENTER_SCOPE 39 36
REFERENCE pqc_00251 39
DECLARE mxg_00262 12 39
REFERENCE rct_00247 39
DECLARE ypy_00263 12 39
EXIT_SCOPE 39
DECLARE yma_00264 12 36
DECLARE gwh_00265 1 36
REFERENCE omw_00055 36
REFERENCE kfl_00009 36
DECLARE shm_00266 17 36
DECLARE lqp_00267 16 36
REFERENCE wdo_00025 36
REFERENCE missing_5317 36
REFERENCE jkk_00028 36
REFERENCE goa_00016 36
REFERENCE zdg_00044 36
REFERENCE efg_00054 36
DECLARE lwj_00268 11 36
REFERENCE doe_00006 36
REFERENCE fxe_00046 36
DECLARE ogt_00269 19 36
DECLARE vmm_00236 17 36
DECLARE ppb_00270 1 36
REFERENCE ccm_00191 36
DECLARE rvp_00271 1 36
DECLARE wfv_00272 11 36
DECLARE etq_00226 6 36
ENTER_SCOPE 40 36
DECLARE lxr_00273 18 40
EXIT_SCOPE 40
DECLARE hpa_00274 9 36
REFERENCE jnf_00008 36
REFERENCE oec_00019 36
DECLARE nym_00227 17 36
REFERENCE imz_00001 36
DECLARE lcj_00275 11 36
DECLARE uzk_00276 14 36
EXIT_SCOPE 36
REFERENCE heg_00015 24
DECLARE may_00277 14 24
DECLARE jkm_00278 15 24
ENTER_SCOPE 41 24
DECLARE vbo_00279 6 41
DECLARE nut_00280 2 41
DECLARE jud_00281 17 41
DECLARE idz_00282 19 41
DECLARE vne_00283 8 41
DECLARE jkm_00278 1 41
REFERENCE vmm_00236 41
REFERENCE ikg_00051 41
REFERENCE rsr_00004 41
REFERENCE xzh_00040 41
DECLARE jzz_00284 2 41
REFERENCE rhd_00233 41
REFERENCE missing_3096 41
DECLARE mwa_00285 6 41
DECLARE jco_00286 11 41
DECLARE tme_00287 6 41
REFERENCE missing_8434 41
REFERENCE xzh_00040 41
REFERENCE omw_00055 41
DECLARE yix_00288 10 41
REFERENCE dbw_00030 41
REFERENCE meb_00014 41
REFERENCE heg_00015 41
DECLARE yce_00289 7 41
REFERENCE vox_00056 41
REFERENCE jnf_00008 41
REFERENCE nec_00020 41
DECLARE rqs_00234 20 41
REFERENCE missing_1007 41
EXIT_SCOPE 41
REFERENCE yne_00007 24
REFERENCE lts_00011 24
REFERENCE rsr_00004 24
REFERENCE rhv_00041 24
ENTER_SCOPE 42 24
EXIT_SCOPE 42
DECLARE efg_00054 13 24
REFERENCE ybz_00240 24
REFERENCE missing_9676 24
REFERENCE ill_00232 24
REFERENCE dcz_00023 24
REFERENCE nec_00020 24
ENTER_SCOPE 43 24
DECLARE nxu_00290 8 43
REFERENCE gzw_00238 43
DECLARE nfx_00291 16 43
REFERENCE jkm_00278 43
DECLARE dwj_00292 8 43
REFERENCE dcz_00023 43
REFERENCE asm_00029 43
DECLARE vmm_00236 8 43
ENTER_SCOPE 44 43
REFERENCE qes_00026 44
REFERENCE qwa_00002 44
DECLARE dqe_00293 15 44
REFERENCE rsr_00004 44
EXIT_SCOPE 44
REFERENCE yfm_00043 43
REFERENCE qwa_00002 43
DECLARE ycs_00294 10 43
REFERENCE thf_00052 43
REFERENCE mfq_00038 43
REFERENCE ohz_00012 43
REFERENCE ohz_00012 43
DECLARE ftu_00295 1 43
REFERENCE missing_1226 43
REFERENCE dcz_00023 43
REFERENCE nec_00020 43
REFERENCE zzz_00050 43
DECLARE kgq_00296 12 43
EXIT_SCOPE 43
REFERENCE ccm_00191 24
DECLARE ciz_00297 10 24
REFERENCE missing_9735 24
REFERENCE missing_5877 24
REFERENCE efg_00054 24
DECLARE nsn_00053 15 24
REFERENCE jou_00045 24
DECLARE lel_00190 4 24
REFERENCE dbw_00030 24
DECLARE fqn_00298 20 24
DECLARE tsi_00299 1 24
DECLARE dlo_00300 7 24
DECLARE rit_00301 2 24
REFERENCE nje_00021 24
REFERENCE rhd_00233 24
DECLARE ndk_00302 16 24
REFERENCE missing_5923 24
ENTER_SCOPE 45 24
REFERENCE missing_8117 45
REFERENCE missing_5079 45
REFERENCE jqs_00013 45
EXIT_SCOPE 45
REFERENCE ohz_00012 24
DECLARE vox_00056 12 24
REFERENCE mgu_00047 24
REFERENCE rqs_00234 24
REFERENCE jou_00045 24
ENTER_SCOPE 46 24
REFERENCE nvg_00022 46
REFERENCE kfl_00009 46
DECLARE ywr_00303 17 46
DECLARE ciz_00297 11 46
DECLARE etq_00226 13 46
ENTER_SCOPE 47 46
DECLARE aaa_00304 12 47
DECLARE wlu_00305 3 47
EXIT_SCOPE 47
EXIT_SCOPE 46
REFERENCE missing_7930 24
DECLARE ynb_00306 10 24
ENTER_SCOPE 48 24
ENTER_SCOPE 49 48
EXIT_SCOPE 49
REFERENCE tga_00034 48
REFERENCE missing_5690 48
REFERENCE rit_00301 48
REFERENCE missing_1445 48
REFERENCE qwa_00002 48
REFERENCE ffr_00048 48
DECLARE slk_00307 15 48
REFERENCE aat_00033 48
DECLARE pla_00308 20 48
EXIT_SCOPE 48
DECLARE oec_00019 5 24
REFERENCE missing_7737 24
ENTER_SCOPE 50 24
REFERENCE missing_9560 50
DECLARE abj_00309 3 50
REFERENCE doe_00006 50
ENTER_SCOPE 51 50
EXIT_SCOPE 51
REFERENCE koe_00027 50
EXIT_SCOPE 50
REFERENCE hpu_00239 24
DECLARE unj_00310 7 24
REFERENCE tga_00034 24
DECLARE dqo_00039 11 24
REFERENCE wed_00042 24
REFERENCE tsi_00299 24
DECLARE qol_00311 11 24
REFERENCE rit_00301 24
DECLARE utc_00312 9 24
DECLARE xis_00313 9 24
REFERENCE missing_3742 24
REFERENCE ybz_00240 24
REFERENCE jkk_00028 24
DECLARE uoy_00314 10 24
REFERENCE missing_9400 24
DECLARE bml_00315 10 24
EXIT_SCOPE 24
REFERENCE wdo_00025 23
REFERENCE yne_00007 23
DECLARE pei_00316 8 23
DECLARE qea_00317 7 23
EXIT_SCOPE 23
DECLARE cno_00318 4 3
ENTER_SCOPE 52 3
ENTER_SCOPE 53 52
REFERENCE asm_00029 53
DECLARE bzt_00319 5 53
DECLARE vox_00056 9 53
REFERENCE missing_6568 53
REFERENCE nsn_00053 53
DECLARE ybi_00320 1 53
DECLARE rle_00321 8 53
REFERENCE xaa_00024 53
DECLARE zja_00322 18 53
REFERENCE missing_1480 53
DECLARE pao_00323 2 53
DECLARE scv_00324 7 53
ENTER_SCOPE 54 53
REFERENCE jqs_00013 54
DECLARE bzt_00319 8 54
REFERENCE zbi_00017 54
DECLARE xus_00325 16 54
REFERENCE lel_00190 54
DECLARE pao_00323 18 54
REFERENCE rsr_00004 54
REFERENCE rle_00321 54
ENTER_SCOPE 55 54
REFERENCE rty_00036 55
REFERENCE nje_00021 55
DECLARE xus_00325 2 55
REFERENCE imz_00001 55
DECLARE bju_00326 19 55
REFERENCE yfm_00043 55
DECLARE bzt_00319 4 55
DECLARE trn_00327 7 55
REFERENCE lts_00011 55
REFERENCE vox_00056 55
DECLARE ztl_00328 8 55
DECLARE zns_00329 16 55
DECLARE ppa_00330 4 55
EXIT_SCOPE 55
EXIT_SCOPE 54
REFERENCE doe_00006 53
DECLARE nqf_00331 9 53
REFERENCE missing_1200 53
DECLARE diy_00332 11 53
REFERENCE missing_7349 53
REFERENCE heg_00015 53
ENTER_SCOPE 56 53
REFERENCE missing_5140 56
DECLARE utk_00333 20 56
REFERENCE lel_00190 56
DECLARE gqd_00334 17 56
ENTER_SCOPE 57 56
REFERENCE vgw_00018 57
REFERENCE vox_00056 57
REFERENCE rhv_00041 57
REFERENCE mgu_00047 57
REFERENCE jqs_00013 57
DECLARE dtp_00335 3 57
REFERENCE ikg_00051 57
REFERENCE ikg_00051 57
DECLARE vot_00336 11 57
EXIT_SCOPE 57
EXIT_SCOPE 56
EXIT_SCOPE 53
EXIT_SCOPE 52
EXIT_SCOPE 3
EXIT_SCOPE 2
EXIT_SCOPE 1
EXIT_SCOPE 0
