# ColliScope Generated Random Trace
# Parameters: seed=59, scope=nested, type=mixed, load_factor=0.9
ENTER_SCOPE 0
DECLARE fyy_00000 1 0
DECLARE dha_00001 20 0
DECLARE avj_00002 18 0
DECLARE hep_00003 6 0
DECLARE zxx_00004 4 0
DECLARE jbi_00005 3 0
DECLARE bto_00006 3 0
DECLARE gcp_00007 20 0
DECLARE cid_00008 13 0
DECLARE ach_00009 17 0
DECLARE fnz_00010 13 0
DECLARE tpd_00011 2 0
DECLARE yzk_00012 15 0
DECLARE nrw_00013 9 0
DECLARE jnm_00014 7 0
DECLARE gmn_00015 14 0
DECLARE gri_00016 2 0
DECLARE jax_00017 12 0
DECLARE pra_00018 15 0
DECLARE vbo_00019 2 0
DECLARE vmh_00020 11 0
DECLARE ynj_00021 4 0
DECLARE vbm_00022 3 0
DECLARE xew_00023 8 0
DECLARE mdc_00024 11 0
DECLARE kya_00025 4 0
DECLARE ybz_00026 2 0
DECLARE irk_00027 14 0
DECLARE aot_00028 8 0
DECLARE aah_00029 9 0
DECLARE qed_00030 4 0
DECLARE uqq_00031 18 0
DECLARE poh_00032 8 0
DECLARE ems_00033 4 0
DECLARE pdr_00034 16 0
DECLARE tmd_00035 1 0
DECLARE flx_00036 6 0
DECLARE jnn_00037 10 0
DECLARE zwt_00038 17 0
DECLARE znf_00039 1 0
DECLARE syw_00040 16 0
DECLARE hvo_00041 8 0
DECLARE kew_00042 1 0
DECLARE yok_00043 13 0
DECLARE tme_00044 9 0
DECLARE grt_00045 3 0
DECLARE plx_00046 4 0
DECLARE ssu_00047 12 0
DECLARE gor_00048 17 0
DECLARE dwb_00049 6 0
REFERENCE bto_00006 0
DECLARE ltq_00050 8 0
REFERENCE yok_00043 0
DECLARE kbk_00051 14 0
DECLARE awm_00052 17 0
DECLARE gqe_00053 9 0
REFERENCE missing_1246 0
DECLARE dsr_00054 18 0
REFERENCE missing_7898 0
DECLARE pzd_00055 2 0
REFERENCE gqe_00053 0
REFERENCE ssu_00047 0
REFERENCE nrw_00013 0
DECLARE hxw_00056 14 0
DECLARE nyx_00057 3 0
REFERENCE zxx_00004 0
DECLARE yza_00058 17 0
DECLARE ehg_00059 15 0
ENTER_SCOPE 1 0
DECLARE syw_00040 19 1
DECLARE elp_00060 18 1
REFERENCE vmh_00020 1
REFERENCE ltq_00050 1
DECLARE azc_00061 11 1
DECLARE tni_00062 7 1
REFERENCE cid_00008 1
DECLARE bto_00006 8 1
EXIT_SCOPE 1
DECLARE lub_00063 19 0
REFERENCE xew_00023 0
REFERENCE cid_00008 0
REFERENCE yza_00058 0
ENTER_SCOPE 2 0
DECLARE ykk_00064 4 2
REFERENCE ykk_00064 2
REFERENCE lub_00063 2
DECLARE jvf_00065 16 2
ENTER_SCOPE 3 2
DECLARE ykk_00064 20 3
REFERENCE missing_3379 3
DECLARE fdn_00066 20 3
ENTER_SCOPE 4 3
DECLARE ykk_00064 18 4
EXIT_SCOPE 4
ENTER_SCOPE 5 3
REFERENCE avj_00002 5
DECLARE fdn_00066 13 5
REFERENCE missing_8141 5
REFERENCE gcp_00007 5
DECLARE hxy_00067 14 5
DECLARE mkn_00068 15 5
DECLARE tcx_00069 3 5
REFERENCE vbm_00022 5
DECLARE ykk_00064 7 5
DECLARE iwf_00070 5 5
DECLARE xwm_00071 5 5
REFERENCE gor_00048 5
REFERENCE pzd_00055 5
DECLARE qks_00072 3 5
REFERENCE gqe_00053 5
REFERENCE ehg_00059 5
REFERENCE mdc_00024 5
REFERENCE ems_00033 5
REFERENCE syw_00040 5
DECLARE qyj_00073 14 5
DECLARE txi_00074 2 5
DECLARE llq_00075 2 5
REFERENCE jvf_00065 5
DECLARE ndv_00076 10 5
REFERENCE tcx_00069 5
DECLARE qrd_00077 11 5
DECLARE jvf_00065 11 5
EXIT_SCOPE 5
DECLARE mnc_00078 1 3
REFERENCE gor_00048 3
REFERENCE plx_00046 3
DECLARE xpp_00079 13 3
REFERENCE yza_00058 3
REFERENCE tme_00044 3
REFERENCE tpd_00011 3
REFERENCE aah_00029 3
REFERENCE ems_00033 3
DECLARE yeh_00080 17 3
ENTER_SCOPE 6 3
DECLARE xwa_00081 3 6
REFERENCE aot_00028 6
EXIT_SCOPE 6
REFERENCE yeh_00080 3
REFERENCE irk_00027 3
EXIT_SCOPE 3
REFERENCE fyy_00000 2
DECLARE qfe_00082 4 2
REFERENCE zxx_00004 2
REFERENCE kew_00042 2
REFERENCE nrw_00013 2
REFERENCE qed_00030 2
REFERENCE missing_1180 2
REFERENCE nyx_00057 2
REFERENCE zxx_00004 2
DECLARE mnk_00083 11 2
REFERENCE awm_00052 2
REFERENCE xew_00023 2
REFERENCE jvf_00065 2
DECLARE uus_00084 6 2
DECLARE jnj_00085 2 2
REFERENCE jbi_00005 2
REFERENCE uus_00084 2
DECLARE phm_00086 6 2
DECLARE crw_00087 1 2
DECLARE dll_00088 18 2
REFERENCE mnk_00083 2
ENTER_SCOPE 7 2
REFERENCE kew_00042 7
DECLARE koc_00089 7 7
REFERENCE yzk_00012 7
DECLARE fds_00090 1 7
DECLARE xeo_00091 17 7
REFERENCE ykk_00064 7
ENTER_SCOPE 8 7
REFERENCE koc_00089 8
REFERENCE missing_4417 8
DECLARE jro_00092 14 8
REFERENCE jnj_00085 8
REFERENCE hxw_00056 8
DECLARE ljp_00093 18 8
DECLARE gyx_00094 4 8
REFERENCE xeo_00091 8
REFERENCE jro_00092 8
REFERENCE fds_00090 8
DECLARE koc_00089 4 8
REFERENCE gri_00016 8
ENTER_SCOPE 9 8
EXIT_SCOPE 9
REFERENCE tmd_00035 8
REFERENCE mdc_00024 8
REFERENCE avj_00002 8
DECLARE xeo_00091 9 8
REFERENCE znf_00039 8
REFERENCE ssu_00047 8
REFERENCE gyx_00094 8
DECLARE psz_00095 7 8
DECLARE fds_00090 6 8
DECLARE phm_00086 18 8
REFERENCE poh_00032 8
DECLARE eew_00096 19 8
REFERENCE ykk_00064 8
REFERENCE znf_00039 8
ENTER_SCOPE 10 8
REFERENCE gmn_00015 10
DECLARE poo_00097 14 10
DECLARE eew_00096 14 10
DECLARE njw_00098 9 10
DECLARE fxw_00099 10 10
DECLARE tcr_00100 7 10
REFERENCE missing_8633 10
DECLARE vmo_00101 9 10
DECLARE aml_00102 19 10
DECLARE qdw_00103 5 10
REFERENCE kbk_00051 10
DECLARE fzs_00104 8 10
DECLARE cet_00105 9 10
REFERENCE jnm_00014 10
DECLARE xab_00106 7 10
REFERENCE cet_00105 10
DECLARE fds_00090 4 10
DECLARE sjo_00107 11 10
DECLARE tgq_00108 3 10
DECLARE jro_00092 17 10
REFERENCE aah_00029 10
REFERENCE poh_00032 10
REFERENCE fds_00090 10
DECLARE ofu_00109 19 10
REFERENCE missing_4813 10
REFERENCE hxw_00056 10
REFERENCE ynj_00021 10
DECLARE gyx_00094 14 10
REFERENCE tgq_00108 10
DECLARE hpk_00110 14 10
ENTER_SCOPE 11 10
REFERENCE ljp_00093 11
DECLARE twh_00111 8 11
REFERENCE plx_00046 11
ENTER_SCOPE 12 11
REFERENCE poo_00097 12
REFERENCE missing_9358 12
REFERENCE gyx_00094 12
DECLARE nat_00112 19 12
REFERENCE uqq_00031 12
DECLARE zfi_00113 19 12
REFERENCE xab_00106 12
REFERENCE avj_00002 12
DECLARE njc_00114 2 12
REFERENCE mnk_00083 12
DECLARE twh_00111 11 12
REFERENCE aot_00028 12
ENTER_SCOPE 13 12
REFERENCE jnn_00037 13
REFERENCE jnm_00014 13
EXIT_SCOPE 13
DECLARE cne_00115 8 12
REFERENCE fds_00090 12
REFERENCE vmo_00101 12
DECLARE hsn_00116 4 12
DECLARE sjo_00107 5 12
DECLARE dlh_00117 1 12
DECLARE uno_00118 18 12
EXIT_SCOPE 12
REFERENCE gyx_00094 11
REFERENCE fds_00090 11
REFERENCE missing_3688 11
REFERENCE dwb_00049 11
DECLARE uuv_00119 17 11
REFERENCE nyx_00057 11
DECLARE qdw_00103 13 11
REFERENCE fzs_00104 11
DECLARE hpk_00110 17 11
REFERENCE missing_2131 11
DECLARE njw_00098 17 11
REFERENCE xab_00106 11
DECLARE rpx_00120 3 11
DECLARE waq_00121 11 11
REFERENCE uqq_00031 11
REFERENCE ehg_00059 11
DECLARE wru_00122 4 11
REFERENCE xeo_00091 11
REFERENCE cet_00105 11
DECLARE aml_00102 6 11
REFERENCE bto_00006 11
ENTER_SCOPE 14 11
DECLARE hpk_00110 12 14
EXIT_SCOPE 14
REFERENCE fds_00090 11
REFERENCE eew_00096 11
DECLARE ylh_00123 17 11
DECLARE gyx_00094 7 11
REFERENCE vbo_00019 11
DECLARE mqo_00124 18 11
DECLARE whl_00125 17 11
ENTER_SCOPE 15 11
ENTER_SCOPE 16 15
REFERENCE missing_6931 16
DECLARE yah_00126 1 16
DECLARE uxy_00127 2 16
REFERENCE fnz_00010 16
REFERENCE awm_00052 16
REFERENCE gqe_00053 16
REFERENCE ykk_00064 16
REFERENCE gri_00016 16
DECLARE knd_00128 20 16
EXIT_SCOPE 16
DECLARE vcj_00129 15 15
REFERENCE ems_00033 15
REFERENCE missing_2015 15
REFERENCE xeo_00091 15
REFERENCE missing_7896 15
REFERENCE eew_00096 15
REFERENCE missing_7416 15
DECLARE aph_00130 15 15
ENTER_SCOPE 17 15
REFERENCE missing_8502 17
DECLARE xnt_00131 11 17
DECLARE aph_00130 20 17
DECLARE fiq_00132 8 17
REFERENCE waq_00121 17
DECLARE nxt_00133 8 17
DECLARE fip_00134 8 17
REFERENCE xnt_00131 17
REFERENCE phm_00086 17
DECLARE vcj_00129 14 17
REFERENCE rpx_00120 17
DECLARE hnn_00135 6 17
REFERENCE missing_1826 17
REFERENCE nyx_00057 17
REFERENCE gcp_00007 17
REFERENCE jnm_00014 17
DECLARE qtf_00136 7 17
REFERENCE tpd_00011 17
DECLARE jwh_00137 16 17
REFERENCE fnz_00010 17
REFERENCE missing_5678 17
DECLARE rvw_00138 7 17
REFERENCE ylh_00123 17
DECLARE jvi_00139 7 17
REFERENCE tcr_00100 17
REFERENCE xnt_00131 17
REFERENCE znf_00039 17
REFERENCE phm_00086 17
DECLARE rys_00140 5 17
REFERENCE fyy_00000 17
DECLARE njw_00098 16 17
DECLARE uuv_00119 17 17
REFERENCE wru_00122 17
REFERENCE vcj_00129 17
EXIT_SCOPE 17
DECLARE uuv_00119 10 15
REFERENCE ltq_00050 15
REFERENCE whl_00125 15
DECLARE wru_00122 17 15
REFERENCE eew_00096 15
DECLARE tam_00141 6 15
EXIT_SCOPE 15
DECLARE mwg_00142 3 11
REFERENCE dsr_00054 11
REFERENCE crw_00087 11
REFERENCE nyx_00057 11
REFERENCE jro_00092 11
DECLARE yeb_00143 19 11
DECLARE oij_00144 3 11
EXIT_SCOPE 11
DECLARE psz_00095 11 10
ENTER_SCOPE 18 10
REFERENCE tmd_00035 18
DECLARE euy_00145 6 18
REFERENCE yzk_00012 18
REFERENCE missing_6921 18
REFERENCE zxx_00004 18
REFERENCE plx_00046 18
DECLARE fjf_00146 4 18
REFERENCE mnk_00083 18
REFERENCE dwb_00049 18
REFERENCE xab_00106 18
REFERENCE sjo_00107 18
REFERENCE ykk_00064 18
REFERENCE gmn_00015 18
REFERENCE hpk_00110 18
DECLARE ooe_00147 10 18
DECLARE vqz_00148 17 18
DECLARE nxv_00149 13 18
ENTER_SCOPE 19 18
REFERENCE grt_00045 19
DECLARE pns_00150 5 19
EXIT_SCOPE 19
DECLARE ffu_00151 8 18
REFERENCE ynj_00021 18
REFERENCE fnz_00010 18
REFERENCE missing_2263 18
ENTER_SCOPE 20 18
REFERENCE missing_1575 20
REFERENCE ofu_00109 20
REFERENCE qed_00030 20
REFERENCE euy_00145 20
REFERENCE flx_00036 20
DECLARE iiv_00152 17 20
REFERENCE zxx_00004 20
REFERENCE missing_5005 20
DECLARE uhg_00153 15 20
REFERENCE ltq_00050 20
EXIT_SCOPE 20
DECLARE tcr_00100 3 18
DECLARE kpq_00154 5 18
DECLARE fgp_00155 17 18
DECLARE ijq_00156 7 18
REFERENCE kya_00025 18
REFERENCE zwt_00038 18
DECLARE sjo_00157 19 18
REFERENCE gcp_00007 18
REFERENCE tpd_00011 18
DECLARE mqp_00158 9 18
DECLARE fzs_00104 4 18
DECLARE evi_00159 14 18
DECLARE weo_00160 5 18
REFERENCE jro_00092 18
EXIT_SCOPE 18
DECLARE jeg_00161 2 10
REFERENCE xeo_00091 10
DECLARE wqu_00162 7 10
DECLARE omq_00163 20 10
DECLARE vfp_00164 14 10
REFERENCE gqe_00053 10
DECLARE knz_00165 14 10
REFERENCE crw_00087 10
REFERENCE ljp_00093 10
ENTER_SCOPE 21 10
REFERENCE gor_00048 21
REFERENCE gor_00048 21
EXIT_SCOPE 21
DECLARE rmc_00166 15 10
REFERENCE vmh_00020 10
REFERENCE yok_00043 10
REFERENCE ybz_00026 10
REFERENCE znf_00039 10
REFERENCE tpd_00011 10
DECLARE lhl_00167 15 10
DECLARE vyd_00168 18 10
REFERENCE vbm_00022 10
DECLARE kof_00169 17 10
DECLARE eyv_00170 14 10
DECLARE ktj_00171 15 10
REFERENCE eyv_00170 10
REFERENCE qfe_00082 10
REFERENCE ehg_00059 10
REFERENCE missing_7058 10
DECLARE nnj_00172 10 10
DECLARE dpe_00173 19 10
REFERENCE ehg_00059 10
REFERENCE fxw_00099 10
DECLARE ojk_00174 9 10
DECLARE ljp_00093 13 10
REFERENCE gri_00016 10
REFERENCE jro_00092 10
DECLARE iwy_00175 5 10
REFERENCE hep_00003 10
REFERENCE sjo_00107 10
DECLARE zqd_00176 11 10
DECLARE rwz_00177 3 10
DECLARE dho_00178 7 10
REFERENCE nnj_00172 10
REFERENCE missing_6065 10
REFERENCE awm_00052 10
REFERENCE tme_00044 10
DECLARE rog_00179 17 10
DECLARE koc_00089 17 10
DECLARE mvm_00180 18 10
REFERENCE awm_00052 10
DECLARE jke_00181 16 10
DECLARE xyu_00182 17 10
EXIT_SCOPE 10
DECLARE crw_00087 9 8
ENTER_SCOPE 22 8
DECLARE ewi_00183 17 22
REFERENCE jax_00017 22
DECLARE psz_00095 17 22
REFERENCE plx_00046 22
DECLARE ngs_00184 3 22
DECLARE jno_00185 17 22
REFERENCE dsr_00054 22
REFERENCE xeo_00091 22
REFERENCE gri_00016 22
DECLARE gyx_00094 7 22
DECLARE ljp_00093 18 22
REFERENCE uus_00084 22
REFERENCE syw_00040 22
REFERENCE missing_7212 22
ENTER_SCOPE 23 22
REFERENCE ems_00033 23
REFERENCE crw_00087 23
REFERENCE jnn_00037 23
DECLARE dst_00186 3 23
REFERENCE ltq_00050 23
DECLARE xtz_00187 4 23
REFERENCE bto_00006 23
REFERENCE phm_00086 23
REFERENCE missing_5377 23
DECLARE cms_00188 8 23
DECLARE jlu_00189 1 23
REFERENCE yzk_00012 23
REFERENCE dwb_00049 23
REFERENCE crw_00087 23
REFERENCE kbk_00051 23
REFERENCE missing_3432 23
REFERENCE pdr_00034 23
DECLARE psz_00095 7 23
REFERENCE ybz_00026 23
DECLARE eni_00190 19 23
DECLARE poa_00191 16 23
DECLARE ewi_00183 8 23
REFERENCE gor_00048 23
REFERENCE hxw_00056 23
DECLARE ljp_00093 1 23
REFERENCE gmn_00015 23
DECLARE hwy_00192 11 23
REFERENCE aah_00029 23
DECLARE zzz_00193 19 23
REFERENCE crw_00087 23
EXIT_SCOPE 23
REFERENCE tme_00044 22
ENTER_SCOPE 24 22
DECLARE gyx_00094 11 24
DECLARE ngs_00184 5 24
DECLARE gka_00194 15 24
DECLARE esi_00195 20 24
REFERENCE gri_00016 24
DECLARE jcg_00196 3 24
DECLARE nvt_00197 18 24
REFERENCE irk_00027 24
DECLARE svu_00198 7 24
REFERENCE gcp_00007 24
DECLARE zdd_00199 16 24
REFERENCE avj_00002 24
EXIT_SCOPE 24
REFERENCE vbm_00022 22
DECLARE goa_00200 18 22
REFERENCE fyy_00000 22
REFERENCE ems_00033 22
REFERENCE yok_00043 22
ENTER_SCOPE 25 22
REFERENCE yzk_00012 25
DECLARE bvt_00201 5 25
DECLARE pic_00202 2 25
DECLARE vcp_00203 5 25
DECLARE goa_00200 20 25
REFERENCE gyx_00094 25
DECLARE ktr_00204 11 25
DECLARE rkh_00205 17 25
REFERENCE awm_00052 25
DECLARE wrn_00206 13 25
ENTER_SCOPE 26 25
REFERENCE phm_00086 26
REFERENCE missing_6322 26
REFERENCE missing_8252 26
REFERENCE missing_5883 26
REFERENCE koc_00089 26
DECLARE ktr_00204 13 26
REFERENCE missing_9676 26
REFERENCE awm_00052 26
DECLARE rqn_00207 14 26
REFERENCE pzd_00055 26
DECLARE wrn_00206 14 26
ENTER_SCOPE 27 26
REFERENCE pdr_00034 27
DECLARE jwh_00208 6 27
REFERENCE missing_6824 27
DECLARE ktr_00204 10 27
EXIT_SCOPE 27
DECLARE rkh_00205 17 26
DECLARE goa_00200 7 26
ENTER_SCOPE 28 26
DECLARE hbc_00209 1 28
DECLARE fdf_00210 16 28
REFERENCE ewi_00183 28
REFERENCE vcp_00203 28
DECLARE hai_00211 11 28
REFERENCE gyx_00094 28
DECLARE fub_00212 20 28
REFERENCE jax_00017 28
REFERENCE missing_7134 28
DECLARE wrn_00206 1 28
DECLARE zez_00213 15 28
REFERENCE missing_8788 28
DECLARE rok_00214 5 28
REFERENCE missing_6636 28
REFERENCE fnz_00010 28
DECLARE add_00215 1 28
REFERENCE jno_00185 28
EXIT_SCOPE 28
REFERENCE koc_00089 26
REFERENCE awm_00052 26
DECLARE ghe_00216 17 26
REFERENCE aah_00029 26
REFERENCE vmh_00020 26
REFERENCE cid_00008 26
DECLARE bvt_00201 8 26
DECLARE kgz_00217 7 26
REFERENCE dha_00001 26
REFERENCE dha_00001 26
REFERENCE jro_00092 26
DECLARE tzq_00218 17 26
REFERENCE yok_00043 26
DECLARE xnv_00219 2 26
DECLARE pic_00202 7 26
DECLARE ztj_00220 15 26
DECLARE fbo_00221 18 26
REFERENCE tpd_00011 26
EXIT_SCOPE 26
ENTER_SCOPE 29 25
EXIT_SCOPE 29
REFERENCE vcp_00203 25
REFERENCE nyx_00057 25
DECLARE ngs_00184 7 25
REFERENCE missing_4648 25
REFERENCE missing_5904 25
REFERENCE gqe_00053 25
ENTER_SCOPE 30 25
REFERENCE gor_00048 30
DECLARE fqf_00222 9 30
REFERENCE qed_00030 30
REFERENCE vbm_00022 30
DECLARE aio_00223 19 30
REFERENCE wrn_00206 30
DECLARE ouw_00224 10 30
ENTER_SCOPE 31 30
DECLARE fqf_00222 1 31
REFERENCE fqf_00222 31
DECLARE ciz_00225 3 31
REFERENCE jro_00092 31
DECLARE aio_00223 1 31
EXIT_SCOPE 31
DECLARE thg_00226 2 30
REFERENCE missing_3168 30
REFERENCE dsr_00054 30
REFERENCE gri_00016 30
REFERENCE irk_00027 30
DECLARE goa_00200 1 30
DECLARE blm_00227 10 30
DECLARE hhd_00228 18 30
REFERENCE fnz_00010 30
DECLARE hdh_00229 5 30
REFERENCE ewi_00183 30
DECLARE zxx_00230 19 30
EXIT_SCOPE 30
REFERENCE missing_2748 25
REFERENCE gyx_00094 25
REFERENCE zxx_00004 25
REFERENCE pzd_00055 25
DECLARE clj_00231 11 25
DECLARE gyx_00094 7 25
DECLARE zko_00232 3 25
REFERENCE yok_00043 25
REFERENCE xeo_00091 25
DECLARE ewi_00183 17 25
REFERENCE ngs_00184 25
REFERENCE goa_00200 25
REFERENCE vbo_00019 25
REFERENCE missing_1336 25
DECLARE qud_00233 11 25
REFERENCE missing_5970 25
DECLARE jno_00185 16 25
REFERENCE jvf_00065 25
REFERENCE hep_00003 25
DECLARE uwu_00234 19 25
REFERENCE missing_1593 25
REFERENCE missing_4115 25
REFERENCE jnm_00014 25
REFERENCE poh_00032 25
DECLARE mep_00235 9 25
REFERENCE aot_00028 25
REFERENCE koc_00089 25
DECLARE gsa_00236 7 25
DECLARE fui_00237 11 25
DECLARE wke_00238 8 25
DECLARE psz_00095 6 25
ENTER_SCOPE 32 25
DECLARE kbd_00239 6 32
REFERENCE yza_00058 32
DECLARE ykv_00240 11 32
REFERENCE poh_00032 32
DECLARE gyx_00094 6 32
EXIT_SCOPE 32
DECLARE nct_00241 9 25
REFERENCE avj_00002 25
ENTER_SCOPE 33 25
REFERENCE tmd_00035 33
DECLARE jzx_00242 14 33
REFERENCE missing_4778 33
REFERENCE yok_00043 33
DECLARE hhs_00243 9 33
REFERENCE koc_00089 33
DECLARE hlj_00244 6 33
REFERENCE gri_00016 33
REFERENCE missing_7091 33
DECLARE jga_00245 14 33
ENTER_SCOPE 34 33
DECLARE jga_00245 2 34
REFERENCE missing_4083 34
REFERENCE mdc_00024 34
REFERENCE pzd_00055 34
DECLARE rst_00246 19 34
EXIT_SCOPE 34
DECLARE xnd_00247 9 33
ENTER_SCOPE 35 33
DECLARE bbf_00248 7 35
DECLARE sqp_00249 12 35
REFERENCE wke_00238 35
REFERENCE ewi_00183 35
DECLARE xkd_00250 8 35
REFERENCE missing_1765 35
DECLARE jzx_00242 5 35
REFERENCE ehg_00059 35
DECLARE jga_00245 18 35
REFERENCE bbf_00248 35
REFERENCE hvo_00041 35
DECLARE xnd_00247 16 35
DECLARE joh_00251 12 35
REFERENCE dsr_00054 35
REFERENCE mdc_00024 35
REFERENCE gsa_00236 35
REFERENCE qfe_00082 35
DECLARE geg_00252 19 35
REFERENCE ems_00033 35
REFERENCE missing_4683 35
REFERENCE tme_00044 35
DECLARE nia_00253 11 35
REFERENCE nyx_00057 35
DECLARE ngt_00254 17 35
REFERENCE fui_00237 35
DECLARE ufs_00255 9 35
DECLARE ovc_00256 12 35
REFERENCE eew_00096 35
REFERENCE ngs_00184 35
REFERENCE awm_00052 35
DECLARE bso_00257 1 35
REFERENCE qud_00233 35
REFERENCE missing_3668 35
REFERENCE pra_00018 35
REFERENCE nyx_00057 35
REFERENCE jro_00092 35
REFERENCE vcp_00203 35
DECLARE tbq_00258 14 35
REFERENCE ufs_00255 35
DECLARE div_00259 19 35
DECLARE gqz_00260 6 35
DECLARE fou_00261 11 35
DECLARE wzf_00262 2 35
REFERENCE awm_00052 35
REFERENCE missing_4229 35
EXIT_SCOPE 35
DECLARE buq_00263 10 33
DECLARE svj_00264 9 33
ENTER_SCOPE 36 33
DECLARE svj_00264 19 36
REFERENCE jzx_00242 36
REFERENCE ykk_00064 36
REFERENCE gyx_00094 36
REFERENCE hxw_00056 36
DECLARE jzx_00242 8 36
DECLARE lfe_00265 8 36
DECLARE kmo_00266 10 36
REFERENCE ynj_00021 36
DECLARE fbx_00267 9 36
DECLARE hhs_00243 5 36
REFERENCE missing_6641 36
DECLARE lew_00268 2 36
DECLARE buq_00263 2 36
REFERENCE ewi_00183 36
DECLARE abe_00269 6 36
DECLARE url_00270 8 36
REFERENCE zko_00232 36
DECLARE hlj_00244 12 36
DECLARE jga_00245 13 36
EXIT_SCOPE 36
DECLARE pic_00202 19 33
REFERENCE missing_1568 33
REFERENCE xeo_00091 33
REFERENCE ngs_00184 33
DECLARE yxe_00271 17 33
DECLARE ynk_00272 2 33
EXIT_SCOPE 33
DECLARE nyd_00273 3 25
REFERENCE koc_00089 25
EXIT_SCOPE 25
ENTER_SCOPE 37 22
REFERENCE irk_00027 37
ENTER_SCOPE 38 37
DECLARE thp_00274 3 38
DECLARE ngs_00184 1 38
DECLARE hwn_00275 12 38
DECLARE mom_00276 20 38
REFERENCE ach_00009 38
REFERENCE znf_00039 38
DECLARE qcp_00277 19 38
REFERENCE missing_6990 38
REFERENCE koc_00089 38
DECLARE ljp_00093 5 38
DECLARE dda_00278 3 38
DECLARE lhi_00279 4 38
EXIT_SCOPE 38
REFERENCE missing_9255 37
REFERENCE phm_00086 37
DECLARE cck_00280 13 37
REFERENCE ybz_00026 37
DECLARE ufm_00281 9 37
REFERENCE pra_00018 37
REFERENCE jro_00092 37
REFERENCE fnz_00010 37
REFERENCE psz_00095 37
DECLARE wor_00282 10 37
EXIT_SCOPE 37
REFERENCE yza_00058 22
DECLARE nmz_00283 20 22
REFERENCE ach_00009 22
DECLARE mik_00284 6 22
ENTER_SCOPE 39 22
DECLARE eya_00285 15 39
ENTER_SCOPE 40 39
DECLARE eya_00285 3 40
REFERENCE yok_00043 40
DECLARE lvg_00286 17 40
REFERENCE gri_00016 40
REFERENCE ssu_00047 40
REFERENCE xew_00023 40
ENTER_SCOPE 41 40
EXIT_SCOPE 41
DECLARE itw_00287 5 40
REFERENCE uus_00084 40
REFERENCE ngs_00184 40
REFERENCE crw_00087 40
REFERENCE missing_5663 40
DECLARE jsb_00288 20 40
REFERENCE missing_3783 40
REFERENCE jax_00017 40
DECLARE xbk_00289 16 40
DECLARE ewi_00183 6 40
DECLARE lui_00290 12 40
REFERENCE missing_1483 40
DECLARE jno_00185 2 40
DECLARE fxe_00291 5 40
REFERENCE dll_00088 40
REFERENCE jno_00185 40
DECLARE xmn_00292 17 40
DECLARE kkj_00293 5 40
DECLARE mfh_00294 17 40
REFERENCE vbo_00019 40
DECLARE qnw_00295 5 40
ENTER_SCOPE 42 40
DECLARE qll_00296 4 42
DECLARE qnw_00295 1 42
EXIT_SCOPE 42
REFERENCE yok_00043 40
REFERENCE ybz_00026 40
DECLARE aqk_00297 5 40
REFERENCE qnw_00295 40
REFERENCE aah_00029 40
DECLARE ooj_00298 8 40
ENTER_SCOPE 43 40
DECLARE itw_00287 17 43
REFERENCE eya_00285 43
DECLARE gkb_00299 5 43
REFERENCE goa_00200 43
REFERENCE dll_00088 43
EXIT_SCOPE 43
DECLARE ljp_00093 7 40
REFERENCE ach_00009 40
REFERENCE lub_00063 40
REFERENCE kbk_00051 40
DECLARE goa_00200 3 40
REFERENCE ems_00033 40
REFERENCE pra_00018 40
DECLARE psz_00095 19 40
ENTER_SCOPE 44 40
EXIT_SCOPE 44
REFERENCE pzd_00055 40
REFERENCE koc_00089 40
DECLARE uva_00300 11 40
DECLARE hew_00301 4 40
DECLARE ynv_00302 4 40
REFERENCE yza_00058 40
REFERENCE psz_00095 40
REFERENCE mdc_00024 40
ENTER_SCOPE 45 40
DECLARE rop_00303 16 45
REFERENCE missing_8314 45
REFERENCE phm_00086 45
REFERENCE missing_8220 45
DECLARE goa_00200 16 45
REFERENCE eew_00096 45
REFERENCE plx_00046 45
REFERENCE xeo_00091 45
DECLARE aqk_00297 20 45
REFERENCE dha_00001 45
DECLARE uya_00304 10 45
REFERENCE gyx_00094 45
REFERENCE qfe_00082 45
REFERENCE missing_4140 45
DECLARE dcc_00305 1 45
REFERENCE aah_00029 45
REFERENCE jro_00092 45
REFERENCE uqq_00031 45
DECLARE mfh_00294 9 45
DECLARE unv_00306 9 45
REFERENCE fxe_00291 45
DECLARE tny_00307 13 45
DECLARE yyk_00308 20 45
DECLARE bpu_00309 11 45
REFERENCE missing_4452 45
DECLARE jsb_00288 9 45
REFERENCE ykk_00064 45
REFERENCE missing_1513 45
DECLARE fhr_00310 11 45
DECLARE hif_00311 9 45
DECLARE myg_00312 14 45
REFERENCE dsr_00054 45
REFERENCE irk_00027 45
REFERENCE ehg_00059 45
EXIT_SCOPE 45
ENTER_SCOPE 46 40
REFERENCE ljp_00093 46
EXIT_SCOPE 46
DECLARE nmz_00283 7 40
DECLARE mik_00284 17 40
REFERENCE missing_4874 40
REFERENCE gri_00016 40
REFERENCE jnn_00037 40
DECLARE ngs_00184 4 40
REFERENCE missing_6381 40
DECLARE ino_00313 15 40
DECLARE arx_00314 9 40
REFERENCE jsb_00288 40
REFERENCE jro_00092 40
DECLARE osf_00315 4 40
DECLARE sqe_00316 1 40
REFERENCE jro_00092 40
DECLARE bqw_00317 19 40
REFERENCE psz_00095 40
REFERENCE eya_00285 40
REFERENCE missing_5132 40
DECLARE mgo_00318 8 40
REFERENCE missing_4261 40
REFERENCE xeo_00091 40
REFERENCE bqw_00317 40
REFERENCE lui_00290 40
DECLARE apr_00319 7 40
ENTER_SCOPE 47 40
REFERENCE xeo_00091 47
EXIT_SCOPE 47
REFERENCE jno_00185 40
ENTER_SCOPE 48 40
REFERENCE ljp_00093 48
REFERENCE ngs_00184 48
EXIT_SCOPE 48
DECLARE qiv_00320 10 40
DECLARE pvh_00321 16 40
DECLARE axs_00322 14 40
REFERENCE missing_6651 40
REFERENCE ino_00313 40
REFERENCE gcp_00007 40
DECLARE gyx_00094 13 40
DECLARE crw_00087 12 40
DECLARE rgv_00323 3 40
EXIT_SCOPE 40
REFERENCE jno_00185 39
DECLARE ykb_00324 19 39
DECLARE gjh_00325 9 39
DECLARE cop_00326 18 39
REFERENCE xeo_00091 39
DECLARE psz_00095 16 39
ENTER_SCOPE 49 39
EXIT_SCOPE 49
DECLARE kwu_00327 18 39
EXIT_SCOPE 39
DECLARE ugp_00328 6 22
REFERENCE goa_00200 22
REFERENCE vbo_00019 22
REFERENCE missing_6289 22
REFERENCE jax_00017 22
DECLARE phm_00086 14 22
REFERENCE psz_00095 22
DECLARE eew_00096 9 22
DECLARE fds_00090 12 22
REFERENCE xew_00023 22
REFERENCE vbo_00019 22
DECLARE dnp_00329 15 22
REFERENCE gqe_00053 22
DECLARE xyu_00330 19 22
ENTER_SCOPE 50 22
REFERENCE nmz_00283 50
REFERENCE dnp_00329 50
REFERENCE mdc_00024 50
DECLARE wie_00331 2 50
REFERENCE fds_00090 50
ENTER_SCOPE 51 50
DECLARE pmd_00332 14 51
DECLARE wie_00331 17 51
REFERENCE missing_4878 51
REFERENCE ltq_00050 51
REFERENCE ugp_00328 51
DECLARE jya_00333 12 51
ENTER_SCOPE 52 51
REFERENCE ems_00033 52
REFERENCE missing_8142 52
DECLARE nkw_00334 2 52
EXIT_SCOPE 52
EXIT_SCOPE 51
EXIT_SCOPE 50
EXIT_SCOPE 22
EXIT_SCOPE 8
EXIT_SCOPE 7
EXIT_SCOPE 2
EXIT_SCOPE 0
