# ColliScope Generated Random Trace
# Parameters: seed=54, scope=nested, type=lookup-heavy, load_factor=0.5
ENTER_SCOPE 0
DECLARE xdo_00000 16 0
DECLARE xmf_00001 11 0
DECLARE pjx_00002 7 0
DECLARE sbz_00003 18 0
DECLARE lci_00004 10 0
DECLARE yhd_00005 9 0
DECLARE yzp_00006 2 0
DECLARE jag_00007 8 0
DECLARE sex_00008 5 0
DECLARE jya_00009 7 0
DECLARE lpz_00010 8 0
DECLARE gpq_00011 18 0
DECLARE gik_00012 14 0
DECLARE kyo_00013 16 0
DECLARE xvh_00014 12 0
DECLARE mhx_00015 17 0
DECLARE lnx_00016 16 0
DECLARE pni_00017 2 0
DECLARE ypj_00018 14 0
DECLARE kli_00019 14 0
DECLARE wpc_00020 18 0
DECLARE omy_00021 9 0
DECLARE prk_00022 9 0
DECLARE sdn_00023 10 0
DECLARE scy_00024 4 0
DECLARE zpd_00025 8 0
DECLARE odf_00026 11 0
DECLARE ifu_00027 9 0
DECLARE pyv_00028 2 0
DECLARE aqe_00029 15 0
DECLARE mii_00030 3 0
DECLARE fxj_00031 6 0
DECLARE fkt_00032 19 0
DECLARE bry_00033 10 0
DECLARE tbq_00034 13 0
DECLARE adx_00035 14 0
DECLARE aco_00036 8 0
DECLARE kra_00037 4 0
DECLARE zuc_00038 9 0
DECLARE vaf_00039 3 0
DECLARE trf_00040 1 0
DECLARE piy_00041 13 0
DECLARE tsn_00042 11 0
DECLARE ljv_00043 19 0
DECLARE slw_00044 19 0
DECLARE hku_00045 14 0
DECLARE xww_00046 7 0
DECLARE ikb_00047 10 0
DECLARE jhj_00048 9 0
DECLARE xzj_00049 11 0
REFERENCE mhx_00015 0
REFERENCE omy_00021 0
REFERENCE yzp_00006 0
DECLARE cxs_00050 16 0
REFERENCE missing_3561 0
ENTER_SCOPE 1 0
EXIT_SCOPE 1
REFERENCE lpz_00010 0
DECLARE eyo_00051 3 0
REFERENCE jag_00007 0
REFERENCE sex_00008 0
REFERENCE mhx_00015 0
REFERENCE fkt_00032 0
REFERENCE wpc_00020 0
REFERENCE sbz_00003 0
REFERENCE xdo_00000 0
REFERENCE ifu_00027 0
ENTER_SCOPE 2 0
REFERENCE ljv_00043 2
REFERENCE tsn_00042 2
REFERENCE lci_00004 2
ENTER_SCOPE 3 2
REFERENCE fkt_00032 3
REFERENCE missing_3756 3
REFERENCE lci_00004 3
REFERENCE bry_00033 3
REFERENCE missing_6090 3
REFERENCE pni_00017 3
REFERENCE lci_00004 3
DECLARE hth_00052 11 3
REFERENCE xmf_00001 3
REFERENCE missing_8223 3
ENTER_SCOPE 4 3
REFERENCE fkt_00032 4
REFERENCE slw_00044 4
REFERENCE cxs_00050 4
REFERENCE missing_2048 4
REFERENCE missing_4025 4
REFERENCE missing_1894 4
ENTER_SCOPE 5 4
REFERENCE zpd_00025 5
EXIT_SCOPE 5
REFERENCE fxj_00031 4
ENTER_SCOPE 6 4
REFERENCE hku_00045 6
REFERENCE jhj_00048 6
REFERENCE lpz_00010 6
DECLARE hth_00052 19 6
DECLARE hyr_00053 2 6
REFERENCE missing_7175 6
REFERENCE missing_6139 6
DECLARE yhd_00005 4 6
REFERENCE sbz_00003 6
REFERENCE missing_8516 6
REFERENCE jhj_00048 6
REFERENCE jag_00007 6
REFERENCE yhd_00005 6
REFERENCE sex_00008 6
REFERENCE zuc_00038 6
REFERENCE kra_00037 6
REFERENCE jhj_00048 6
REFERENCE missing_2399 6
REFERENCE omy_00021 6
REFERENCE xvh_00014 6
REFERENCE scy_00024 6
DECLARE jsn_00054 14 6
REFERENCE pjx_00002 6
DECLARE ehc_00055 6 6
REFERENCE adx_00035 6
REFERENCE slw_00044 6
REFERENCE jya_00009 6
REFERENCE wpc_00020 6
REFERENCE gpq_00011 6
REFERENCE hyr_00053 6
REFERENCE hth_00052 6
ENTER_SCOPE 7 6
REFERENCE jag_00007 7
REFERENCE ikb_00047 7
REFERENCE kyo_00013 7
REFERENCE kli_00019 7
REFERENCE trf_00040 7
REFERENCE xdo_00000 7
DECLARE hyr_00053 14 7
REFERENCE aqe_00029 7
EXIT_SCOPE 7
REFERENCE pyv_00028 6
REFERENCE yzp_00006 6
REFERENCE sbz_00003 6
REFERENCE mhx_00015 6
REFERENCE tbq_00034 6
REFERENCE hth_00052 6
REFERENCE piy_00041 6
REFERENCE kra_00037 6
EXIT_SCOPE 6
REFERENCE xzj_00049 4
REFERENCE sex_00008 4
REFERENCE aqe_00029 4
REFERENCE odf_00026 4
REFERENCE ikb_00047 4
REFERENCE mhx_00015 4
REFERENCE aqe_00029 4
REFERENCE yhd_00005 4
REFERENCE sex_00008 4
REFERENCE slw_00044 4
REFERENCE sbz_00003 4
REFERENCE bry_00033 4
REFERENCE pjx_00002 4
REFERENCE tsn_00042 4
REFERENCE pyv_00028 4
REFERENCE xmf_00001 4
REFERENCE pyv_00028 4
REFERENCE jya_00009 4
REFERENCE zuc_00038 4
REFERENCE tbq_00034 4
REFERENCE kli_00019 4
REFERENCE missing_7404 4
EXIT_SCOPE 4
DECLARE lpz_00010 12 3
REFERENCE prk_00022 3
REFERENCE sdn_00023 3
REFERENCE slw_00044 3
ENTER_SCOPE 8 3
REFERENCE ljv_00043 8
EXIT_SCOPE 8
REFERENCE ypj_00018 3
REFERENCE lpz_00010 3
REFERENCE tsn_00042 3
EXIT_SCOPE 3
REFERENCE missing_5332 2
REFERENCE xvh_00014 2
ENTER_SCOPE 9 2
REFERENCE eyo_00051 9
REFERENCE fxj_00031 9
REFERENCE fkt_00032 9
REFERENCE xmf_00001 9
ENTER_SCOPE 10 9
REFERENCE fkt_00032 10
EXIT_SCOPE 10
REFERENCE eyo_00051 9
REFERENCE scy_00024 9
EXIT_SCOPE 9
REFERENCE bry_00033 2
DECLARE lkg_00056 7 2
REFERENCE ifu_00027 2
REFERENCE bry_00033 2
REFERENCE xww_00046 2
EXIT_SCOPE 2
REFERENCE missing_6492 0
ENTER_SCOPE 11 0
REFERENCE kra_00037 11
REFERENCE mhx_00015 11
REFERENCE mhx_00015 11
REFERENCE ifu_00027 11
REFERENCE fkt_00032 11
REFERENCE xdo_00000 11
REFERENCE prk_00022 11
REFERENCE omy_00021 11
DECLARE xmf_00001 3 11
REFERENCE yhd_00005 11
REFERENCE xzj_00049 11
REFERENCE sbz_00003 11
REFERENCE missing_9268 11
REFERENCE jag_00007 11
REFERENCE gpq_00011 11
REFERENCE missing_5312 11
REFERENCE lpz_00010 11
REFERENCE pni_00017 11
REFERENCE prk_00022 11
REFERENCE pni_00017 11
REFERENCE aqe_00029 11
REFERENCE prk_00022 11
REFERENCE lci_00004 11
REFERENCE pjx_00002 11
REFERENCE slw_00044 11
REFERENCE fxj_00031 11
EXIT_SCOPE 11
REFERENCE missing_9324 0
REFERENCE zpd_00025 0
REFERENCE pyv_00028 0
ENTER_SCOPE 12 0
REFERENCE yhd_00005 12
REFERENCE xmf_00001 12
DECLARE mqz_00057 12 12
REFERENCE jya_00009 12
REFERENCE fxj_00031 12
REFERENCE missing_5165 12
ENTER_SCOPE 13 12
REFERENCE missing_2305 13
REFERENCE missing_6673 13
EXIT_SCOPE 13
REFERENCE missing_8384 12
DECLARE eku_00058 12 12
REFERENCE kyo_00013 12
REFERENCE pni_00017 12
REFERENCE eku_00058 12
REFERENCE slw_00044 12
EXIT_SCOPE 12
ENTER_SCOPE 14 0
REFERENCE aqe_00029 14
REFERENCE fkt_00032 14
EXIT_SCOPE 14
REFERENCE vaf_00039 0
REFERENCE cxs_00050 0
DECLARE rux_00059 3 0
REFERENCE lnx_00016 0
REFERENCE scy_00024 0
ENTER_SCOPE 15 0
REFERENCE xww_00046 15
REFERENCE missing_1998 15
REFERENCE kyo_00013 15
REFERENCE xww_00046 15
REFERENCE wpc_00020 15
REFERENCE lpz_00010 15
DECLARE ouy_00060 15 15
REFERENCE eyo_00051 15
REFERENCE missing_4248 15
DECLARE gzi_00061 11 15
REFERENCE zuc_00038 15
REFERENCE lnx_00016 15
DECLARE uff_00062 8 15
REFERENCE xzj_00049 15
REFERENCE missing_9930 15
REFERENCE odf_00026 15
REFERENCE missing_4056 15
EXIT_SCOPE 15
REFERENCE wpc_00020 0
ENTER_SCOPE 16 0
DECLARE sqo_00063 9 16
REFERENCE jya_00009 16
REFERENCE odf_00026 16
REFERENCE pni_00017 16
REFERENCE zpd_00025 16
REFERENCE missing_3459 16
REFERENCE missing_9585 16
REFERENCE missing_3405 16
REFERENCE kyo_00013 16
REFERENCE ljv_00043 16
DECLARE bmx_00064 7 16
REFERENCE ljv_00043 16
REFERENCE scy_00024 16
REFERENCE zpd_00025 16
ENTER_SCOPE 17 16
REFERENCE xmf_00001 17
REFERENCE bmx_00064 17
REFERENCE mhx_00015 17
REFERENCE hku_00045 17
DECLARE bmx_00064 18 17
REFERENCE kyo_00013 17
REFERENCE fxj_00031 17
DECLARE nns_00065 8 17
REFERENCE yzp_00006 17
REFERENCE missing_1101 17
REFERENCE sex_00008 17
REFERENCE lnx_00016 17
REFERENCE trf_00040 17
ENTER_SCOPE 18 17
ENTER_SCOPE 19 18
REFERENCE fxj_00031 19
REFERENCE tbq_00034 19
REFERENCE piy_00041 19
REFERENCE aqe_00029 19
REFERENCE lci_00004 19
REFERENCE bry_00033 19
REFERENCE pyv_00028 19
REFERENCE missing_8540 19
ENTER_SCOPE 20 19
REFERENCE scy_00024 20
REFERENCE sex_00008 20
REFERENCE bmx_00064 20
REFERENCE yzp_00006 20
REFERENCE prk_00022 20
REFERENCE fkt_00032 20
REFERENCE tsn_00042 20
REFERENCE missing_8389 20
REFERENCE missing_7973 20
ENTER_SCOPE 21 20
REFERENCE cxs_00050 21
REFERENCE missing_9635 21
REFERENCE xzj_00049 21
REFERENCE nns_00065 21
REFERENCE fxj_00031 21
REFERENCE omy_00021 21
REFERENCE missing_2578 21
REFERENCE fxj_00031 21
REFERENCE slw_00044 21
REFERENCE scy_00024 21
REFERENCE aco_00036 21
REFERENCE missing_1397 21
REFERENCE tbq_00034 21
REFERENCE xvh_00014 21
REFERENCE pyv_00028 21
REFERENCE missing_7703 21
REFERENCE ypj_00018 21
EXIT_SCOPE 21
DECLARE wak_00066 19 20
REFERENCE pjx_00002 20
REFERENCE kra_00037 20
REFERENCE piy_00041 20
REFERENCE ifu_00027 20
REFERENCE bry_00033 20
REFERENCE slw_00044 20
ENTER_SCOPE 22 20
DECLARE wak_00066 16 22
ENTER_SCOPE 23 22
REFERENCE ypj_00018 23
REFERENCE wpc_00020 23
DECLARE zlw_00067 6 23
REFERENCE ikb_00047 23
REFERENCE cxs_00050 23
REFERENCE adx_00035 23
REFERENCE rux_00059 23
REFERENCE missing_7574 23
REFERENCE jag_00007 23
REFERENCE wak_00066 23
REFERENCE kra_00037 23
REFERENCE zpd_00025 23
REFERENCE sbz_00003 23
EXIT_SCOPE 23
REFERENCE cxs_00050 22
REFERENCE sqo_00063 22
REFERENCE wpc_00020 22
REFERENCE missing_5466 22
REFERENCE tsn_00042 22
REFERENCE rux_00059 22
REFERENCE vaf_00039 22
EXIT_SCOPE 22
EXIT_SCOPE 20
ENTER_SCOPE 24 19
DECLARE whw_00068 3 24
ENTER_SCOPE 25 24
REFERENCE omy_00021 25
ENTER_SCOPE 26 25
EXIT_SCOPE 26
REFERENCE scy_00024 25
REFERENCE aqe_00029 25
REFERENCE missing_9288 25
REFERENCE sqo_00063 25
REFERENCE piy_00041 25
REFERENCE bmx_00064 25
REFERENCE missing_3520 25
REFERENCE kyo_00013 25
REFERENCE prk_00022 25
REFERENCE xzj_00049 25
REFERENCE gik_00012 25
REFERENCE zuc_00038 25
REFERENCE missing_7832 25
REFERENCE gik_00012 25
REFERENCE lpz_00010 25
REFERENCE yhd_00005 25
REFERENCE gik_00012 25
REFERENCE pyv_00028 25
DECLARE asz_00069 1 25
REFERENCE trf_00040 25
REFERENCE missing_2818 25
REFERENCE missing_1383 25
REFERENCE wpc_00020 25
REFERENCE ifu_00027 25
REFERENCE yhd_00005 25
REFERENCE missing_2671 25
REFERENCE missing_3169 25
REFERENCE pni_00017 25
REFERENCE yhd_00005 25
ENTER_SCOPE 27 25
EXIT_SCOPE 27
REFERENCE missing_6743 25
REFERENCE asz_00069 25
REFERENCE mii_00030 25
REFERENCE sbz_00003 25
REFERENCE sbz_00003 25
ENTER_SCOPE 28 25
REFERENCE xdo_00000 28
REFERENCE xmf_00001 28
REFERENCE xdo_00000 28
REFERENCE nns_00065 28
REFERENCE xzj_00049 28
REFERENCE bmx_00064 28
REFERENCE missing_7626 28
REFERENCE rux_00059 28
REFERENCE pjx_00002 28
REFERENCE lpz_00010 28
EXIT_SCOPE 28
REFERENCE aco_00036 25
REFERENCE slw_00044 25
ENTER_SCOPE 29 25
REFERENCE kyo_00013 29
REFERENCE zpd_00025 29
REFERENCE ikb_00047 29
REFERENCE ypj_00018 29
REFERENCE missing_5125 29
REFERENCE trf_00040 29
REFERENCE missing_5122 29
REFERENCE missing_1588 29
REFERENCE missing_8339 29
REFERENCE ikb_00047 29
REFERENCE omy_00021 29
REFERENCE pjx_00002 29
REFERENCE fkt_00032 29
REFERENCE bmx_00064 29
REFERENCE ljv_00043 29
REFERENCE xzj_00049 29
REFERENCE zpd_00025 29
REFERENCE missing_4487 29
REFERENCE lci_00004 29
REFERENCE bmx_00064 29
REFERENCE omy_00021 29
REFERENCE ifu_00027 29
REFERENCE prk_00022 29
REFERENCE yzp_00006 29
REFERENCE fkt_00032 29
REFERENCE aqe_00029 29
REFERENCE omy_00021 29
REFERENCE xvh_00014 29
REFERENCE missing_4211 29
REFERENCE lnx_00016 29
REFERENCE jag_00007 29
DECLARE gkh_00070 11 29
REFERENCE missing_1161 29
REFERENCE missing_3546 29
REFERENCE xmf_00001 29
REFERENCE missing_7718 29
REFERENCE fxj_00031 29
REFERENCE xvh_00014 29
REFERENCE eyo_00051 29
REFERENCE omy_00021 29
REFERENCE vaf_00039 29
REFERENCE scy_00024 29
REFERENCE odf_00026 29
REFERENCE missing_1716 29
DECLARE asz_00069 14 29
DECLARE pxd_00071 14 29
REFERENCE scy_00024 29
REFERENCE gkh_00070 29
EXIT_SCOPE 29
REFERENCE sqo_00063 25
ENTER_SCOPE 30 25
REFERENCE pni_00017 30
REFERENCE scy_00024 30
REFERENCE kyo_00013 30
REFERENCE kli_00019 30
REFERENCE scy_00024 30
REFERENCE gpq_00011 30
REFERENCE kyo_00013 30
REFERENCE bmx_00064 30
REFERENCE mii_00030 30
DECLARE asz_00069 11 30
REFERENCE nns_00065 30
REFERENCE kli_00019 30
REFERENCE yzp_00006 30
REFERENCE aqe_00029 30
REFERENCE missing_2305 30
EXIT_SCOPE 30
REFERENCE pjx_00002 25
REFERENCE scy_00024 25
DECLARE mzk_00072 6 25
REFERENCE adx_00035 25
REFERENCE slw_00044 25
REFERENCE gik_00012 25
DECLARE iaw_00073 18 25
REFERENCE missing_8445 25
REFERENCE mii_00030 25
REFERENCE cxs_00050 25
REFERENCE yzp_00006 25
REFERENCE ifu_00027 25
REFERENCE scy_00024 25
REFERENCE whw_00068 25
REFERENCE xmf_00001 25
REFERENCE missing_3321 25
DECLARE fvg_00074 12 25
REFERENCE asz_00069 25
REFERENCE mhx_00015 25
REFERENCE lci_00004 25
REFERENCE wpc_00020 25
REFERENCE missing_1230 25
REFERENCE jya_00009 25
REFERENCE missing_4383 25
REFERENCE hku_00045 25
REFERENCE pyv_00028 25
REFERENCE xww_00046 25
REFERENCE sex_00008 25
REFERENCE mzk_00072 25
REFERENCE slw_00044 25
DECLARE zle_00075 18 25
REFERENCE trf_00040 25
REFERENCE ifu_00027 25
REFERENCE yhd_00005 25
REFERENCE ikb_00047 25
ENTER_SCOPE 31 25
REFERENCE adx_00035 31
REFERENCE aqe_00029 31
REFERENCE nns_00065 31
REFERENCE xmf_00001 31
REFERENCE aqe_00029 31
REFERENCE ifu_00027 31
REFERENCE sex_00008 31
REFERENCE tsn_00042 31
REFERENCE nns_00065 31
REFERENCE iaw_00073 31
REFERENCE sex_00008 31
REFERENCE pjx_00002 31
REFERENCE ikb_00047 31
REFERENCE lpz_00010 31
REFERENCE xvh_00014 31
DECLARE xuc_00076 19 31
REFERENCE rux_00059 31
REFERENCE xdo_00000 31
REFERENCE sqo_00063 31
EXIT_SCOPE 31
ENTER_SCOPE 32 25
EXIT_SCOPE 32
REFERENCE tbq_00034 25
REFERENCE zuc_00038 25
REFERENCE bry_00033 25
REFERENCE zuc_00038 25
DECLARE emb_00077 2 25
REFERENCE fxj_00031 25
DECLARE whw_00068 16 25
REFERENCE aqe_00029 25
REFERENCE gik_00012 25
REFERENCE missing_4789 25
REFERENCE xww_00046 25
REFERENCE tsn_00042 25
REFERENCE hku_00045 25
REFERENCE emb_00077 25
REFERENCE kli_00019 25
EXIT_SCOPE 25
REFERENCE missing_6685 24
ENTER_SCOPE 33 24
REFERENCE rux_00059 33
REFERENCE zuc_00038 33
DECLARE mzz_00078 18 33
REFERENCE missing_9353 33
REFERENCE sex_00008 33
ENTER_SCOPE 34 33
REFERENCE gpq_00011 34
DECLARE joy_00079 1 34
REFERENCE sbz_00003 34
REFERENCE missing_1187 34
REFERENCE missing_2350 34
REFERENCE zuc_00038 34
REFERENCE pjx_00002 34
REFERENCE missing_5527 34
REFERENCE kra_00037 34
EXIT_SCOPE 34
DECLARE xni_00080 5 33
REFERENCE rux_00059 33
REFERENCE ljv_00043 33
REFERENCE ikb_00047 33
REFERENCE fkt_00032 33
REFERENCE sqo_00063 33
REFERENCE aco_00036 33
REFERENCE prk_00022 33
REFERENCE mhx_00015 33
DECLARE een_00081 8 33
REFERENCE missing_9937 33
REFERENCE xdo_00000 33
REFERENCE missing_6013 33
REFERENCE sqo_00063 33
EXIT_SCOPE 33
REFERENCE xzj_00049 24
DECLARE jpn_00082 14 24
REFERENCE yzp_00006 24
REFERENCE cxs_00050 24
REFERENCE zuc_00038 24
EXIT_SCOPE 24
DECLARE dai_00083 9 19
REFERENCE zpd_00025 19
REFERENCE aco_00036 19
REFERENCE ikb_00047 19
REFERENCE slw_00044 19
DECLARE yle_00084 10 19
REFERENCE tbq_00034 19
REFERENCE odf_00026 19
DECLARE vbq_00085 19 19
REFERENCE sbz_00003 19
REFERENCE ikb_00047 19
REFERENCE kyo_00013 19
REFERENCE dai_00083 19
REFERENCE xdo_00000 19
ENTER_SCOPE 35 19
REFERENCE missing_5921 35
REFERENCE yhd_00005 35
REFERENCE missing_2723 35
REFERENCE ypj_00018 35
REFERENCE missing_1538 35
DECLARE dai_00083 3 35
REFERENCE kli_00019 35
REFERENCE zuc_00038 35
REFERENCE pjx_00002 35
REFERENCE jhj_00048 35
REFERENCE kra_00037 35
REFERENCE trf_00040 35
REFERENCE missing_7819 35
REFERENCE dai_00083 35
REFERENCE pjx_00002 35
REFERENCE missing_9654 35
REFERENCE gik_00012 35
EXIT_SCOPE 35
REFERENCE pjx_00002 19
REFERENCE missing_5156 19
REFERENCE omy_00021 19
DECLARE ccl_00086 18 19
REFERENCE fxj_00031 19
REFERENCE kra_00037 19
REFERENCE pyv_00028 19
REFERENCE ikb_00047 19
REFERENCE tbq_00034 19
REFERENCE yhd_00005 19
REFERENCE yle_00084 19
REFERENCE omy_00021 19
DECLARE jtf_00087 7 19
REFERENCE odf_00026 19
REFERENCE scy_00024 19
REFERENCE xzj_00049 19
REFERENCE mii_00030 19
REFERENCE slw_00044 19
DECLARE bmx_00064 19 19
REFERENCE ifu_00027 19
REFERENCE kli_00019 19
REFERENCE pjx_00002 19
REFERENCE ljv_00043 19
REFERENCE kyo_00013 19
ENTER_SCOPE 36 19
REFERENCE fkt_00032 36
REFERENCE xzj_00049 36
REFERENCE dai_00083 36
REFERENCE jya_00009 36
REFERENCE sqo_00063 36
REFERENCE tbq_00034 36
REFERENCE jag_00007 36
REFERENCE trf_00040 36
REFERENCE sqo_00063 36
REFERENCE missing_9977 36
REFERENCE missing_9773 36
REFERENCE adx_00035 36
EXIT_SCOPE 36
DECLARE jgz_00088 8 19
REFERENCE xzj_00049 19
REFERENCE trf_00040 19
REFERENCE missing_7086 19
REFERENCE piy_00041 19
REFERENCE zpd_00025 19
REFERENCE aco_00036 19
REFERENCE vbq_00085 19
REFERENCE bmx_00064 19
DECLARE nns_00065 11 19
REFERENCE ifu_00027 19
REFERENCE piy_00041 19
REFERENCE missing_1186 19
REFERENCE wpc_00020 19
REFERENCE sdn_00023 19
REFERENCE missing_1724 19
REFERENCE jgz_00088 19
REFERENCE missing_5304 19
DECLARE zau_00089 12 19
REFERENCE ypj_00018 19
REFERENCE jtf_00087 19
REFERENCE sqo_00063 19
REFERENCE xmf_00001 19
DECLARE hkd_00090 10 19
REFERENCE missing_3776 19
REFERENCE zuc_00038 19
REFERENCE aqe_00029 19
EXIT_SCOPE 19
DECLARE nns_00065 19 18
REFERENCE piy_00041 18
EXIT_SCOPE 18
REFERENCE missing_8793 17
REFERENCE ljv_00043 17
EXIT_SCOPE 17
REFERENCE piy_00041 16
REFERENCE mhx_00015 16
DECLARE mvh_00091 13 16
REFERENCE pyv_00028 16
REFERENCE xww_00046 16
DECLARE cww_00092 19 16
REFERENCE jag_00007 16
REFERENCE gpq_00011 16
REFERENCE sbz_00003 16
REFERENCE pyv_00028 16
REFERENCE sqo_00063 16
ENTER_SCOPE 37 16
REFERENCE kli_00019 37
REFERENCE prk_00022 37
REFERENCE zpd_00025 37
REFERENCE bmx_00064 37
REFERENCE fxj_00031 37
REFERENCE zpd_00025 37
REFERENCE ypj_00018 37
REFERENCE aqe_00029 37
REFERENCE missing_6686 37
REFERENCE mhx_00015 37
REFERENCE lnx_00016 37
REFERENCE ljv_00043 37
REFERENCE sex_00008 37
DECLARE zuy_00093 7 37
REFERENCE wpc_00020 37
REFERENCE missing_6769 37
REFERENCE odf_00026 37
REFERENCE jya_00009 37
REFERENCE scy_00024 37
ENTER_SCOPE 38 37
REFERENCE ikb_00047 38
REFERENCE pyv_00028 38
ENTER_SCOPE 39 38
REFERENCE zuy_00093 39
REFERENCE mii_00030 39
DECLARE zuy_00093 19 39
REFERENCE gpq_00011 39
ENTER_SCOPE 40 39
REFERENCE kra_00037 40
REFERENCE scy_00024 40
REFERENCE sqo_00063 40
REFERENCE kli_00019 40
REFERENCE omy_00021 40
REFERENCE hku_00045 40
REFERENCE sex_00008 40
REFERENCE zuy_00093 40
REFERENCE zpd_00025 40
REFERENCE yzp_00006 40
REFERENCE tsn_00042 40
REFERENCE missing_6956 40
REFERENCE jhj_00048 40
ENTER_SCOPE 41 40
REFERENCE xzj_00049 41
REFERENCE piy_00041 41
REFERENCE cxs_00050 41
REFERENCE missing_9554 41
REFERENCE rux_00059 41
REFERENCE rux_00059 41
REFERENCE ifu_00027 41
REFERENCE xww_00046 41
REFERENCE ypj_00018 41
REFERENCE missing_8955 41
REFERENCE bmx_00064 41
REFERENCE eyo_00051 41
REFERENCE lci_00004 41
REFERENCE trf_00040 41
REFERENCE bmx_00064 41
REFERENCE yhd_00005 41
REFERENCE ifu_00027 41
REFERENCE omy_00021 41
REFERENCE trf_00040 41
REFERENCE pyv_00028 41
DECLARE lul_00094 18 41
REFERENCE ypj_00018 41
REFERENCE sqo_00063 41
REFERENCE rux_00059 41
REFERENCE kli_00019 41
REFERENCE bry_00033 41
REFERENCE pni_00017 41
EXIT_SCOPE 41
REFERENCE xww_00046 40
REFERENCE scy_00024 40
REFERENCE missing_9093 40
REFERENCE zuy_00093 40
DECLARE xqg_00095 16 40
REFERENCE xdo_00000 40
ENTER_SCOPE 42 40
REFERENCE kyo_00013 42
EXIT_SCOPE 42
REFERENCE sqo_00063 40
REFERENCE xzj_00049 40
REFERENCE missing_9290 40
REFERENCE cxs_00050 40
REFERENCE tbq_00034 40
REFERENCE prk_00022 40
REFERENCE mhx_00015 40
DECLARE xua_00096 11 40
REFERENCE aqe_00029 40
REFERENCE kyo_00013 40
REFERENCE xua_00096 40
REFERENCE missing_6160 40
REFERENCE missing_5533 40
REFERENCE sex_00008 40
REFERENCE ypj_00018 40
DECLARE jgq_00097 4 40
REFERENCE rux_00059 40
REFERENCE zuy_00093 40
DECLARE ltl_00098 9 40
REFERENCE scy_00024 40
REFERENCE kli_00019 40
REFERENCE hku_00045 40
ENTER_SCOPE 43 40
DECLARE xua_00096 13 43
REFERENCE xua_00096 43
REFERENCE wpc_00020 43
REFERENCE missing_5057 43
REFERENCE zuc_00038 43
REFERENCE sqo_00063 43
REFERENCE ifu_00027 43
REFERENCE slw_00044 43
REFERENCE missing_1073 43
REFERENCE fkt_00032 43
REFERENCE bmx_00064 43
REFERENCE missing_4138 43
REFERENCE trf_00040 43
REFERENCE ikb_00047 43
REFERENCE missing_9787 43
ENTER_SCOPE 44 43
REFERENCE xzj_00049 44
REFERENCE xvh_00014 44
REFERENCE fxj_00031 44
EXIT_SCOPE 44
REFERENCE xdo_00000 43
REFERENCE fkt_00032 43
ENTER_SCOPE 45 43
REFERENCE mii_00030 45
REFERENCE xzj_00049 45
REFERENCE xqg_00095 45
REFERENCE odf_00026 45
REFERENCE pni_00017 45
REFERENCE eyo_00051 45
REFERENCE cww_00092 45
DECLARE xua_00096 17 45
EXIT_SCOPE 45
REFERENCE missing_1918 43
ENTER_SCOPE 46 43
REFERENCE vaf_00039 46
REFERENCE piy_00041 46
REFERENCE fxj_00031 46
DECLARE cxj_00099 13 46
REFERENCE missing_8735 46
REFERENCE slw_00044 46
REFERENCE aqe_00029 46
EXIT_SCOPE 46
REFERENCE missing_8615 43
REFERENCE zuc_00038 43
REFERENCE pni_00017 43
REFERENCE missing_2818 43
REFERENCE mii_00030 43
DECLARE znm_00100 1 43
REFERENCE missing_6715 43
REFERENCE yhd_00005 43
EXIT_SCOPE 43
ENTER_SCOPE 47 40
REFERENCE jag_00007 47
REFERENCE vaf_00039 47
DECLARE xar_00101 5 47
REFERENCE kra_00037 47
REFERENCE fkt_00032 47
REFERENCE cxs_00050 47
REFERENCE jhj_00048 47
REFERENCE gik_00012 47
REFERENCE slw_00044 47
REFERENCE mvh_00091 47
REFERENCE omy_00021 47
REFERENCE mhx_00015 47
REFERENCE cww_00092 47
REFERENCE pni_00017 47
REFERENCE jag_00007 47
REFERENCE cww_00092 47
REFERENCE ltl_00098 47
REFERENCE gik_00012 47
REFERENCE jya_00009 47
REFERENCE prk_00022 47
DECLARE xqg_00095 8 47
REFERENCE cxs_00050 47
REFERENCE missing_4867 47
REFERENCE yhd_00005 47
REFERENCE ljv_00043 47
REFERENCE aco_00036 47
REFERENCE lpz_00010 47
EXIT_SCOPE 47
DECLARE zuy_00093 2 40
REFERENCE jhj_00048 40
REFERENCE missing_3417 40
REFERENCE jhj_00048 40
REFERENCE lpz_00010 40
DECLARE cww_00092 11 40
REFERENCE omy_00021 40
REFERENCE lnx_00016 40
REFERENCE eyo_00051 40
REFERENCE sbz_00003 40
REFERENCE prk_00022 40
REFERENCE vaf_00039 40
DECLARE ygk_00102 19 40
REFERENCE jhj_00048 40
REFERENCE ypj_00018 40
DECLARE jor_00103 9 40
ENTER_SCOPE 48 40
REFERENCE missing_6232 48
REFERENCE xww_00046 48
REFERENCE jor_00103 48
REFERENCE bmx_00064 48
REFERENCE missing_5365 48
REFERENCE gik_00012 48
REFERENCE kyo_00013 48
EXIT_SCOPE 48
REFERENCE pjx_00002 40
ENTER_SCOPE 49 40
REFERENCE odf_00026 49
REFERENCE fxj_00031 49
EXIT_SCOPE 49
REFERENCE wpc_00020 40
REFERENCE xqg_00095 40
ENTER_SCOPE 50 40
REFERENCE aqe_00029 50
REFERENCE sdn_00023 50
REFERENCE xua_00096 50
REFERENCE trf_00040 50
ENTER_SCOPE 51 50
REFERENCE missing_5494 51
REFERENCE xdo_00000 51
REFERENCE mhx_00015 51
REFERENCE fxj_00031 51
REFERENCE kra_00037 51
REFERENCE piy_00041 51
REFERENCE jag_00007 51
EXIT_SCOPE 51
REFERENCE adx_00035 50
REFERENCE xvh_00014 50
DECLARE lal_00104 17 50
REFERENCE yhd_00005 50
REFERENCE rux_00059 50
REFERENCE missing_4085 50
REFERENCE ifu_00027 50
REFERENCE fxj_00031 50
REFERENCE bmx_00064 50
REFERENCE ikb_00047 50
DECLARE gmc_00105 15 50
REFERENCE xqg_00095 50
REFERENCE tsn_00042 50
REFERENCE odf_00026 50
REFERENCE yhd_00005 50
ENTER_SCOPE 52 50
REFERENCE missing_2939 52
DECLARE fbh_00106 16 52
REFERENCE missing_5136 52
DECLARE wcu_00107 16 52
REFERENCE prk_00022 52
REFERENCE lci_00004 52
REFERENCE omy_00021 52
REFERENCE zpd_00025 52
REFERENCE jgq_00097 52
REFERENCE fbh_00106 52
EXIT_SCOPE 52
REFERENCE missing_2106 50
REFERENCE bmx_00064 50
ENTER_SCOPE 53 50
REFERENCE tbq_00034 53
REFERENCE missing_5627 53
REFERENCE xua_00096 53
REFERENCE zuc_00038 53
REFERENCE trf_00040 53
REFERENCE cww_00092 53
REFERENCE xvh_00014 53
REFERENCE missing_7556 53
REFERENCE xmf_00001 53
REFERENCE missing_3699 53
REFERENCE kli_00019 53
EXIT_SCOPE 53
EXIT_SCOPE 50
EXIT_SCOPE 40
EXIT_SCOPE 39
EXIT_SCOPE 38
EXIT_SCOPE 37
EXIT_SCOPE 16
EXIT_SCOPE 0
