# ColliScope Frequency-Matched Synthetic Trace
# Parameters: seed=87, zipf_s=1.244, scope=nested, type=declaration-heavy, load_factor=0.5
ENTER_SCOPE 0
DECLARE sym_k0000 1 0
DECLARE sym_k0001 2 0
DECLARE sym_k0002 3 0
DECLARE sym_k0003 4 0
DECLARE sym_k0004 5 0
DECLARE sym_k0005 6 0
DECLARE sym_k0006 7 0
DECLARE sym_k0007 8 0
DECLARE sym_k0008 9 0
DECLARE sym_k0009 10 0
DECLARE sym_k0010 1 0
DECLARE sym_k0011 2 0
DECLARE sym_k0012 3 0
DECLARE sym_k0013 4 0
DECLARE sym_k0014 5 0
DECLARE sym_k0015 6 0
DECLARE sym_k0016 7 0
DECLARE sym_k0017 8 0
DECLARE sym_k0018 9 0
DECLARE sym_k0019 10 0
DECLARE sym_k0020 1 0
DECLARE sym_k0021 2 0
DECLARE sym_k0022 3 0
DECLARE sym_k0023 4 0
DECLARE sym_k0024 5 0
DECLARE sym_k0025 6 0
DECLARE sym_k0026 7 0
DECLARE sym_k0027 8 0
DECLARE sym_k0028 9 0
DECLARE sym_k0029 10 0
DECLARE sym_k0030 1 0
DECLARE sym_k0031 2 0
DECLARE sym_k0032 3 0
DECLARE sym_k0033 4 0
DECLARE sym_k0034 5 0
DECLARE sym_k0035 6 0
DECLARE sym_k0036 7 0
DECLARE sym_k0037 8 0
DECLARE sym_k0038 9 0
DECLARE sym_k0039 10 0
DECLARE sym_k0040 1 0
DECLARE sym_k0041 2 0
DECLARE sym_k0042 3 0
DECLARE sym_k0043 4 0
DECLARE sym_k0044 5 0
DECLARE sym_k0045 6 0
DECLARE sym_k0046 7 0
DECLARE sym_k0047 8 0
DECLARE sym_k0048 9 0
DECLARE sym_k0049 10 0
REFERENCE sym_k0005 0
REFERENCE sym_k0027 0
REFERENCE sym_k0000 0
REFERENCE sym_k0003 0
REFERENCE sym_k0002 0
REFERENCE sym_k0000 0
REFERENCE sym_k0004 0
REFERENCE missing_6958 0
ENTER_SCOPE 1 0
DECLARE sym_k0003 4 1
ENTER_SCOPE 2 1
DECLARE sym_k0018 4 2
REFERENCE sym_k0001 2
DECLARE sym_k0112 8 2
REFERENCE sym_k0000 2
REFERENCE sym_k0000 2
DECLARE sym_k0000 1 2
DECLARE sym_k0071 12 2
REFERENCE sym_k0014 2
DECLARE sym_k0005 6 2
REFERENCE sym_k0000 2
REFERENCE sym_k0000 2
DECLARE sym_k0002 3 2
REFERENCE sym_k0000 2
REFERENCE sym_k0000 2
REFERENCE sym_k0018 2
REFERENCE sym_k0001 2
ENTER_SCOPE 3 2
DECLARE sym_k0005 6 3
REFERENCE sym_k0013 3
ENTER_SCOPE 4 3
DECLARE sym_k0164 15 4
DECLARE sym_k0001 2 4
REFERENCE missing_9739 4
REFERENCE sym_k0000 4
REFERENCE sym_k0000 4
DECLARE sym_k0015 1 4
DECLARE sym_k0008 9 4
DECLARE sym_k0000 1 4
REFERENCE sym_k0024 4
REFERENCE sym_k0045 4
REFERENCE sym_k0008 4
REFERENCE sym_k0000 4
REFERENCE sym_k0000 4
REFERENCE sym_k0005 4
REFERENCE sym_k0000 4
REFERENCE missing_5165 4
REFERENCE sym_k0000 4
REFERENCE sym_k0001 4
DECLARE sym_k0002 3 4
DECLARE sym_k0004 5 4
REFERENCE sym_k0000 4
DECLARE sym_k0225 1 4
DECLARE sym_k0025 11 4
DECLARE sym_k0031 2 4
REFERENCE sym_k0000 4
DECLARE sym_k0005 6 4
EXIT_SCOPE 4
DECLARE sym_k0032 3 3
DECLARE sym_k0022 8 3
ENTER_SCOPE 5 3
ENTER_SCOPE 6 5
REFERENCE missing_4376 6
DECLARE sym_k0000 1 6
REFERENCE sym_k0000 6
DECLARE sym_k0013 14 6
DECLARE sym_k0001 2 6
ENTER_SCOPE 7 6
ENTER_SCOPE 8 7
DECLARE sym_k0002 3 8
DECLARE sym_k0006 7 8
DECLARE sym_k0000 1 8
REFERENCE sym_k0002 8
REFERENCE sym_k0001 8
REFERENCE sym_k0004 8
DECLARE sym_k0001 2 8
DECLARE sym_k0003 4 8
REFERENCE sym_k0000 8
DECLARE sym_k0015 1 8
REFERENCE sym_k0000 8
REFERENCE sym_k0002 8
REFERENCE sym_k0001 8
DECLARE sym_k0116 12 8
DECLARE sym_k0090 1 8
REFERENCE sym_k0032 8
REFERENCE sym_k0007 8
REFERENCE sym_k0033 8
DECLARE sym_k0005 6 8
EXIT_SCOPE 8
DECLARE sym_k0000 1 7
DECLARE sym_k0033 4 7
REFERENCE sym_k0002 7
EXIT_SCOPE 7
REFERENCE missing_5863 6
REFERENCE sym_k0000 6
DECLARE sym_k0006 7 6
EXIT_SCOPE 6
DECLARE sym_k0016 2 5
DECLARE sym_k0000 1 5
DECLARE sym_k0001 2 5
DECLARE sym_k0017 3 5
DECLARE sym_k0059 15 5
DECLARE sym_k0014 15 5
DECLARE sym_k0232 8 5
REFERENCE sym_k0001 5
REFERENCE sym_k0030 5
DECLARE sym_k0005 6 5
REFERENCE sym_k0001 5
REFERENCE sym_k0033 5
DECLARE sym_k0022 8 5
REFERENCE missing_2281 5
DECLARE sym_k0015 1 5
REFERENCE sym_k0000 5
REFERENCE sym_k0004 5
DECLARE sym_k0011 12 5
REFERENCE sym_k0001 5
DECLARE sym_k0012 13 5
DECLARE sym_k0008 9 5
ENTER_SCOPE 9 5
REFERENCE sym_k0000 9
DECLARE sym_k0147 13 9
REFERENCE sym_k0000 9
REFERENCE sym_k0004 9
REFERENCE sym_k0000 9
DECLARE sym_k0000 1 9
REFERENCE missing_5102 9
REFERENCE sym_k0000 9
DECLARE sym_k0003 4 9
REFERENCE sym_k0000 9
DECLARE sym_k0124 5 9
DECLARE sym_k0001 2 9
REFERENCE sym_k0000 9
REFERENCE sym_k0000 9
DECLARE sym_k0015 1 9
REFERENCE sym_k0000 9
REFERENCE sym_k0017 9
DECLARE sym_k0076 2 9
REFERENCE sym_k0000 9
REFERENCE missing_9723 9
ENTER_SCOPE 10 9
DECLARE sym_k0005 6 10
REFERENCE sym_k0019 10
DECLARE sym_k0016 2 10
DECLARE sym_k0001 2 10
REFERENCE sym_k0000 10
DECLARE sym_k0000 1 10
REFERENCE sym_k0000 10
REFERENCE sym_k0000 10
DECLARE sym_k0010 11 10
REFERENCE sym_k0000 10
REFERENCE sym_k0041 10
REFERENCE sym_k0000 10
REFERENCE sym_k0001 10
REFERENCE sym_k0000 10
REFERENCE sym_k0001 10
DECLARE sym_k0022 8 10
REFERENCE sym_k0000 10
EXIT_SCOPE 10
REFERENCE sym_k0022 9
REFERENCE missing_1862 9
REFERENCE sym_k0000 9
DECLARE sym_k0009 10 9
DECLARE sym_k0051 7 9
DECLARE sym_k0008 9 9
REFERENCE sym_k0036 9
REFERENCE sym_k0000 9
REFERENCE sym_k0000 9
DECLARE sym_k0083 9 9
REFERENCE sym_k0000 9
REFERENCE sym_k0002 9
REFERENCE sym_k0000 9
REFERENCE sym_k0000 9
REFERENCE sym_k0001 9
REFERENCE sym_k0033 9
DECLARE sym_k0013 14 9
REFERENCE sym_k0002 9
DECLARE sym_k0122 3 9
ENTER_SCOPE 11 9
DECLARE sym_k0007 8 11
DECLARE sym_k0003 4 11
DECLARE sym_k0000 1 11
DECLARE sym_k0028 14 11
EXIT_SCOPE 11
EXIT_SCOPE 9
REFERENCE sym_k0014 5
DECLARE sym_k0007 8 5
REFERENCE sym_k0001 5
DECLARE sym_k0002 3 5
REFERENCE sym_k0002 5
REFERENCE sym_k0001 5
DECLARE sym_k0003 4 5
DECLARE sym_k0221 12 5
REFERENCE sym_k0010 5
REFERENCE sym_k0000 5
EXIT_SCOPE 5
DECLARE sym_k0006 7 3
REFERENCE sym_k0001 3
REFERENCE sym_k0005 3
REFERENCE sym_k0004 3
DECLARE sym_k0002 3 3
DECLARE sym_k0003 4 3
DECLARE sym_k0000 1 3
ENTER_SCOPE 12 3
DECLARE sym_k0000 1 12
REFERENCE sym_k0003 12
REFERENCE sym_k0000 12
DECLARE sym_k0109 5 12
DECLARE sym_k0002 3 12
REFERENCE sym_k0002 12
REFERENCE sym_k0037 12
DECLARE sym_k0001 2 12
DECLARE sym_k0177 13 12
EXIT_SCOPE 12
DECLARE sym_k0017 3 3
DECLARE sym_k0001 2 3
REFERENCE sym_k0022 3
REFERENCE sym_k0021 3
REFERENCE missing_3703 3
REFERENCE sym_k0001 3
DECLARE sym_k0012 13 3
DECLARE sym_k0004 5 3
REFERENCE sym_k0000 3
REFERENCE sym_k0004 3
REFERENCE sym_k0006 3
REFERENCE sym_k0000 3
DECLARE sym_k0013 14 3
DECLARE sym_k0007 8 3
REFERENCE sym_k0002 3
REFERENCE sym_k0037 3
DECLARE sym_k0078 4 3
REFERENCE sym_k0000 3
REFERENCE sym_k0017 3
REFERENCE sym_k0004 3
REFERENCE sym_k0007 3
REFERENCE missing_6405 3
REFERENCE sym_k0002 3
DECLARE sym_k0029 15 3
DECLARE sym_k0190 11 3
ENTER_SCOPE 13 3
DECLARE sym_k0067 8 13
DECLARE sym_k0003 4 13
DECLARE sym_k0007 8 13
DECLARE sym_k0005 6 13
DECLARE sym_k0263 9 13
REFERENCE sym_k0001 13
DECLARE sym_k0013 14 13
DECLARE sym_k0000 1 13
DECLARE sym_k0002 3 13
DECLARE sym_k0001 2 13
REFERENCE sym_k0007 13
REFERENCE sym_k0003 13
REFERENCE sym_k0007 13
REFERENCE sym_k0000 13
REFERENCE sym_k0003 13
DECLARE sym_k0031 2 13
DECLARE sym_k0113 9 13
REFERENCE sym_k0001 13
DECLARE sym_k0043 14 13
REFERENCE sym_k0002 13
DECLARE sym_k0008 9 13
DECLARE sym_k0016 2 13
REFERENCE missing_3654 13
EXIT_SCOPE 13
REFERENCE sym_k0017 3
REFERENCE sym_k0022 3
DECLARE sym_k0053 9 3
REFERENCE sym_k0000 3
REFERENCE sym_k0004 3
REFERENCE missing_6145 3
REFERENCE sym_k0012 3
REFERENCE sym_k0003 3
EXIT_SCOPE 3
EXIT_SCOPE 2
DECLARE sym_k0014 15 1
DECLARE sym_k0011 12 1
DECLARE sym_k0001 2 1
DECLARE sym_k0000 1 1
ENTER_SCOPE 14 1
DECLARE sym_k0294 10 14
DECLARE sym_k0003 4 14
DECLARE sym_k0000 1 14
DECLARE sym_k0266 12 14
REFERENCE sym_k0002 14
DECLARE sym_k0109 5 14
REFERENCE sym_k0000 14
DECLARE sym_k0012 13 14
DECLARE sym_k0005 6 14
DECLARE sym_k0002 3 14
DECLARE sym_k0001 2 14
REFERENCE sym_k0001 14
REFERENCE sym_k0000 14
REFERENCE sym_k0002 14
DECLARE sym_k0006 7 14
REFERENCE sym_k0012 14
REFERENCE sym_k0000 14
DECLARE sym_k0039 10 14
EXIT_SCOPE 14
DECLARE sym_k0026 12 1
DECLARE sym_k0002 3 1
REFERENCE sym_k0000 1
DECLARE sym_k0013 14 1
REFERENCE sym_k0002 1
REFERENCE missing_2706 1
DECLARE sym_k0221 12 1
DECLARE sym_k0059 15 1
DECLARE sym_k0064 5 1
DECLARE sym_k0004 5 1
REFERENCE sym_k0000 1
REFERENCE missing_1247 1
ENTER_SCOPE 15 1
DECLARE sym_k0026 12 15
REFERENCE sym_k0000 15
DECLARE sym_k0000 1 15
DECLARE sym_k0002 3 15
REFERENCE sym_k0000 15
DECLARE sym_k0005 6 15
REFERENCE sym_k0002 15
DECLARE sym_k0001 2 15
EXIT_SCOPE 15
REFERENCE sym_k0011 1
DECLARE sym_k0005 6 1
DECLARE sym_k0055 11 1
REFERENCE sym_k0000 1
REFERENCE sym_k0000 1
REFERENCE sym_k0001 1
REFERENCE sym_k0000 1
REFERENCE sym_k0000 1
REFERENCE sym_k0000 1
DECLARE sym_k0007 8 1
REFERENCE sym_k0001 1
REFERENCE sym_k0001 1
REFERENCE sym_k0004 1
REFERENCE sym_k0000 1
REFERENCE sym_k0002 1
DECLARE sym_k0025 11 1
REFERENCE sym_k0000 1
DECLARE sym_k0018 4 1
REFERENCE sym_k0031 1
DECLARE sym_k0238 14 1
DECLARE sym_k0023 9 1
REFERENCE sym_k0001 1
REFERENCE sym_k0002 1
DECLARE sym_k0038 9 1
REFERENCE sym_k0001 1
REFERENCE sym_k0002 1
REFERENCE sym_k0000 1
EXIT_SCOPE 1
REFERENCE sym_k0021 0
REFERENCE sym_k0001 0
REFERENCE sym_k0029 0
DECLARE sym_k0153 4 0
REFERENCE sym_k0000 0
REFERENCE sym_k0039 0
REFERENCE sym_k0000 0
REFERENCE sym_k0000 0
REFERENCE sym_k0003 0
DECLARE sym_k0109 5 0
REFERENCE sym_k0005 0
ENTER_SCOPE 16 0
EXIT_SCOPE 16
REFERENCE sym_k0001 0
REFERENCE sym_k0000 0
DECLARE sym_k0264 10 0
REFERENCE sym_k0001 0
ENTER_SCOPE 17 0
REFERENCE sym_k0001 17
DECLARE sym_k0000 1 17
DECLARE sym_k0003 4 17
DECLARE sym_k0089 15 17
DECLARE sym_k0073 14 17
DECLARE sym_k0043 14 17
REFERENCE sym_k0000 17
DECLARE sym_k0081 7 17
REFERENCE sym_k0000 17
REFERENCE sym_k0009 17
REFERENCE sym_k0003 17
DECLARE sym_k0005 6 17
REFERENCE sym_k0001 17
DECLARE sym_k0001 2 17
DECLARE sym_k0020 6 17
REFERENCE sym_k0001 17
REFERENCE sym_k0000 17
REFERENCE sym_k0046 17
DECLARE sym_k0019 5 17
REFERENCE sym_k0000 17
DECLARE sym_k0010 11 17
EXIT_SCOPE 17
REFERENCE sym_k0020 0
REFERENCE sym_k0000 0
REFERENCE sym_k0000 0
REFERENCE sym_k0000 0
ENTER_SCOPE 18 0
DECLARE sym_k0000 1 18
REFERENCE sym_k0034 18
REFERENCE sym_k0000 18
REFERENCE sym_k0021 18
REFERENCE sym_k0000 18
DECLARE sym_k0007 8 18
REFERENCE sym_k0001 18
REFERENCE sym_k0000 18
REFERENCE sym_k0000 18
DECLARE sym_k0064 5 18
DECLARE sym_k0008 9 18
REFERENCE missing_6298 18
REFERENCE sym_k0000 18
REFERENCE sym_k0000 18
REFERENCE sym_k0000 18
REFERENCE sym_k0000 18
REFERENCE sym_k0000 18
REFERENCE sym_k0000 18
REFERENCE missing_7330 18
DECLARE sym_k0134 15 18
DECLARE sym_k0001 2 18
REFERENCE sym_k0000 18
REFERENCE sym_k0007 18
REFERENCE sym_k0000 18
DECLARE sym_k0005 6 18
REFERENCE sym_k0000 18
DECLARE sym_k0060 1 18
REFERENCE sym_k0000 18
REFERENCE sym_k0000 18
REFERENCE sym_k0001 18
DECLARE sym_k0115 11 18
DECLARE sym_k0002 3 18
REFERENCE sym_k0009 18
DECLARE sym_k0004 5 18
REFERENCE sym_k0064 18
ENTER_SCOPE 19 18
REFERENCE sym_k0040 19
DECLARE sym_k0107 3 19
DECLARE sym_k0052 8 19
DECLARE sym_k0023 9 19
REFERENCE missing_6559 19
DECLARE sym_k0000 1 19
DECLARE sym_k0032 3 19
DECLARE sym_k0056 12 19
REFERENCE sym_k0001 19
DECLARE sym_k0035 6 19
REFERENCE sym_k0001 19
REFERENCE sym_k0000 19
ENTER_SCOPE 20 19
DECLARE sym_k0002 3 20
REFERENCE sym_k0012 20
DECLARE sym_k0007 8 20
EXIT_SCOPE 20
REFERENCE missing_4847 19
EXIT_SCOPE 19
REFERENCE sym_k0020 18
DECLARE sym_k0026 12 18
DECLARE sym_k0019 5 18
REFERENCE sym_k0009 18
REFERENCE sym_k0000 18
REFERENCE sym_k0004 18
REFERENCE sym_k0009 18
REFERENCE sym_k0000 18
REFERENCE sym_k0001 18
DECLARE sym_k0018 4 18
REFERENCE sym_k0007 18
ENTER_SCOPE 21 18
DECLARE sym_k0011 12 21
EXIT_SCOPE 21
REFERENCE sym_k0000 18
REFERENCE sym_k0000 18
ENTER_SCOPE 22 18
ENTER_SCOPE 23 22
DECLARE sym_k0000 1 23
REFERENCE sym_k0115 23
DECLARE sym_k0001 2 23
DECLARE sym_k0023 9 23
REFERENCE sym_k0004 23
DECLARE sym_k0277 8 23
DECLARE sym_k0006 7 23
DECLARE sym_k0035 6 23
DECLARE sym_k0012 13 23
DECLARE sym_k0003 4 23
REFERENCE sym_k0000 23
DECLARE sym_k0010 11 23
REFERENCE sym_k0005 23
REFERENCE sym_k0000 23
REFERENCE sym_k0001 23
DECLARE sym_k0005 6 23
DECLARE sym_k0002 3 23
REFERENCE sym_k0005 23
REFERENCE sym_k0000 23
DECLARE sym_k0052 8 23
REFERENCE sym_k0000 23
REFERENCE sym_k0000 23
EXIT_SCOPE 23
DECLARE sym_k0002 3 22
EXIT_SCOPE 22
REFERENCE sym_k0001 18
REFERENCE sym_k0000 18
DECLARE sym_k0014 15 18
REFERENCE sym_k0001 18
REFERENCE sym_k0001 18
REFERENCE sym_k0004 18
ENTER_SCOPE 24 18
DECLARE sym_k0000 1 24
REFERENCE sym_k0002 24
DECLARE sym_k0057 13 24
DECLARE sym_k0002 3 24
DECLARE sym_k0001 2 24
REFERENCE missing_6550 24
REFERENCE sym_k0001 24
REFERENCE sym_k0000 24
REFERENCE sym_k0013 24
REFERENCE sym_k0012 24
REFERENCE sym_k0000 24
REFERENCE sym_k0000 24
REFERENCE sym_k0001 24
REFERENCE sym_k0000 24
REFERENCE sym_k0000 24
REFERENCE missing_8235 24
ENTER_SCOPE 25 24
REFERENCE sym_k0060 25
ENTER_SCOPE 26 25
DECLARE sym_k0001 2 26
DECLARE sym_k0016 2 26
DECLARE sym_k0015 1 26
DECLARE sym_k0000 1 26
REFERENCE sym_k0000 26
ENTER_SCOPE 27 26
DECLARE sym_k0002 3 27
REFERENCE sym_k0002 27
REFERENCE sym_k0002 27
DECLARE sym_k0000 1 27
DECLARE sym_k0005 6 27
REFERENCE sym_k0000 27
REFERENCE sym_k0000 27
DECLARE sym_k0004 5 27
REFERENCE sym_k0030 27
REFERENCE sym_k0010 27
REFERENCE sym_k0004 27
ENTER_SCOPE 28 27
DECLARE sym_k0097 8 28
DECLARE sym_k0005 6 28
DECLARE sym_k0084 10 28
REFERENCE sym_k0000 28
REFERENCE sym_k0011 28
DECLARE sym_k0007 8 28
DECLARE sym_k0041 12 28
DECLARE sym_k0006 7 28
DECLARE sym_k0014 15 28
ENTER_SCOPE 29 28
REFERENCE sym_k0000 29
DECLARE sym_k0049 5 29
DECLARE sym_k0000 1 29
REFERENCE sym_k0000 29
REFERENCE sym_k0033 29
DECLARE sym_k0003 4 29
REFERENCE sym_k0000 29
REFERENCE sym_k0000 29
EXIT_SCOPE 29
DECLARE sym_k0019 5 28
REFERENCE sym_k0013 28
REFERENCE sym_k0001 28
ENTER_SCOPE 30 28
DECLARE sym_k0021 7 30
DECLARE sym_k0000 1 30
REFERENCE missing_8480 30
DECLARE sym_k0025 11 30
REFERENCE sym_k0013 30
REFERENCE sym_k0002 30
REFERENCE sym_k0000 30
DECLARE sym_k0018 4 30
DECLARE sym_k0013 14 30
REFERENCE sym_k0000 30
EXIT_SCOPE 30
DECLARE sym_k0254 15 28
DECLARE sym_k0000 1 28
REFERENCE sym_k0000 28
REFERENCE sym_k0000 28
REFERENCE sym_k0000 28
REFERENCE sym_k0000 28
REFERENCE sym_k0002 28
REFERENCE sym_k0000 28
DECLARE sym_k0001 2 28
REFERENCE sym_k0001 28
REFERENCE sym_k0000 28
EXIT_SCOPE 28
DECLARE sym_k0035 6 27
ENTER_SCOPE 31 27
REFERENCE sym_k0009 31
DECLARE sym_k0001 2 31
DECLARE sym_k0018 4 31
DECLARE sym_k0006 7 31
REFERENCE sym_k0000 31
REFERENCE sym_k0013 31
REFERENCE sym_k0023 31
ENTER_SCOPE 32 31
DECLARE sym_k0002 3 32
DECLARE sym_k0004 5 32
DECLARE sym_k0000 1 32
REFERENCE sym_k0000 32
REFERENCE sym_k0000 32
REFERENCE sym_k0002 32
REFERENCE sym_k0000 32
EXIT_SCOPE 32
REFERENCE sym_k0001 31
REFERENCE sym_k0025 31
DECLARE sym_k0002 3 31
DECLARE sym_k0043 14 31
DECLARE sym_k0000 1 31
DECLARE sym_k0013 14 31
REFERENCE sym_k0000 31
REFERENCE sym_k0000 31
REFERENCE sym_k0000 31
REFERENCE sym_k0000 31
REFERENCE sym_k0024 31
DECLARE sym_k0003 4 31
ENTER_SCOPE 33 31
DECLARE sym_k0105 1 33
REFERENCE missing_1706 33
DECLARE sym_k0007 8 33
DECLARE sym_k0000 1 33
DECLARE sym_k0011 12 33
REFERENCE sym_k0000 33
REFERENCE sym_k0000 33
REFERENCE sym_k0002 33
REFERENCE sym_k0001 33
REFERENCE missing_5299 33
REFERENCE sym_k0026 33
REFERENCE sym_k0000 33
EXIT_SCOPE 33
REFERENCE sym_k0003 31
DECLARE sym_k0078 4 31
DECLARE sym_k0036 7 31
REFERENCE sym_k0000 31
REFERENCE sym_k0026 31
REFERENCE sym_k0000 31
REFERENCE sym_k0000 31
EXIT_SCOPE 31
REFERENCE sym_k0000 27
REFERENCE sym_k0005 27
REFERENCE sym_k0002 27
DECLARE sym_k0104 15 27
DECLARE sym_k0025 11 27
DECLARE sym_k0054 10 27
DECLARE sym_k0010 11 27
ENTER_SCOPE 34 27
DECLARE sym_k0000 1 34
DECLARE sym_k0035 6 34
DECLARE sym_k0007 8 34
REFERENCE sym_k0011 34
REFERENCE sym_k0012 34
REFERENCE sym_k0002 34
REFERENCE sym_k0000 34
DECLARE sym_k0005 6 34
REFERENCE missing_2197 34
DECLARE sym_k0047 3 34
REFERENCE sym_k0000 34
EXIT_SCOPE 34
DECLARE sym_k0006 7 27
REFERENCE sym_k0006 27
REFERENCE sym_k0001 27
REFERENCE sym_k0011 27
REFERENCE sym_k0004 27
DECLARE sym_k0008 9 27
REFERENCE missing_5468 27
REFERENCE sym_k0001 27
DECLARE sym_k0003 4 27
REFERENCE sym_k0000 27
REFERENCE sym_k0004 27
REFERENCE missing_5875 27
REFERENCE missing_1617 27
REFERENCE sym_k0000 27
REFERENCE sym_k0037 27
DECLARE sym_k0047 3 27
REFERENCE sym_k0000 27
REFERENCE sym_k0000 27
REFERENCE missing_1382 27
REFERENCE sym_k0000 27
REFERENCE sym_k0000 27
DECLARE sym_k0182 3 27
DECLARE sym_k0007 8 27
REFERENCE sym_k0003 27
REFERENCE sym_k0000 27
DECLARE sym_k0132 13 27
DECLARE sym_k0038 9 27
ENTER_SCOPE 35 27
DECLARE sym_k0001 2 35
DECLARE sym_k0021 7 35
DECLARE sym_k0000 1 35
REFERENCE sym_k0047 35
EXIT_SCOPE 35
REFERENCE sym_k0001 27
DECLARE sym_k0018 4 27
DECLARE sym_k0048 4 27
REFERENCE sym_k0005 27
REFERENCE sym_k0048 27
ENTER_SCOPE 36 27
DECLARE sym_k0003 4 36
DECLARE sym_k0000 1 36
DECLARE sym_k0051 7 36
DECLARE sym_k0001 2 36
DECLARE sym_k0026 12 36
DECLARE sym_k0007 8 36
REFERENCE sym_k0002 36
ENTER_SCOPE 37 36
EXIT_SCOPE 37
REFERENCE sym_k0000 36
REFERENCE sym_k0000 36
REFERENCE sym_k0032 36
REFERENCE sym_k0003 36
DECLARE sym_k0228 4 36
REFERENCE sym_k0001 36
REFERENCE sym_k0003 36
DECLARE sym_k0077 3 36
EXIT_SCOPE 36
REFERENCE sym_k0010 27
REFERENCE sym_k0005 27
REFERENCE sym_k0005 27
DECLARE sym_k0001 2 27
REFERENCE sym_k0000 27
REFERENCE sym_k0010 27
ENTER_SCOPE 38 27
DECLARE sym_k0000 1 38
REFERENCE sym_k0025 38
REFERENCE sym_k0012 38
DECLARE sym_k0007 8 38
DECLARE sym_k0004 5 38
DECLARE sym_k0001 2 38
DECLARE sym_k0005 6 38
REFERENCE sym_k0004 38
EXIT_SCOPE 38
REFERENCE sym_k0004 27
REFERENCE sym_k0000 27
REFERENCE sym_k0000 27
ENTER_SCOPE 39 27
DECLARE sym_k0000 1 39
REFERENCE missing_8879 39
DECLARE sym_k0035 6 39
DECLARE sym_k0222 13 39
REFERENCE sym_k0019 39
DECLARE sym_k0001 2 39
REFERENCE sym_k0001 39
DECLARE sym_k0012 13 39
DECLARE sym_k0004 5 39
REFERENCE sym_k0009 39
REFERENCE sym_k0008 39
REFERENCE sym_k0004 39
ENTER_SCOPE 40 39
DECLARE sym_k0009 10 40
DECLARE sym_k0001 2 40
DECLARE sym_k0190 11 40
REFERENCE sym_k0001 40
DECLARE sym_k0006 7 40
EXIT_SCOPE 40
REFERENCE sym_k0010 39
REFERENCE sym_k0000 39
REFERENCE sym_k0000 39
DECLARE sym_k0003 4 39
REFERENCE sym_k0000 39
DECLARE sym_k0002 3 39
REFERENCE sym_k0000 39
ENTER_SCOPE 41 39
DECLARE sym_k0142 8 41
DECLARE sym_k0174 10 41
DECLARE sym_k0123 4 41
DECLARE sym_k0143 9 41
DECLARE sym_k0000 1 41
DECLARE sym_k0183 4 41
REFERENCE sym_k0000 41
DECLARE sym_k0002 3 41
DECLARE sym_k0005 6 41
DECLARE sym_k0018 4 41
REFERENCE sym_k0002 41
REFERENCE sym_k0002 41
REFERENCE sym_k0000 41
REFERENCE sym_k0000 41
REFERENCE sym_k0000 41
REFERENCE sym_k0008 41
DECLARE sym_k0006 7 41
REFERENCE sym_k0000 41
REFERENCE sym_k0000 41
REFERENCE sym_k0002 41
EXIT_SCOPE 41
REFERENCE sym_k0035 39
DECLARE sym_k0033 4 39
EXIT_SCOPE 39
REFERENCE sym_k0000 27
REFERENCE sym_k0018 27
DECLARE sym_k0026 12 27
REFERENCE sym_k0000 27
REFERENCE sym_k0002 27
REFERENCE missing_8757 27
DECLARE sym_k0056 12 27
REFERENCE sym_k0010 27
REFERENCE sym_k0000 27
REFERENCE sym_k0001 27
DECLARE sym_k0032 3 27
DECLARE sym_k0023 9 27
DECLARE sym_k0171 7 27
REFERENCE sym_k0005 27
DECLARE sym_k0022 8 27
REFERENCE sym_k0001 27
DECLARE sym_k0011 12 27
REFERENCE sym_k0000 27
DECLARE sym_k0139 5 27
REFERENCE sym_k0003 27
REFERENCE sym_k0011 27
REFERENCE sym_k0000 27
REFERENCE sym_k0000 27
REFERENCE sym_k0002 27
REFERENCE sym_k0003 27
REFERENCE sym_k0000 27
REFERENCE sym_k0006 27
REFERENCE sym_k0000 27
EXIT_SCOPE 27
DECLARE sym_k0045 1 26
REFERENCE sym_k0000 26
REFERENCE sym_k0001 26
REFERENCE sym_k0000 26
DECLARE sym_k0036 7 26
DECLARE sym_k0004 5 26
DECLARE sym_k0002 3 26
REFERENCE sym_k0010 26
REFERENCE missing_4033 26
REFERENCE sym_k0000 26
REFERENCE sym_k0000 26
REFERENCE sym_k0000 26
DECLARE sym_k0008 9 26
REFERENCE sym_k0001 26
DECLARE sym_k0074 15 26
REFERENCE sym_k0015 26
REFERENCE sym_k0044 26
REFERENCE sym_k0001 26
REFERENCE sym_k0001 26
REFERENCE missing_6068 26
EXIT_SCOPE 26
EXIT_SCOPE 25
REFERENCE sym_k0000 24
DECLARE sym_k0016 2 24
REFERENCE sym_k0000 24
DECLARE sym_k0009 10 24
DECLARE sym_k0025 11 24
REFERENCE sym_k0001 24
EXIT_SCOPE 24
DECLARE sym_k0069 10 18
REFERENCE sym_k0002 18
REFERENCE sym_k0034 18
REFERENCE sym_k0007 18
DECLARE sym_k0250 11 18
EXIT_SCOPE 18
REFERENCE sym_k0000 0
REFERENCE sym_k0005 0
REFERENCE sym_k0000 0
REFERENCE missing_4151 0
REFERENCE sym_k0021 0
REFERENCE sym_k0000 0
REFERENCE sym_k0002 0
REFERENCE sym_k0000 0
ENTER_SCOPE 42 0
REFERENCE sym_k0007 42
DECLARE sym_k0022 8 42
DECLARE sym_k0023 9 42
REFERENCE sym_k0004 42
DECLARE sym_k0007 8 42
DECLARE sym_k0000 1 42
REFERENCE missing_8235 42
REFERENCE missing_3972 42
DECLARE sym_k0035 6 42
REFERENCE sym_k0012 42
DECLARE sym_k0003 4 42
REFERENCE sym_k0000 42
REFERENCE missing_2579 42
REFERENCE sym_k0000 42
DECLARE sym_k0183 4 42
REFERENCE missing_8011 42
DECLARE sym_k0293 9 42
DECLARE sym_k0006 7 42
REFERENCE sym_k0000 42
REFERENCE sym_k0000 42
DECLARE sym_k0010 11 42
DECLARE sym_k0009 10 42
REFERENCE sym_k0000 42
ENTER_SCOPE 43 42
REFERENCE sym_k0001 43
REFERENCE sym_k0026 43
DECLARE sym_k0000 1 43
DECLARE sym_k0002 3 43
DECLARE sym_k0008 9 43
DECLARE sym_k0003 4 43
REFERENCE sym_k0002 43
REFERENCE sym_k0000 43
REFERENCE sym_k0035 43
REFERENCE missing_4408 43
REFERENCE missing_2392 43
REFERENCE sym_k0003 43
REFERENCE sym_k0000 43
REFERENCE sym_k0000 43
REFERENCE sym_k0000 43
DECLARE sym_k0001 2 43
REFERENCE sym_k0012 43
DECLARE sym_k0005 6 43
DECLARE sym_k0004 5 43
REFERENCE sym_k0000 43
REFERENCE sym_k0000 43
DECLARE sym_k0061 2 43
REFERENCE sym_k0000 43
REFERENCE sym_k0000 43
REFERENCE missing_3101 43
REFERENCE sym_k0017 43
REFERENCE missing_1056 43
DECLARE sym_k0040 11 43
REFERENCE sym_k0001 43
REFERENCE sym_k0000 43
DECLARE sym_k0072 13 43
DECLARE sym_k0026 12 43
REFERENCE sym_k0000 43
DECLARE sym_k0274 5 43
REFERENCE sym_k0000 43
REFERENCE sym_k0000 43
REFERENCE sym_k0001 43
REFERENCE sym_k0000 43
REFERENCE sym_k0000 43
REFERENCE sym_k0001 43
REFERENCE sym_k0000 43
REFERENCE sym_k0000 43
REFERENCE sym_k0000 43
REFERENCE sym_k0005 43
ENTER_SCOPE 44 43
ENTER_SCOPE 45 44
REFERENCE sym_k0000 45
DECLARE sym_k0045 1 45
EXIT_SCOPE 45
DECLARE sym_k0000 1 44
DECLARE sym_k0002 3 44
DECLARE sym_k0033 4 44
REFERENCE sym_k0002 44
REFERENCE sym_k0002 44
REFERENCE sym_k0021 44
REFERENCE sym_k0000 44
DECLARE sym_k0003 4 44
REFERENCE sym_k0019 44
DECLARE sym_k0005 6 44
REFERENCE sym_k0003 44
DECLARE sym_k0071 12 44
REFERENCE sym_k0001 44
REFERENCE sym_k0003 44
DECLARE sym_k0034 5 44
REFERENCE sym_k0003 44
REFERENCE sym_k0000 44
REFERENCE sym_k0002 44
REFERENCE sym_k0000 44
REFERENCE sym_k0031 44
EXIT_SCOPE 44
DECLARE sym_k0057 13 43
REFERENCE sym_k0002 43
EXIT_SCOPE 43
EXIT_SCOPE 42
EXIT_SCOPE 0
