# ColliScope Frequency-Matched Synthetic Trace
# Parameters: seed=91, zipf_s=1.244, scope=nested, type=lookup-heavy, load_factor=0.7
ENTER_SCOPE 0
DECLARE sym_k0000 1 0
DECLARE sym_k0001 2 0
DECLARE sym_k0002 3 0
DECLARE sym_k0003 4 0
DECLARE sym_k0004 5 0
DECLARE sym_k0005 6 0
DECLARE sym_k0006 7 0
DECLARE sym_k0007 8 0
DECLARE sym_k0008 9 0
DECLARE sym_k0009 10 0
DECLARE sym_k0010 1 0
DECLARE sym_k0011 2 0
DECLARE sym_k0012 3 0
DECLARE sym_k0013 4 0
DECLARE sym_k0014 5 0
DECLARE sym_k0015 6 0
DECLARE sym_k0016 7 0
DECLARE sym_k0017 8 0
DECLARE sym_k0018 9 0
DECLARE sym_k0019 10 0
DECLARE sym_k0020 1 0
DECLARE sym_k0021 2 0
DECLARE sym_k0022 3 0
DECLARE sym_k0023 4 0
DECLARE sym_k0024 5 0
DECLARE sym_k0025 6 0
DECLARE sym_k0026 7 0
DECLARE sym_k0027 8 0
DECLARE sym_k0028 9 0
DECLARE sym_k0029 10 0
DECLARE sym_k0030 1 0
DECLARE sym_k0031 2 0
DECLARE sym_k0032 3 0
DECLARE sym_k0033 4 0
DECLARE sym_k0034 5 0
DECLARE sym_k0035 6 0
DECLARE sym_k0036 7 0
DECLARE sym_k0037 8 0
DECLARE sym_k0038 9 0
DECLARE sym_k0039 10 0
DECLARE sym_k0040 1 0
DECLARE sym_k0041 2 0
DECLARE sym_k0042 3 0
DECLARE sym_k0043 4 0
DECLARE sym_k0044 5 0
DECLARE sym_k0045 6 0
DECLARE sym_k0046 7 0
DECLARE sym_k0047 8 0
DECLARE sym_k0048 9 0
DECLARE sym_k0049 10 0
ENTER_SCOPE 1 0
DECLARE sym_k0001 2 1
REFERENCE sym_k0032 1
REFERENCE sym_k0037 1
REFERENCE sym_k0001 1
REFERENCE sym_k0043 1
REFERENCE sym_k0037 1
REFERENCE sym_k0001 1
REFERENCE missing_8349 1
REFERENCE sym_k0018 1
REFERENCE sym_k0002 1
REFERENCE sym_k0006 1
REFERENCE sym_k0000 1
REFERENCE sym_k0044 1
REFERENCE sym_k0039 1
REFERENCE sym_k0003 1
REFERENCE sym_k0005 1
REFERENCE sym_k0000 1
REFERENCE sym_k0030 1
REFERENCE sym_k0000 1
ENTER_SCOPE 2 1
REFERENCE sym_k0013 2
REFERENCE sym_k0001 2
REFERENCE sym_k0002 2
REFERENCE sym_k0000 2
REFERENCE sym_k0035 2
REFERENCE sym_k0005 2
REFERENCE sym_k0001 2
REFERENCE sym_k0001 2
DECLARE sym_k0027 13 2
REFERENCE sym_k0013 2
REFERENCE sym_k0005 2
REFERENCE sym_k0002 2
REFERENCE sym_k0000 2
EXIT_SCOPE 2
REFERENCE sym_k0005 1
REFERENCE sym_k0004 1
EXIT_SCOPE 1
REFERENCE sym_k0036 0
REFERENCE sym_k0002 0
REFERENCE sym_k0033 0
REFERENCE sym_k0007 0
REFERENCE sym_k0031 0
REFERENCE sym_k0009 0
REFERENCE sym_k0000 0
REFERENCE missing_2978 0
REFERENCE sym_k0002 0
REFERENCE sym_k0003 0
ENTER_SCOPE 3 0
REFERENCE sym_k0007 3
REFERENCE sym_k0000 3
REFERENCE sym_k0034 3
REFERENCE sym_k0005 3
REFERENCE missing_7459 3
ENTER_SCOPE 4 3
REFERENCE sym_k0005 4
REFERENCE sym_k0048 4
REFERENCE missing_5651 4
REFERENCE sym_k0003 4
REFERENCE missing_8266 4
REFERENCE sym_k0017 4
REFERENCE missing_9278 4
REFERENCE sym_k0021 4
REFERENCE missing_6584 4
REFERENCE missing_6314 4
REFERENCE sym_k0000 4
REFERENCE sym_k0007 4
REFERENCE missing_3307 4
REFERENCE missing_4266 4
REFERENCE sym_k0000 4
DECLARE sym_k0007 8 4
DECLARE sym_k0001 2 4
REFERENCE sym_k0018 4
REFERENCE sym_k0002 4
REFERENCE sym_k0000 4
REFERENCE sym_k0000 4
REFERENCE sym_k0037 4
REFERENCE missing_9536 4
REFERENCE sym_k0000 4
DECLARE sym_k0066 7 4
REFERENCE sym_k0015 4
REFERENCE sym_k0014 4
REFERENCE sym_k0001 4
REFERENCE missing_3388 4
REFERENCE sym_k0017 4
REFERENCE sym_k0000 4
REFERENCE sym_k0000 4
REFERENCE sym_k0000 4
EXIT_SCOPE 4
REFERENCE sym_k0001 3
DECLARE sym_k0000 1 3
REFERENCE sym_k0006 3
REFERENCE sym_k0017 3
REFERENCE sym_k0009 3
REFERENCE sym_k0006 3
REFERENCE missing_5382 3
REFERENCE sym_k0044 3
REFERENCE missing_3043 3
DECLARE sym_k0214 5 3
EXIT_SCOPE 3
REFERENCE sym_k0042 0
ENTER_SCOPE 5 0
REFERENCE sym_k0000 5
REFERENCE sym_k0032 5
REFERENCE sym_k0006 5
REFERENCE sym_k0011 5
REFERENCE sym_k0000 5
EXIT_SCOPE 5
REFERENCE sym_k0009 0
REFERENCE sym_k0000 0
REFERENCE sym_k0008 0
REFERENCE sym_k0001 0
REFERENCE sym_k0020 0
REFERENCE sym_k0000 0
REFERENCE sym_k0020 0
REFERENCE sym_k0011 0
REFERENCE sym_k0002 0
REFERENCE sym_k0004 0
REFERENCE missing_1598 0
REFERENCE missing_5091 0
REFERENCE sym_k0000 0
REFERENCE sym_k0001 0
REFERENCE sym_k0000 0
REFERENCE sym_k0000 0
REFERENCE sym_k0015 0
REFERENCE sym_k0023 0
REFERENCE sym_k0007 0
REFERENCE sym_k0022 0
REFERENCE sym_k0005 0
REFERENCE sym_k0000 0
REFERENCE sym_k0001 0
REFERENCE sym_k0000 0
REFERENCE sym_k0005 0
REFERENCE missing_6203 0
REFERENCE sym_k0011 0
ENTER_SCOPE 6 0
REFERENCE sym_k0000 6
REFERENCE sym_k0006 6
DECLARE sym_k0000 1 6
REFERENCE sym_k0028 6
REFERENCE sym_k0000 6
REFERENCE sym_k0024 6
REFERENCE sym_k0014 6
REFERENCE sym_k0000 6
REFERENCE sym_k0017 6
REFERENCE sym_k0014 6
REFERENCE sym_k0001 6
EXIT_SCOPE 6
REFERENCE sym_k0019 0
REFERENCE sym_k0027 0
ENTER_SCOPE 7 0
REFERENCE sym_k0006 7
REFERENCE sym_k0001 7
REFERENCE sym_k0002 7
REFERENCE sym_k0010 7
REFERENCE sym_k0042 7
REFERENCE sym_k0000 7
EXIT_SCOPE 7
REFERENCE sym_k0023 0
REFERENCE sym_k0006 0
REFERENCE sym_k0000 0
REFERENCE sym_k0000 0
REFERENCE missing_1932 0
REFERENCE sym_k0010 0
ENTER_SCOPE 8 0
ENTER_SCOPE 9 8
REFERENCE sym_k0040 9
DECLARE sym_k0001 2 9
REFERENCE sym_k0000 9
REFERENCE sym_k0001 9
REFERENCE sym_k0000 9
ENTER_SCOPE 10 9
EXIT_SCOPE 10
REFERENCE missing_1783 9
REFERENCE sym_k0002 9
REFERENCE sym_k0004 9
REFERENCE missing_1630 9
REFERENCE missing_7379 9
REFERENCE missing_6183 9
REFERENCE sym_k0002 9
REFERENCE sym_k0003 9
REFERENCE sym_k0000 9
ENTER_SCOPE 11 9
REFERENCE sym_k0001 11
EXIT_SCOPE 11
REFERENCE sym_k0004 9
REFERENCE missing_2258 9
REFERENCE sym_k0003 9
REFERENCE sym_k0003 9
REFERENCE sym_k0021 9
REFERENCE sym_k0002 9
REFERENCE sym_k0044 9
REFERENCE missing_2410 9
REFERENCE missing_8721 9
REFERENCE sym_k0000 9
REFERENCE sym_k0000 9
REFERENCE sym_k0000 9
REFERENCE sym_k0028 9
REFERENCE sym_k0000 9
REFERENCE sym_k0001 9
REFERENCE sym_k0000 9
DECLARE sym_k0135 1 9
ENTER_SCOPE 12 9
REFERENCE sym_k0000 12
REFERENCE sym_k0014 12
REFERENCE sym_k0000 12
REFERENCE sym_k0044 12
REFERENCE sym_k0001 12
REFERENCE sym_k0005 12
REFERENCE sym_k0016 12
REFERENCE sym_k0000 12
REFERENCE sym_k0004 12
REFERENCE sym_k0033 12
REFERENCE sym_k0018 12
REFERENCE sym_k0003 12
REFERENCE missing_2696 12
REFERENCE missing_3624 12
REFERENCE sym_k0001 12
EXIT_SCOPE 12
REFERENCE sym_k0026 9
REFERENCE sym_k0000 9
REFERENCE missing_2530 9
REFERENCE sym_k0026 9
REFERENCE sym_k0000 9
REFERENCE missing_3963 9
REFERENCE sym_k0000 9
REFERENCE sym_k0000 9
REFERENCE missing_7934 9
REFERENCE sym_k0013 9
REFERENCE sym_k0001 9
REFERENCE sym_k0001 9
EXIT_SCOPE 9
REFERENCE sym_k0001 8
REFERENCE sym_k0006 8
DECLARE sym_k0001 2 8
REFERENCE sym_k0006 8
REFERENCE missing_3087 8
ENTER_SCOPE 13 8
REFERENCE sym_k0000 13
REFERENCE sym_k0002 13
REFERENCE sym_k0000 13
REFERENCE sym_k0011 13
REFERENCE sym_k0000 13
REFERENCE sym_k0000 13
EXIT_SCOPE 13
ENTER_SCOPE 14 8
REFERENCE sym_k0007 14
REFERENCE sym_k0002 14
DECLARE sym_k0000 1 14
REFERENCE sym_k0001 14
REFERENCE missing_5296 14
REFERENCE sym_k0010 14
REFERENCE sym_k0001 14
REFERENCE sym_k0018 14
REFERENCE sym_k0030 14
REFERENCE sym_k0017 14
REFERENCE sym_k0000 14
REFERENCE sym_k0004 14
REFERENCE sym_k0012 14
REFERENCE sym_k0016 14
REFERENCE missing_2233 14
REFERENCE sym_k0007 14
REFERENCE sym_k0000 14
REFERENCE sym_k0007 14
DECLARE sym_k0002 3 14
REFERENCE missing_4702 14
REFERENCE missing_9945 14
REFERENCE sym_k0019 14
DECLARE sym_k0019 5 14
REFERENCE missing_9496 14
REFERENCE sym_k0005 14
REFERENCE sym_k0024 14
DECLARE sym_k0008 9 14
REFERENCE sym_k0000 14
REFERENCE sym_k0011 14
REFERENCE missing_1329 14
REFERENCE sym_k0003 14
REFERENCE sym_k0031 14
REFERENCE sym_k0001 14
REFERENCE sym_k0003 14
REFERENCE missing_9776 14
REFERENCE sym_k0021 14
REFERENCE sym_k0015 14
REFERENCE sym_k0010 14
ENTER_SCOPE 15 14
REFERENCE sym_k0001 15
REFERENCE sym_k0000 15
REFERENCE sym_k0028 15
REFERENCE sym_k0023 15
DECLARE sym_k0000 1 15
REFERENCE sym_k0001 15
REFERENCE sym_k0000 15
ENTER_SCOPE 16 15
DECLARE sym_k0003 4 16
DECLARE sym_k0001 2 16
REFERENCE sym_k0004 16
REFERENCE sym_k0008 16
REFERENCE missing_8909 16
DECLARE sym_k0212 3 16
REFERENCE sym_k0002 16
REFERENCE sym_k0048 16
REFERENCE sym_k0000 16
REFERENCE sym_k0016 16
REFERENCE missing_3396 16
DECLARE sym_k0010 11 16
ENTER_SCOPE 17 16
REFERENCE sym_k0000 17
REFERENCE sym_k0000 17
REFERENCE sym_k0001 17
REFERENCE missing_9751 17
REFERENCE sym_k0002 17
REFERENCE sym_k0020 17
REFERENCE missing_7225 17
REFERENCE missing_2955 17
REFERENCE sym_k0008 17
REFERENCE missing_9771 17
REFERENCE missing_3587 17
REFERENCE sym_k0001 17
EXIT_SCOPE 17
REFERENCE sym_k0000 16
REFERENCE sym_k0003 16
REFERENCE sym_k0000 16
ENTER_SCOPE 18 16
EXIT_SCOPE 18
REFERENCE sym_k0026 16
REFERENCE sym_k0042 16
REFERENCE sym_k0040 16
REFERENCE sym_k0000 16
REFERENCE sym_k0001 16
REFERENCE sym_k0018 16
REFERENCE sym_k0008 16
REFERENCE sym_k0000 16
REFERENCE sym_k0023 16
REFERENCE sym_k0000 16
REFERENCE sym_k0004 16
REFERENCE sym_k0000 16
REFERENCE missing_1298 16
REFERENCE sym_k0012 16
REFERENCE sym_k0000 16
REFERENCE sym_k0020 16
REFERENCE sym_k0001 16
REFERENCE sym_k0001 16
REFERENCE sym_k0027 16
REFERENCE sym_k0000 16
REFERENCE missing_3740 16
DECLARE sym_k0000 1 16
REFERENCE sym_k0000 16
REFERENCE sym_k0000 16
DECLARE sym_k0002 3 16
REFERENCE sym_k0007 16
REFERENCE sym_k0000 16
REFERENCE sym_k0002 16
REFERENCE sym_k0010 16
REFERENCE missing_2640 16
ENTER_SCOPE 19 16
REFERENCE sym_k0035 19
DECLARE sym_k0000 1 19
REFERENCE sym_k0005 19
REFERENCE sym_k0000 19
REFERENCE missing_7193 19
REFERENCE sym_k0002 19
REFERENCE sym_k0002 19
REFERENCE sym_k0000 19
DECLARE sym_k0001 2 19
REFERENCE sym_k0003 19
REFERENCE sym_k0020 19
REFERENCE sym_k0001 19
REFERENCE sym_k0030 19
REFERENCE sym_k0011 19
REFERENCE sym_k0015 19
REFERENCE sym_k0001 19
REFERENCE sym_k0003 19
REFERENCE sym_k0000 19
REFERENCE sym_k0013 19
ENTER_SCOPE 20 19
REFERENCE missing_9893 20
REFERENCE sym_k0021 20
REFERENCE sym_k0023 20
DECLARE sym_k0003 4 20
REFERENCE sym_k0001 20
REFERENCE sym_k0016 20
REFERENCE missing_5534 20
ENTER_SCOPE 21 20
REFERENCE sym_k0000 21
REFERENCE sym_k0000 21
REFERENCE sym_k0000 21
REFERENCE sym_k0000 21
REFERENCE sym_k0005 21
REFERENCE sym_k0000 21
DECLARE sym_k0000 1 21
REFERENCE sym_k0000 21
REFERENCE sym_k0011 21
REFERENCE sym_k0000 21
EXIT_SCOPE 21
REFERENCE sym_k0012 20
REFERENCE sym_k0000 20
REFERENCE sym_k0001 20
REFERENCE sym_k0029 20
REFERENCE sym_k0000 20
REFERENCE sym_k0000 20
REFERENCE sym_k0018 20
REFERENCE sym_k0004 20
REFERENCE sym_k0047 20
REFERENCE missing_7832 20
REFERENCE sym_k0001 20
REFERENCE missing_2910 20
REFERENCE sym_k0030 20
REFERENCE sym_k0000 20
EXIT_SCOPE 20
DECLARE sym_k0004 5 19
REFERENCE sym_k0004 19
REFERENCE sym_k0000 19
REFERENCE sym_k0001 19
REFERENCE sym_k0000 19
EXIT_SCOPE 19
REFERENCE sym_k0008 16
REFERENCE missing_8394 16
REFERENCE sym_k0036 16
REFERENCE sym_k0019 16
REFERENCE sym_k0003 16
REFERENCE sym_k0000 16
REFERENCE sym_k0002 16
REFERENCE sym_k0000 16
REFERENCE sym_k0003 16
DECLARE sym_k0009 10 16
REFERENCE sym_k0000 16
REFERENCE sym_k0027 16
REFERENCE sym_k0005 16
REFERENCE missing_5755 16
EXIT_SCOPE 16
REFERENCE sym_k0048 15
REFERENCE sym_k0046 15
ENTER_SCOPE 22 15
REFERENCE sym_k0000 22
REFERENCE missing_6422 22
REFERENCE sym_k0004 22
REFERENCE sym_k0019 22
REFERENCE missing_6542 22
REFERENCE sym_k0002 22
EXIT_SCOPE 22
REFERENCE sym_k0000 15
REFERENCE sym_k0007 15
REFERENCE sym_k0034 15
REFERENCE sym_k0023 15
REFERENCE missing_1587 15
REFERENCE sym_k0000 15
REFERENCE sym_k0000 15
REFERENCE missing_5947 15
REFERENCE sym_k0000 15
REFERENCE sym_k0002 15
REFERENCE sym_k0003 15
REFERENCE sym_k0000 15
REFERENCE sym_k0046 15
REFERENCE missing_2642 15
REFERENCE sym_k0009 15
ENTER_SCOPE 23 15
REFERENCE sym_k0000 23
REFERENCE missing_7009 23
REFERENCE missing_3426 23
REFERENCE sym_k0011 23
REFERENCE sym_k0001 23
REFERENCE sym_k0000 23
REFERENCE sym_k0020 23
REFERENCE sym_k0016 23
DECLARE sym_k0000 1 23
REFERENCE missing_2796 23
REFERENCE sym_k0012 23
REFERENCE sym_k0001 23
REFERENCE sym_k0000 23
ENTER_SCOPE 24 23
REFERENCE sym_k0019 24
REFERENCE sym_k0001 24
REFERENCE missing_5210 24
REFERENCE sym_k0000 24
REFERENCE missing_8258 24
ENTER_SCOPE 25 24
REFERENCE sym_k0000 25
REFERENCE sym_k0005 25
REFERENCE missing_8793 25
REFERENCE sym_k0045 25
REFERENCE sym_k0015 25
REFERENCE sym_k0000 25
REFERENCE sym_k0000 25
REFERENCE sym_k0015 25
REFERENCE sym_k0027 25
DECLARE sym_k0000 1 25
REFERENCE sym_k0018 25
REFERENCE sym_k0000 25
REFERENCE sym_k0044 25
REFERENCE sym_k0002 25
REFERENCE sym_k0000 25
REFERENCE sym_k0007 25
REFERENCE sym_k0008 25
REFERENCE sym_k0037 25
REFERENCE sym_k0003 25
REFERENCE sym_k0000 25
DECLARE sym_k0009 10 25
REFERENCE sym_k0003 25
REFERENCE sym_k0018 25
REFERENCE missing_2416 25
DECLARE sym_k0001 2 25
EXIT_SCOPE 25
REFERENCE sym_k0004 24
REFERENCE missing_1065 24
EXIT_SCOPE 24
REFERENCE missing_8297 23
REFERENCE sym_k0000 23
REFERENCE sym_k0001 23
REFERENCE sym_k0000 23
REFERENCE sym_k0000 23
REFERENCE sym_k0001 23
REFERENCE sym_k0008 23
REFERENCE missing_7162 23
REFERENCE sym_k0000 23
REFERENCE sym_k0000 23
REFERENCE sym_k0007 23
REFERENCE sym_k0000 23
REFERENCE sym_k0008 23
REFERENCE sym_k0016 23
REFERENCE sym_k0004 23
REFERENCE sym_k0000 23
REFERENCE sym_k0000 23
REFERENCE missing_7027 23
REFERENCE missing_8755 23
REFERENCE sym_k0002 23
REFERENCE sym_k0036 23
REFERENCE sym_k0000 23
EXIT_SCOPE 23
REFERENCE sym_k0000 15
REFERENCE missing_6254 15
REFERENCE sym_k0045 15
EXIT_SCOPE 15
REFERENCE sym_k0000 14
REFERENCE sym_k0003 14
REFERENCE sym_k0019 14
REFERENCE sym_k0000 14
REFERENCE sym_k0000 14
REFERENCE sym_k0027 14
REFERENCE sym_k0000 14
REFERENCE missing_1004 14
REFERENCE sym_k0004 14
REFERENCE sym_k0033 14
EXIT_SCOPE 14
REFERENCE sym_k0006 8
REFERENCE sym_k0000 8
REFERENCE sym_k0001 8
REFERENCE sym_k0000 8
REFERENCE missing_5612 8
REFERENCE sym_k0002 8
REFERENCE sym_k0000 8
REFERENCE missing_5833 8
REFERENCE missing_1658 8
REFERENCE missing_6061 8
REFERENCE sym_k0000 8
DECLARE sym_k0023 9 8
DECLARE sym_k0004 5 8
REFERENCE sym_k0018 8
REFERENCE sym_k0003 8
REFERENCE sym_k0000 8
REFERENCE missing_7668 8
REFERENCE sym_k0003 8
REFERENCE sym_k0006 8
REFERENCE sym_k0048 8
REFERENCE missing_9026 8
REFERENCE sym_k0001 8
REFERENCE sym_k0000 8
REFERENCE sym_k0000 8
REFERENCE sym_k0000 8
REFERENCE sym_k0001 8
REFERENCE sym_k0001 8
REFERENCE missing_6753 8
REFERENCE sym_k0000 8
DECLARE sym_k0107 3 8
ENTER_SCOPE 26 8
REFERENCE sym_k0000 26
REFERENCE sym_k0000 26
REFERENCE sym_k0000 26
REFERENCE sym_k0000 26
ENTER_SCOPE 27 26
REFERENCE sym_k0000 27
REFERENCE sym_k0021 27
REFERENCE sym_k0003 27
REFERENCE sym_k0000 27
REFERENCE sym_k0004 27
REFERENCE missing_9259 27
DECLARE sym_k0000 1 27
REFERENCE missing_1427 27
REFERENCE missing_1492 27
REFERENCE sym_k0001 27
REFERENCE missing_1850 27
EXIT_SCOPE 27
REFERENCE sym_k0039 26
REFERENCE sym_k0000 26
REFERENCE sym_k0008 26
REFERENCE sym_k0001 26
REFERENCE missing_7880 26
REFERENCE sym_k0007 26
REFERENCE sym_k0006 26
REFERENCE sym_k0024 26
REFERENCE sym_k0001 26
REFERENCE sym_k0010 26
REFERENCE sym_k0001 26
REFERENCE missing_9825 26
DECLARE sym_k0002 3 26
EXIT_SCOPE 26
REFERENCE sym_k0025 8
REFERENCE missing_3862 8
REFERENCE sym_k0015 8
DECLARE sym_k0235 11 8
REFERENCE sym_k0026 8
DECLARE sym_k0128 9 8
REFERENCE sym_k0010 8
REFERENCE sym_k0042 8
REFERENCE sym_k0001 8
REFERENCE missing_3904 8
REFERENCE sym_k0004 8
REFERENCE sym_k0003 8
EXIT_SCOPE 8
REFERENCE sym_k0035 0
REFERENCE sym_k0032 0
REFERENCE sym_k0000 0
REFERENCE sym_k0000 0
REFERENCE sym_k0001 0
REFERENCE sym_k0030 0
REFERENCE sym_k0004 0
REFERENCE sym_k0011 0
REFERENCE sym_k0001 0
REFERENCE missing_5318 0
REFERENCE sym_k0000 0
DECLARE sym_k0175 11 0
REFERENCE sym_k0001 0
REFERENCE sym_k0000 0
REFERENCE sym_k0001 0
REFERENCE sym_k0001 0
ENTER_SCOPE 28 0
REFERENCE missing_6346 28
REFERENCE missing_5544 28
REFERENCE sym_k0000 28
REFERENCE sym_k0000 28
EXIT_SCOPE 28
REFERENCE sym_k0029 0
REFERENCE sym_k0027 0
REFERENCE sym_k0009 0
REFERENCE sym_k0000 0
REFERENCE sym_k0011 0
REFERENCE sym_k0012 0
REFERENCE sym_k0001 0
REFERENCE sym_k0002 0
ENTER_SCOPE 29 0
REFERENCE sym_k0030 29
REFERENCE sym_k0000 29
REFERENCE missing_8360 29
REFERENCE sym_k0000 29
DECLARE sym_k0001 2 29
REFERENCE sym_k0000 29
REFERENCE sym_k0001 29
REFERENCE missing_3738 29
REFERENCE sym_k0003 29
REFERENCE sym_k0016 29
REFERENCE sym_k0010 29
ENTER_SCOPE 30 29
REFERENCE sym_k0000 30
REFERENCE sym_k0000 30
EXIT_SCOPE 30
DECLARE sym_k0000 1 29
REFERENCE sym_k0001 29
REFERENCE missing_4401 29
REFERENCE missing_2632 29
DECLARE sym_k0247 8 29
REFERENCE sym_k0021 29
REFERENCE sym_k0003 29
REFERENCE sym_k0000 29
REFERENCE sym_k0000 29
REFERENCE sym_k0001 29
REFERENCE missing_8293 29
REFERENCE sym_k0048 29
REFERENCE sym_k0042 29
DECLARE sym_k0048 4 29
REFERENCE sym_k0000 29
REFERENCE sym_k0040 29
REFERENCE sym_k0005 29
REFERENCE sym_k0000 29
REFERENCE sym_k0003 29
DECLARE sym_k0049 5 29
DECLARE sym_k0241 2 29
REFERENCE sym_k0049 29
EXIT_SCOPE 29
REFERENCE sym_k0001 0
ENTER_SCOPE 31 0
REFERENCE sym_k0004 31
REFERENCE sym_k0038 31
REFERENCE sym_k0000 31
DECLARE sym_k0015 1 31
REFERENCE sym_k0001 31
REFERENCE sym_k0001 31
REFERENCE sym_k0000 31
REFERENCE sym_k0045 31
REFERENCE sym_k0000 31
ENTER_SCOPE 32 31
REFERENCE sym_k0001 32
ENTER_SCOPE 33 32
REFERENCE sym_k0001 33
REFERENCE sym_k0002 33
ENTER_SCOPE 34 33
REFERENCE sym_k0000 34
REFERENCE sym_k0000 34
REFERENCE sym_k0008 34
REFERENCE sym_k0001 34
REFERENCE sym_k0009 34
ENTER_SCOPE 35 34
REFERENCE sym_k0000 35
REFERENCE sym_k0001 35
REFERENCE sym_k0002 35
REFERENCE missing_9957 35
REFERENCE sym_k0024 35
REFERENCE sym_k0000 35
ENTER_SCOPE 36 35
REFERENCE sym_k0000 36
REFERENCE sym_k0001 36
REFERENCE sym_k0001 36
REFERENCE sym_k0003 36
EXIT_SCOPE 36
REFERENCE sym_k0013 35
REFERENCE sym_k0005 35
REFERENCE sym_k0013 35
ENTER_SCOPE 37 35
REFERENCE sym_k0002 37
REFERENCE sym_k0001 37
REFERENCE sym_k0037 37
REFERENCE sym_k0034 37
REFERENCE sym_k0002 37
REFERENCE sym_k0001 37
REFERENCE sym_k0000 37
REFERENCE sym_k0038 37
DECLARE sym_k0003 4 37
REFERENCE missing_1317 37
ENTER_SCOPE 38 37
EXIT_SCOPE 38
REFERENCE sym_k0014 37
ENTER_SCOPE 39 37
REFERENCE sym_k0004 39
REFERENCE missing_2549 39
REFERENCE sym_k0022 39
REFERENCE sym_k0001 39
REFERENCE sym_k0027 39
REFERENCE sym_k0012 39
REFERENCE sym_k0007 39
REFERENCE sym_k0022 39
REFERENCE sym_k0011 39
REFERENCE sym_k0032 39
REFERENCE sym_k0002 39
EXIT_SCOPE 39
REFERENCE sym_k0000 37
REFERENCE sym_k0000 37
DECLARE sym_k0002 3 37
REFERENCE sym_k0008 37
REFERENCE sym_k0014 37
REFERENCE sym_k0000 37
REFERENCE sym_k0017 37
DECLARE sym_k0000 1 37
ENTER_SCOPE 40 37
REFERENCE sym_k0020 40
DECLARE sym_k0001 2 40
DECLARE sym_k0000 1 40
REFERENCE sym_k0002 40
REFERENCE sym_k0044 40
REFERENCE sym_k0005 40
REFERENCE sym_k0002 40
REFERENCE sym_k0001 40
REFERENCE sym_k0001 40
REFERENCE sym_k0000 40
REFERENCE sym_k0008 40
REFERENCE sym_k0012 40
REFERENCE sym_k0000 40
REFERENCE sym_k0003 40
EXIT_SCOPE 40
REFERENCE missing_1165 37
REFERENCE sym_k0007 37
REFERENCE sym_k0001 37
REFERENCE sym_k0009 37
REFERENCE sym_k0014 37
REFERENCE sym_k0000 37
DECLARE sym_k0001 2 37
REFERENCE sym_k0007 37
REFERENCE sym_k0007 37
REFERENCE sym_k0000 37
REFERENCE sym_k0001 37
REFERENCE missing_5670 37
REFERENCE sym_k0022 37
REFERENCE sym_k0003 37
REFERENCE sym_k0018 37
REFERENCE sym_k0015 37
REFERENCE sym_k0000 37
REFERENCE sym_k0014 37
REFERENCE sym_k0000 37
REFERENCE sym_k0003 37
REFERENCE sym_k0000 37
REFERENCE sym_k0000 37
REFERENCE sym_k0016 37
REFERENCE sym_k0020 37
REFERENCE sym_k0002 37
REFERENCE sym_k0000 37
REFERENCE sym_k0036 37
EXIT_SCOPE 37
REFERENCE sym_k0023 35
REFERENCE sym_k0001 35
REFERENCE sym_k0014 35
REFERENCE sym_k0004 35
REFERENCE sym_k0000 35
REFERENCE sym_k0009 35
REFERENCE sym_k0016 35
REFERENCE sym_k0040 35
REFERENCE sym_k0000 35
ENTER_SCOPE 41 35
REFERENCE missing_6411 41
REFERENCE sym_k0019 41
REFERENCE missing_1142 41
REFERENCE sym_k0033 41
REFERENCE sym_k0000 41
REFERENCE sym_k0026 41
ENTER_SCOPE 42 41
REFERENCE sym_k0018 42
REFERENCE sym_k0032 42
REFERENCE sym_k0001 42
REFERENCE sym_k0002 42
REFERENCE sym_k0000 42
REFERENCE sym_k0002 42
REFERENCE sym_k0000 42
REFERENCE sym_k0000 42
REFERENCE sym_k0000 42
REFERENCE sym_k0028 42
REFERENCE sym_k0000 42
EXIT_SCOPE 42
REFERENCE sym_k0008 41
REFERENCE sym_k0000 41
REFERENCE sym_k0008 41
REFERENCE sym_k0024 41
REFERENCE sym_k0034 41
EXIT_SCOPE 41
REFERENCE sym_k0000 35
REFERENCE sym_k0029 35
REFERENCE sym_k0001 35
EXIT_SCOPE 35
REFERENCE sym_k0022 34
REFERENCE sym_k0004 34
REFERENCE sym_k0000 34
REFERENCE sym_k0032 34
REFERENCE sym_k0041 34
REFERENCE sym_k0040 34
ENTER_SCOPE 43 34
REFERENCE sym_k0012 43
REFERENCE missing_6917 43
DECLARE sym_k0001 2 43
REFERENCE sym_k0000 43
REFERENCE sym_k0001 43
EXIT_SCOPE 43
REFERENCE sym_k0000 34
REFERENCE sym_k0013 34
REFERENCE sym_k0000 34
REFERENCE sym_k0011 34
REFERENCE sym_k0004 34
REFERENCE sym_k0000 34
REFERENCE sym_k0002 34
EXIT_SCOPE 34
REFERENCE sym_k0000 33
REFERENCE sym_k0000 33
REFERENCE sym_k0002 33
REFERENCE sym_k0001 33
ENTER_SCOPE 44 33
REFERENCE sym_k0007 44
REFERENCE sym_k0001 44
REFERENCE missing_4480 44
DECLARE sym_k0005 6 44
REFERENCE missing_9722 44
REFERENCE missing_3989 44
DECLARE sym_k0001 2 44
REFERENCE sym_k0002 44
REFERENCE missing_9304 44
REFERENCE sym_k0003 44
REFERENCE sym_k0003 44
REFERENCE sym_k0005 44
REFERENCE sym_k0000 44
REFERENCE sym_k0000 44
REFERENCE sym_k0049 44
REFERENCE sym_k0001 44
REFERENCE missing_8995 44
DECLARE sym_k0037 8 44
REFERENCE sym_k0003 44
DECLARE sym_k0009 10 44
REFERENCE sym_k0000 44
REFERENCE sym_k0037 44
REFERENCE sym_k0010 44
REFERENCE sym_k0000 44
ENTER_SCOPE 45 44
REFERENCE sym_k0006 45
REFERENCE sym_k0000 45
REFERENCE sym_k0020 45
REFERENCE sym_k0001 45
REFERENCE missing_1883 45
REFERENCE sym_k0000 45
REFERENCE missing_6651 45
REFERENCE sym_k0006 45
REFERENCE missing_1420 45
REFERENCE sym_k0049 45
ENTER_SCOPE 46 45
REFERENCE sym_k0013 46
REFERENCE sym_k0000 46
REFERENCE sym_k0005 46
REFERENCE sym_k0015 46
REFERENCE sym_k0004 46
REFERENCE missing_8170 46
REFERENCE sym_k0001 46
REFERENCE sym_k0023 46
REFERENCE sym_k0032 46
REFERENCE sym_k0004 46
ENTER_SCOPE 47 46
REFERENCE sym_k0003 47
REFERENCE sym_k0000 47
EXIT_SCOPE 47
REFERENCE sym_k0015 46
REFERENCE sym_k0001 46
REFERENCE missing_8305 46
REFERENCE sym_k0001 46
REFERENCE sym_k0001 46
REFERENCE sym_k0011 46
REFERENCE sym_k0000 46
REFERENCE sym_k0003 46
REFERENCE sym_k0000 46
REFERENCE sym_k0001 46
REFERENCE sym_k0031 46
REFERENCE sym_k0000 46
REFERENCE sym_k0000 46
REFERENCE sym_k0038 46
DECLARE sym_k0009 10 46
REFERENCE sym_k0000 46
REFERENCE sym_k0001 46
DECLARE sym_k0004 5 46
REFERENCE sym_k0027 46
ENTER_SCOPE 48 46
REFERENCE sym_k0005 48
REFERENCE sym_k0038 48
DECLARE sym_k0004 5 48
REFERENCE sym_k0002 48
REFERENCE sym_k0001 48
EXIT_SCOPE 48
REFERENCE sym_k0002 46
EXIT_SCOPE 46
REFERENCE missing_7493 45
REFERENCE sym_k0003 45
DECLARE sym_k0000 1 45
EXIT_SCOPE 45
EXIT_SCOPE 44
EXIT_SCOPE 33
EXIT_SCOPE 32
EXIT_SCOPE 31
EXIT_SCOPE 0
