# ColliScope Generated Random Trace
# Parameters: seed=42, scope=flat, type=declaration-heavy, load_factor=0.5
ENTER_SCOPE 0
DECLARE qah_00000 8 0
DECLARE dct_00001 18 0
DECLARE cka_00002 7 0
DECLARE gpo_00003 18 0
DECLARE klh_00004 1 0
DECLARE tek_00005 9 0
DECLARE eyi_00006 3 0
DECLARE jji_00007 9 0
DECLARE usn_00008 13 0
DECLARE chq_00009 12 0
DECLARE psb_00010 8 0
DECLARE uzw_00011 4 0
DECLARE jlv_00012 6 0
DECLARE jfg_00013 3 0
DECLARE pes_00014 6 0
DECLARE mhy_00015 18 0
DECLARE fit_00016 2 0
DECLARE fai_00017 9 0
DECLARE bxo_00018 11 0
DECLARE fmx_00019 15 0
DECLARE ddt_00020 18 0
DECLARE gpx_00021 13 0
DECLARE jzd_00022 16 0
DECLARE cbc_00023 6 0
DECLARE ukb_00024 13 0
DECLARE pmg_00025 18 0
DECLARE was_00026 18 0
DECLARE tti_00027 10 0
DECLARE lly_00028 9 0
DECLARE ztn_00029 4 0
DECLARE whq_00030 20 0
DECLARE fje_00031 17 0
DECLARE xpm_00032 4 0
DECLARE ywv_00033 10 0
DECLARE ggo_00034 3 0
DECLARE cmb_00035 18 0
DECLARE tdm_00036 18 0
DECLARE enp_00037 7 0
DECLARE ytr_00038 10 0
DECLARE krj_00039 17 0
DECLARE lgb_00040 1 0
DECLARE pff_00041 3 0
DECLARE sbb_00042 2 0
DECLARE wbg_00043 16 0
DECLARE fdy_00044 19 0
DECLARE ogm_00045 14 0
DECLARE ecl_00046 14 0
DECLARE kwb_00047 4 0
DECLARE bsu_00048 4 0
DECLARE gel_00049 14 0
DECLARE mwb_00050 18 0
DECLARE qoa_00051 3 0
REFERENCE jfg_00013 0
DECLARE mwx_00052 6 0
DECLARE zgu_00053 15 0
DECLARE ssu_00054 16 0
DECLARE hzp_00055 18 0
DECLARE ibm_00056 17 0
DECLARE yce_00057 20 0
DECLARE wky_00058 19 0
DECLARE pqk_00059 19 0
DECLARE igr_00060 11 0
DECLARE krh_00061 11 0
REFERENCE xpm_00032 0
DECLARE zzb_00062 7 0
DECLARE djb_00063 8 0
DECLARE evs_00064 20 0
REFERENCE qah_00000 0
DECLARE oyc_00065 5 0
DECLARE xte_00066 10 0
DECLARE sfq_00067 9 0
DECLARE gxb_00068 14 0
REFERENCE missing_6464 0
REFERENCE wky_00058 0
DECLARE lso_00069 4 0
DECLARE wxo_00070 12 0
DECLARE ddi_00071 2 0
REFERENCE ukb_00024 0
DECLARE jow_00072 20 0
REFERENCE mwb_00050 0
REFERENCE pmg_00025 0
REFERENCE missing_6442 0
REFERENCE kwb_00047 0
DECLARE ucw_00073 16 0
DECLARE vlh_00074 8 0
DECLARE rkh_00075 3 0
REFERENCE wbg_00043 0
DECLARE zny_00076 4 0
REFERENCE was_00026 0
REFERENCE jlv_00012 0
DECLARE iul_00077 17 0
DECLARE xeb_00078 14 0
DECLARE yns_00079 7 0
DECLARE bri_00080 11 0
DECLARE dxn_00081 14 0
DECLARE soe_00082 13 0
DECLARE xqh_00083 18 0
REFERENCE jji_00007 0
DECLARE prm_00084 15 0
DECLARE nuy_00085 6 0
DECLARE hrq_00086 3 0
REFERENCE gpx_00021 0
DECLARE udb_00087 16 0
DECLARE tlx_00088 19 0
DECLARE smg_00089 1 0
REFERENCE psb_00010 0
REFERENCE gpx_00021 0
DECLARE bgw_00090 15 0
DECLARE mno_00091 11 0
REFERENCE pff_00041 0
REFERENCE hzp_00055 0
REFERENCE fdy_00044 0
REFERENCE jfg_00013 0
REFERENCE usn_00008 0
REFERENCE fit_00016 0
DECLARE lsg_00092 11 0
DECLARE odg_00093 5 0
REFERENCE missing_7678 0
DECLARE mbv_00094 13 0
REFERENCE qoa_00051 0
DECLARE wom_00095 12 0
DECLARE kxv_00096 18 0
REFERENCE yce_00057 0
REFERENCE jfg_00013 0
DECLARE air_00097 13 0
REFERENCE udb_00087 0
REFERENCE wxo_00070 0
DECLARE rcl_00098 15 0
DECLARE gil_00099 11 0
REFERENCE rcl_00098 0
REFERENCE bri_00080 0
DECLARE tby_00100 8 0
DECLARE uqt_00101 8 0
DECLARE add_00102 4 0
DECLARE fst_00103 6 0
DECLARE zsu_00104 6 0
REFERENCE missing_1420 0
REFERENCE evs_00064 0
DECLARE sbr_00105 8 0
DECLARE uwp_00106 4 0
REFERENCE lgb_00040 0
DECLARE ljn_00107 11 0
DECLARE kml_00108 12 0
DECLARE vsl_00109 17 0
REFERENCE qoa_00051 0
REFERENCE air_00097 0
DECLARE tgw_00110 3 0
DECLARE lto_00111 13 0
DECLARE mim_00112 12 0
REFERENCE gpx_00021 0
DECLARE won_00113 7 0
DECLARE smt_00114 16 0
DECLARE muc_00115 8 0
DECLARE grj_00116 18 0
DECLARE lti_00117 15 0
DECLARE gdf_00118 4 0
REFERENCE gdf_00118 0
DECLARE fms_00119 17 0
DECLARE zvh_00120 12 0
DECLARE anh_00121 2 0
DECLARE sdw_00122 16 0
DECLARE ahm_00123 11 0
DECLARE bym_00124 3 0
DECLARE bqb_00125 5 0
REFERENCE tek_00005 0
REFERENCE missing_7818 0
DECLARE ufn_00126 15 0
REFERENCE igr_00060 0
REFERENCE rkh_00075 0
DECLARE yct_00127 7 0
DECLARE cgo_00128 6 0
DECLARE lph_00129 8 0
DECLARE hwb_00130 8 0
REFERENCE yct_00127 0
DECLARE oqx_00131 5 0
DECLARE eht_00132 19 0
REFERENCE bgw_00090 0
DECLARE syn_00133 16 0
DECLARE pxt_00134 20 0
DECLARE czv_00135 19 0
DECLARE atv_00136 19 0
DECLARE tmq_00137 9 0
DECLARE pqm_00138 3 0
DECLARE kic_00139 6 0
DECLARE shy_00140 18 0
DECLARE cgd_00141 13 0
REFERENCE djb_00063 0
DECLARE oke_00142 12 0
DECLARE mlb_00143 9 0
DECLARE yls_00144 4 0
DECLARE qus_00145 10 0
DECLARE ocz_00146 4 0
DECLARE dvm_00147 10 0
DECLARE hvz_00148 8 0
DECLARE dep_00149 5 0
REFERENCE cgo_00128 0
DECLARE uga_00150 10 0
REFERENCE mhy_00015 0
REFERENCE yce_00057 0
DECLARE ool_00151 11 0
REFERENCE lly_00028 0
DECLARE gub_00152 16 0
REFERENCE oyc_00065 0
REFERENCE jji_00007 0
DECLARE anp_00153 4 0
REFERENCE odg_00093 0
REFERENCE missing_3361 0
DECLARE rem_00154 9 0
DECLARE sqw_00155 18 0
DECLARE ist_00156 18 0
DECLARE bqx_00157 8 0
REFERENCE krj_00039 0
REFERENCE krj_00039 0
DECLARE sxb_00158 2 0
DECLARE jdn_00159 19 0
DECLARE eep_00160 13 0
DECLARE gxd_00161 15 0
DECLARE lrx_00162 15 0
REFERENCE jji_00007 0
DECLARE yzh_00163 14 0
DECLARE lhz_00164 16 0
DECLARE jjh_00165 10 0
DECLARE vka_00166 2 0
REFERENCE whq_00030 0
REFERENCE kxv_00096 0
DECLARE egt_00167 5 0
DECLARE xqi_00168 15 0
DECLARE jdx_00169 11 0
REFERENCE atv_00136 0
REFERENCE igr_00060 0
DECLARE xvg_00170 16 0
REFERENCE lsg_00092 0
REFERENCE fai_00017 0
DECLARE zws_00171 13 0
REFERENCE kxv_00096 0
DECLARE kgd_00172 12 0
DECLARE rpv_00173 12 0
DECLARE gaw_00174 18 0
DECLARE pqq_00175 15 0
REFERENCE bxo_00018 0
DECLARE baz_00176 4 0
DECLARE xdl_00177 18 0
DECLARE tek_00178 4 0
REFERENCE lly_00028 0
DECLARE jly_00179 12 0
DECLARE roz_00180 12 0
DECLARE hzy_00181 15 0
DECLARE fqz_00182 2 0
REFERENCE pqm_00138 0
REFERENCE kml_00108 0
DECLARE fwi_00183 5 0
REFERENCE soe_00082 0
REFERENCE missing_3129 0
DECLARE ucw_00184 5 0
DECLARE ugi_00185 6 0
DECLARE dkc_00186 3 0
DECLARE unc_00187 17 0
DECLARE psx_00188 17 0
DECLARE qaz_00189 13 0
DECLARE csl_00190 3 0
DECLARE ddq_00191 19 0
DECLARE izn_00192 15 0
DECLARE luc_00193 18 0
REFERENCE shy_00140 0
REFERENCE zzb_00062 0
DECLARE sii_00194 9 0
DECLARE dxb_00195 3 0
DECLARE ctv_00196 18 0
DECLARE yor_00197 14 0
DECLARE rtw_00198 2 0
REFERENCE pxt_00134 0
DECLARE nem_00199 4 0
DECLARE och_00200 8 0
REFERENCE iul_00077 0
REFERENCE sfq_00067 0
DECLARE prs_00201 1 0
DECLARE sii_00202 1 0
DECLARE drb_00203 1 0
DECLARE njl_00204 6 0
DECLARE suo_00205 3 0
REFERENCE gub_00152 0
DECLARE rhr_00206 16 0
DECLARE kfn_00207 12 0
DECLARE hrm_00208 10 0
DECLARE kpa_00209 10 0
REFERENCE ecl_00046 0
DECLARE iat_00210 6 0
DECLARE nfo_00211 12 0
DECLARE wba_00212 3 0
REFERENCE sdw_00122 0
DECLARE qhk_00213 11 0
DECLARE ylr_00214 12 0
DECLARE vgp_00215 17 0
DECLARE wtf_00216 6 0
DECLARE qnf_00217 12 0
DECLARE yqd_00218 4 0
DECLARE fpt_00219 3 0
DECLARE umt_00220 19 0
DECLARE yoq_00221 20 0
DECLARE zil_00222 16 0
DECLARE hhb_00223 17 0
DECLARE maj_00224 10 0
DECLARE wwp_00225 17 0
DECLARE pyt_00226 2 0
DECLARE vqi_00227 16 0
DECLARE ylv_00228 11 0
REFERENCE missing_3827 0
DECLARE szn_00229 20 0
DECLARE jhk_00230 11 0
DECLARE bqi_00231 11 0
DECLARE rhs_00232 20 0
REFERENCE rhs_00232 0
DECLARE xir_00233 13 0
DECLARE sco_00234 11 0
REFERENCE fit_00016 0
REFERENCE gpx_00021 0
DECLARE qlj_00235 12 0
DECLARE yit_00236 7 0
DECLARE dcv_00237 4 0
DECLARE otn_00238 11 0
REFERENCE ocz_00146 0
DECLARE evu_00239 6 0
REFERENCE missing_6968 0
DECLARE glh_00240 15 0
DECLARE gzu_00241 7 0
DECLARE yzm_00242 10 0
REFERENCE enp_00037 0
REFERENCE kfn_00207 0
DECLARE wbm_00243 12 0
DECLARE cvw_00244 10 0
DECLARE eln_00245 14 0
DECLARE xvx_00246 1 0
DECLARE kjk_00247 3 0
DECLARE ayv_00248 11 0
REFERENCE missing_5700 0
REFERENCE csl_00190 0
DECLARE sla_00249 3 0
DECLARE fdy_00250 20 0
DECLARE chh_00251 2 0
DECLARE qqb_00252 16 0
DECLARE ang_00253 5 0
DECLARE ajo_00254 6 0
DECLARE czb_00255 17 0
DECLARE una_00256 16 0
DECLARE kjt_00257 12 0
REFERENCE mwb_00050 0
REFERENCE cgo_00128 0
DECLARE jiq_00258 15 0
REFERENCE yct_00127 0
REFERENCE missing_8498 0
DECLARE fux_00259 11 0
REFERENCE cvw_00244 0
DECLARE tej_00260 2 0
REFERENCE ljn_00107 0
REFERENCE drb_00203 0
REFERENCE fwi_00183 0
DECLARE erj_00261 17 0
DECLARE cll_00262 6 0
DECLARE icr_00263 10 0
DECLARE sel_00264 15 0
DECLARE wjz_00265 9 0
DECLARE ubr_00266 13 0
DECLARE ury_00267 5 0
REFERENCE wbm_00243 0
DECLARE buj_00268 13 0
REFERENCE missing_3513 0
DECLARE yjt_00269 19 0
DECLARE jih_00270 4 0
DECLARE enx_00271 4 0
DECLARE glz_00272 10 0
DECLARE zfd_00273 3 0
DECLARE xlc_00274 11 0
DECLARE soh_00275 10 0
REFERENCE hrm_00208 0
REFERENCE otn_00238 0
REFERENCE ggo_00034 0
REFERENCE missing_7044 0
DECLARE zdw_00276 3 0
DECLARE zsn_00277 14 0
REFERENCE missing_6194 0
DECLARE lri_00278 18 0
DECLARE ezl_00279 2 0
REFERENCE ury_00267 0
DECLARE isi_00280 17 0
REFERENCE smg_00089 0
DECLARE yhq_00281 20 0
DECLARE ney_00282 5 0
DECLARE qxi_00283 19 0
DECLARE wcy_00284 19 0
DECLARE foq_00285 1 0
DECLARE qhy_00286 16 0
DECLARE ukl_00287 2 0
DECLARE kmi_00288 5 0
DECLARE stw_00289 13 0
DECLARE joi_00290 15 0
DECLARE ldb_00291 13 0
REFERENCE zws_00171 0
REFERENCE rpv_00173 0
DECLARE ezm_00292 10 0
DECLARE ckl_00293 8 0
DECLARE jbm_00294 16 0
DECLARE acd_00295 9 0
REFERENCE izn_00192 0
DECLARE boj_00296 10 0
DECLARE nth_00297 20 0
DECLARE dzk_00298 11 0
DECLARE jdp_00299 13 0
DECLARE bdi_00300 16 0
DECLARE dxd_00301 20 0
DECLARE kqv_00302 19 0
DECLARE vns_00303 10 0
DECLARE aic_00304 14 0
DECLARE usr_00305 1 0
DECLARE grz_00306 19 0
DECLARE spe_00307 20 0
REFERENCE lph_00129 0
DECLARE yca_00308 11 0
DECLARE kfn_00309 20 0
REFERENCE yoq_00221 0
REFERENCE yce_00057 0
DECLARE rni_00310 6 0
DECLARE nor_00311 9 0
DECLARE ego_00312 8 0
REFERENCE dcv_00237 0
REFERENCE luc_00193 0
DECLARE jyu_00313 9 0
DECLARE oox_00314 13 0
REFERENCE bqb_00125 0
DECLARE hsj_00315 15 0
DECLARE tfv_00316 9 0
REFERENCE chh_00251 0
DECLARE tgb_00317 17 0
DECLARE gci_00318 16 0
DECLARE uao_00319 6 0
DECLARE ywm_00320 7 0
REFERENCE cgd_00141 0
DECLARE xco_00321 18 0
REFERENCE wbg_00043 0
REFERENCE wom_00095 0
REFERENCE missing_7504 0
REFERENCE gpo_00003 0
REFERENCE missing_2758 0
REFERENCE joi_00290 0
REFERENCE qah_00000 0
REFERENCE missing_9261 0
DECLARE fce_00322 15 0
DECLARE sai_00323 10 0
DECLARE tew_00324 13 0
REFERENCE air_00097 0
DECLARE czm_00325 8 0
DECLARE jlg_00326 11 0
DECLARE saq_00327 8 0
DECLARE dhk_00328 17 0
REFERENCE kqv_00302 0
DECLARE qyj_00329 8 0
DECLARE ddt_00330 20 0
DECLARE sxt_00331 7 0
REFERENCE tby_00100 0
REFERENCE missing_8319 0
DECLARE jxc_00332 18 0
REFERENCE soe_00082 0
DECLARE ind_00333 7 0
REFERENCE xpm_00032 0
DECLARE bdk_00334 19 0
DECLARE mus_00335 13 0
DECLARE afb_00336 14 0
DECLARE bzy_00337 3 0
REFERENCE yzh_00163 0
DECLARE ttz_00338 14 0
DECLARE xlx_00339 13 0
DECLARE rro_00340 12 0
DECLARE zkd_00341 8 0
REFERENCE unc_00187 0
DECLARE slj_00342 8 0
DECLARE jhy_00343 4 0
DECLARE rpy_00344 1 0
DECLARE bpl_00345 2 0
DECLARE blo_00346 2 0
DECLARE zgx_00347 19 0
DECLARE pri_00348 10 0
REFERENCE rpy_00344 0
DECLARE hby_00349 6 0
DECLARE lmz_00350 13 0
REFERENCE pxt_00134 0
DECLARE hen_00351 8 0
REFERENCE mhy_00015 0
REFERENCE uwp_00106 0
DECLARE knk_00352 9 0
DECLARE qxw_00353 3 0
DECLARE vbj_00354 20 0
DECLARE wet_00355 18 0
DECLARE fxh_00356 1 0
DECLARE ett_00357 16 0
REFERENCE vgp_00215 0
DECLARE gih_00358 15 0
DECLARE jgn_00359 16 0
DECLARE ust_00360 11 0
REFERENCE zny_00076 0
DECLARE wta_00361 18 0
REFERENCE lly_00028 0
DECLARE ffo_00362 8 0
DECLARE rrg_00363 16 0
REFERENCE fce_00322 0
DECLARE tjd_00364 18 0
DECLARE xoq_00365 2 0
DECLARE vbv_00366 2 0
REFERENCE rkh_00075 0
DECLARE san_00367 12 0
DECLARE qyx_00368 16 0
DECLARE nka_00369 9 0
DECLARE hns_00370 14 0
REFERENCE lsg_00092 0
REFERENCE czm_00325 0
DECLARE nvg_00371 13 0
DECLARE ylg_00372 8 0
DECLARE vcz_00373 2 0
DECLARE job_00374 1 0
REFERENCE missing_8109 0
DECLARE izz_00375 17 0
REFERENCE dxd_00301 0
REFERENCE rem_00154 0
REFERENCE nem_00199 0
REFERENCE psb_00010 0
DECLARE waf_00376 5 0
REFERENCE tgb_00317 0
REFERENCE fdy_00250 0
DECLARE vkx_00377 11 0
DECLARE tur_00378 3 0
DECLARE zbl_00379 3 0
DECLARE tyk_00380 11 0
DECLARE hzm_00381 12 0
DECLARE jep_00382 13 0
DECLARE qus_00383 3 0
DECLARE jue_00384 13 0
DECLARE cai_00385 12 0
REFERENCE missing_2430 0
DECLARE lok_00386 1 0
DECLARE opu_00387 13 0
DECLARE kus_00388 18 0
REFERENCE qhy_00286 0
DECLARE reg_00389 9 0
DECLARE blk_00390 16 0
REFERENCE mwb_00050 0
REFERENCE klh_00004 0
DECLARE chy_00391 11 0
REFERENCE fwi_00183 0
DECLARE lvq_00392 20 0
DECLARE iyf_00393 11 0
DECLARE kit_00394 16 0
REFERENCE tej_00260 0
DECLARE vkc_00395 19 0
DECLARE zet_00396 1 0
REFERENCE dep_00149 0
DECLARE uvb_00397 14 0
DECLARE dhg_00398 5 0
REFERENCE bsu_00048 0
DECLARE ppn_00399 14 0
DECLARE ujx_00400 18 0
DECLARE xcg_00401 12 0
DECLARE poq_00402 13 0
REFERENCE slj_00342 0
DECLARE cft_00403 18 0
DECLARE olk_00404 19 0
DECLARE dzm_00405 10 0
DECLARE zdy_00406 5 0
DECLARE iun_00407 12 0
DECLARE lsi_00408 10 0
DECLARE sai_00409 4 0
DECLARE ezg_00410 6 0
DECLARE ilm_00411 13 0
DECLARE erk_00412 20 0
REFERENCE ang_00253 0
DECLARE sft_00413 3 0
DECLARE unj_00414 7 0
DECLARE gwn_00415 11 0
DECLARE ppj_00416 15 0
DECLARE vsh_00417 20 0
DECLARE rig_00418 4 0
DECLARE snk_00419 5 0
DECLARE kmn_00420 6 0
DECLARE mdi_00421 15 0
DECLARE wym_00422 7 0
REFERENCE mbv_00094 0
DECLARE kms_00423 15 0
DECLARE cat_00424 10 0
DECLARE fhu_00425 19 0
REFERENCE bqx_00157 0
DECLARE ogo_00426 12 0
DECLARE ttl_00427 7 0
REFERENCE missing_5055 0
DECLARE zlj_00428 3 0
DECLARE zug_00429 19 0
DECLARE wpl_00430 20 0
DECLARE ffb_00431 12 0
DECLARE pez_00432 10 0
DECLARE gwz_00433 4 0
DECLARE tkb_00434 9 0
REFERENCE missing_3174 0
DECLARE svt_00435 13 0
DECLARE pgk_00436 15 0
DECLARE utk_00437 9 0
DECLARE wlm_00438 19 0
DECLARE utt_00439 15 0
DECLARE swu_00440 13 0
DECLARE lfg_00441 10 0
DECLARE pom_00442 11 0
REFERENCE uvb_00397 0
DECLARE uld_00443 6 0
DECLARE ayf_00444 5 0
REFERENCE czm_00325 0
DECLARE jcr_00445 6 0
DECLARE qst_00446 14 0
DECLARE sam_00447 5 0
DECLARE nla_00448 11 0
REFERENCE rni_00310 0
DECLARE mfc_00449 4 0
DECLARE jhj_00450 5 0
DECLARE rbo_00451 20 0
DECLARE lsq_00452 5 0
REFERENCE suo_00205 0
REFERENCE missing_2646 0
DECLARE dsj_00453 14 0
DECLARE dhc_00454 18 0
DECLARE shy_00455 1 0
REFERENCE ugi_00185 0
DECLARE pek_00456 2 0
REFERENCE zvh_00120 0
DECLARE cmp_00457 17 0
REFERENCE missing_6916 0
REFERENCE missing_7895 0
DECLARE rty_00458 3 0
DECLARE bgb_00459 2 0
REFERENCE dhc_00454 0
DECLARE nks_00460 3 0
DECLARE ndc_00461 3 0
DECLARE fvn_00462 13 0
DECLARE tqq_00463 10 0
DECLARE swb_00464 3 0
REFERENCE missing_1901 0
DECLARE ttd_00465 5 0
REFERENCE kit_00394 0
DECLARE use_00466 5 0
REFERENCE klh_00004 0
REFERENCE chq_00009 0
DECLARE lng_00467 19 0
DECLARE mnb_00468 19 0
DECLARE eux_00469 4 0
DECLARE nbw_00470 8 0
DECLARE jxe_00471 2 0
DECLARE xtk_00472 11 0
DECLARE xiv_00473 19 0
DECLARE nxe_00474 17 0
REFERENCE ytr_00038 0
REFERENCE qnf_00217 0
REFERENCE pxt_00134 0
DECLARE jhu_00475 20 0
DECLARE jzz_00476 7 0
REFERENCE hzp_00055 0
DECLARE akg_00477 12 0
DECLARE sai_00478 13 0
REFERENCE eln_00245 0
DECLARE zky_00479 5 0
REFERENCE missing_4792 0
REFERENCE ucw_00073 0
REFERENCE qah_00000 0
DECLARE cdv_00480 3 0
DECLARE brd_00481 10 0
DECLARE ius_00482 11 0
DECLARE hbf_00483 19 0
DECLARE cli_00484 4 0
DECLARE zfi_00485 9 0
REFERENCE missing_5984 0
REFERENCE cdv_00480 0
DECLARE wds_00486 12 0
DECLARE bhv_00487 6 0
DECLARE klt_00488 8 0
DECLARE cud_00489 2 0
REFERENCE sla_00249 0
DECLARE kry_00490 3 0
DECLARE gva_00491 3 0
DECLARE qvc_00492 11 0
DECLARE yby_00493 14 0
REFERENCE chq_00009 0
DECLARE ljx_00494 9 0
DECLARE waq_00495 8 0
DECLARE mwm_00496 3 0
DECLARE dfx_00497 17 0
DECLARE zoa_00498 13 0
REFERENCE ahm_00123 0
REFERENCE zny_00076 0
DECLARE kei_00499 8 0
DECLARE vhv_00500 16 0
DECLARE tzz_00501 4 0
DECLARE gnu_00502 2 0
REFERENCE lso_00069 0
REFERENCE hsj_00315 0
REFERENCE wky_00058 0
DECLARE pus_00503 19 0
DECLARE syo_00504 19 0
REFERENCE yct_00127 0
REFERENCE wcy_00284 0
DECLARE abp_00505 1 0
DECLARE axf_00506 5 0
DECLARE euw_00507 2 0
DECLARE pxu_00508 17 0
REFERENCE jcr_00445 0
REFERENCE dkc_00186 0
DECLARE hde_00509 14 0
REFERENCE fst_00103 0
DECLARE sox_00510 20 0
REFERENCE dkc_00186 0
REFERENCE qlj_00235 0
DECLARE dsy_00511 19 0
DECLARE zza_00512 20 0
DECLARE vpq_00513 4 0
REFERENCE missing_2274 0
DECLARE zex_00514 3 0
REFERENCE sfq_00067 0
DECLARE ggb_00515 9 0
REFERENCE klt_00488 0
DECLARE tzw_00516 16 0
REFERENCE cud_00489 0
DECLARE mwq_00517 8 0
DECLARE bvh_00518 11 0
DECLARE cix_00519 6 0
REFERENCE utt_00439 0
DECLARE zxs_00520 14 0
REFERENCE wds_00486 0
DECLARE cfe_00521 18 0
REFERENCE aic_00304 0
DECLARE hck_00522 18 0
REFERENCE soh_00275 0
DECLARE cvq_00523 16 0
DECLARE aeh_00524 3 0
DECLARE dum_00525 9 0
DECLARE oex_00526 12 0
DECLARE blg_00527 9 0
DECLARE dsc_00528 12 0
REFERENCE kqv_00302 0
DECLARE vvk_00529 18 0
DECLARE yog_00530 10 0
DECLARE xsn_00531 17 0
REFERENCE jep_00382 0
DECLARE tez_00532 7 0
REFERENCE missing_7936 0
DECLARE rfv_00533 5 0
REFERENCE sla_00249 0
DECLARE oow_00534 17 0
DECLARE wuq_00535 17 0
REFERENCE missing_3451 0
DECLARE pty_00536 4 0
DECLARE chn_00537 12 0
REFERENCE cmp_00457 0
DECLARE mek_00538 20 0
DECLARE sbx_00539 11 0
DECLARE bmg_00540 12 0
DECLARE vhh_00541 16 0
REFERENCE hen_00351 0
DECLARE zlv_00542 9 0
REFERENCE gva_00491 0
DECLARE fvt_00543 17 0
REFERENCE ind_00333 0
REFERENCE missing_9303 0
DECLARE uno_00544 6 0
DECLARE vvg_00545 15 0
DECLARE jfj_00546 15 0
DECLARE qda_00547 12 0
DECLARE lym_00548 18 0
DECLARE ext_00549 3 0
DECLARE keo_00550 7 0
REFERENCE gzu_00241 0
DECLARE kau_00551 1 0
DECLARE deu_00552 8 0
DECLARE uhz_00553 9 0
DECLARE jjg_00554 15 0
DECLARE nqp_00555 1 0
DECLARE rvj_00556 20 0
DECLARE hcb_00557 9 0
DECLARE wgs_00558 10 0
DECLARE ngb_00559 20 0
DECLARE ida_00560 16 0
REFERENCE gil_00099 0
DECLARE tpz_00561 7 0
DECLARE srq_00562 16 0
REFERENCE keo_00550 0
DECLARE ero_00563 10 0
DECLARE dgv_00564 6 0
REFERENCE lrx_00162 0
DECLARE fwk_00565 11 0
DECLARE pmd_00566 2 0
REFERENCE lsg_00092 0
DECLARE fdr_00567 17 0
DECLARE bwd_00568 7 0
DECLARE zxz_00569 5 0
DECLARE sum_00570 6 0
DECLARE blf_00571 6 0
DECLARE euu_00572 5 0
DECLARE qkz_00573 13 0
DECLARE nsy_00574 11 0
REFERENCE xdl_00177 0
DECLARE qgs_00575 12 0
DECLARE cnh_00576 3 0
REFERENCE tgb_00317 0
DECLARE nnl_00577 5 0
DECLARE xje_00578 13 0
DECLARE fzf_00579 1 0
DECLARE ejq_00580 2 0
DECLARE quq_00581 20 0
REFERENCE chq_00009 0
DECLARE dld_00582 9 0
DECLARE dsq_00583 10 0
DECLARE cnq_00584 5 0
DECLARE xnq_00585 10 0
DECLARE cff_00586 9 0
REFERENCE bvh_00518 0
REFERENCE zky_00479 0
DECLARE xrm_00587 8 0
DECLARE rxv_00588 16 0
DECLARE cns_00589 4 0
REFERENCE anh_00121 0
REFERENCE vns_00303 0
DECLARE vww_00590 12 0
REFERENCE dgv_00564 0
DECLARE tbw_00591 6 0
DECLARE xyg_00592 3 0
DECLARE ick_00593 15 0
DECLARE kwu_00594 6 0
DECLARE sby_00595 6 0
DECLARE xmo_00596 15 0
DECLARE jja_00597 5 0
DECLARE mxl_00598 3 0
DECLARE isr_00599 19 0
REFERENCE yby_00493 0
DECLARE rql_00600 8 0
DECLARE rqd_00601 18 0
REFERENCE eht_00132 0
DECLARE eww_00602 6 0
DECLARE mgz_00603 2 0
DECLARE ojv_00604 3 0
DECLARE ulw_00605 15 0
DECLARE zta_00606 13 0
DECLARE oac_00607 20 0
REFERENCE tmq_00137 0
DECLARE rli_00608 2 0
REFERENCE jow_00072 0
DECLARE qmr_00609 15 0
DECLARE tfi_00610 10 0
DECLARE jcx_00611 16 0
DECLARE ssc_00612 20 0
DECLARE dwf_00613 7 0
REFERENCE missing_7790 0
DECLARE qrd_00614 15 0
DECLARE pnz_00615 1 0
DECLARE byv_00616 16 0
REFERENCE mwb_00050 0
DECLARE evc_00617 20 0
DECLARE iwk_00618 20 0
REFERENCE cft_00403 0
DECLARE ihu_00619 5 0
DECLARE sth_00620 18 0
REFERENCE nuy_00085 0
DECLARE fqh_00621 12 0
REFERENCE missing_3913 0
DECLARE sid_00622 12 0
DECLARE pys_00623 18 0
DECLARE wvn_00624 1 0
DECLARE bbg_00625 6 0
REFERENCE gci_00318 0
REFERENCE fqz_00182 0
DECLARE ojl_00626 20 0
REFERENCE rig_00418 0
REFERENCE tej_00260 0
DECLARE uss_00627 2 0
REFERENCE glh_00240 0
REFERENCE missing_5117 0
DECLARE wwl_00628 8 0
REFERENCE qqb_00252 0
REFERENCE wlm_00438 0
DECLARE sfl_00629 3 0
DECLARE enj_00630 14 0
DECLARE gev_00631 1 0
DECLARE sed_00632 11 0
DECLARE uqv_00633 10 0
DECLARE oju_00634 11 0
DECLARE ynu_00635 6 0
DECLARE ncf_00636 7 0
DECLARE ihy_00637 20 0
DECLARE zvz_00638 1 0
DECLARE igq_00639 20 0
DECLARE bxj_00640 4 0
DECLARE ohx_00641 12 0
DECLARE nmh_00642 7 0
DECLARE ccz_00643 18 0
DECLARE qfq_00644 7 0
REFERENCE sfl_00629 0
DECLARE vwt_00645 14 0
DECLARE ytd_00646 15 0
REFERENCE missing_2200 0
DECLARE uoo_00647 8 0
REFERENCE abp_00505 0
DECLARE lar_00648 18 0
DECLARE sbt_00649 2 0
REFERENCE missing_9238 0
DECLARE uhc_00650 15 0
DECLARE vae_00651 8 0
DECLARE kuo_00652 5 0
DECLARE xzw_00653 12 0
REFERENCE missing_3316 0
DECLARE apn_00654 3 0
DECLARE txi_00655 14 0
REFERENCE qoa_00051 0
DECLARE fvf_00656 6 0
DECLARE obt_00657 18 0
DECLARE ohb_00658 4 0
DECLARE pyj_00659 8 0
DECLARE qxi_00660 15 0
DECLARE rsd_00661 19 0
DECLARE ila_00662 8 0
REFERENCE lar_00648 0
DECLARE vdt_00663 16 0
DECLARE jho_00664 6 0
DECLARE chv_00665 18 0
DECLARE tqs_00666 1 0
REFERENCE ogm_00045 0
DECLARE tfa_00667 9 0
DECLARE zmu_00668 12 0
DECLARE xpw_00669 5 0
DECLARE nkn_00670 8 0
REFERENCE ist_00156 0
DECLARE tde_00671 19 0
REFERENCE ajo_00254 0
REFERENCE wym_00422 0
DECLARE tgg_00672 8 0
DECLARE fxj_00673 16 0
REFERENCE tjd_00364 0
REFERENCE zxz_00569 0
DECLARE htp_00674 19 0
DECLARE qjq_00675 3 0
DECLARE jxn_00676 12 0
REFERENCE gub_00152 0
REFERENCE missing_3276 0
DECLARE fnh_00677 5 0
DECLARE jsd_00678 8 0
DECLARE icr_00679 16 0
DECLARE eva_00680 2 0
DECLARE pdn_00681 19 0
DECLARE exn_00682 13 0
DECLARE oas_00683 10 0
REFERENCE tby_00100 0
REFERENCE yqd_00218 0
DECLARE kdp_00684 6 0
DECLARE ner_00685 15 0
DECLARE bjd_00686 1 0
DECLARE wnk_00687 5 0
DECLARE exp_00688 18 0
DECLARE dmd_00689 20 0
DECLARE ayr_00690 14 0
DECLARE jbn_00691 8 0
REFERENCE lvq_00392 0
DECLARE uxv_00692 19 0
DECLARE dmg_00693 3 0
DECLARE wke_00694 1 0
DECLARE dar_00695 11 0
DECLARE clp_00696 9 0
REFERENCE deu_00552 0
DECLARE zkf_00697 18 0
REFERENCE kmn_00420 0
DECLARE mzp_00698 13 0
REFERENCE bgw_00090 0
DECLARE fuy_00699 4 0
DECLARE kio_00700 2 0
DECLARE zac_00701 5 0
DECLARE pcg_00702 12 0
DECLARE ajz_00703 20 0
DECLARE hzb_00704 6 0
DECLARE lfr_00705 17 0
DECLARE apn_00706 8 0
DECLARE rjr_00707 6 0
DECLARE hkr_00708 13 0
DECLARE ntb_00709 3 0
DECLARE sop_00710 12 0
REFERENCE jdp_00299 0
REFERENCE kei_00499 0
DECLARE gkc_00711 3 0
DECLARE idn_00712 9 0
REFERENCE hrm_00208 0
DECLARE ljm_00713 8 0
REFERENCE bzy_00337 0
DECLARE xwm_00714 9 0
DECLARE qzr_00715 8 0
REFERENCE ljm_00713 0
DECLARE avg_00716 3 0
DECLARE tio_00717 6 0
DECLARE jxg_00718 7 0
DECLARE ftw_00719 7 0
DECLARE vvj_00720 4 0
DECLARE cym_00721 1 0
REFERENCE chn_00537 0
REFERENCE lto_00111 0
DECLARE zxw_00722 16 0
EXIT_SCOPE 0
