# ColliScope Frequency-Matched Synthetic Trace
# Parameters: seed=86, zipf_s=1.244, scope=flat, type=mixed, load_factor=0.9
ENTER_SCOPE 0
DECLARE sym_k0000 1 0
DECLARE sym_k0001 2 0
DECLARE sym_k0002 3 0
DECLARE sym_k0003 4 0
DECLARE sym_k0004 5 0
DECLARE sym_k0005 6 0
DECLARE sym_k0006 7 0
DECLARE sym_k0007 8 0
DECLARE sym_k0008 9 0
DECLARE sym_k0009 10 0
DECLARE sym_k0010 1 0
DECLARE sym_k0011 2 0
DECLARE sym_k0012 3 0
DECLARE sym_k0013 4 0
DECLARE sym_k0014 5 0
DECLARE sym_k0015 6 0
DECLARE sym_k0016 7 0
DECLARE sym_k0017 8 0
DECLARE sym_k0018 9 0
DECLARE sym_k0019 10 0
DECLARE sym_k0020 1 0
DECLARE sym_k0021 2 0
DECLARE sym_k0022 3 0
DECLARE sym_k0023 4 0
DECLARE sym_k0024 5 0
DECLARE sym_k0025 6 0
DECLARE sym_k0026 7 0
DECLARE sym_k0027 8 0
DECLARE sym_k0028 9 0
DECLARE sym_k0029 10 0
DECLARE sym_k0030 1 0
DECLARE sym_k0031 2 0
DECLARE sym_k0032 3 0
DECLARE sym_k0033 4 0
DECLARE sym_k0034 5 0
DECLARE sym_k0035 6 0
DECLARE sym_k0036 7 0
DECLARE sym_k0037 8 0
DECLARE sym_k0038 9 0
DECLARE sym_k0039 10 0
DECLARE sym_k0040 1 0
DECLARE sym_k0041 2 0
DECLARE sym_k0042 3 0
DECLARE sym_k0043 4 0
DECLARE sym_k0044 5 0
DECLARE sym_k0045 6 0
DECLARE sym_k0046 7 0
DECLARE sym_k0047 8 0
DECLARE sym_k0048 9 0
DECLARE sym_k0049 10 0
REFERENCE missing_6201 0
REFERENCE sym_k0007 0
REFERENCE sym_k0000 0
REFERENCE sym_k0007 0
REFERENCE sym_k0001 0
REFERENCE sym_k0001 0
REFERENCE sym_k0030 0
DECLARE sym_k0171 7 0
REFERENCE sym_k0000 0
REFERENCE sym_k0002 0
REFERENCE sym_k0001 0
REFERENCE sym_k0000 0
REFERENCE sym_k0001 0
REFERENCE sym_k0001 0
REFERENCE missing_9095 0
REFERENCE sym_k0001 0
DECLARE sym_k0169 5 0
REFERENCE sym_k0008 0
DECLARE sym_k0059 15 0
REFERENCE missing_7524 0
REFERENCE sym_k0021 0
REFERENCE sym_k0000 0
REFERENCE sym_k0036 0
REFERENCE sym_k0023 0
DECLARE sym_k0057 13 0
REFERENCE sym_k0001 0
REFERENCE sym_k0000 0
REFERENCE sym_k0010 0
REFERENCE sym_k0021 0
REFERENCE sym_k0004 0
REFERENCE sym_k0001 0
REFERENCE sym_k0000 0
REFERENCE sym_k0019 0
REFERENCE sym_k0001 0
REFERENCE sym_k0001 0
REFERENCE sym_k0000 0
REFERENCE sym_k0000 0
REFERENCE sym_k0002 0
REFERENCE sym_k0011 0
REFERENCE sym_k0034 0
REFERENCE sym_k0000 0
DECLARE sym_k0177 13 0
REFERENCE sym_k0000 0
REFERENCE sym_k0000 0
REFERENCE sym_k0002 0
REFERENCE sym_k0018 0
REFERENCE sym_k0019 0
REFERENCE missing_5937 0
REFERENCE missing_5294 0
REFERENCE sym_k0001 0
DECLARE sym_k0155 6 0
REFERENCE sym_k0004 0
REFERENCE sym_k0010 0
REFERENCE sym_k0003 0
REFERENCE sym_k0001 0
REFERENCE sym_k0004 0
REFERENCE sym_k0006 0
REFERENCE sym_k0000 0
REFERENCE sym_k0000 0
REFERENCE missing_5554 0
REFERENCE sym_k0035 0
REFERENCE sym_k0000 0
REFERENCE sym_k0000 0
REFERENCE sym_k0025 0
REFERENCE sym_k0001 0
REFERENCE sym_k0001 0
REFERENCE sym_k0005 0
REFERENCE sym_k0005 0
REFERENCE sym_k0007 0
REFERENCE sym_k0004 0
REFERENCE sym_k0005 0
REFERENCE missing_1709 0
REFERENCE sym_k0003 0
REFERENCE sym_k0001 0
REFERENCE sym_k0000 0
REFERENCE sym_k0000 0
REFERENCE sym_k0001 0
REFERENCE sym_k0004 0
REFERENCE sym_k0001 0
DECLARE sym_k0225 1 0
REFERENCE sym_k0010 0
REFERENCE missing_3418 0
REFERENCE sym_k0018 0
REFERENCE sym_k0010 0
REFERENCE sym_k0007 0
DECLARE sym_k0214 5 0
REFERENCE sym_k0006 0
REFERENCE missing_5024 0
REFERENCE sym_k0009 0
DECLARE sym_k0247 8 0
REFERENCE sym_k0001 0
REFERENCE sym_k0000 0
DECLARE sym_k0188 9 0
REFERENCE sym_k0000 0
REFERENCE sym_k0001 0
REFERENCE sym_k0019 0
REFERENCE sym_k0030 0
REFERENCE sym_k0023 0
REFERENCE sym_k0002 0
REFERENCE sym_k0000 0
REFERENCE sym_k0003 0
REFERENCE sym_k0001 0
REFERENCE sym_k0014 0
DECLARE sym_k0112 8 0
REFERENCE sym_k0000 0
REFERENCE sym_k0000 0
REFERENCE sym_k0001 0
DECLARE sym_k0097 8 0
REFERENCE sym_k0000 0
REFERENCE sym_k0001 0
REFERENCE sym_k0022 0
REFERENCE sym_k0004 0
REFERENCE sym_k0001 0
REFERENCE sym_k0002 0
REFERENCE sym_k0000 0
REFERENCE sym_k0000 0
REFERENCE sym_k0000 0
REFERENCE sym_k0000 0
REFERENCE missing_3794 0
REFERENCE sym_k0002 0
REFERENCE sym_k0043 0
REFERENCE sym_k0043 0
REFERENCE sym_k0006 0
REFERENCE sym_k0000 0
REFERENCE sym_k0001 0
REFERENCE sym_k0047 0
REFERENCE sym_k0007 0
REFERENCE sym_k0002 0
REFERENCE sym_k0000 0
REFERENCE sym_k0004 0
REFERENCE sym_k0007 0
DECLARE sym_k0077 3 0
REFERENCE sym_k0001 0
REFERENCE sym_k0004 0
REFERENCE sym_k0025 0
REFERENCE missing_2772 0
REFERENCE sym_k0032 0
REFERENCE sym_k0029 0
REFERENCE missing_6033 0
REFERENCE sym_k0021 0
REFERENCE sym_k0000 0
REFERENCE sym_k0022 0
REFERENCE sym_k0001 0
REFERENCE sym_k0026 0
REFERENCE missing_7882 0
REFERENCE missing_5700 0
REFERENCE sym_k0001 0
REFERENCE sym_k0001 0
REFERENCE sym_k0000 0
REFERENCE sym_k0030 0
REFERENCE sym_k0006 0
REFERENCE sym_k0001 0
REFERENCE sym_k0002 0
REFERENCE sym_k0001 0
REFERENCE sym_k0012 0
REFERENCE sym_k0005 0
REFERENCE sym_k0023 0
DECLARE sym_k0105 1 0
REFERENCE sym_k0007 0
REFERENCE sym_k0000 0
REFERENCE sym_k0001 0
REFERENCE missing_7677 0
REFERENCE sym_k0001 0
REFERENCE sym_k0009 0
REFERENCE missing_5706 0
REFERENCE sym_k0000 0
REFERENCE sym_k0000 0
REFERENCE sym_k0004 0
REFERENCE sym_k0000 0
REFERENCE sym_k0001 0
REFERENCE sym_k0001 0
REFERENCE sym_k0177 0
REFERENCE sym_k0000 0
REFERENCE sym_k0019 0
DECLARE sym_k0054 10 0
REFERENCE sym_k0000 0
REFERENCE missing_7273 0
REFERENCE sym_k0013 0
REFERENCE sym_k0005 0
REFERENCE sym_k0007 0
REFERENCE missing_4556 0
REFERENCE sym_k0001 0
REFERENCE sym_k0018 0
REFERENCE sym_k0000 0
REFERENCE missing_7527 0
DECLARE sym_k0062 3 0
DECLARE sym_k0096 7 0
REFERENCE sym_k0000 0
REFERENCE sym_k0002 0
REFERENCE sym_k0000 0
REFERENCE sym_k0016 0
REFERENCE sym_k0030 0
REFERENCE sym_k0001 0
REFERENCE sym_k0001 0
REFERENCE sym_k0001 0
REFERENCE sym_k0026 0
REFERENCE sym_k0054 0
REFERENCE sym_k0003 0
REFERENCE sym_k0006 0
REFERENCE sym_k0002 0
REFERENCE sym_k0026 0
DECLARE sym_k0178 14 0
REFERENCE sym_k0026 0
REFERENCE sym_k0001 0
REFERENCE sym_k0019 0
REFERENCE sym_k0000 0
REFERENCE sym_k0022 0
REFERENCE sym_k0020 0
REFERENCE sym_k0002 0
REFERENCE sym_k0012 0
REFERENCE sym_k0004 0
REFERENCE sym_k0016 0
REFERENCE sym_k0008 0
REFERENCE sym_k0000 0
REFERENCE missing_3748 0
REFERENCE sym_k0059 0
REFERENCE sym_k0007 0
REFERENCE sym_k0018 0
REFERENCE sym_k0000 0
REFERENCE sym_k0032 0
REFERENCE sym_k0001 0
REFERENCE sym_k0011 0
REFERENCE sym_k0001 0
REFERENCE sym_k0006 0
REFERENCE sym_k0002 0
REFERENCE sym_k0036 0
REFERENCE sym_k0036 0
REFERENCE sym_k0002 0
REFERENCE sym_k0000 0
REFERENCE sym_k0001 0
REFERENCE missing_2846 0
REFERENCE sym_k0004 0
REFERENCE sym_k0005 0
REFERENCE sym_k0000 0
REFERENCE sym_k0000 0
REFERENCE sym_k0000 0
REFERENCE missing_8429 0
REFERENCE sym_k0003 0
REFERENCE sym_k0000 0
REFERENCE sym_k0000 0
REFERENCE sym_k0004 0
REFERENCE sym_k0009 0
REFERENCE sym_k0014 0
REFERENCE sym_k0007 0
DECLARE sym_k0120 1 0
REFERENCE sym_k0002 0
REFERENCE sym_k0004 0
REFERENCE sym_k0000 0
DECLARE sym_k0192 13 0
REFERENCE sym_k0004 0
REFERENCE sym_k0043 0
REFERENCE missing_7803 0
REFERENCE sym_k0171 0
REFERENCE sym_k0002 0
REFERENCE sym_k0046 0
REFERENCE sym_k0015 0
REFERENCE sym_k0011 0
REFERENCE sym_k0006 0
REFERENCE sym_k0001 0
DECLARE sym_k0091 2 0
REFERENCE sym_k0007 0
REFERENCE missing_8829 0
DECLARE sym_k0093 4 0
REFERENCE sym_k0000 0
REFERENCE sym_k0013 0
REFERENCE sym_k0188 0
REFERENCE sym_k0001 0
REFERENCE sym_k0000 0
REFERENCE missing_4405 0
REFERENCE sym_k0025 0
REFERENCE sym_k0000 0
REFERENCE missing_4127 0
REFERENCE sym_k0022 0
REFERENCE sym_k0003 0
REFERENCE sym_k0041 0
REFERENCE sym_k0029 0
DECLARE sym_k0275 6 0
REFERENCE sym_k0000 0
REFERENCE sym_k0026 0
REFERENCE missing_4786 0
REFERENCE sym_k0007 0
REFERENCE sym_k0000 0
REFERENCE sym_k0018 0
REFERENCE sym_k0000 0
REFERENCE sym_k0008 0
REFERENCE sym_k0001 0
REFERENCE sym_k0030 0
REFERENCE sym_k0001 0
REFERENCE sym_k0003 0
REFERENCE sym_k0006 0
REFERENCE sym_k0004 0
REFERENCE sym_k0003 0
REFERENCE sym_k0000 0
DECLARE sym_k0185 6 0
REFERENCE sym_k0039 0
REFERENCE sym_k0000 0
REFERENCE sym_k0001 0
REFERENCE sym_k0013 0
REFERENCE sym_k0012 0
DECLARE sym_k0224 15 0
REFERENCE sym_k0001 0
REFERENCE sym_k0020 0
REFERENCE sym_k0010 0
REFERENCE sym_k0001 0
REFERENCE sym_k0000 0
REFERENCE sym_k0013 0
REFERENCE sym_k0011 0
REFERENCE sym_k0000 0
REFERENCE sym_k0006 0
DECLARE sym_k0099 10 0
REFERENCE sym_k0046 0
REFERENCE sym_k0003 0
REFERENCE sym_k0000 0
REFERENCE missing_7652 0
REFERENCE sym_k0171 0
REFERENCE sym_k0000 0
REFERENCE sym_k0000 0
REFERENCE sym_k0013 0
REFERENCE sym_k0028 0
DECLARE sym_k0052 8 0
REFERENCE sym_k0000 0
DECLARE sym_k0111 7 0
DECLARE sym_k0109 5 0
REFERENCE sym_k0001 0
REFERENCE sym_k0008 0
REFERENCE sym_k0034 0
REFERENCE sym_k0018 0
REFERENCE missing_4762 0
REFERENCE sym_k0000 0
REFERENCE missing_4077 0
REFERENCE sym_k0009 0
REFERENCE sym_k0029 0
REFERENCE sym_k0008 0
REFERENCE sym_k0000 0
REFERENCE sym_k0000 0
REFERENCE missing_9669 0
REFERENCE sym_k0000 0
REFERENCE sym_k0012 0
REFERENCE sym_k0004 0
REFERENCE sym_k0001 0
REFERENCE sym_k0002 0
REFERENCE sym_k0017 0
REFERENCE sym_k0001 0
REFERENCE sym_k0026 0
REFERENCE sym_k0041 0
REFERENCE sym_k0000 0
REFERENCE sym_k0054 0
REFERENCE sym_k0097 0
REFERENCE sym_k0003 0
REFERENCE sym_k0002 0
REFERENCE sym_k0028 0
REFERENCE sym_k0000 0
REFERENCE sym_k0000 0
REFERENCE missing_5790 0
REFERENCE sym_k0003 0
REFERENCE missing_6424 0
REFERENCE sym_k0002 0
REFERENCE sym_k0000 0
REFERENCE sym_k0000 0
REFERENCE sym_k0003 0
REFERENCE sym_k0030 0
REFERENCE sym_k0030 0
REFERENCE sym_k0011 0
REFERENCE sym_k0000 0
REFERENCE sym_k0011 0
REFERENCE sym_k0000 0
REFERENCE sym_k0014 0
REFERENCE sym_k0008 0
REFERENCE sym_k0000 0
REFERENCE missing_1391 0
REFERENCE sym_k0008 0
REFERENCE sym_k0012 0
REFERENCE sym_k0052 0
REFERENCE sym_k0000 0
DECLARE sym_k0187 8 0
REFERENCE sym_k0001 0
REFERENCE missing_2677 0
REFERENCE sym_k0009 0
REFERENCE sym_k0006 0
REFERENCE sym_k0000 0
REFERENCE sym_k0000 0
REFERENCE sym_k0000 0
REFERENCE sym_k0000 0
REFERENCE sym_k0000 0
REFERENCE missing_2802 0
REFERENCE sym_k0001 0
REFERENCE sym_k0013 0
REFERENCE sym_k0002 0
REFERENCE missing_9431 0
REFERENCE sym_k0000 0
REFERENCE sym_k0000 0
REFERENCE sym_k0187 0
REFERENCE sym_k0000 0
REFERENCE sym_k0023 0
REFERENCE missing_1645 0
REFERENCE sym_k0002 0
REFERENCE sym_k0011 0
REFERENCE sym_k0001 0
REFERENCE sym_k0000 0
REFERENCE sym_k0000 0
REFERENCE sym_k0024 0
REFERENCE sym_k0000 0
REFERENCE sym_k0000 0
REFERENCE sym_k0000 0
REFERENCE sym_k0003 0
REFERENCE sym_k0000 0
REFERENCE sym_k0093 0
REFERENCE sym_k0000 0
REFERENCE sym_k0012 0
REFERENCE sym_k0000 0
REFERENCE sym_k0014 0
REFERENCE sym_k0019 0
REFERENCE sym_k0001 0
REFERENCE sym_k0001 0
REFERENCE sym_k0019 0
REFERENCE sym_k0062 0
REFERENCE sym_k0007 0
DECLARE sym_k0230 6 0
REFERENCE sym_k0000 0
REFERENCE sym_k0028 0
REFERENCE sym_k0000 0
REFERENCE sym_k0001 0
REFERENCE sym_k0000 0
REFERENCE sym_k0000 0
REFERENCE sym_k0013 0
REFERENCE sym_k0026 0
REFERENCE sym_k0007 0
REFERENCE sym_k0000 0
REFERENCE sym_k0030 0
REFERENCE sym_k0052 0
REFERENCE sym_k0000 0
REFERENCE sym_k0003 0
REFERENCE sym_k0018 0
REFERENCE missing_5336 0
REFERENCE sym_k0000 0
REFERENCE sym_k0000 0
REFERENCE sym_k0000 0
REFERENCE sym_k0000 0
DECLARE sym_k0299 15 0
REFERENCE sym_k0008 0
REFERENCE sym_k0006 0
REFERENCE sym_k0005 0
REFERENCE sym_k0000 0
REFERENCE sym_k0000 0
REFERENCE sym_k0059 0
REFERENCE sym_k0001 0
REFERENCE sym_k0005 0
REFERENCE sym_k0000 0
REFERENCE missing_3769 0
REFERENCE sym_k0028 0
REFERENCE sym_k0105 0
REFERENCE sym_k0037 0
REFERENCE sym_k0002 0
REFERENCE sym_k0034 0
REFERENCE sym_k0037 0
REFERENCE sym_k0006 0
REFERENCE sym_k0002 0
REFERENCE missing_1373 0
REFERENCE missing_9734 0
REFERENCE sym_k0013 0
REFERENCE sym_k0004 0
REFERENCE sym_k0008 0
REFERENCE sym_k0002 0
REFERENCE sym_k0000 0
REFERENCE sym_k0001 0
REFERENCE missing_4914 0
REFERENCE sym_k0003 0
REFERENCE sym_k0021 0
REFERENCE missing_6759 0
REFERENCE sym_k0002 0
REFERENCE sym_k0037 0
REFERENCE sym_k0001 0
REFERENCE sym_k0001 0
REFERENCE sym_k0021 0
REFERENCE sym_k0011 0
REFERENCE sym_k0009 0
REFERENCE sym_k0001 0
REFERENCE sym_k0001 0
REFERENCE sym_k0000 0
REFERENCE sym_k0028 0
REFERENCE sym_k0001 0
REFERENCE sym_k0001 0
REFERENCE sym_k0002 0
REFERENCE sym_k0000 0
REFERENCE sym_k0002 0
DECLARE sym_k0125 6 0
DECLARE sym_k0070 11 0
REFERENCE sym_k0003 0
REFERENCE sym_k0155 0
REFERENCE sym_k0030 0
REFERENCE sym_k0020 0
REFERENCE sym_k0032 0
REFERENCE sym_k0014 0
REFERENCE sym_k0004 0
REFERENCE sym_k0014 0
REFERENCE sym_k0001 0
REFERENCE sym_k0000 0
REFERENCE sym_k0001 0
REFERENCE sym_k0012 0
REFERENCE sym_k0006 0
REFERENCE sym_k0006 0
REFERENCE sym_k0003 0
REFERENCE sym_k0006 0
REFERENCE sym_k0001 0
REFERENCE sym_k0014 0
REFERENCE sym_k0000 0
REFERENCE sym_k0000 0
REFERENCE sym_k0005 0
REFERENCE sym_k0046 0
REFERENCE sym_k0038 0
REFERENCE sym_k0000 0
REFERENCE sym_k0004 0
REFERENCE sym_k0002 0
REFERENCE sym_k0006 0
REFERENCE sym_k0000 0
REFERENCE sym_k0020 0
DECLARE sym_k0080 6 0
REFERENCE sym_k0000 0
REFERENCE sym_k0009 0
REFERENCE sym_k0000 0
REFERENCE sym_k0003 0
REFERENCE sym_k0000 0
REFERENCE sym_k0001 0
REFERENCE missing_8499 0
REFERENCE missing_9432 0
REFERENCE sym_k0008 0
REFERENCE sym_k0031 0
REFERENCE sym_k0045 0
DECLARE sym_k0056 12 0
REFERENCE sym_k0000 0
REFERENCE sym_k0001 0
REFERENCE sym_k0000 0
REFERENCE sym_k0007 0
REFERENCE sym_k0000 0
REFERENCE sym_k0000 0
REFERENCE sym_k0033 0
REFERENCE sym_k0018 0
REFERENCE sym_k0000 0
REFERENCE missing_1248 0
REFERENCE sym_k0017 0
DECLARE sym_k0254 15 0
DECLARE sym_k0249 10 0
REFERENCE sym_k0000 0
REFERENCE sym_k0002 0
DECLARE sym_k0060 1 0
REFERENCE sym_k0000 0
REFERENCE sym_k0022 0
REFERENCE sym_k0001 0
REFERENCE sym_k0001 0
REFERENCE sym_k0004 0
REFERENCE sym_k0002 0
REFERENCE sym_k0000 0
REFERENCE sym_k0000 0
REFERENCE sym_k0010 0
REFERENCE sym_k0004 0
REFERENCE sym_k0003 0
REFERENCE sym_k0000 0
REFERENCE sym_k0001 0
REFERENCE sym_k0000 0
REFERENCE sym_k0002 0
REFERENCE sym_k0001 0
REFERENCE sym_k0021 0
REFERENCE sym_k0005 0
REFERENCE sym_k0000 0
REFERENCE sym_k0023 0
REFERENCE sym_k0000 0
REFERENCE sym_k0169 0
REFERENCE sym_k0006 0
REFERENCE sym_k0125 0
REFERENCE sym_k0000 0
REFERENCE sym_k0001 0
REFERENCE sym_k0000 0
REFERENCE sym_k0016 0
REFERENCE sym_k0000 0
REFERENCE sym_k0002 0
REFERENCE sym_k0003 0
REFERENCE sym_k0007 0
REFERENCE sym_k0000 0
REFERENCE missing_4948 0
REFERENCE sym_k0048 0
REFERENCE sym_k0003 0
REFERENCE sym_k0026 0
REFERENCE sym_k0033 0
DECLARE sym_k0076 2 0
REFERENCE sym_k0002 0
DECLARE sym_k0090 1 0
REFERENCE sym_k0000 0
REFERENCE sym_k0002 0
DECLARE sym_k0143 9 0
REFERENCE sym_k0022 0
REFERENCE sym_k0002 0
REFERENCE sym_k0002 0
REFERENCE sym_k0008 0
REFERENCE sym_k0046 0
REFERENCE sym_k0002 0
REFERENCE sym_k0000 0
REFERENCE sym_k0000 0
REFERENCE sym_k0006 0
REFERENCE sym_k0003 0
REFERENCE sym_k0001 0
REFERENCE sym_k0000 0
REFERENCE sym_k0016 0
REFERENCE sym_k0000 0
REFERENCE sym_k0000 0
REFERENCE sym_k0000 0
REFERENCE sym_k0000 0
REFERENCE sym_k0002 0
REFERENCE sym_k0000 0
REFERENCE sym_k0000 0
REFERENCE sym_k0001 0
REFERENCE sym_k0000 0
REFERENCE sym_k0001 0
REFERENCE sym_k0001 0
REFERENCE sym_k0002 0
REFERENCE missing_7955 0
REFERENCE sym_k0005 0
REFERENCE sym_k0000 0
REFERENCE sym_k0015 0
REFERENCE sym_k0002 0
REFERENCE sym_k0001 0
DECLARE sym_k0085 11 0
REFERENCE sym_k0001 0
REFERENCE sym_k0003 0
REFERENCE sym_k0000 0
REFERENCE sym_k0000 0
REFERENCE sym_k0000 0
REFERENCE sym_k0060 0
REFERENCE sym_k0001 0
REFERENCE sym_k0001 0
REFERENCE sym_k0000 0
REFERENCE sym_k0000 0
REFERENCE sym_k0006 0
REFERENCE sym_k0004 0
REFERENCE sym_k0178 0
DECLARE sym_k0297 13 0
REFERENCE sym_k0002 0
REFERENCE sym_k0000 0
REFERENCE sym_k0001 0
REFERENCE sym_k0000 0
REFERENCE sym_k0000 0
REFERENCE sym_k0008 0
REFERENCE sym_k0036 0
REFERENCE sym_k0001 0
REFERENCE sym_k0000 0
DECLARE sym_k0279 10 0
REFERENCE sym_k0111 0
REFERENCE sym_k0000 0
REFERENCE sym_k0045 0
REFERENCE sym_k0025 0
REFERENCE sym_k0000 0
REFERENCE sym_k0000 0
REFERENCE sym_k0000 0
REFERENCE sym_k0054 0
REFERENCE sym_k0031 0
REFERENCE sym_k0019 0
REFERENCE sym_k0016 0
REFERENCE sym_k0000 0
REFERENCE sym_k0016 0
REFERENCE sym_k0037 0
REFERENCE sym_k0020 0
REFERENCE sym_k0010 0
REFERENCE sym_k0001 0
DECLARE sym_k0151 2 0
REFERENCE sym_k0004 0
DECLARE sym_k0209 15 0
REFERENCE sym_k0000 0
REFERENCE sym_k0033 0
DECLARE sym_k0118 14 0
REFERENCE sym_k0000 0
REFERENCE missing_1956 0
REFERENCE sym_k0016 0
REFERENCE sym_k0000 0
REFERENCE sym_k0002 0
REFERENCE sym_k0049 0
REFERENCE sym_k0039 0
REFERENCE sym_k0028 0
REFERENCE sym_k0001 0
REFERENCE sym_k0006 0
REFERENCE sym_k0047 0
REFERENCE sym_k0014 0
REFERENCE sym_k0000 0
REFERENCE sym_k0014 0
REFERENCE sym_k0005 0
REFERENCE sym_k0000 0
REFERENCE sym_k0003 0
REFERENCE sym_k0022 0
REFERENCE sym_k0004 0
REFERENCE sym_k0002 0
REFERENCE sym_k0008 0
REFERENCE sym_k0003 0
REFERENCE sym_k0000 0
REFERENCE missing_5252 0
REFERENCE sym_k0000 0
REFERENCE sym_k0002 0
REFERENCE sym_k0004 0
REFERENCE sym_k0003 0
REFERENCE sym_k0001 0
REFERENCE missing_5712 0
REFERENCE sym_k0030 0
REFERENCE sym_k0021 0
REFERENCE sym_k0177 0
REFERENCE sym_k0002 0
REFERENCE sym_k0003 0
REFERENCE missing_1589 0
REFERENCE sym_k0001 0
DECLARE sym_k0087 13 0
REFERENCE sym_k0000 0
REFERENCE sym_k0005 0
REFERENCE sym_k0010 0
REFERENCE sym_k0000 0
REFERENCE sym_k0000 0
REFERENCE sym_k0297 0
REFERENCE sym_k0000 0
REFERENCE sym_k0000 0
REFERENCE sym_k0006 0
REFERENCE sym_k0002 0
REFERENCE missing_9085 0
REFERENCE sym_k0000 0
REFERENCE sym_k0003 0
REFERENCE sym_k0013 0
REFERENCE sym_k0001 0
REFERENCE sym_k0004 0
REFERENCE sym_k0000 0
REFERENCE sym_k0025 0
REFERENCE missing_2269 0
REFERENCE sym_k0000 0
REFERENCE sym_k0001 0
REFERENCE sym_k0012 0
REFERENCE sym_k0001 0
REFERENCE sym_k0005 0
REFERENCE sym_k0048 0
REFERENCE sym_k0000 0
REFERENCE sym_k0008 0
REFERENCE sym_k0000 0
REFERENCE sym_k0001 0
REFERENCE sym_k0188 0
REFERENCE missing_6124 0
REFERENCE sym_k0000 0
REFERENCE sym_k0001 0
REFERENCE sym_k0035 0
REFERENCE sym_k0000 0
REFERENCE sym_k0049 0
REFERENCE sym_k0019 0
REFERENCE sym_k0000 0
REFERENCE sym_k0001 0
REFERENCE sym_k0001 0
REFERENCE sym_k0000 0
REFERENCE sym_k0001 0
REFERENCE sym_k0000 0
REFERENCE sym_k0004 0
REFERENCE sym_k0029 0
REFERENCE sym_k0000 0
REFERENCE sym_k0014 0
REFERENCE missing_6421 0
REFERENCE missing_7575 0
REFERENCE sym_k0003 0
REFERENCE sym_k0003 0
REFERENCE sym_k0001 0
REFERENCE sym_k0009 0
REFERENCE sym_k0002 0
REFERENCE sym_k0019 0
REFERENCE missing_5760 0
DECLARE sym_k0058 14 0
REFERENCE sym_k0007 0
REFERENCE sym_k0006 0
REFERENCE sym_k0039 0
REFERENCE sym_k0003 0
REFERENCE sym_k0001 0
REFERENCE sym_k0000 0
REFERENCE sym_k0029 0
REFERENCE sym_k0002 0
REFERENCE sym_k0000 0
REFERENCE sym_k0002 0
REFERENCE missing_8551 0
REFERENCE sym_k0014 0
REFERENCE sym_k0001 0
REFERENCE sym_k0001 0
REFERENCE sym_k0007 0
REFERENCE missing_3186 0
REFERENCE sym_k0013 0
REFERENCE sym_k0045 0
REFERENCE missing_4440 0
REFERENCE sym_k0000 0
REFERENCE sym_k0007 0
REFERENCE sym_k0000 0
REFERENCE sym_k0037 0
REFERENCE sym_k0004 0
REFERENCE missing_4993 0
REFERENCE sym_k0002 0
REFERENCE sym_k0000 0
REFERENCE sym_k0000 0
REFERENCE sym_k0001 0
REFERENCE missing_3176 0
REFERENCE sym_k0006 0
REFERENCE sym_k0002 0
REFERENCE sym_k0001 0
REFERENCE sym_k0009 0
REFERENCE sym_k0000 0
DECLARE sym_k0286 2 0
REFERENCE sym_k0004 0
REFERENCE sym_k0033 0
REFERENCE sym_k0006 0
REFERENCE sym_k0000 0
REFERENCE sym_k0000 0
REFERENCE sym_k0004 0
REFERENCE sym_k0011 0
REFERENCE sym_k0001 0
REFERENCE sym_k0001 0
REFERENCE sym_k0025 0
REFERENCE sym_k0018 0
DECLARE sym_k0117 13 0
REFERENCE sym_k0001 0
REFERENCE sym_k0030 0
REFERENCE sym_k0000 0
REFERENCE sym_k0028 0
REFERENCE sym_k0023 0
REFERENCE sym_k0000 0
REFERENCE sym_k0007 0
REFERENCE sym_k0002 0
REFERENCE sym_k0000 0
REFERENCE sym_k0000 0
REFERENCE sym_k0000 0
REFERENCE sym_k0019 0
REFERENCE sym_k0000 0
REFERENCE sym_k0004 0
REFERENCE sym_k0008 0
REFERENCE sym_k0054 0
REFERENCE sym_k0008 0
REFERENCE sym_k0001 0
REFERENCE sym_k0005 0
REFERENCE missing_6665 0
REFERENCE missing_2307 0
REFERENCE sym_k0000 0
REFERENCE missing_8156 0
REFERENCE sym_k0001 0
REFERENCE sym_k0000 0
REFERENCE sym_k0000 0
REFERENCE sym_k0000 0
REFERENCE sym_k0007 0
REFERENCE sym_k0017 0
REFERENCE sym_k0001 0
REFERENCE sym_k0000 0
REFERENCE sym_k0005 0
REFERENCE sym_k0007 0
REFERENCE sym_k0000 0
REFERENCE missing_2995 0
REFERENCE sym_k0000 0
REFERENCE missing_5574 0
REFERENCE sym_k0105 0
DECLARE sym_k0240 1 0
REFERENCE sym_k0002 0
REFERENCE sym_k0003 0
REFERENCE sym_k0000 0
REFERENCE sym_k0000 0
REFERENCE sym_k0002 0
REFERENCE sym_k0001 0
REFERENCE sym_k0002 0
REFERENCE sym_k0143 0
REFERENCE sym_k0001 0
REFERENCE sym_k0004 0
REFERENCE sym_k0043 0
REFERENCE sym_k0000 0
REFERENCE sym_k0000 0
REFERENCE missing_1833 0
REFERENCE sym_k0009 0
REFERENCE sym_k0000 0
REFERENCE sym_k0009 0
REFERENCE sym_k0001 0
REFERENCE sym_k0096 0
REFERENCE sym_k0118 0
REFERENCE sym_k0001 0
REFERENCE sym_k0003 0
REFERENCE sym_k0001 0
REFERENCE sym_k0000 0
REFERENCE sym_k0020 0
REFERENCE missing_1302 0
REFERENCE sym_k0033 0
REFERENCE sym_k0000 0
REFERENCE sym_k0001 0
REFERENCE sym_k0006 0
REFERENCE sym_k0011 0
REFERENCE sym_k0000 0
REFERENCE sym_k0013 0
REFERENCE sym_k0000 0
REFERENCE sym_k0000 0
REFERENCE sym_k0006 0
REFERENCE missing_3113 0
REFERENCE sym_k0000 0
DECLARE sym_k0083 9 0
REFERENCE missing_6765 0
REFERENCE sym_k0000 0
REFERENCE sym_k0070 0
REFERENCE sym_k0011 0
DECLARE sym_k0135 1 0
REFERENCE sym_k0009 0
REFERENCE sym_k0002 0
REFERENCE missing_3393 0
REFERENCE sym_k0002 0
REFERENCE sym_k0037 0
REFERENCE sym_k0010 0
REFERENCE sym_k0005 0
REFERENCE sym_k0020 0
REFERENCE sym_k0034 0
REFERENCE sym_k0000 0
REFERENCE sym_k0001 0
REFERENCE sym_k0054 0
REFERENCE sym_k0022 0
REFERENCE sym_k0007 0
REFERENCE sym_k0039 0
REFERENCE sym_k0000 0
REFERENCE sym_k0021 0
REFERENCE sym_k0001 0
DECLARE sym_k0050 6 0
REFERENCE sym_k0004 0
REFERENCE sym_k0003 0
REFERENCE sym_k0005 0
REFERENCE sym_k0001 0
REFERENCE sym_k0001 0
REFERENCE sym_k0000 0
REFERENCE sym_k0001 0
REFERENCE sym_k0000 0
REFERENCE sym_k0001 0
REFERENCE sym_k0001 0
REFERENCE sym_k0000 0
REFERENCE sym_k0000 0
REFERENCE sym_k0004 0
REFERENCE sym_k0000 0
REFERENCE sym_k0000 0
DECLARE sym_k0107 3 0
REFERENCE sym_k0002 0
REFERENCE sym_k0001 0
REFERENCE sym_k0013 0
REFERENCE sym_k0035 0
REFERENCE sym_k0033 0
REFERENCE sym_k0001 0
REFERENCE sym_k0002 0
REFERENCE sym_k0012 0
REFERENCE sym_k0062 0
REFERENCE sym_k0000 0
REFERENCE missing_9878 0
REFERENCE sym_k0012 0
REFERENCE sym_k0240 0
REFERENCE sym_k0001 0
REFERENCE sym_k0029 0
REFERENCE sym_k0000 0
REFERENCE sym_k0014 0
REFERENCE sym_k0021 0
REFERENCE sym_k0007 0
REFERENCE sym_k0004 0
REFERENCE sym_k0005 0
EXIT_SCOPE 0
