# ColliScope Frequency-Matched Synthetic Trace
# Parameters: seed=79, zipf_s=1.244, scope=flat, type=declaration-heavy, load_factor=0.7
ENTER_SCOPE 0
DECLARE sym_k0000 1 0
DECLARE sym_k0001 2 0
DECLARE sym_k0002 3 0
DECLARE sym_k0003 4 0
DECLARE sym_k0004 5 0
DECLARE sym_k0005 6 0
DECLARE sym_k0006 7 0
DECLARE sym_k0007 8 0
DECLARE sym_k0008 9 0
DECLARE sym_k0009 10 0
DECLARE sym_k0010 1 0
DECLARE sym_k0011 2 0
DECLARE sym_k0012 3 0
DECLARE sym_k0013 4 0
DECLARE sym_k0014 5 0
DECLARE sym_k0015 6 0
DECLARE sym_k0016 7 0
DECLARE sym_k0017 8 0
DECLARE sym_k0018 9 0
DECLARE sym_k0019 10 0
DECLARE sym_k0020 1 0
DECLARE sym_k0021 2 0
DECLARE sym_k0022 3 0
DECLARE sym_k0023 4 0
DECLARE sym_k0024 5 0
DECLARE sym_k0025 6 0
DECLARE sym_k0026 7 0
DECLARE sym_k0027 8 0
DECLARE sym_k0028 9 0
DECLARE sym_k0029 10 0
DECLARE sym_k0030 1 0
DECLARE sym_k0031 2 0
DECLARE sym_k0032 3 0
DECLARE sym_k0033 4 0
DECLARE sym_k0034 5 0
DECLARE sym_k0035 6 0
DECLARE sym_k0036 7 0
DECLARE sym_k0037 8 0
DECLARE sym_k0038 9 0
DECLARE sym_k0039 10 0
DECLARE sym_k0040 1 0
DECLARE sym_k0041 2 0
DECLARE sym_k0042 3 0
DECLARE sym_k0043 4 0
DECLARE sym_k0044 5 0
DECLARE sym_k0045 6 0
DECLARE sym_k0046 7 0
DECLARE sym_k0047 8 0
DECLARE sym_k0048 9 0
DECLARE sym_k0049 10 0
DECLARE sym_k0105 1 0
REFERENCE sym_k0000 0
DECLARE sym_k0109 5 0
REFERENCE sym_k0000 0
REFERENCE sym_k0000 0
REFERENCE sym_k0000 0
REFERENCE sym_k0003 0
REFERENCE sym_k0001 0
REFERENCE sym_k0000 0
REFERENCE sym_k0008 0
REFERENCE sym_k0004 0
REFERENCE sym_k0008 0
REFERENCE sym_k0000 0
REFERENCE sym_k0000 0
REFERENCE missing_6437 0
REFERENCE sym_k0022 0
REFERENCE sym_k0000 0
DECLARE sym_k0065 6 0
REFERENCE sym_k0044 0
REFERENCE sym_k0001 0
DECLARE sym_k0140 6 0
REFERENCE sym_k0021 0
REFERENCE sym_k0000 0
REFERENCE sym_k0010 0
DECLARE sym_k0112 8 0
REFERENCE sym_k0000 0
REFERENCE sym_k0003 0
DECLARE sym_k0198 4 0
REFERENCE sym_k0020 0
REFERENCE missing_4409 0
REFERENCE sym_k0000 0
REFERENCE sym_k0006 0
REFERENCE missing_3586 0
REFERENCE sym_k0048 0
DECLARE sym_k0083 9 0
DECLARE sym_k0082 8 0
REFERENCE sym_k0027 0
DECLARE sym_k0125 6 0
REFERENCE sym_k0006 0
REFERENCE sym_k0000 0
REFERENCE sym_k0010 0
REFERENCE missing_4766 0
REFERENCE sym_k0000 0
REFERENCE sym_k0005 0
DECLARE sym_k0050 6 0
REFERENCE sym_k0004 0
DECLARE sym_k0291 7 0
REFERENCE sym_k0021 0
REFERENCE missing_2447 0
REFERENCE sym_k0000 0
REFERENCE sym_k0001 0
REFERENCE sym_k0036 0
REFERENCE sym_k0002 0
REFERENCE sym_k0005 0
REFERENCE sym_k0000 0
REFERENCE sym_k0042 0
REFERENCE sym_k0003 0
REFERENCE sym_k0000 0
REFERENCE sym_k0007 0
REFERENCE sym_k0006 0
REFERENCE sym_k0000 0
REFERENCE sym_k0198 0
REFERENCE sym_k0035 0
REFERENCE sym_k0007 0
REFERENCE sym_k0034 0
REFERENCE sym_k0007 0
REFERENCE sym_k0003 0
REFERENCE sym_k0038 0
REFERENCE sym_k0000 0
REFERENCE sym_k0050 0
REFERENCE sym_k0000 0
REFERENCE sym_k0001 0
REFERENCE sym_k0000 0
REFERENCE sym_k0004 0
REFERENCE sym_k0001 0
DECLARE sym_k0216 7 0
REFERENCE sym_k0000 0
DECLARE sym_k0142 8 0
REFERENCE sym_k0000 0
REFERENCE sym_k0000 0
REFERENCE sym_k0011 0
REFERENCE sym_k0001 0
REFERENCE sym_k0037 0
REFERENCE sym_k0006 0
REFERENCE sym_k0000 0
REFERENCE sym_k0000 0
REFERENCE sym_k0006 0
REFERENCE sym_k0001 0
REFERENCE missing_8608 0
REFERENCE sym_k0000 0
REFERENCE sym_k0001 0
REFERENCE sym_k0006 0
REFERENCE sym_k0022 0
REFERENCE sym_k0083 0
REFERENCE sym_k0008 0
DECLARE sym_k0067 8 0
REFERENCE sym_k0003 0
REFERENCE sym_k0002 0
REFERENCE sym_k0033 0
REFERENCE sym_k0002 0
REFERENCE sym_k0000 0
REFERENCE sym_k0000 0
REFERENCE sym_k0003 0
REFERENCE sym_k0042 0
REFERENCE sym_k0000 0
REFERENCE sym_k0000 0
REFERENCE sym_k0000 0
REFERENCE sym_k0001 0
REFERENCE sym_k0105 0
REFERENCE sym_k0000 0
REFERENCE sym_k0005 0
REFERENCE sym_k0008 0
REFERENCE sym_k0000 0
REFERENCE sym_k0001 0
REFERENCE sym_k0000 0
REFERENCE sym_k0002 0
REFERENCE sym_k0001 0
REFERENCE sym_k0001 0
REFERENCE sym_k0020 0
REFERENCE sym_k0014 0
REFERENCE sym_k0020 0
REFERENCE sym_k0001 0
REFERENCE sym_k0000 0
DECLARE sym_k0063 4 0
REFERENCE sym_k0000 0
REFERENCE sym_k0007 0
REFERENCE sym_k0000 0
REFERENCE sym_k0014 0
REFERENCE sym_k0030 0
REFERENCE sym_k0001 0
DECLARE sym_k0240 1 0
REFERENCE sym_k0012 0
REFERENCE sym_k0002 0
DECLARE sym_k0162 13 0
REFERENCE sym_k0029 0
REFERENCE sym_k0002 0
REFERENCE sym_k0041 0
REFERENCE sym_k0000 0
REFERENCE sym_k0021 0
REFERENCE sym_k0003 0
REFERENCE sym_k0008 0
REFERENCE sym_k0030 0
REFERENCE sym_k0000 0
REFERENCE sym_k0000 0
REFERENCE sym_k0001 0
REFERENCE sym_k0001 0
REFERENCE missing_7557 0
REFERENCE sym_k0002 0
DECLARE sym_k0051 7 0
REFERENCE sym_k0002 0
REFERENCE sym_k0006 0
REFERENCE sym_k0005 0
REFERENCE sym_k0000 0
REFERENCE sym_k0000 0
REFERENCE sym_k0000 0
DECLARE sym_k0223 14 0
REFERENCE sym_k0051 0
REFERENCE missing_2802 0
REFERENCE sym_k0025 0
REFERENCE sym_k0002 0
REFERENCE sym_k0000 0
REFERENCE sym_k0000 0
REFERENCE sym_k0035 0
REFERENCE sym_k0003 0
REFERENCE sym_k0000 0
REFERENCE sym_k0005 0
REFERENCE sym_k0006 0
REFERENCE sym_k0000 0
REFERENCE sym_k0005 0
REFERENCE sym_k0006 0
REFERENCE sym_k0028 0
REFERENCE sym_k0000 0
REFERENCE sym_k0000 0
REFERENCE sym_k0001 0
REFERENCE sym_k0005 0
REFERENCE sym_k0000 0
DECLARE sym_k0184 5 0
REFERENCE sym_k0003 0
REFERENCE sym_k0006 0
REFERENCE sym_k0000 0
REFERENCE sym_k0003 0
REFERENCE sym_k0000 0
REFERENCE sym_k0023 0
REFERENCE sym_k0020 0
REFERENCE sym_k0000 0
REFERENCE sym_k0003 0
REFERENCE sym_k0000 0
REFERENCE sym_k0025 0
REFERENCE sym_k0018 0
REFERENCE sym_k0003 0
REFERENCE sym_k0000 0
REFERENCE sym_k0009 0
REFERENCE sym_k0005 0
REFERENCE sym_k0001 0
REFERENCE sym_k0001 0
REFERENCE sym_k0000 0
REFERENCE sym_k0000 0
REFERENCE sym_k0006 0
REFERENCE sym_k0006 0
REFERENCE sym_k0030 0
REFERENCE sym_k0007 0
REFERENCE sym_k0001 0
REFERENCE sym_k0009 0
DECLARE sym_k0086 12 0
DECLARE sym_k0172 8 0
REFERENCE sym_k0000 0
REFERENCE sym_k0000 0
REFERENCE missing_2966 0
DECLARE sym_k0087 13 0
REFERENCE sym_k0017 0
DECLARE sym_k0233 9 0
REFERENCE sym_k0002 0
DECLARE sym_k0091 2 0
REFERENCE sym_k0240 0
REFERENCE sym_k0000 0
REFERENCE sym_k0000 0
REFERENCE sym_k0002 0
REFERENCE sym_k0017 0
REFERENCE sym_k0015 0
REFERENCE sym_k0002 0
REFERENCE sym_k0004 0
REFERENCE sym_k0001 0
REFERENCE sym_k0040 0
REFERENCE sym_k0000 0
REFERENCE sym_k0000 0
REFERENCE sym_k0008 0
REFERENCE sym_k0000 0
REFERENCE sym_k0000 0
REFERENCE sym_k0003 0
REFERENCE sym_k0001 0
REFERENCE sym_k0012 0
REFERENCE sym_k0002 0
DECLARE sym_k0072 13 0
REFERENCE sym_k0008 0
REFERENCE sym_k0015 0
REFERENCE sym_k0002 0
REFERENCE sym_k0002 0
REFERENCE sym_k0040 0
REFERENCE sym_k0008 0
REFERENCE sym_k0006 0
REFERENCE sym_k0000 0
REFERENCE sym_k0001 0
REFERENCE sym_k0000 0
REFERENCE sym_k0000 0
REFERENCE sym_k0003 0
REFERENCE sym_k0032 0
REFERENCE sym_k0000 0
REFERENCE sym_k0001 0
REFERENCE sym_k0003 0
REFERENCE sym_k0004 0
REFERENCE sym_k0045 0
REFERENCE sym_k0000 0
REFERENCE sym_k0010 0
REFERENCE sym_k0000 0
DECLARE sym_k0132 13 0
REFERENCE sym_k0000 0
REFERENCE sym_k0003 0
REFERENCE sym_k0000 0
REFERENCE sym_k0001 0
REFERENCE sym_k0015 0
REFERENCE sym_k0000 0
REFERENCE sym_k0006 0
REFERENCE sym_k0003 0
REFERENCE sym_k0014 0
REFERENCE sym_k0002 0
REFERENCE missing_5876 0
REFERENCE sym_k0000 0
REFERENCE sym_k0000 0
REFERENCE sym_k0001 0
REFERENCE sym_k0023 0
REFERENCE sym_k0046 0
REFERENCE sym_k0013 0
REFERENCE sym_k0002 0
REFERENCE sym_k0015 0
REFERENCE sym_k0005 0
DECLARE sym_k0106 2 0
REFERENCE sym_k0024 0
REFERENCE sym_k0018 0
REFERENCE sym_k0012 0
REFERENCE sym_k0022 0
REFERENCE sym_k0001 0
REFERENCE sym_k0013 0
REFERENCE sym_k0000 0
REFERENCE sym_k0065 0
REFERENCE sym_k0001 0
REFERENCE sym_k0000 0
REFERENCE sym_k0000 0
REFERENCE sym_k0000 0
REFERENCE sym_k0001 0
REFERENCE sym_k0002 0
REFERENCE sym_k0012 0
REFERENCE sym_k0000 0
DECLARE sym_k0201 7 0
REFERENCE sym_k0001 0
REFERENCE sym_k0026 0
REFERENCE sym_k0000 0
REFERENCE sym_k0001 0
REFERENCE sym_k0007 0
REFERENCE sym_k0006 0
REFERENCE sym_k0028 0
REFERENCE sym_k0011 0
REFERENCE sym_k0014 0
REFERENCE sym_k0003 0
REFERENCE sym_k0000 0
REFERENCE sym_k0002 0
REFERENCE sym_k0009 0
REFERENCE sym_k0003 0
REFERENCE sym_k0003 0
REFERENCE sym_k0025 0
REFERENCE sym_k0009 0
REFERENCE missing_4932 0
REFERENCE sym_k0006 0
REFERENCE sym_k0007 0
REFERENCE sym_k0043 0
REFERENCE sym_k0067 0
REFERENCE sym_k0063 0
REFERENCE sym_k0000 0
REFERENCE sym_k0020 0
REFERENCE sym_k0002 0
REFERENCE sym_k0002 0
REFERENCE sym_k0091 0
REFERENCE sym_k0000 0
REFERENCE sym_k0010 0
REFERENCE sym_k0031 0
REFERENCE sym_k0002 0
REFERENCE sym_k0003 0
REFERENCE sym_k0002 0
DECLARE sym_k0078 4 0
REFERENCE sym_k0017 0
REFERENCE sym_k0001 0
REFERENCE sym_k0003 0
REFERENCE sym_k0007 0
REFERENCE sym_k0001 0
REFERENCE sym_k0002 0
REFERENCE sym_k0001 0
REFERENCE sym_k0082 0
DECLARE sym_k0107 3 0
REFERENCE sym_k0022 0
REFERENCE sym_k0000 0
REFERENCE sym_k0001 0
REFERENCE sym_k0000 0
REFERENCE sym_k0000 0
REFERENCE sym_k0006 0
REFERENCE sym_k0000 0
REFERENCE sym_k0002 0
REFERENCE sym_k0000 0
DECLARE sym_k0100 11 0
REFERENCE sym_k0000 0
REFERENCE sym_k0000 0
REFERENCE sym_k0001 0
REFERENCE sym_k0005 0
REFERENCE sym_k0000 0
REFERENCE sym_k0000 0
DECLARE sym_k0064 5 0
DECLARE sym_k0188 9 0
REFERENCE sym_k0002 0
REFERENCE sym_k0011 0
REFERENCE sym_k0029 0
DECLARE sym_k0058 14 0
DECLARE sym_k0298 14 0
REFERENCE sym_k0172 0
REFERENCE sym_k0015 0
REFERENCE sym_k0001 0
REFERENCE sym_k0004 0
REFERENCE sym_k0041 0
REFERENCE sym_k0002 0
REFERENCE sym_k0000 0
REFERENCE sym_k0001 0
REFERENCE sym_k0005 0
REFERENCE sym_k0002 0
REFERENCE sym_k0001 0
REFERENCE sym_k0003 0
REFERENCE sym_k0005 0
REFERENCE sym_k0000 0
REFERENCE sym_k0000 0
REFERENCE sym_k0000 0
REFERENCE sym_k0002 0
REFERENCE sym_k0007 0
REFERENCE sym_k0000 0
REFERENCE sym_k0000 0
REFERENCE sym_k0010 0
REFERENCE sym_k0000 0
REFERENCE sym_k0002 0
REFERENCE sym_k0000 0
REFERENCE sym_k0020 0
REFERENCE sym_k0028 0
REFERENCE sym_k0000 0
REFERENCE sym_k0017 0
REFERENCE missing_4073 0
REFERENCE sym_k0020 0
REFERENCE sym_k0009 0
REFERENCE sym_k0000 0
REFERENCE sym_k0009 0
REFERENCE sym_k0005 0
REFERENCE sym_k0000 0
REFERENCE sym_k0000 0
REFERENCE sym_k0030 0
DECLARE sym_k0066 7 0
REFERENCE missing_1800 0
REFERENCE sym_k0012 0
REFERENCE sym_k0003 0
REFERENCE sym_k0004 0
REFERENCE sym_k0000 0
REFERENCE sym_k0019 0
REFERENCE sym_k0013 0
REFERENCE sym_k0000 0
REFERENCE sym_k0019 0
REFERENCE sym_k0004 0
REFERENCE sym_k0049 0
REFERENCE sym_k0003 0
REFERENCE sym_k0188 0
REFERENCE sym_k0001 0
REFERENCE sym_k0008 0
REFERENCE sym_k0000 0
REFERENCE sym_k0000 0
REFERENCE sym_k0003 0
REFERENCE sym_k0005 0
DECLARE sym_k0209 15 0
REFERENCE sym_k0000 0
REFERENCE missing_8035 0
REFERENCE sym_k0240 0
REFERENCE sym_k0007 0
REFERENCE sym_k0006 0
REFERENCE sym_k0000 0
REFERENCE sym_k0000 0
REFERENCE sym_k0037 0
REFERENCE sym_k0000 0
REFERENCE sym_k0006 0
REFERENCE sym_k0005 0
REFERENCE sym_k0002 0
REFERENCE sym_k0066 0
DECLARE sym_k0254 15 0
REFERENCE sym_k0087 0
REFERENCE sym_k0028 0
REFERENCE sym_k0000 0
REFERENCE sym_k0005 0
REFERENCE sym_k0001 0
REFERENCE missing_5265 0
REFERENCE sym_k0004 0
REFERENCE sym_k0000 0
REFERENCE sym_k0000 0
REFERENCE missing_6499 0
REFERENCE sym_k0016 0
REFERENCE sym_k0002 0
REFERENCE sym_k0091 0
REFERENCE sym_k0001 0
REFERENCE sym_k0000 0
REFERENCE missing_7533 0
REFERENCE sym_k0003 0
DECLARE sym_k0160 11 0
REFERENCE sym_k0004 0
REFERENCE sym_k0001 0
REFERENCE sym_k0001 0
REFERENCE sym_k0004 0
REFERENCE sym_k0001 0
REFERENCE sym_k0000 0
REFERENCE sym_k0000 0
REFERENCE sym_k0058 0
REFERENCE sym_k0002 0
REFERENCE sym_k0000 0
REFERENCE sym_k0008 0
REFERENCE sym_k0003 0
REFERENCE sym_k0001 0
REFERENCE sym_k0005 0
REFERENCE sym_k0000 0
REFERENCE sym_k0000 0
REFERENCE sym_k0000 0
REFERENCE sym_k0014 0
DECLARE sym_k0071 12 0
DECLARE sym_k0191 12 0
REFERENCE sym_k0198 0
REFERENCE sym_k0004 0
REFERENCE sym_k0000 0
DECLARE sym_k0061 2 0
REFERENCE sym_k0018 0
REFERENCE sym_k0000 0
REFERENCE sym_k0000 0
REFERENCE missing_9739 0
REFERENCE sym_k0036 0
REFERENCE sym_k0001 0
REFERENCE sym_k0035 0
REFERENCE sym_k0000 0
REFERENCE sym_k0001 0
REFERENCE sym_k0000 0
REFERENCE sym_k0000 0
REFERENCE sym_k0007 0
REFERENCE missing_1871 0
REFERENCE sym_k0006 0
REFERENCE sym_k0000 0
REFERENCE sym_k0037 0
REFERENCE sym_k0030 0
REFERENCE sym_k0009 0
REFERENCE sym_k0001 0
REFERENCE sym_k0001 0
REFERENCE sym_k0000 0
REFERENCE sym_k0021 0
REFERENCE missing_8391 0
REFERENCE sym_k0000 0
REFERENCE sym_k0042 0
REFERENCE sym_k0066 0
REFERENCE sym_k0000 0
REFERENCE sym_k0064 0
REFERENCE sym_k0001 0
REFERENCE sym_k0002 0
REFERENCE missing_3956 0
REFERENCE sym_k0001 0
REFERENCE sym_k0024 0
REFERENCE sym_k0028 0
REFERENCE sym_k0001 0
REFERENCE sym_k0000 0
REFERENCE sym_k0000 0
REFERENCE sym_k0023 0
REFERENCE sym_k0009 0
REFERENCE sym_k0001 0
REFERENCE sym_k0000 0
REFERENCE sym_k0007 0
REFERENCE sym_k0011 0
REFERENCE sym_k0010 0
REFERENCE sym_k0008 0
REFERENCE sym_k0000 0
REFERENCE sym_k0000 0
REFERENCE sym_k0004 0
REFERENCE sym_k0004 0
REFERENCE sym_k0001 0
DECLARE sym_k0053 9 0
REFERENCE sym_k0000 0
REFERENCE sym_k0011 0
REFERENCE sym_k0000 0
REFERENCE sym_k0000 0
REFERENCE sym_k0024 0
REFERENCE sym_k0000 0
REFERENCE sym_k0003 0
REFERENCE sym_k0003 0
REFERENCE sym_k0002 0
REFERENCE sym_k0000 0
REFERENCE sym_k0000 0
REFERENCE sym_k0017 0
REFERENCE sym_k0000 0
REFERENCE sym_k0105 0
REFERENCE sym_k0000 0
REFERENCE sym_k0013 0
REFERENCE sym_k0003 0
REFERENCE sym_k0016 0
REFERENCE sym_k0027 0
REFERENCE sym_k0008 0
REFERENCE sym_k0033 0
REFERENCE sym_k0000 0
REFERENCE sym_k0011 0
REFERENCE sym_k0000 0
REFERENCE sym_k0000 0
REFERENCE sym_k0003 0
REFERENCE sym_k0000 0
DECLARE sym_k0197 3 0
REFERENCE missing_2722 0
REFERENCE sym_k0019 0
REFERENCE sym_k0000 0
REFERENCE sym_k0002 0
REFERENCE sym_k0000 0
REFERENCE sym_k0000 0
REFERENCE sym_k0010 0
REFERENCE sym_k0000 0
REFERENCE sym_k0002 0
REFERENCE sym_k0000 0
REFERENCE sym_k0000 0
REFERENCE sym_k0007 0
REFERENCE sym_k0007 0
REFERENCE sym_k0000 0
REFERENCE sym_k0065 0
REFERENCE sym_k0001 0
REFERENCE sym_k0005 0
REFERENCE sym_k0013 0
REFERENCE sym_k0008 0
REFERENCE sym_k0029 0
REFERENCE sym_k0004 0
REFERENCE sym_k0003 0
DECLARE sym_k0073 14 0
DECLARE sym_k0130 11 0
REFERENCE sym_k0000 0
REFERENCE sym_k0058 0
REFERENCE sym_k0037 0
REFERENCE sym_k0000 0
REFERENCE sym_k0005 0
REFERENCE sym_k0003 0
REFERENCE sym_k0000 0
REFERENCE sym_k0002 0
REFERENCE sym_k0004 0
REFERENCE sym_k0009 0
DECLARE sym_k0192 13 0
REFERENCE sym_k0005 0
REFERENCE sym_k0035 0
REFERENCE sym_k0040 0
REFERENCE sym_k0008 0
REFERENCE sym_k0047 0
REFERENCE sym_k0000 0
REFERENCE sym_k0000 0
REFERENCE sym_k0001 0
REFERENCE sym_k0105 0
REFERENCE sym_k0001 0
REFERENCE sym_k0003 0
REFERENCE sym_k0006 0
REFERENCE sym_k0018 0
REFERENCE sym_k0009 0
DECLARE sym_k0146 12 0
REFERENCE sym_k0006 0
DECLARE sym_k0062 3 0
REFERENCE sym_k0031 0
REFERENCE sym_k0003 0
REFERENCE sym_k0002 0
REFERENCE sym_k0002 0
REFERENCE sym_k0037 0
REFERENCE sym_k0003 0
REFERENCE sym_k0015 0
REFERENCE sym_k0007 0
REFERENCE sym_k0125 0
REFERENCE sym_k0000 0
REFERENCE sym_k0223 0
REFERENCE sym_k0014 0
REFERENCE sym_k0004 0
REFERENCE sym_k0000 0
DECLARE sym_k0121 2 0
REFERENCE sym_k0000 0
DECLARE sym_k0167 3 0
REFERENCE sym_k0001 0
REFERENCE sym_k0000 0
REFERENCE sym_k0015 0
REFERENCE sym_k0032 0
DECLARE sym_k0090 1 0
REFERENCE sym_k0000 0
REFERENCE sym_k0005 0
REFERENCE sym_k0001 0
REFERENCE sym_k0010 0
REFERENCE sym_k0001 0
REFERENCE sym_k0000 0
REFERENCE missing_3336 0
REFERENCE sym_k0000 0
REFERENCE sym_k0000 0
REFERENCE sym_k0000 0
REFERENCE sym_k0001 0
DECLARE sym_k0116 12 0
REFERENCE sym_k0003 0
REFERENCE sym_k0000 0
REFERENCE sym_k0000 0
REFERENCE sym_k0006 0
REFERENCE sym_k0003 0
DECLARE sym_k0068 9 0
REFERENCE sym_k0007 0
REFERENCE sym_k0004 0
REFERENCE sym_k0006 0
REFERENCE sym_k0000 0
REFERENCE sym_k0002 0
REFERENCE sym_k0013 0
REFERENCE sym_k0000 0
REFERENCE sym_k0001 0
REFERENCE sym_k0001 0
REFERENCE sym_k0003 0
REFERENCE sym_k0033 0
REFERENCE sym_k0004 0
REFERENCE sym_k0003 0
REFERENCE sym_k0006 0
REFERENCE sym_k0002 0
REFERENCE sym_k0000 0
REFERENCE sym_k0004 0
REFERENCE sym_k0021 0
REFERENCE sym_k0005 0
REFERENCE sym_k0007 0
REFERENCE sym_k0038 0
REFERENCE sym_k0000 0
DECLARE sym_k0054 10 0
REFERENCE sym_k0000 0
REFERENCE sym_k0007 0
REFERENCE sym_k0014 0
REFERENCE sym_k0006 0
REFERENCE sym_k0017 0
REFERENCE sym_k0078 0
REFERENCE sym_k0007 0
REFERENCE sym_k0000 0
REFERENCE sym_k0009 0
REFERENCE sym_k0001 0
REFERENCE sym_k0001 0
REFERENCE sym_k0011 0
REFERENCE sym_k0011 0
REFERENCE sym_k0002 0
REFERENCE sym_k0000 0
REFERENCE sym_k0191 0
REFERENCE sym_k0000 0
REFERENCE sym_k0037 0
REFERENCE sym_k0002 0
REFERENCE sym_k0000 0
REFERENCE sym_k0000 0
REFERENCE sym_k0001 0
REFERENCE sym_k0003 0
REFERENCE sym_k0003 0
REFERENCE sym_k0048 0
REFERENCE sym_k0008 0
REFERENCE sym_k0000 0
REFERENCE sym_k0000 0
REFERENCE sym_k0032 0
DECLARE sym_k0055 11 0
REFERENCE sym_k0000 0
REFERENCE sym_k0002 0
REFERENCE sym_k0000 0
REFERENCE sym_k0000 0
REFERENCE sym_k0000 0
DECLARE sym_k0096 7 0
REFERENCE sym_k0000 0
REFERENCE sym_k0006 0
REFERENCE sym_k0015 0
REFERENCE sym_k0291 0
DECLARE sym_k0079 5 0
REFERENCE sym_k0036 0
REFERENCE sym_k0002 0
REFERENCE sym_k0005 0
REFERENCE sym_k0003 0
REFERENCE sym_k0000 0
REFERENCE sym_k0001 0
DECLARE sym_k0217 8 0
REFERENCE sym_k0007 0
REFERENCE missing_6185 0
REFERENCE sym_k0000 0
REFERENCE sym_k0004 0
REFERENCE sym_k0009 0
REFERENCE sym_k0028 0
REFERENCE sym_k0007 0
REFERENCE sym_k0012 0
REFERENCE sym_k0000 0
REFERENCE sym_k0000 0
REFERENCE sym_k0000 0
REFERENCE sym_k0072 0
REFERENCE sym_k0000 0
REFERENCE sym_k0001 0
REFERENCE sym_k0025 0
REFERENCE sym_k0006 0
DECLARE sym_k0205 11 0
REFERENCE sym_k0000 0
REFERENCE sym_k0000 0
REFERENCE sym_k0002 0
REFERENCE sym_k0008 0
REFERENCE sym_k0000 0
REFERENCE sym_k0062 0
REFERENCE sym_k0000 0
REFERENCE sym_k0000 0
REFERENCE sym_k0019 0
REFERENCE sym_k0000 0
REFERENCE sym_k0004 0
REFERENCE sym_k0001 0
REFERENCE sym_k0000 0
REFERENCE sym_k0025 0
REFERENCE sym_k0024 0
REFERENCE sym_k0005 0
REFERENCE sym_k0000 0
DECLARE sym_k0129 10 0
REFERENCE sym_k0106 0
REFERENCE sym_k0002 0
REFERENCE sym_k0001 0
REFERENCE sym_k0000 0
REFERENCE sym_k0006 0
REFERENCE sym_k0021 0
REFERENCE sym_k0029 0
REFERENCE sym_k0000 0
REFERENCE sym_k0000 0
REFERENCE sym_k0000 0
REFERENCE sym_k0039 0
REFERENCE sym_k0000 0
REFERENCE sym_k0000 0
REFERENCE sym_k0028 0
REFERENCE missing_7765 0
REFERENCE sym_k0032 0
REFERENCE sym_k0071 0
REFERENCE sym_k0005 0
REFERENCE sym_k0001 0
REFERENCE sym_k0000 0
REFERENCE sym_k0000 0
REFERENCE sym_k0014 0
REFERENCE sym_k0000 0
REFERENCE sym_k0000 0
REFERENCE sym_k0000 0
REFERENCE sym_k0003 0
REFERENCE sym_k0000 0
DECLARE sym_k0276 7 0
REFERENCE sym_k0071 0
REFERENCE sym_k0000 0
REFERENCE sym_k0026 0
REFERENCE sym_k0001 0
REFERENCE sym_k0017 0
REFERENCE missing_5762 0
REFERENCE sym_k0007 0
REFERENCE sym_k0001 0
REFERENCE sym_k0000 0
REFERENCE sym_k0007 0
DECLARE sym_k0267 13 0
REFERENCE sym_k0001 0
REFERENCE sym_k0003 0
REFERENCE sym_k0001 0
DECLARE sym_k0123 4 0
REFERENCE sym_k0000 0
REFERENCE missing_8489 0
REFERENCE missing_4187 0
DECLARE sym_k0075 1 0
REFERENCE sym_k0000 0
REFERENCE sym_k0003 0
REFERENCE sym_k0008 0
REFERENCE sym_k0009 0
REFERENCE missing_1223 0
REFERENCE sym_k0000 0
REFERENCE sym_k0000 0
REFERENCE sym_k0000 0
REFERENCE sym_k0000 0
REFERENCE sym_k0045 0
REFERENCE sym_k0043 0
REFERENCE sym_k0003 0
REFERENCE sym_k0001 0
REFERENCE sym_k0000 0
REFERENCE sym_k0162 0
REFERENCE sym_k0008 0
REFERENCE sym_k0002 0
REFERENCE sym_k0017 0
REFERENCE sym_k0000 0
REFERENCE sym_k0001 0
REFERENCE missing_8413 0
REFERENCE sym_k0011 0
REFERENCE sym_k0000 0
REFERENCE sym_k0007 0
REFERENCE sym_k0000 0
REFERENCE sym_k0001 0
REFERENCE sym_k0001 0
REFERENCE sym_k0003 0
REFERENCE sym_k0003 0
REFERENCE sym_k0058 0
REFERENCE sym_k0015 0
REFERENCE missing_8688 0
REFERENCE sym_k0017 0
DECLARE sym_k0284 15 0
REFERENCE sym_k0000 0
REFERENCE sym_k0005 0
REFERENCE sym_k0002 0
REFERENCE sym_k0009 0
REFERENCE sym_k0000 0
REFERENCE sym_k0006 0
REFERENCE missing_5932 0
REFERENCE sym_k0029 0
REFERENCE sym_k0132 0
REFERENCE sym_k0000 0
REFERENCE sym_k0018 0
REFERENCE sym_k0002 0
REFERENCE sym_k0008 0
REFERENCE missing_8939 0
REFERENCE sym_k0003 0
REFERENCE sym_k0002 0
REFERENCE sym_k0000 0
REFERENCE sym_k0000 0
REFERENCE missing_7442 0
REFERENCE sym_k0016 0
REFERENCE sym_k0000 0
REFERENCE sym_k0000 0
DECLARE sym_k0195 1 0
REFERENCE missing_3067 0
REFERENCE sym_k0048 0
REFERENCE sym_k0005 0
REFERENCE sym_k0091 0
REFERENCE sym_k0000 0
REFERENCE sym_k0000 0
REFERENCE sym_k0008 0
REFERENCE sym_k0012 0
REFERENCE sym_k0029 0
REFERENCE sym_k0019 0
REFERENCE sym_k0004 0
REFERENCE sym_k0010 0
REFERENCE sym_k0002 0
REFERENCE sym_k0001 0
REFERENCE sym_k0010 0
REFERENCE missing_2961 0
REFERENCE sym_k0032 0
REFERENCE sym_k0007 0
REFERENCE sym_k0003 0
REFERENCE sym_k0002 0
REFERENCE sym_k0032 0
REFERENCE sym_k0024 0
REFERENCE sym_k0001 0
REFERENCE sym_k0006 0
REFERENCE sym_k0001 0
REFERENCE sym_k0000 0
REFERENCE sym_k0022 0
REFERENCE sym_k0043 0
REFERENCE sym_k0000 0
REFERENCE sym_k0000 0
REFERENCE sym_k0063 0
REFERENCE sym_k0002 0
REFERENCE sym_k0017 0
REFERENCE sym_k0000 0
REFERENCE sym_k0055 0
REFERENCE sym_k0001 0
REFERENCE sym_k0000 0
REFERENCE sym_k0000 0
REFERENCE sym_k0001 0
REFERENCE sym_k0000 0
REFERENCE sym_k0014 0
REFERENCE sym_k0003 0
REFERENCE sym_k0006 0
REFERENCE sym_k0014 0
REFERENCE sym_k0000 0
REFERENCE sym_k0030 0
REFERENCE sym_k0000 0
REFERENCE sym_k0002 0
DECLARE sym_k0259 5 0
REFERENCE sym_k0003 0
DECLARE sym_k0173 9 0
REFERENCE sym_k0012 0
DECLARE sym_k0225 1 0
REFERENCE sym_k0062 0
DECLARE sym_k0180 1 0
REFERENCE sym_k0000 0
REFERENCE sym_k0010 0
REFERENCE sym_k0029 0
REFERENCE sym_k0086 0
REFERENCE sym_k0005 0
REFERENCE sym_k0000 0
REFERENCE sym_k0005 0
REFERENCE sym_k0000 0
REFERENCE sym_k0017 0
REFERENCE sym_k0001 0
REFERENCE sym_k0031 0
REFERENCE sym_k0005 0
REFERENCE sym_k0000 0
REFERENCE sym_k0000 0
REFERENCE missing_7413 0
REFERENCE sym_k0008 0
REFERENCE sym_k0003 0
REFERENCE sym_k0000 0
REFERENCE sym_k0001 0
REFERENCE sym_k0000 0
REFERENCE sym_k0051 0
REFERENCE sym_k0000 0
REFERENCE sym_k0002 0
DECLARE sym_k0289 5 0
REFERENCE sym_k0003 0
REFERENCE sym_k0019 0
REFERENCE sym_k0000 0
REFERENCE sym_k0000 0
REFERENCE sym_k0022 0
REFERENCE sym_k0001 0
REFERENCE sym_k0000 0
REFERENCE missing_9269 0
REFERENCE sym_k0005 0
REFERENCE sym_k0000 0
REFERENCE sym_k0048 0
REFERENCE sym_k0000 0
REFERENCE sym_k0011 0
REFERENCE sym_k0019 0
DECLARE sym_k0084 10 0
REFERENCE sym_k0063 0
EXIT_SCOPE 0
