# ColliScope Generated Random Trace
# Parameters: seed=55, scope=nested, type=lookup-heavy, replicate=2
ENTER_SCOPE 0
DECLARE cyd_00000 10 0
DECLARE vth_00001 12 0
DECLARE xxw_00002 16 0
DECLARE okk_00003 14 0
DECLARE zub_00004 9 0
DECLARE bfs_00005 19 0
DECLARE mfj_00006 3 0
DECLARE ntf_00007 7 0
DECLARE khv_00008 4 0
DECLARE vki_00009 20 0
DECLARE fmv_00010 8 0
DECLARE ief_00011 5 0
DECLARE vsv_00012 19 0
DECLARE pcv_00013 3 0
DECLARE gvs_00014 10 0
DECLARE idp_00015 15 0
DECLARE mbg_00016 12 0
DECLARE dfo_00017 16 0
DECLARE pqb_00018 8 0
DECLARE usj_00019 14 0
DECLARE ijx_00020 1 0
DECLARE asf_00021 11 0
DECLARE mhn_00022 9 0
DECLARE qfy_00023 8 0
DECLARE efz_00024 12 0
DECLARE lqa_00025 2 0
DECLARE opg_00026 16 0
DECLARE fry_00027 14 0
DECLARE fwf_00028 17 0
DECLARE aqm_00029 19 0
DECLARE myf_00030 14 0
DECLARE alc_00031 12 0
DECLARE lkw_00032 11 0
DECLARE bvd_00033 5 0
DECLARE ats_00034 9 0
DECLARE tsb_00035 18 0
DECLARE bog_00036 1 0
DECLARE ncj_00037 1 0
DECLARE vnu_00038 8 0
DECLARE gdo_00039 20 0
DECLARE sor_00040 17 0
DECLARE qob_00041 16 0
DECLARE oid_00042 20 0
DECLARE cpq_00043 10 0
DECLARE bxw_00044 3 0
DECLARE msl_00045 1 0
DECLARE crb_00046 18 0
DECLARE dma_00047 14 0
DECLARE tbb_00048 20 0
DECLARE vzc_00049 10 0
REFERENCE myf_00030 0
REFERENCE idp_00015 0
REFERENCE missing_4061 0
DECLARE itm_00050 5 0
REFERENCE asf_00021 0
REFERENCE fwf_00028 0
ENTER_SCOPE 1 0
EXIT_SCOPE 1
REFERENCE fmv_00010 0
REFERENCE vsv_00012 0
REFERENCE alc_00031 0
REFERENCE lqa_00025 0
REFERENCE missing_6357 0
ENTER_SCOPE 2 0
REFERENCE sor_00040 2
REFERENCE missing_5199 2
REFERENCE pcv_00013 2
ENTER_SCOPE 3 2
EXIT_SCOPE 3
ENTER_SCOPE 4 2
REFERENCE tsb_00035 4
REFERENCE vnu_00038 4
REFERENCE opg_00026 4
ENTER_SCOPE 5 4
REFERENCE ief_00011 5
REFERENCE tbb_00048 5
REFERENCE mhn_00022 5
REFERENCE missing_3343 5
REFERENCE cpq_00043 5
REFERENCE missing_1348 5
ENTER_SCOPE 6 5
REFERENCE gdo_00039 6
REFERENCE mfj_00006 6
REFERENCE itm_00050 6
REFERENCE vsv_00012 6
REFERENCE mbg_00016 6
ENTER_SCOPE 7 6
REFERENCE tbb_00048 7
REFERENCE missing_6390 7
REFERENCE pcv_00013 7
DECLARE htg_00051 10 7
REFERENCE xxw_00002 7
REFERENCE efz_00024 7
REFERENCE usj_00019 7
REFERENCE usj_00019 7
REFERENCE ijx_00020 7
REFERENCE asf_00021 7
REFERENCE asf_00021 7
REFERENCE alc_00031 7
REFERENCE qob_00041 7
REFERENCE pqb_00018 7
REFERENCE bvd_00033 7
REFERENCE zub_00004 7
REFERENCE missing_5206 7
REFERENCE khv_00008 7
REFERENCE fwf_00028 7
REFERENCE asf_00021 7
REFERENCE pqb_00018 7
REFERENCE dfo_00017 7
REFERENCE sor_00040 7
REFERENCE tbb_00048 7
REFERENCE usj_00019 7
REFERENCE ief_00011 7
REFERENCE missing_6658 7
REFERENCE okk_00003 7
REFERENCE bog_00036 7
REFERENCE khv_00008 7
REFERENCE fwf_00028 7
REFERENCE asf_00021 7
REFERENCE sor_00040 7
REFERENCE fwf_00028 7
REFERENCE missing_7182 7
DECLARE qhd_00052 1 7
DECLARE ehe_00053 13 7
REFERENCE missing_1631 7
REFERENCE khv_00008 7
REFERENCE ehe_00053 7
DECLARE pcv_00013 20 7
REFERENCE bxw_00044 7
EXIT_SCOPE 7
REFERENCE vzc_00049 6
REFERENCE tsb_00035 6
REFERENCE sor_00040 6
EXIT_SCOPE 6
REFERENCE msl_00045 5
REFERENCE aqm_00029 5
REFERENCE efz_00024 5
ENTER_SCOPE 8 5
REFERENCE oid_00042 8
REFERENCE alc_00031 8
REFERENCE tbb_00048 8
REFERENCE gdo_00039 8
REFERENCE ijx_00020 8
REFERENCE qfy_00023 8
REFERENCE cpq_00043 8
REFERENCE ntf_00007 8
REFERENCE vsv_00012 8
REFERENCE fry_00027 8
REFERENCE missing_9088 8
ENTER_SCOPE 9 8
REFERENCE mfj_00006 9
REFERENCE missing_7210 9
REFERENCE cyd_00000 9
ENTER_SCOPE 10 9
REFERENCE vsv_00012 10
REFERENCE lkw_00032 10
REFERENCE sor_00040 10
REFERENCE tbb_00048 10
REFERENCE bfs_00005 10
REFERENCE mhn_00022 10
REFERENCE missing_3807 10
REFERENCE fry_00027 10
REFERENCE vsv_00012 10
DECLARE jat_00054 15 10
DECLARE xvr_00055 7 10
REFERENCE mbg_00016 10
REFERENCE okk_00003 10
REFERENCE khv_00008 10
REFERENCE crb_00046 10
REFERENCE vki_00009 10
REFERENCE alc_00031 10
REFERENCE ats_00034 10
EXIT_SCOPE 10
REFERENCE fwf_00028 9
REFERENCE bfs_00005 9
REFERENCE vnu_00038 9
REFERENCE okk_00003 9
REFERENCE myf_00030 9
REFERENCE fmv_00010 9
REFERENCE pqb_00018 9
REFERENCE tbb_00048 9
REFERENCE asf_00021 9
DECLARE uhe_00056 7 9
DECLARE cnh_00057 18 9
REFERENCE efz_00024 9
ENTER_SCOPE 11 9
REFERENCE gdo_00039 11
EXIT_SCOPE 11
DECLARE kbf_00058 10 9
REFERENCE aqm_00029 9
REFERENCE fmv_00010 9
REFERENCE itm_00050 9
REFERENCE myf_00030 9
REFERENCE uhe_00056 9
REFERENCE qob_00041 9
ENTER_SCOPE 12 9
REFERENCE zub_00004 12
REFERENCE missing_6343 12
REFERENCE usj_00019 12
REFERENCE ijx_00020 12
REFERENCE pcv_00013 12
REFERENCE dma_00047 12
ENTER_SCOPE 13 12
REFERENCE dfo_00017 13
REFERENCE bog_00036 13
REFERENCE missing_8132 13
REFERENCE pqb_00018 13
REFERENCE bxw_00044 13
REFERENCE mfj_00006 13
REFERENCE itm_00050 13
REFERENCE missing_4719 13
REFERENCE xxw_00002 13
REFERENCE asf_00021 13
REFERENCE vth_00001 13
EXIT_SCOPE 13
REFERENCE missing_3944 12
REFERENCE idp_00015 12
REFERENCE missing_4799 12
REFERENCE gvs_00014 12
REFERENCE pcv_00013 12
REFERENCE crb_00046 12
REFERENCE missing_1958 12
REFERENCE alc_00031 12
REFERENCE mhn_00022 12
REFERENCE bvd_00033 12
DECLARE kbf_00058 13 12
EXIT_SCOPE 12
REFERENCE efz_00024 9
REFERENCE vzc_00049 9
DECLARE ohr_00059 12 9
REFERENCE crb_00046 9
REFERENCE lqa_00025 9
REFERENCE qfy_00023 9
REFERENCE khv_00008 9
REFERENCE missing_2927 9
REFERENCE tsb_00035 9
REFERENCE idp_00015 9
REFERENCE vnu_00038 9
REFERENCE bvd_00033 9
REFERENCE missing_6977 9
REFERENCE missing_9116 9
REFERENCE gdo_00039 9
REFERENCE ijx_00020 9
REFERENCE okk_00003 9
ENTER_SCOPE 14 9
REFERENCE bxw_00044 14
REFERENCE alc_00031 14
EXIT_SCOPE 14
REFERENCE missing_4967 9
REFERENCE asf_00021 9
REFERENCE alc_00031 9
REFERENCE missing_3741 9
ENTER_SCOPE 15 9
REFERENCE bfs_00005 15
REFERENCE ntf_00007 15
REFERENCE missing_7732 15
REFERENCE vth_00001 15
REFERENCE missing_4569 15
REFERENCE alc_00031 15
DECLARE ikc_00060 16 15
REFERENCE myf_00030 15
REFERENCE missing_8597 15
REFERENCE missing_4195 15
DECLARE vek_00061 8 15
REFERENCE qob_00041 15
REFERENCE fmv_00010 15
REFERENCE ikc_00060 15
ENTER_SCOPE 16 15
DECLARE tvu_00062 8 16
REFERENCE mhn_00022 16
REFERENCE idp_00015 16
REFERENCE pqb_00018 16
REFERENCE dma_00047 16
REFERENCE opg_00026 16
REFERENCE alc_00031 16
REFERENCE missing_6050 16
REFERENCE missing_4191 16
REFERENCE itm_00050 16
REFERENCE gvs_00014 16
REFERENCE vki_00009 16
REFERENCE tvu_00062 16
REFERENCE cpq_00043 16
REFERENCE idp_00015 16
EXIT_SCOPE 16
REFERENCE missing_7994 15
REFERENCE tbb_00048 15
ENTER_SCOPE 17 15
DECLARE wry_00063 9 17
REFERENCE bfs_00005 17
REFERENCE bvd_00033 17
REFERENCE vek_00061 17
REFERENCE asf_00021 17
REFERENCE aqm_00029 17
REFERENCE vth_00001 17
REFERENCE khv_00008 17
REFERENCE ncj_00037 17
EXIT_SCOPE 17
REFERENCE vzc_00049 15
REFERENCE oid_00042 15
REFERENCE dma_00047 15
REFERENCE usj_00019 15
REFERENCE vnu_00038 15
REFERENCE mhn_00022 15
DECLARE gmx_00064 16 15
REFERENCE missing_4432 15
REFERENCE mhn_00022 15
REFERENCE missing_6044 15
REFERENCE vki_00009 15
REFERENCE missing_5363 15
REFERENCE sor_00040 15
EXIT_SCOPE 15
REFERENCE zub_00004 9
REFERENCE cpq_00043 9
REFERENCE ats_00034 9
REFERENCE myf_00030 9
DECLARE geo_00065 9 9
REFERENCE geo_00065 9
ENTER_SCOPE 18 9
ENTER_SCOPE 19 18
REFERENCE opg_00026 19
REFERENCE khv_00008 19
REFERENCE ntf_00007 19
REFERENCE tbb_00048 19
REFERENCE missing_2743 19
REFERENCE vzc_00049 19
REFERENCE pqb_00018 19
DECLARE xez_00066 13 19
REFERENCE crb_00046 19
REFERENCE fwf_00028 19
REFERENCE uhe_00056 19
REFERENCE missing_7585 19
REFERENCE missing_2016 19
DECLARE uhe_00056 12 19
DECLARE nda_00067 19 19
REFERENCE bog_00036 19
DECLARE mjs_00068 3 19
REFERENCE lqa_00025 19
DECLARE pvg_00069 5 19
REFERENCE fwf_00028 19
REFERENCE ats_00034 19
REFERENCE pcv_00013 19
REFERENCE opg_00026 19
REFERENCE ohr_00059 19
REFERENCE tbb_00048 19
REFERENCE oid_00042 19
REFERENCE kbf_00058 19
REFERENCE bxw_00044 19
REFERENCE aqm_00029 19
REFERENCE vki_00009 19
REFERENCE tsb_00035 19
REFERENCE ntf_00007 19
EXIT_SCOPE 19
DECLARE uhe_00056 2 18
ENTER_SCOPE 20 18
DECLARE nzd_00070 12 20
REFERENCE gvs_00014 20
REFERENCE vsv_00012 20
REFERENCE usj_00019 20
REFERENCE bog_00036 20
REFERENCE fwf_00028 20
REFERENCE missing_9178 20
REFERENCE xxw_00002 20
REFERENCE fry_00027 20
REFERENCE bog_00036 20
REFERENCE pcv_00013 20
REFERENCE okk_00003 20
EXIT_SCOPE 20
REFERENCE lkw_00032 18
DECLARE kbf_00058 20 18
REFERENCE missing_7143 18
REFERENCE mfj_00006 18
REFERENCE missing_1198 18
ENTER_SCOPE 21 18
REFERENCE missing_3850 21
REFERENCE cyd_00000 21
REFERENCE missing_6500 21
REFERENCE dma_00047 21
REFERENCE zub_00004 21
REFERENCE itm_00050 21
DECLARE mfh_00071 7 21
REFERENCE alc_00031 21
REFERENCE efz_00024 21
REFERENCE vki_00009 21
REFERENCE lkw_00032 21
REFERENCE ijx_00020 21
REFERENCE ief_00011 21
REFERENCE bxw_00044 21
REFERENCE sor_00040 21
REFERENCE myf_00030 21
REFERENCE bvd_00033 21
REFERENCE vnu_00038 21
REFERENCE missing_2233 21
REFERENCE missing_9588 21
REFERENCE usj_00019 21
REFERENCE lqa_00025 21
REFERENCE fry_00027 21
REFERENCE kbf_00058 21
REFERENCE aqm_00029 21
REFERENCE fmv_00010 21
REFERENCE vki_00009 21
REFERENCE missing_8417 21
REFERENCE bfs_00005 21
REFERENCE bog_00036 21
REFERENCE dma_00047 21
REFERENCE efz_00024 21
EXIT_SCOPE 21
REFERENCE fmv_00010 18
REFERENCE kbf_00058 18
REFERENCE missing_6118 18
REFERENCE uhe_00056 18
REFERENCE uhe_00056 18
EXIT_SCOPE 18
EXIT_SCOPE 9
REFERENCE itm_00050 8
REFERENCE tsb_00035 8
REFERENCE mbg_00016 8
DECLARE uzj_00072 20 8
REFERENCE vzc_00049 8
REFERENCE bvd_00033 8
DECLARE nyh_00073 11 8
DECLARE myf_00030 17 8
REFERENCE xxw_00002 8
REFERENCE pcv_00013 8
REFERENCE xxw_00002 8
REFERENCE msl_00045 8
DECLARE ziw_00074 19 8
REFERENCE missing_8887 8
REFERENCE fry_00027 8
REFERENCE dfo_00017 8
REFERENCE sor_00040 8
REFERENCE ief_00011 8
REFERENCE usj_00019 8
REFERENCE qfy_00023 8
REFERENCE opg_00026 8
REFERENCE missing_3991 8
DECLARE zkj_00075 20 8
REFERENCE missing_2969 8
REFERENCE opg_00026 8
REFERENCE fmv_00010 8
REFERENCE cpq_00043 8
REFERENCE tsb_00035 8
DECLARE foz_00076 4 8
REFERENCE vki_00009 8
REFERENCE sor_00040 8
REFERENCE dma_00047 8
REFERENCE cpq_00043 8
REFERENCE zub_00004 8
REFERENCE lkw_00032 8
REFERENCE khv_00008 8
REFERENCE fmv_00010 8
REFERENCE nyh_00073 8
REFERENCE sor_00040 8
REFERENCE msl_00045 8
REFERENCE efz_00024 8
REFERENCE zub_00004 8
REFERENCE idp_00015 8
REFERENCE asf_00021 8
REFERENCE missing_7172 8
REFERENCE ijx_00020 8
REFERENCE sor_00040 8
REFERENCE vki_00009 8
REFERENCE fwf_00028 8
ENTER_SCOPE 22 8
REFERENCE tsb_00035 22
REFERENCE missing_4692 22
REFERENCE asf_00021 22
EXIT_SCOPE 22
REFERENCE missing_6157 8
REFERENCE bog_00036 8
REFERENCE xxw_00002 8
DECLARE krf_00077 13 8
REFERENCE oid_00042 8
REFERENCE missing_4618 8
REFERENCE lqa_00025 8
REFERENCE alc_00031 8
EXIT_SCOPE 8
EXIT_SCOPE 5
REFERENCE cpq_00043 4
REFERENCE dfo_00017 4
REFERENCE ijx_00020 4
REFERENCE sor_00040 4
REFERENCE missing_7195 4
DECLARE bcg_00078 14 4
REFERENCE zub_00004 4
REFERENCE mbg_00016 4
ENTER_SCOPE 23 4
REFERENCE ncj_00037 23
REFERENCE vnu_00038 23
EXIT_SCOPE 23
REFERENCE myf_00030 4
DECLARE dmk_00079 5 4
ENTER_SCOPE 24 4
REFERENCE myf_00030 24
DECLARE dmk_00079 9 24
REFERENCE missing_8697 24
REFERENCE fmv_00010 24
REFERENCE ijx_00020 24
DECLARE lci_00080 13 24
REFERENCE dfo_00017 24
REFERENCE vki_00009 24
REFERENCE asf_00021 24
REFERENCE missing_2648 24
REFERENCE okk_00003 24
REFERENCE aqm_00029 24
REFERENCE ncj_00037 24
REFERENCE myf_00030 24
REFERENCE dmk_00079 24
REFERENCE missing_3916 24
REFERENCE sor_00040 24
REFERENCE dfo_00017 24
REFERENCE aqm_00029 24
REFERENCE bog_00036 24
REFERENCE ntf_00007 24
ENTER_SCOPE 25 24
DECLARE gse_00081 3 25
REFERENCE msl_00045 25
ENTER_SCOPE 26 25
REFERENCE missing_6511 26
REFERENCE fry_00027 26
REFERENCE lqa_00025 26
REFERENCE aqm_00029 26
ENTER_SCOPE 27 26
REFERENCE khv_00008 27
REFERENCE aqm_00029 27
REFERENCE usj_00019 27
REFERENCE vki_00009 27
REFERENCE missing_8129 27
REFERENCE bxw_00044 27
EXIT_SCOPE 27
REFERENCE fwf_00028 26
REFERENCE dmk_00079 26
REFERENCE xxw_00002 26
REFERENCE ntf_00007 26
REFERENCE missing_9537 26
REFERENCE fmv_00010 26
REFERENCE lci_00080 26
REFERENCE lqa_00025 26
REFERENCE dmk_00079 26
REFERENCE efz_00024 26
REFERENCE missing_8680 26
DECLARE yde_00082 12 26
REFERENCE aqm_00029 26
DECLARE qln_00083 12 26
REFERENCE missing_3044 26
REFERENCE gvs_00014 26
REFERENCE cyd_00000 26
REFERENCE sor_00040 26
REFERENCE cpq_00043 26
DECLARE gse_00081 3 26
REFERENCE missing_4006 26
REFERENCE missing_8241 26
DECLARE byz_00084 11 26
REFERENCE idp_00015 26
ENTER_SCOPE 28 26
REFERENCE missing_3999 28
REFERENCE vth_00001 28
REFERENCE ats_00034 28
DECLARE mgd_00085 20 28
DECLARE byz_00084 20 28
REFERENCE mfj_00006 28
REFERENCE gse_00081 28
REFERENCE ncj_00037 28
REFERENCE bcg_00078 28
REFERENCE dfo_00017 28
DECLARE uqo_00086 10 28
REFERENCE asf_00021 28
REFERENCE khv_00008 28
REFERENCE bfs_00005 28
DECLARE wru_00087 18 28
REFERENCE mfj_00006 28
DECLARE mtf_00088 12 28
REFERENCE itm_00050 28
DECLARE tph_00089 13 28
DECLARE hgp_00090 15 28
REFERENCE asf_00021 28
ENTER_SCOPE 29 28
REFERENCE qln_00083 29
REFERENCE yde_00082 29
REFERENCE mfj_00006 29
DECLARE ahb_00091 3 29
REFERENCE missing_5236 29
DECLARE yhy_00092 9 29
REFERENCE gdo_00039 29
REFERENCE fwf_00028 29
REFERENCE gse_00081 29
REFERENCE byz_00084 29
REFERENCE lci_00080 29
REFERENCE gse_00081 29
EXIT_SCOPE 29
REFERENCE itm_00050 28
REFERENCE tsb_00035 28
REFERENCE bog_00036 28
REFERENCE missing_4719 28
REFERENCE tbb_00048 28
REFERENCE mbg_00016 28
EXIT_SCOPE 28
REFERENCE gvs_00014 26
REFERENCE pqb_00018 26
REFERENCE missing_6845 26
REFERENCE itm_00050 26
REFERENCE fmv_00010 26
REFERENCE ats_00034 26
REFERENCE missing_3634 26
REFERENCE cpq_00043 26
DECLARE fps_00093 8 26
REFERENCE gvs_00014 26
DECLARE rep_00094 4 26
REFERENCE lci_00080 26
REFERENCE zub_00004 26
REFERENCE missing_7235 26
REFERENCE qfy_00023 26
REFERENCE mhn_00022 26
DECLARE ylm_00095 4 26
REFERENCE usj_00019 26
REFERENCE missing_6521 26
REFERENCE vnu_00038 26
REFERENCE sor_00040 26
REFERENCE cpq_00043 26
EXIT_SCOPE 26
REFERENCE vsv_00012 25
REFERENCE bcg_00078 25
ENTER_SCOPE 30 25
ENTER_SCOPE 31 30
REFERENCE fmv_00010 31
REFERENCE cpq_00043 31
REFERENCE bcg_00078 31
DECLARE gse_00081 9 31
REFERENCE dma_00047 31
EXIT_SCOPE 31
REFERENCE bxw_00044 30
DECLARE snp_00096 16 30
REFERENCE aqm_00029 30
REFERENCE ijx_00020 30
ENTER_SCOPE 32 30
REFERENCE vth_00001 32
ENTER_SCOPE 33 32
REFERENCE cyd_00000 33
REFERENCE alc_00031 33
REFERENCE missing_6604 33
EXIT_SCOPE 33
REFERENCE okk_00003 32
REFERENCE khv_00008 32
REFERENCE tsb_00035 32
REFERENCE vnu_00038 32
REFERENCE missing_9084 32
REFERENCE missing_5470 32
REFERENCE pqb_00018 32
REFERENCE dfo_00017 32
REFERENCE bvd_00033 32
REFERENCE dfo_00017 32
REFERENCE dmk_00079 32
REFERENCE missing_4263 32
REFERENCE missing_2075 32
DECLARE rct_00097 8 32
REFERENCE pqb_00018 32
REFERENCE missing_7353 32
REFERENCE xxw_00002 32
REFERENCE cyd_00000 32
DECLARE ugx_00098 9 32
REFERENCE qob_00041 32
REFERENCE bog_00036 32
REFERENCE aqm_00029 32
REFERENCE mfj_00006 32
REFERENCE vth_00001 32
REFERENCE ncj_00037 32
REFERENCE snp_00096 32
REFERENCE okk_00003 32
REFERENCE missing_8913 32
REFERENCE alc_00031 32
ENTER_SCOPE 34 32
EXIT_SCOPE 34
REFERENCE bxw_00044 32
REFERENCE vsv_00012 32
DECLARE wtr_00099 10 32
REFERENCE zub_00004 32
REFERENCE bcg_00078 32
REFERENCE ijx_00020 32
REFERENCE ief_00011 32
REFERENCE myf_00030 32
REFERENCE sor_00040 32
REFERENCE khv_00008 32
REFERENCE cyd_00000 32
REFERENCE bfs_00005 32
REFERENCE dmk_00079 32
REFERENCE asf_00021 32
REFERENCE missing_4984 32
DECLARE rsd_00100 7 32
REFERENCE qfy_00023 32
REFERENCE lqa_00025 32
REFERENCE zub_00004 32
REFERENCE zub_00004 32
REFERENCE mfj_00006 32
REFERENCE lqa_00025 32
REFERENCE asf_00021 32
REFERENCE pcv_00013 32
REFERENCE mfj_00006 32
DECLARE dev_00101 20 32
REFERENCE gvs_00014 32
REFERENCE ijx_00020 32
REFERENCE qfy_00023 32
REFERENCE myf_00030 32
REFERENCE bvd_00033 32
REFERENCE bcg_00078 32
DECLARE snp_00096 1 32
REFERENCE missing_9353 32
ENTER_SCOPE 35 32
REFERENCE fwf_00028 35
REFERENCE lqa_00025 35
REFERENCE efz_00024 35
REFERENCE vki_00009 35
REFERENCE xxw_00002 35
REFERENCE snp_00096 35
REFERENCE missing_3618 35
REFERENCE ats_00034 35
REFERENCE gvs_00014 35
REFERENCE missing_8954 35
REFERENCE sor_00040 35
REFERENCE missing_3661 35
DECLARE rsd_00100 3 35
REFERENCE missing_1396 35
REFERENCE vnu_00038 35
REFERENCE missing_6745 35
EXIT_SCOPE 35
EXIT_SCOPE 32
REFERENCE missing_9503 30
REFERENCE missing_3588 30
REFERENCE bog_00036 30
DECLARE gse_00081 10 30
REFERENCE khv_00008 30
REFERENCE missing_6237 30
REFERENCE snp_00096 30
REFERENCE dma_00047 30
ENTER_SCOPE 36 30
REFERENCE efz_00024 36
REFERENCE bxw_00044 36
REFERENCE msl_00045 36
REFERENCE sor_00040 36
REFERENCE gvs_00014 36
REFERENCE gse_00081 36
REFERENCE mbg_00016 36
REFERENCE ntf_00007 36
REFERENCE qfy_00023 36
REFERENCE gvs_00014 36
REFERENCE zub_00004 36
REFERENCE qob_00041 36
DECLARE mmk_00102 20 36
DECLARE pug_00103 1 36
REFERENCE sor_00040 36
REFERENCE idp_00015 36
REFERENCE vsv_00012 36
REFERENCE ijx_00020 36
REFERENCE khv_00008 36
REFERENCE dma_00047 36
REFERENCE sor_00040 36
DECLARE vgn_00104 4 36
REFERENCE aqm_00029 36
REFERENCE ncj_00037 36
REFERENCE aqm_00029 36
DECLARE udz_00105 2 36
REFERENCE pcv_00013 36
REFERENCE missing_6822 36
REFERENCE myf_00030 36
REFERENCE dmk_00079 36
DECLARE yci_00106 15 36
REFERENCE lkw_00032 36
REFERENCE ncj_00037 36
REFERENCE dma_00047 36
DECLARE mrm_00107 13 36
REFERENCE missing_9076 36
REFERENCE missing_8467 36
REFERENCE aqm_00029 36
REFERENCE dma_00047 36
REFERENCE vgn_00104 36
REFERENCE snp_00096 36
REFERENCE snp_00096 36
REFERENCE tbb_00048 36
REFERENCE asf_00021 36
REFERENCE asf_00021 36
REFERENCE myf_00030 36
REFERENCE tbb_00048 36
REFERENCE gvs_00014 36
REFERENCE dmk_00079 36
REFERENCE qob_00041 36
REFERENCE bvd_00033 36
REFERENCE itm_00050 36
REFERENCE ntf_00007 36
REFERENCE bog_00036 36
DECLARE gse_00081 19 36
REFERENCE tbb_00048 36
REFERENCE dfo_00017 36
DECLARE tvz_00108 6 36
REFERENCE dfo_00017 36
ENTER_SCOPE 37 36
REFERENCE gvs_00014 37
REFERENCE tvz_00108 37
REFERENCE okk_00003 37
REFERENCE vsv_00012 37
REFERENCE myf_00030 37
REFERENCE idp_00015 37
REFERENCE qfy_00023 37
EXIT_SCOPE 37
REFERENCE gse_00081 36
REFERENCE pug_00103 36
REFERENCE fwf_00028 36
REFERENCE myf_00030 36
REFERENCE zub_00004 36
ENTER_SCOPE 38 36
EXIT_SCOPE 38
REFERENCE lqa_00025 36
REFERENCE ncj_00037 36
REFERENCE dfo_00017 36
EXIT_SCOPE 36
REFERENCE myf_00030 30
DECLARE jfk_00109 16 30
DECLARE xbc_00110 9 30
REFERENCE crb_00046 30
REFERENCE cpq_00043 30
REFERENCE efz_00024 30
REFERENCE okk_00003 30
REFERENCE vzc_00049 30
REFERENCE missing_2281 30
REFERENCE aqm_00029 30
REFERENCE msl_00045 30
REFERENCE bcg_00078 30
REFERENCE mfj_00006 30
REFERENCE ief_00011 30
REFERENCE bcg_00078 30
REFERENCE sor_00040 30
DECLARE bfa_00111 15 30
REFERENCE missing_8276 30
REFERENCE gse_00081 30
DECLARE vjs_00112 17 30
REFERENCE missing_5655 30
ENTER_SCOPE 39 30
REFERENCE gse_00081 39
DECLARE bww_00113 20 39
REFERENCE snp_00096 39
DECLARE lfd_00114 4 39
REFERENCE msl_00045 39
REFERENCE mhn_00022 39
REFERENCE dmk_00079 39
EXIT_SCOPE 39
REFERENCE missing_6910 30
EXIT_SCOPE 30
DECLARE mdh_00115 9 25
REFERENCE missing_4418 25
REFERENCE ats_00034 25
REFERENCE lci_00080 25
REFERENCE pcv_00013 25
REFERENCE pcv_00013 25
REFERENCE crb_00046 25
REFERENCE opg_00026 25
REFERENCE sor_00040 25
DECLARE csa_00116 17 25
REFERENCE missing_4104 25
DECLARE lci_00080 16 25
REFERENCE tsb_00035 25
REFERENCE ntf_00007 25
REFERENCE gvs_00014 25
REFERENCE mhn_00022 25
REFERENCE itm_00050 25
REFERENCE sor_00040 25
REFERENCE cyd_00000 25
REFERENCE mbg_00016 25
ENTER_SCOPE 40 25
REFERENCE bfs_00005 40
DECLARE tid_00117 13 40
REFERENCE tbb_00048 40
REFERENCE csa_00116 40
REFERENCE vzc_00049 40
REFERENCE dmk_00079 40
DECLARE cau_00118 13 40
REFERENCE missing_4980 40
REFERENCE asf_00021 40
REFERENCE vzc_00049 40
REFERENCE msl_00045 40
REFERENCE ief_00011 40
REFERENCE csa_00116 40
REFERENCE mhn_00022 40
REFERENCE missing_2408 40
DECLARE gse_00081 11 40
REFERENCE missing_9344 40
REFERENCE mhn_00022 40
REFERENCE gse_00081 40
REFERENCE dmk_00079 40
REFERENCE oid_00042 40
ENTER_SCOPE 41 40
DECLARE vge_00119 5 41
DECLARE cau_00118 19 41
REFERENCE gse_00081 41
REFERENCE fwf_00028 41
REFERENCE efz_00024 41
REFERENCE missing_6647 41
EXIT_SCOPE 41
REFERENCE mbg_00016 40
ENTER_SCOPE 42 40
REFERENCE missing_5334 42
DECLARE sgi_00120 8 42
REFERENCE alc_00031 42
REFERENCE cau_00118 42
REFERENCE tid_00117 42
REFERENCE dmk_00079 42
REFERENCE gvs_00014 42
REFERENCE ntf_00007 42
REFERENCE bfs_00005 42
EXIT_SCOPE 42
DECLARE bqf_00121 10 40
REFERENCE dma_00047 40
REFERENCE myf_00030 40
DECLARE csa_00116 12 40
ENTER_SCOPE 43 40
REFERENCE csa_00116 43
REFERENCE zub_00004 43
REFERENCE crb_00046 43
DECLARE csa_00116 12 43
REFERENCE bvd_00033 43
REFERENCE tid_00117 43
REFERENCE zub_00004 43
ENTER_SCOPE 44 43
REFERENCE opg_00026 44
EXIT_SCOPE 44
ENTER_SCOPE 45 43
REFERENCE ijx_00020 45
EXIT_SCOPE 45
REFERENCE fmv_00010 43
DECLARE bmo_00122 2 43
EXIT_SCOPE 43
REFERENCE missing_6241 40
REFERENCE dma_00047 40
REFERENCE efz_00024 40
REFERENCE missing_7743 40
REFERENCE dmk_00079 40
REFERENCE gse_00081 40
DECLARE uvr_00123 4 40
REFERENCE itm_00050 40
REFERENCE missing_2618 40
ENTER_SCOPE 46 40
REFERENCE aqm_00029 46
REFERENCE missing_9794 46
REFERENCE qfy_00023 46
REFERENCE qob_00041 46
EXIT_SCOPE 46
REFERENCE ats_00034 40
REFERENCE lci_00080 40
DECLARE ukz_00124 12 40
REFERENCE missing_8115 40
ENTER_SCOPE 47 40
REFERENCE gse_00081 47
REFERENCE uvr_00123 47
REFERENCE bxw_00044 47
DECLARE fjw_00125 16 47
REFERENCE missing_6544 47
REFERENCE gse_00081 47
DECLARE cau_00118 8 47
REFERENCE missing_2362 47
REFERENCE missing_1523 47
REFERENCE fry_00027 47
REFERENCE efz_00024 47
REFERENCE ief_00011 47
REFERENCE gvs_00014 47
REFERENCE lkw_00032 47
REFERENCE ief_00011 47
EXIT_SCOPE 47
REFERENCE bqf_00121 40
REFERENCE ntf_00007 40
REFERENCE opg_00026 40
REFERENCE ntf_00007 40
REFERENCE cyd_00000 40
REFERENCE tid_00117 40
REFERENCE okk_00003 40
REFERENCE crb_00046 40
REFERENCE okk_00003 40
REFERENCE tsb_00035 40
REFERENCE bog_00036 40
REFERENCE pcv_00013 40
DECLARE dpg_00126 12 40
REFERENCE zub_00004 40
REFERENCE cyd_00000 40
REFERENCE msl_00045 40
REFERENCE dpg_00126 40
EXIT_SCOPE 40
REFERENCE missing_1264 25
REFERENCE dfo_00017 25
REFERENCE mdh_00115 25
REFERENCE zub_00004 25
REFERENCE vnu_00038 25
REFERENCE missing_9267 25
REFERENCE qob_00041 25
DECLARE cqs_00127 9 25
REFERENCE gse_00081 25
REFERENCE dfo_00017 25
ENTER_SCOPE 48 25
REFERENCE myf_00030 48
REFERENCE khv_00008 48
REFERENCE gse_00081 48
ENTER_SCOPE 49 48
REFERENCE idp_00015 49
REFERENCE missing_1044 49
ENTER_SCOPE 50 49
REFERENCE ijx_00020 50
EXIT_SCOPE 50
EXIT_SCOPE 49
EXIT_SCOPE 48
EXIT_SCOPE 25
EXIT_SCOPE 24
EXIT_SCOPE 4
EXIT_SCOPE 2
EXIT_SCOPE 0
