# ColliScope Frequency-Matched Synthetic Trace
# Parameters: seed=80, zipf_s=1.244, scope=flat, type=declaration-heavy, load_factor=0.9
ENTER_SCOPE 0
DECLARE sym_k0000 1 0
DECLARE sym_k0001 2 0
DECLARE sym_k0002 3 0
DECLARE sym_k0003 4 0
DECLARE sym_k0004 5 0
DECLARE sym_k0005 6 0
DECLARE sym_k0006 7 0
DECLARE sym_k0007 8 0
DECLARE sym_k0008 9 0
DECLARE sym_k0009 10 0
DECLARE sym_k0010 1 0
DECLARE sym_k0011 2 0
DECLARE sym_k0012 3 0
DECLARE sym_k0013 4 0
DECLARE sym_k0014 5 0
DECLARE sym_k0015 6 0
DECLARE sym_k0016 7 0
DECLARE sym_k0017 8 0
DECLARE sym_k0018 9 0
DECLARE sym_k0019 10 0
DECLARE sym_k0020 1 0
DECLARE sym_k0021 2 0
DECLARE sym_k0022 3 0
DECLARE sym_k0023 4 0
DECLARE sym_k0024 5 0
DECLARE sym_k0025 6 0
DECLARE sym_k0026 7 0
DECLARE sym_k0027 8 0
DECLARE sym_k0028 9 0
DECLARE sym_k0029 10 0
DECLARE sym_k0030 1 0
DECLARE sym_k0031 2 0
DECLARE sym_k0032 3 0
DECLARE sym_k0033 4 0
DECLARE sym_k0034 5 0
DECLARE sym_k0035 6 0
DECLARE sym_k0036 7 0
DECLARE sym_k0037 8 0
DECLARE sym_k0038 9 0
DECLARE sym_k0039 10 0
DECLARE sym_k0040 1 0
DECLARE sym_k0041 2 0
DECLARE sym_k0042 3 0
DECLARE sym_k0043 4 0
DECLARE sym_k0044 5 0
DECLARE sym_k0045 6 0
DECLARE sym_k0046 7 0
DECLARE sym_k0047 8 0
DECLARE sym_k0048 9 0
DECLARE sym_k0049 10 0
REFERENCE sym_k0018 0
REFERENCE sym_k0000 0
REFERENCE sym_k0000 0
REFERENCE sym_k0006 0
REFERENCE sym_k0006 0
REFERENCE sym_k0000 0
REFERENCE sym_k0009 0
REFERENCE sym_k0025 0
REFERENCE sym_k0020 0
REFERENCE sym_k0000 0
REFERENCE sym_k0047 0
REFERENCE sym_k0001 0
REFERENCE sym_k0007 0
REFERENCE sym_k0001 0
REFERENCE sym_k0008 0
REFERENCE sym_k0001 0
REFERENCE sym_k0004 0
REFERENCE sym_k0006 0
REFERENCE sym_k0010 0
REFERENCE sym_k0020 0
REFERENCE sym_k0000 0
REFERENCE sym_k0001 0
REFERENCE sym_k0001 0
REFERENCE sym_k0000 0
REFERENCE sym_k0000 0
REFERENCE sym_k0003 0
REFERENCE sym_k0019 0
REFERENCE sym_k0004 0
REFERENCE sym_k0006 0
REFERENCE sym_k0000 0
REFERENCE sym_k0039 0
REFERENCE sym_k0003 0
REFERENCE sym_k0002 0
REFERENCE sym_k0010 0
REFERENCE sym_k0001 0
REFERENCE sym_k0001 0
DECLARE sym_k0122 3 0
REFERENCE sym_k0000 0
REFERENCE sym_k0023 0
REFERENCE sym_k0009 0
REFERENCE sym_k0000 0
REFERENCE sym_k0001 0
DECLARE sym_k0220 11 0
REFERENCE sym_k0043 0
REFERENCE sym_k0008 0
REFERENCE sym_k0010 0
DECLARE sym_k0071 12 0
REFERENCE missing_8922 0
REFERENCE sym_k0001 0
REFERENCE sym_k0005 0
DECLARE sym_k0208 14 0
REFERENCE sym_k0001 0
REFERENCE sym_k0005 0
REFERENCE sym_k0000 0
REFERENCE sym_k0014 0
REFERENCE sym_k0017 0
REFERENCE sym_k0002 0
REFERENCE sym_k0000 0
REFERENCE sym_k0014 0
REFERENCE sym_k0039 0
REFERENCE sym_k0025 0
REFERENCE sym_k0033 0
REFERENCE sym_k0014 0
REFERENCE sym_k0000 0
REFERENCE sym_k0000 0
REFERENCE sym_k0000 0
REFERENCE sym_k0000 0
REFERENCE sym_k0036 0
REFERENCE sym_k0006 0
REFERENCE sym_k0001 0
REFERENCE sym_k0029 0
REFERENCE sym_k0023 0
REFERENCE sym_k0000 0
REFERENCE sym_k0000 0
REFERENCE sym_k0010 0
REFERENCE sym_k0001 0
REFERENCE sym_k0001 0
DECLARE sym_k0057 13 0
REFERENCE sym_k0000 0
REFERENCE sym_k0000 0
REFERENCE sym_k0002 0
REFERENCE sym_k0000 0
REFERENCE sym_k0005 0
REFERENCE missing_9056 0
REFERENCE sym_k0000 0
REFERENCE sym_k0003 0
DECLARE sym_k0134 15 0
REFERENCE sym_k0015 0
REFERENCE sym_k0012 0
REFERENCE sym_k0001 0
REFERENCE sym_k0022 0
REFERENCE sym_k0000 0
REFERENCE sym_k0000 0
REFERENCE sym_k0025 0
REFERENCE sym_k0000 0
REFERENCE sym_k0028 0
REFERENCE sym_k0000 0
REFERENCE sym_k0014 0
DECLARE sym_k0082 8 0
REFERENCE sym_k0001 0
REFERENCE sym_k0013 0
REFERENCE sym_k0000 0
REFERENCE sym_k0002 0
REFERENCE sym_k0002 0
REFERENCE sym_k0002 0
REFERENCE sym_k0009 0
REFERENCE sym_k0000 0
REFERENCE sym_k0000 0
REFERENCE sym_k0000 0
REFERENCE sym_k0004 0
REFERENCE sym_k0003 0
REFERENCE sym_k0021 0
REFERENCE sym_k0001 0
REFERENCE sym_k0000 0
DECLARE sym_k0052 8 0
DECLARE sym_k0158 9 0
REFERENCE sym_k0158 0
REFERENCE sym_k0006 0
REFERENCE sym_k0000 0
DECLARE sym_k0159 10 0
REFERENCE sym_k0003 0
REFERENCE sym_k0001 0
REFERENCE sym_k0001 0
DECLARE sym_k0079 5 0
REFERENCE sym_k0016 0
REFERENCE sym_k0000 0
REFERENCE sym_k0001 0
REFERENCE sym_k0023 0
REFERENCE sym_k0134 0
REFERENCE sym_k0003 0
REFERENCE missing_2664 0
REFERENCE sym_k0009 0
REFERENCE sym_k0000 0
DECLARE sym_k0175 11 0
REFERENCE sym_k0023 0
REFERENCE sym_k0011 0
REFERENCE sym_k0000 0
REFERENCE sym_k0000 0
REFERENCE sym_k0000 0
REFERENCE sym_k0000 0
REFERENCE sym_k0000 0
REFERENCE sym_k0003 0
REFERENCE sym_k0024 0
REFERENCE sym_k0002 0
REFERENCE sym_k0000 0
REFERENCE sym_k0004 0
REFERENCE sym_k0007 0
REFERENCE sym_k0000 0
REFERENCE sym_k0001 0
REFERENCE sym_k0000 0
REFERENCE missing_5449 0
REFERENCE sym_k0002 0
REFERENCE sym_k0030 0
DECLARE sym_k0088 14 0
REFERENCE sym_k0004 0
REFERENCE sym_k0004 0
REFERENCE sym_k0001 0
DECLARE sym_k0133 14 0
REFERENCE missing_6923 0
REFERENCE sym_k0005 0
REFERENCE sym_k0001 0
REFERENCE sym_k0030 0
REFERENCE sym_k0011 0
REFERENCE sym_k0000 0
DECLARE sym_k0279 10 0
REFERENCE sym_k0004 0
DECLARE sym_k0099 10 0
REFERENCE sym_k0003 0
REFERENCE sym_k0001 0
REFERENCE missing_5774 0
REFERENCE sym_k0000 0
REFERENCE sym_k0000 0
REFERENCE sym_k0000 0
REFERENCE sym_k0001 0
DECLARE sym_k0094 5 0
REFERENCE sym_k0004 0
REFERENCE sym_k0003 0
REFERENCE missing_5135 0
REFERENCE sym_k0005 0
REFERENCE sym_k0003 0
REFERENCE sym_k0038 0
REFERENCE sym_k0002 0
REFERENCE sym_k0005 0
DECLARE sym_k0100 11 0
REFERENCE sym_k0001 0
REFERENCE sym_k0000 0
REFERENCE sym_k0003 0
REFERENCE sym_k0011 0
REFERENCE sym_k0002 0
REFERENCE sym_k0002 0
DECLARE sym_k0085 11 0
DECLARE sym_k0087 13 0
REFERENCE sym_k0019 0
REFERENCE sym_k0004 0
REFERENCE sym_k0000 0
REFERENCE sym_k0044 0
REFERENCE sym_k0001 0
REFERENCE sym_k0000 0
REFERENCE sym_k0003 0
REFERENCE sym_k0010 0
REFERENCE sym_k0021 0
REFERENCE sym_k0019 0
REFERENCE sym_k0007 0
REFERENCE sym_k0001 0
REFERENCE sym_k0006 0
REFERENCE sym_k0003 0
REFERENCE sym_k0008 0
REFERENCE sym_k0018 0
REFERENCE sym_k0008 0
REFERENCE sym_k0002 0
REFERENCE sym_k0001 0
REFERENCE sym_k0000 0
REFERENCE sym_k0001 0
REFERENCE sym_k0000 0
DECLARE sym_k0295 11 0
REFERENCE sym_k0004 0
REFERENCE sym_k0000 0
REFERENCE sym_k0006 0
REFERENCE sym_k0042 0
REFERENCE sym_k0001 0
REFERENCE sym_k0010 0
REFERENCE sym_k0006 0
REFERENCE sym_k0000 0
REFERENCE missing_7875 0
DECLARE sym_k0256 2 0
REFERENCE sym_k0000 0
REFERENCE sym_k0009 0
REFERENCE sym_k0004 0
REFERENCE sym_k0001 0
REFERENCE sym_k0004 0
REFERENCE sym_k0000 0
REFERENCE sym_k0208 0
REFERENCE sym_k0008 0
REFERENCE sym_k0000 0
REFERENCE sym_k0000 0
DECLARE sym_k0101 12 0
REFERENCE sym_k0040 0
REFERENCE sym_k0004 0
REFERENCE sym_k0001 0
REFERENCE sym_k0094 0
DECLARE sym_k0154 5 0
REFERENCE sym_k0000 0
REFERENCE sym_k0001 0
REFERENCE sym_k0002 0
REFERENCE sym_k0016 0
REFERENCE sym_k0011 0
REFERENCE sym_k0000 0
DECLARE sym_k0146 12 0
REFERENCE sym_k0003 0
REFERENCE sym_k0000 0
DECLARE sym_k0102 13 0
REFERENCE sym_k0100 0
REFERENCE sym_k0000 0
REFERENCE sym_k0002 0
REFERENCE sym_k0001 0
REFERENCE sym_k0020 0
DECLARE sym_k0173 9 0
REFERENCE sym_k0006 0
DECLARE sym_k0269 15 0
REFERENCE sym_k0002 0
DECLARE sym_k0074 15 0
REFERENCE missing_6763 0
REFERENCE sym_k0001 0
REFERENCE sym_k0032 0
REFERENCE sym_k0001 0
REFERENCE sym_k0029 0
REFERENCE sym_k0002 0
REFERENCE sym_k0006 0
REFERENCE sym_k0009 0
REFERENCE sym_k0000 0
REFERENCE sym_k0002 0
REFERENCE sym_k0004 0
REFERENCE sym_k0000 0
DECLARE sym_k0206 12 0
REFERENCE sym_k0000 0
REFERENCE sym_k0001 0
REFERENCE sym_k0004 0
DECLARE sym_k0069 10 0
REFERENCE sym_k0000 0
REFERENCE sym_k0010 0
REFERENCE sym_k0000 0
DECLARE sym_k0055 11 0
REFERENCE sym_k0000 0
REFERENCE sym_k0027 0
DECLARE sym_k0273 4 0
REFERENCE sym_k0000 0
DECLARE sym_k0183 4 0
REFERENCE sym_k0000 0
REFERENCE sym_k0000 0
REFERENCE sym_k0012 0
REFERENCE sym_k0010 0
REFERENCE missing_5372 0
REFERENCE sym_k0003 0
REFERENCE sym_k0041 0
REFERENCE sym_k0003 0
REFERENCE sym_k0001 0
REFERENCE sym_k0003 0
REFERENCE sym_k0000 0
REFERENCE sym_k0000 0
REFERENCE sym_k0000 0
REFERENCE sym_k0024 0
REFERENCE sym_k0000 0
REFERENCE missing_2945 0
REFERENCE sym_k0001 0
REFERENCE missing_2986 0
REFERENCE sym_k0000 0
REFERENCE sym_k0000 0
REFERENCE sym_k0008 0
REFERENCE sym_k0009 0
REFERENCE sym_k0000 0
REFERENCE sym_k0000 0
REFERENCE sym_k0000 0
REFERENCE missing_5635 0
DECLARE sym_k0238 14 0
REFERENCE sym_k0000 0
REFERENCE sym_k0094 0
REFERENCE sym_k0001 0
REFERENCE sym_k0000 0
REFERENCE sym_k0005 0
REFERENCE sym_k0014 0
REFERENCE missing_2135 0
REFERENCE sym_k0007 0
REFERENCE sym_k0000 0
REFERENCE sym_k0002 0
DECLARE sym_k0129 10 0
REFERENCE sym_k0001 0
REFERENCE sym_k0001 0
REFERENCE sym_k0000 0
REFERENCE sym_k0014 0
REFERENCE sym_k0004 0
REFERENCE sym_k0003 0
DECLARE sym_k0293 9 0
REFERENCE sym_k0000 0
REFERENCE sym_k0000 0
REFERENCE sym_k0005 0
REFERENCE sym_k0005 0
REFERENCE sym_k0000 0
REFERENCE sym_k0047 0
REFERENCE sym_k0011 0
REFERENCE sym_k0055 0
REFERENCE sym_k0000 0
REFERENCE sym_k0000 0
REFERENCE sym_k0000 0
REFERENCE sym_k0001 0
REFERENCE sym_k0021 0
REFERENCE sym_k0000 0
REFERENCE missing_3277 0
REFERENCE missing_9820 0
REFERENCE sym_k0035 0
REFERENCE sym_k0001 0
REFERENCE sym_k0001 0
REFERENCE sym_k0001 0
REFERENCE sym_k0000 0
REFERENCE sym_k0001 0
REFERENCE sym_k0042 0
REFERENCE missing_5321 0
REFERENCE sym_k0008 0
REFERENCE sym_k0020 0
REFERENCE sym_k0027 0
REFERENCE sym_k0002 0
REFERENCE sym_k0000 0
DECLARE sym_k0203 9 0
REFERENCE sym_k0001 0
REFERENCE sym_k0008 0
DECLARE sym_k0276 7 0
REFERENCE sym_k0000 0
REFERENCE sym_k0019 0
REFERENCE sym_k0004 0
REFERENCE sym_k0008 0
REFERENCE sym_k0006 0
REFERENCE sym_k0006 0
REFERENCE sym_k0001 0
REFERENCE sym_k0004 0
REFERENCE sym_k0005 0
REFERENCE sym_k0003 0
REFERENCE sym_k0000 0
REFERENCE sym_k0269 0
REFERENCE sym_k0001 0
REFERENCE sym_k0006 0
DECLARE sym_k0098 9 0
REFERENCE sym_k0005 0
REFERENCE sym_k0003 0
REFERENCE sym_k0004 0
REFERENCE sym_k0000 0
REFERENCE sym_k0000 0
REFERENCE sym_k0000 0
REFERENCE missing_2738 0
REFERENCE sym_k0001 0
REFERENCE missing_9596 0
DECLARE sym_k0205 11 0
DECLARE sym_k0126 7 0
REFERENCE sym_k0003 0
REFERENCE sym_k0004 0
REFERENCE sym_k0012 0
REFERENCE sym_k0001 0
REFERENCE sym_k0000 0
REFERENCE sym_k0001 0
REFERENCE sym_k0000 0
REFERENCE sym_k0000 0
REFERENCE sym_k0000 0
DECLARE sym_k0090 1 0
REFERENCE sym_k0028 0
REFERENCE sym_k0006 0
DECLARE sym_k0157 8 0
REFERENCE sym_k0041 0
REFERENCE sym_k0005 0
REFERENCE sym_k0001 0
REFERENCE missing_2793 0
REFERENCE sym_k0000 0
REFERENCE sym_k0001 0
REFERENCE sym_k0011 0
REFERENCE sym_k0005 0
REFERENCE sym_k0001 0
REFERENCE sym_k0002 0
REFERENCE sym_k0079 0
REFERENCE sym_k0001 0
REFERENCE sym_k0000 0
REFERENCE sym_k0001 0
REFERENCE sym_k0000 0
DECLARE sym_k0219 10 0
REFERENCE sym_k0000 0
REFERENCE sym_k0010 0
DECLARE sym_k0051 7 0
REFERENCE sym_k0030 0
REFERENCE sym_k0014 0
REFERENCE sym_k0000 0
REFERENCE sym_k0000 0
REFERENCE sym_k0000 0
REFERENCE sym_k0002 0
REFERENCE sym_k0002 0
REFERENCE sym_k0043 0
REFERENCE sym_k0082 0
REFERENCE sym_k0000 0
REFERENCE sym_k0020 0
REFERENCE missing_9868 0
REFERENCE sym_k0015 0
REFERENCE sym_k0000 0
REFERENCE sym_k0003 0
REFERENCE sym_k0000 0
REFERENCE sym_k0002 0
REFERENCE sym_k0015 0
REFERENCE sym_k0000 0
REFERENCE sym_k0001 0
REFERENCE sym_k0001 0
DECLARE sym_k0151 2 0
REFERENCE sym_k0002 0
REFERENCE sym_k0029 0
REFERENCE sym_k0009 0
REFERENCE sym_k0008 0
DECLARE sym_k0063 4 0
REFERENCE sym_k0002 0
REFERENCE sym_k0034 0
REFERENCE sym_k0003 0
REFERENCE sym_k0001 0
DECLARE sym_k0061 2 0
REFERENCE sym_k0001 0
REFERENCE sym_k0000 0
REFERENCE sym_k0028 0
REFERENCE sym_k0033 0
REFERENCE sym_k0020 0
REFERENCE sym_k0010 0
REFERENCE sym_k0000 0
REFERENCE sym_k0034 0
REFERENCE sym_k0000 0
REFERENCE sym_k0030 0
REFERENCE sym_k0003 0
REFERENCE sym_k0001 0
REFERENCE sym_k0002 0
REFERENCE sym_k0001 0
REFERENCE sym_k0000 0
REFERENCE sym_k0017 0
DECLARE sym_k0165 1 0
REFERENCE sym_k0001 0
REFERENCE sym_k0009 0
REFERENCE sym_k0003 0
REFERENCE sym_k0002 0
REFERENCE sym_k0010 0
REFERENCE sym_k0173 0
REFERENCE missing_5990 0
REFERENCE sym_k0000 0
REFERENCE sym_k0002 0
REFERENCE sym_k0002 0
REFERENCE sym_k0044 0
REFERENCE missing_5764 0
DECLARE sym_k0111 7 0
REFERENCE sym_k0010 0
DECLARE sym_k0140 6 0
REFERENCE sym_k0000 0
REFERENCE missing_9469 0
REFERENCE sym_k0000 0
REFERENCE sym_k0003 0
REFERENCE sym_k0000 0
REFERENCE sym_k0002 0
REFERENCE sym_k0012 0
REFERENCE sym_k0042 0
REFERENCE sym_k0000 0
DECLARE sym_k0124 5 0
REFERENCE sym_k0003 0
REFERENCE sym_k0001 0
REFERENCE sym_k0001 0
REFERENCE sym_k0000 0
REFERENCE sym_k0002 0
REFERENCE sym_k0004 0
REFERENCE sym_k0000 0
DECLARE sym_k0125 6 0
DECLARE sym_k0056 12 0
REFERENCE sym_k0061 0
REFERENCE sym_k0003 0
REFERENCE sym_k0017 0
REFERENCE sym_k0000 0
REFERENCE sym_k0001 0
DECLARE sym_k0150 1 0
REFERENCE sym_k0048 0
REFERENCE sym_k0055 0
REFERENCE sym_k0001 0
REFERENCE sym_k0001 0
REFERENCE sym_k0000 0
REFERENCE sym_k0003 0
REFERENCE sym_k0009 0
REFERENCE sym_k0048 0
REFERENCE sym_k0008 0
REFERENCE sym_k0006 0
DECLARE sym_k0226 2 0
REFERENCE missing_8060 0
REFERENCE sym_k0005 0
REFERENCE sym_k0226 0
REFERENCE sym_k0000 0
REFERENCE sym_k0159 0
REFERENCE sym_k0004 0
DECLARE sym_k0287 3 0
REFERENCE sym_k0003 0
REFERENCE sym_k0005 0
DECLARE sym_k0264 10 0
REFERENCE sym_k0001 0
REFERENCE sym_k0000 0
REFERENCE sym_k0000 0
REFERENCE sym_k0003 0
REFERENCE sym_k0000 0
REFERENCE sym_k0000 0
DECLARE sym_k0222 13 0
REFERENCE sym_k0000 0
REFERENCE sym_k0010 0
REFERENCE missing_8413 0
REFERENCE sym_k0020 0
DECLARE sym_k0176 12 0
REFERENCE sym_k0004 0
DECLARE sym_k0117 13 0
REFERENCE sym_k0000 0
REFERENCE sym_k0000 0
REFERENCE sym_k0046 0
REFERENCE sym_k0003 0
REFERENCE sym_k0006 0
REFERENCE sym_k0000 0
REFERENCE sym_k0007 0
REFERENCE sym_k0000 0
REFERENCE sym_k0295 0
REFERENCE sym_k0002 0
REFERENCE sym_k0023 0
REFERENCE sym_k0000 0
DECLARE sym_k0103 14 0
REFERENCE sym_k0012 0
REFERENCE sym_k0037 0
REFERENCE sym_k0007 0
DECLARE sym_k0121 2 0
REFERENCE sym_k0000 0
REFERENCE sym_k0000 0
REFERENCE missing_9030 0
REFERENCE sym_k0001 0
REFERENCE missing_7188 0
REFERENCE sym_k0004 0
REFERENCE sym_k0034 0
REFERENCE sym_k0000 0
REFERENCE sym_k0001 0
REFERENCE sym_k0016 0
REFERENCE sym_k0000 0
REFERENCE sym_k0000 0
REFERENCE missing_4239 0
REFERENCE sym_k0117 0
REFERENCE sym_k0007 0
REFERENCE sym_k0008 0
DECLARE sym_k0084 10 0
REFERENCE sym_k0003 0
REFERENCE sym_k0035 0
REFERENCE sym_k0004 0
REFERENCE sym_k0010 0
REFERENCE sym_k0002 0
REFERENCE sym_k0000 0
REFERENCE sym_k0002 0
REFERENCE sym_k0024 0
REFERENCE sym_k0002 0
REFERENCE sym_k0002 0
REFERENCE sym_k0026 0
DECLARE sym_k0147 13 0
REFERENCE sym_k0000 0
REFERENCE sym_k0004 0
REFERENCE sym_k0003 0
REFERENCE sym_k0000 0
REFERENCE sym_k0006 0
REFERENCE sym_k0011 0
REFERENCE sym_k0000 0
REFERENCE sym_k0000 0
REFERENCE sym_k0002 0
REFERENCE sym_k0013 0
REFERENCE sym_k0001 0
REFERENCE sym_k0033 0
REFERENCE sym_k0001 0
REFERENCE sym_k0003 0
REFERENCE sym_k0019 0
REFERENCE sym_k0055 0
REFERENCE missing_6679 0
REFERENCE sym_k0000 0
REFERENCE sym_k0000 0
REFERENCE sym_k0001 0
REFERENCE sym_k0074 0
REFERENCE sym_k0001 0
REFERENCE missing_7793 0
REFERENCE sym_k0000 0
REFERENCE sym_k0002 0
REFERENCE sym_k0003 0
REFERENCE sym_k0017 0
REFERENCE sym_k0024 0
REFERENCE sym_k0003 0
REFERENCE sym_k0003 0
REFERENCE sym_k0000 0
REFERENCE missing_4329 0
REFERENCE sym_k0000 0
REFERENCE sym_k0000 0
DECLARE sym_k0067 8 0
REFERENCE sym_k0001 0
REFERENCE sym_k0005 0
REFERENCE sym_k0000 0
REFERENCE sym_k0002 0
REFERENCE sym_k0009 0
REFERENCE sym_k0020 0
REFERENCE sym_k0035 0
REFERENCE sym_k0000 0
REFERENCE sym_k0003 0
REFERENCE sym_k0002 0
REFERENCE sym_k0009 0
REFERENCE sym_k0011 0
REFERENCE sym_k0001 0
REFERENCE sym_k0017 0
REFERENCE sym_k0001 0
REFERENCE sym_k0061 0
REFERENCE sym_k0000 0
REFERENCE sym_k0001 0
REFERENCE sym_k0000 0
REFERENCE sym_k0003 0
REFERENCE sym_k0000 0
REFERENCE sym_k0009 0
REFERENCE sym_k0000 0
REFERENCE sym_k0000 0
REFERENCE sym_k0001 0
REFERENCE sym_k0000 0
REFERENCE sym_k0125 0
REFERENCE sym_k0001 0
REFERENCE sym_k0040 0
REFERENCE sym_k0004 0
REFERENCE sym_k0008 0
REFERENCE missing_8225 0
REFERENCE sym_k0094 0
REFERENCE sym_k0004 0
REFERENCE sym_k0000 0
REFERENCE sym_k0016 0
REFERENCE sym_k0000 0
REFERENCE sym_k0025 0
REFERENCE sym_k0003 0
REFERENCE sym_k0022 0
REFERENCE sym_k0004 0
REFERENCE sym_k0000 0
REFERENCE sym_k0002 0
REFERENCE sym_k0071 0
REFERENCE sym_k0000 0
REFERENCE sym_k0006 0
REFERENCE sym_k0000 0
REFERENCE sym_k0099 0
REFERENCE sym_k0001 0
REFERENCE sym_k0020 0
REFERENCE sym_k0000 0
REFERENCE sym_k0007 0
REFERENCE sym_k0001 0
REFERENCE sym_k0026 0
REFERENCE sym_k0000 0
REFERENCE sym_k0001 0
REFERENCE sym_k0151 0
REFERENCE sym_k0000 0
REFERENCE sym_k0002 0
REFERENCE sym_k0001 0
REFERENCE sym_k0001 0
REFERENCE sym_k0003 0
DECLARE sym_k0291 7 0
REFERENCE sym_k0008 0
REFERENCE sym_k0009 0
REFERENCE sym_k0018 0
DECLARE sym_k0182 3 0
REFERENCE sym_k0001 0
DECLARE sym_k0064 5 0
REFERENCE sym_k0022 0
REFERENCE sym_k0010 0
REFERENCE sym_k0000 0
REFERENCE sym_k0003 0
REFERENCE sym_k0005 0
REFERENCE sym_k0003 0
REFERENCE sym_k0009 0
REFERENCE sym_k0021 0
REFERENCE sym_k0000 0
REFERENCE sym_k0013 0
DECLARE sym_k0277 8 0
REFERENCE sym_k0008 0
REFERENCE sym_k0000 0
REFERENCE sym_k0009 0
REFERENCE sym_k0023 0
REFERENCE sym_k0021 0
REFERENCE sym_k0004 0
REFERENCE sym_k0000 0
REFERENCE sym_k0004 0
REFERENCE missing_8350 0
REFERENCE sym_k0003 0
REFERENCE sym_k0004 0
REFERENCE sym_k0226 0
REFERENCE sym_k0002 0
DECLARE sym_k0053 9 0
REFERENCE sym_k0090 0
REFERENCE sym_k0008 0
REFERENCE sym_k0000 0
REFERENCE missing_8212 0
REFERENCE sym_k0003 0
REFERENCE sym_k0000 0
REFERENCE sym_k0094 0
REFERENCE sym_k0001 0
REFERENCE sym_k0046 0
REFERENCE sym_k0103 0
REFERENCE sym_k0000 0
REFERENCE sym_k0000 0
REFERENCE sym_k0000 0
REFERENCE sym_k0001 0
REFERENCE sym_k0000 0
REFERENCE sym_k0000 0
REFERENCE missing_1210 0
REFERENCE sym_k0063 0
REFERENCE missing_3196 0
REFERENCE sym_k0006 0
REFERENCE sym_k0000 0
REFERENCE sym_k0000 0
REFERENCE sym_k0000 0
REFERENCE sym_k0101 0
REFERENCE sym_k0011 0
REFERENCE sym_k0002 0
REFERENCE sym_k0000 0
REFERENCE sym_k0001 0
REFERENCE sym_k0000 0
REFERENCE sym_k0001 0
DECLARE sym_k0070 11 0
REFERENCE sym_k0000 0
REFERENCE sym_k0005 0
REFERENCE sym_k0000 0
REFERENCE sym_k0001 0
DECLARE sym_k0285 1 0
REFERENCE sym_k0099 0
REFERENCE sym_k0029 0
REFERENCE sym_k0002 0
REFERENCE sym_k0000 0
REFERENCE sym_k0007 0
REFERENCE sym_k0002 0
REFERENCE sym_k0006 0
REFERENCE sym_k0000 0
REFERENCE sym_k0000 0
REFERENCE sym_k0000 0
REFERENCE sym_k0003 0
REFERENCE sym_k0002 0
REFERENCE sym_k0005 0
REFERENCE sym_k0001 0
REFERENCE sym_k0001 0
REFERENCE sym_k0023 0
REFERENCE sym_k0000 0
REFERENCE sym_k0001 0
REFERENCE sym_k0000 0
REFERENCE sym_k0047 0
DECLARE sym_k0054 10 0
REFERENCE sym_k0014 0
REFERENCE sym_k0000 0
REFERENCE sym_k0000 0
REFERENCE sym_k0016 0
DECLARE sym_k0236 12 0
REFERENCE sym_k0070 0
REFERENCE sym_k0022 0
REFERENCE sym_k0098 0
DECLARE sym_k0166 2 0
REFERENCE sym_k0003 0
REFERENCE missing_3263 0
REFERENCE sym_k0040 0
REFERENCE sym_k0001 0
REFERENCE sym_k0002 0
REFERENCE sym_k0026 0
REFERENCE sym_k0028 0
REFERENCE sym_k0008 0
DECLARE sym_k0141 7 0
REFERENCE sym_k0010 0
REFERENCE sym_k0205 0
REFERENCE sym_k0117 0
REFERENCE sym_k0000 0
REFERENCE sym_k0000 0
REFERENCE sym_k0002 0
REFERENCE sym_k0005 0
REFERENCE sym_k0001 0
REFERENCE sym_k0000 0
REFERENCE sym_k0000 0
REFERENCE sym_k0001 0
REFERENCE sym_k0042 0
REFERENCE sym_k0034 0
REFERENCE sym_k0001 0
REFERENCE sym_k0000 0
REFERENCE missing_7144 0
REFERENCE sym_k0001 0
DECLARE sym_k0096 7 0
REFERENCE sym_k0000 0
REFERENCE sym_k0007 0
REFERENCE sym_k0000 0
REFERENCE sym_k0001 0
REFERENCE sym_k0122 0
REFERENCE sym_k0001 0
REFERENCE sym_k0001 0
REFERENCE sym_k0005 0
REFERENCE sym_k0023 0
REFERENCE sym_k0018 0
REFERENCE sym_k0007 0
REFERENCE sym_k0006 0
REFERENCE sym_k0004 0
REFERENCE sym_k0000 0
REFERENCE sym_k0005 0
REFERENCE sym_k0003 0
REFERENCE sym_k0004 0
REFERENCE sym_k0008 0
DECLARE sym_k0131 12 0
REFERENCE sym_k0016 0
REFERENCE sym_k0000 0
REFERENCE sym_k0002 0
REFERENCE sym_k0000 0
REFERENCE sym_k0001 0
REFERENCE sym_k0000 0
REFERENCE sym_k0000 0
REFERENCE sym_k0055 0
REFERENCE sym_k0276 0
REFERENCE sym_k0001 0
REFERENCE sym_k0001 0
DECLARE sym_k0073 14 0
REFERENCE sym_k0236 0
REFERENCE sym_k0000 0
DECLARE sym_k0198 4 0
REFERENCE sym_k0002 0
REFERENCE sym_k0001 0
REFERENCE sym_k0001 0
REFERENCE sym_k0012 0
REFERENCE sym_k0000 0
REFERENCE sym_k0000 0
REFERENCE sym_k0001 0
REFERENCE sym_k0002 0
REFERENCE sym_k0000 0
REFERENCE sym_k0045 0
DECLARE sym_k0201 7 0
REFERENCE sym_k0000 0
REFERENCE sym_k0001 0
REFERENCE sym_k0004 0
REFERENCE sym_k0001 0
REFERENCE sym_k0015 0
REFERENCE sym_k0001 0
REFERENCE sym_k0049 0
REFERENCE sym_k0000 0
REFERENCE sym_k0000 0
REFERENCE sym_k0002 0
REFERENCE sym_k0000 0
REFERENCE sym_k0002 0
REFERENCE sym_k0000 0
REFERENCE missing_7203 0
REFERENCE sym_k0003 0
REFERENCE sym_k0007 0
REFERENCE sym_k0000 0
REFERENCE sym_k0061 0
REFERENCE sym_k0002 0
DECLARE sym_k0281 12 0
REFERENCE sym_k0000 0
REFERENCE sym_k0002 0
REFERENCE sym_k0000 0
REFERENCE sym_k0016 0
REFERENCE sym_k0006 0
DECLARE sym_k0065 6 0
REFERENCE sym_k0006 0
REFERENCE sym_k0001 0
REFERENCE sym_k0000 0
REFERENCE sym_k0004 0
REFERENCE sym_k0000 0
REFERENCE missing_2508 0
REFERENCE sym_k0000 0
REFERENCE sym_k0000 0
REFERENCE sym_k0000 0
DECLARE sym_k0142 8 0
REFERENCE sym_k0000 0
REFERENCE sym_k0015 0
REFERENCE sym_k0000 0
REFERENCE sym_k0002 0
REFERENCE sym_k0006 0
REFERENCE sym_k0002 0
REFERENCE sym_k0001 0
REFERENCE sym_k0001 0
REFERENCE sym_k0006 0
DECLARE sym_k0240 1 0
REFERENCE sym_k0000 0
REFERENCE sym_k0002 0
REFERENCE sym_k0100 0
REFERENCE sym_k0005 0
REFERENCE sym_k0002 0
DECLARE sym_k0237 13 0
REFERENCE sym_k0000 0
REFERENCE sym_k0000 0
REFERENCE sym_k0099 0
REFERENCE sym_k0004 0
REFERENCE sym_k0000 0
REFERENCE sym_k0000 0
REFERENCE missing_8553 0
REFERENCE sym_k0008 0
REFERENCE sym_k0001 0
REFERENCE sym_k0001 0
REFERENCE sym_k0001 0
REFERENCE sym_k0006 0
REFERENCE sym_k0020 0
REFERENCE sym_k0000 0
REFERENCE sym_k0000 0
REFERENCE sym_k0004 0
REFERENCE sym_k0017 0
REFERENCE sym_k0000 0
REFERENCE sym_k0001 0
REFERENCE sym_k0001 0
REFERENCE sym_k0000 0
REFERENCE sym_k0004 0
REFERENCE sym_k0006 0
REFERENCE sym_k0015 0
REFERENCE sym_k0001 0
REFERENCE sym_k0047 0
REFERENCE sym_k0044 0
REFERENCE sym_k0030 0
REFERENCE sym_k0020 0
REFERENCE sym_k0000 0
REFERENCE sym_k0000 0
REFERENCE sym_k0007 0
REFERENCE sym_k0001 0
REFERENCE sym_k0003 0
REFERENCE sym_k0045 0
REFERENCE missing_3854 0
REFERENCE sym_k0042 0
REFERENCE sym_k0000 0
EXIT_SCOPE 0
