# ColliScope Frequency-Matched Synthetic Trace
# Parameters: seed=69, zipf_s=1.244, scope=nested, type=declaration-heavy, replicate=1
ENTER_SCOPE 0
DECLARE sym_k0000 1 0
DECLARE sym_k0001 2 0
DECLARE sym_k0002 3 0
DECLARE sym_k0003 4 0
DECLARE sym_k0004 5 0
DECLARE sym_k0005 6 0
DECLARE sym_k0006 7 0
DECLARE sym_k0007 8 0
DECLARE sym_k0008 9 0
DECLARE sym_k0009 10 0
DECLARE sym_k0010 1 0
DECLARE sym_k0011 2 0
DECLARE sym_k0012 3 0
DECLARE sym_k0013 4 0
DECLARE sym_k0014 5 0
DECLARE sym_k0015 6 0
DECLARE sym_k0016 7 0
DECLARE sym_k0017 8 0
DECLARE sym_k0018 9 0
DECLARE sym_k0019 10 0
DECLARE sym_k0020 1 0
DECLARE sym_k0021 2 0
DECLARE sym_k0022 3 0
DECLARE sym_k0023 4 0
DECLARE sym_k0024 5 0
DECLARE sym_k0025 6 0
DECLARE sym_k0026 7 0
DECLARE sym_k0027 8 0
DECLARE sym_k0028 9 0
DECLARE sym_k0029 10 0
DECLARE sym_k0030 1 0
DECLARE sym_k0031 2 0
DECLARE sym_k0032 3 0
DECLARE sym_k0033 4 0
DECLARE sym_k0034 5 0
DECLARE sym_k0035 6 0
DECLARE sym_k0036 7 0
DECLARE sym_k0037 8 0
DECLARE sym_k0038 9 0
DECLARE sym_k0039 10 0
DECLARE sym_k0040 1 0
DECLARE sym_k0041 2 0
DECLARE sym_k0042 3 0
DECLARE sym_k0043 4 0
DECLARE sym_k0044 5 0
DECLARE sym_k0045 6 0
DECLARE sym_k0046 7 0
DECLARE sym_k0047 8 0
DECLARE sym_k0048 9 0
DECLARE sym_k0049 10 0
REFERENCE sym_k0006 0
ENTER_SCOPE 1 0
DECLARE sym_k0004 5 1
DECLARE sym_k0058 14 1
DECLARE sym_k0018 4 1
REFERENCE sym_k0003 1
REFERENCE sym_k0037 1
REFERENCE sym_k0005 1
REFERENCE sym_k0002 1
DECLARE sym_k0000 1 1
DECLARE sym_k0012 13 1
DECLARE sym_k0028 14 1
DECLARE sym_k0015 1 1
DECLARE sym_k0177 13 1
DECLARE sym_k0016 2 1
REFERENCE sym_k0000 1
DECLARE sym_k0115 11 1
DECLARE sym_k0039 10 1
REFERENCE sym_k0012 1
REFERENCE sym_k0018 1
REFERENCE missing_7345 1
REFERENCE sym_k0000 1
REFERENCE sym_k0000 1
REFERENCE sym_k0004 1
REFERENCE missing_4579 1
ENTER_SCOPE 2 1
DECLARE sym_k0086 12 2
DECLARE sym_k0016 2 2
DECLARE sym_k0080 6 2
REFERENCE sym_k0001 2
DECLARE sym_k0003 4 2
REFERENCE sym_k0001 2
ENTER_SCOPE 3 2
DECLARE sym_k0005 6 3
DECLARE sym_k0057 13 3
DECLARE sym_k0004 5 3
REFERENCE sym_k0023 3
DECLARE sym_k0104 15 3
DECLARE sym_k0002 3 3
REFERENCE sym_k0004 3
REFERENCE sym_k0005 3
DECLARE sym_k0003 4 3
REFERENCE sym_k0048 3
REFERENCE sym_k0004 3
DECLARE sym_k0000 1 3
REFERENCE sym_k0003 3
REFERENCE sym_k0000 3
REFERENCE sym_k0005 3
ENTER_SCOPE 4 3
REFERENCE sym_k0004 4
EXIT_SCOPE 4
REFERENCE missing_6963 3
DECLARE sym_k0047 3 3
DECLARE sym_k0001 2 3
REFERENCE sym_k0038 3
REFERENCE sym_k0000 3
REFERENCE sym_k0002 3
DECLARE sym_k0042 13 3
ENTER_SCOPE 5 3
DECLARE sym_k0001 2 5
EXIT_SCOPE 5
REFERENCE sym_k0002 3
DECLARE sym_k0019 5 3
DECLARE sym_k0013 14 3
REFERENCE sym_k0000 3
REFERENCE sym_k0000 3
REFERENCE sym_k0000 3
REFERENCE sym_k0006 3
REFERENCE sym_k0003 3
EXIT_SCOPE 3
REFERENCE sym_k0012 2
REFERENCE sym_k0000 2
DECLARE sym_k0054 10 2
DECLARE sym_k0044 15 2
DECLARE sym_k0008 9 2
REFERENCE missing_7322 2
DECLARE sym_k0001 2 2
DECLARE sym_k0010 11 2
DECLARE sym_k0022 8 2
REFERENCE missing_3561 2
ENTER_SCOPE 6 2
DECLARE sym_k0004 5 6
EXIT_SCOPE 6
DECLARE sym_k0000 1 2
DECLARE sym_k0009 10 2
REFERENCE sym_k0018 2
REFERENCE sym_k0000 2
DECLARE sym_k0005 6 2
DECLARE sym_k0282 13 2
DECLARE sym_k0006 7 2
ENTER_SCOPE 7 2
DECLARE sym_k0000 1 7
REFERENCE sym_k0000 7
REFERENCE sym_k0000 7
DECLARE sym_k0014 15 7
DECLARE sym_k0030 1 7
DECLARE sym_k0031 2 7
REFERENCE sym_k0000 7
REFERENCE sym_k0006 7
REFERENCE sym_k0005 7
REFERENCE sym_k0000 7
REFERENCE sym_k0000 7
DECLARE sym_k0002 3 7
REFERENCE sym_k0000 7
DECLARE sym_k0009 10 7
REFERENCE sym_k0004 7
REFERENCE sym_k0002 7
DECLARE sym_k0114 10 7
REFERENCE sym_k0000 7
DECLARE sym_k0063 4 7
REFERENCE sym_k0000 7
REFERENCE sym_k0002 7
DECLARE sym_k0001 2 7
REFERENCE sym_k0046 7
REFERENCE sym_k0033 7
REFERENCE sym_k0002 7
REFERENCE sym_k0000 7
REFERENCE sym_k0114 7
EXIT_SCOPE 7
DECLARE sym_k0017 3 2
DECLARE sym_k0002 3 2
REFERENCE missing_8162 2
EXIT_SCOPE 2
REFERENCE sym_k0000 1
REFERENCE sym_k0005 1
DECLARE sym_k0050 6 1
DECLARE sym_k0001 2 1
DECLARE sym_k0002 3 1
DECLARE sym_k0021 7 1
REFERENCE sym_k0000 1
DECLARE sym_k0020 6 1
DECLARE sym_k0085 11 1
DECLARE sym_k0003 4 1
REFERENCE missing_4787 1
REFERENCE sym_k0010 1
DECLARE sym_k0009 10 1
DECLARE sym_k0005 6 1
DECLARE sym_k0007 8 1
REFERENCE sym_k0021 1
REFERENCE sym_k0001 1
DECLARE sym_k0024 10 1
REFERENCE sym_k0003 1
REFERENCE sym_k0034 1
REFERENCE sym_k0001 1
REFERENCE sym_k0001 1
REFERENCE sym_k0001 1
REFERENCE sym_k0012 1
REFERENCE sym_k0001 1
REFERENCE sym_k0002 1
REFERENCE sym_k0000 1
REFERENCE sym_k0000 1
REFERENCE sym_k0003 1
REFERENCE sym_k0000 1
REFERENCE sym_k0003 1
DECLARE sym_k0008 9 1
ENTER_SCOPE 8 1
DECLARE sym_k0001 2 8
DECLARE sym_k0013 14 8
DECLARE sym_k0000 1 8
REFERENCE sym_k0000 8
DECLARE sym_k0005 6 8
DECLARE sym_k0002 3 8
REFERENCE sym_k0000 8
REFERENCE sym_k0000 8
DECLARE sym_k0007 8 8
REFERENCE sym_k0020 8
ENTER_SCOPE 9 8
REFERENCE sym_k0000 9
DECLARE sym_k0014 15 9
EXIT_SCOPE 9
DECLARE sym_k0004 5 8
DECLARE sym_k0044 15 8
REFERENCE sym_k0000 8
REFERENCE sym_k0000 8
REFERENCE missing_2357 8
DECLARE sym_k0046 2 8
REFERENCE sym_k0000 8
REFERENCE sym_k0001 8
EXIT_SCOPE 8
REFERENCE sym_k0000 1
REFERENCE sym_k0012 1
REFERENCE sym_k0000 1
REFERENCE sym_k0001 1
REFERENCE sym_k0000 1
REFERENCE sym_k0000 1
DECLARE sym_k0282 13 1
REFERENCE sym_k0041 1
REFERENCE sym_k0042 1
REFERENCE sym_k0003 1
REFERENCE sym_k0027 1
DECLARE sym_k0216 7 1
REFERENCE sym_k0004 1
REFERENCE sym_k0002 1
ENTER_SCOPE 10 1
DECLARE sym_k0007 8 10
REFERENCE sym_k0016 10
ENTER_SCOPE 11 10
REFERENCE missing_9319 11
REFERENCE sym_k0008 11
DECLARE sym_k0001 2 11
ENTER_SCOPE 12 11
DECLARE sym_k0014 15 12
DECLARE sym_k0000 1 12
DECLARE sym_k0173 9 12
DECLARE sym_k0002 3 12
REFERENCE sym_k0002 12
REFERENCE missing_7603 12
REFERENCE sym_k0000 12
ENTER_SCOPE 13 12
ENTER_SCOPE 14 13
DECLARE sym_k0001 2 14
DECLARE sym_k0000 1 14
DECLARE sym_k0004 5 14
REFERENCE sym_k0000 14
REFERENCE sym_k0004 14
REFERENCE sym_k0003 14
REFERENCE sym_k0000 14
DECLARE sym_k0011 12 14
REFERENCE missing_6503 14
DECLARE sym_k0097 8 14
REFERENCE sym_k0000 14
DECLARE sym_k0016 2 14
REFERENCE sym_k0000 14
EXIT_SCOPE 14
DECLARE sym_k0000 1 13
REFERENCE sym_k0005 13
DECLARE sym_k0072 13 13
DECLARE sym_k0083 9 13
DECLARE sym_k0006 7 13
REFERENCE sym_k0000 13
DECLARE sym_k0003 4 13
DECLARE sym_k0031 2 13
ENTER_SCOPE 15 13
DECLARE sym_k0000 1 15
DECLARE sym_k0018 4 15
REFERENCE sym_k0000 15
DECLARE sym_k0003 4 15
REFERENCE sym_k0004 15
DECLARE sym_k0158 9 15
DECLARE sym_k0011 12 15
DECLARE sym_k0040 11 15
DECLARE sym_k0008 9 15
DECLARE sym_k0043 14 15
REFERENCE sym_k0001 15
DECLARE sym_k0017 3 15
REFERENCE sym_k0003 15
DECLARE sym_k0006 7 15
REFERENCE sym_k0003 15
DECLARE sym_k0053 9 15
DECLARE sym_k0002 3 15
REFERENCE sym_k0003 15
DECLARE sym_k0001 2 15
REFERENCE sym_k0001 15
REFERENCE sym_k0004 15
REFERENCE sym_k0001 15
REFERENCE sym_k0000 15
REFERENCE sym_k0002 15
REFERENCE sym_k0000 15
REFERENCE sym_k0002 15
REFERENCE sym_k0000 15
DECLARE sym_k0072 13 15
REFERENCE sym_k0000 15
DECLARE sym_k0130 11 15
REFERENCE sym_k0002 15
REFERENCE sym_k0034 15
REFERENCE sym_k0000 15
REFERENCE sym_k0000 15
REFERENCE sym_k0000 15
DECLARE sym_k0023 9 15
REFERENCE sym_k0023 15
ENTER_SCOPE 16 15
DECLARE sym_k0045 1 16
DECLARE sym_k0003 4 16
DECLARE sym_k0014 15 16
REFERENCE sym_k0003 16
EXIT_SCOPE 16
DECLARE sym_k0004 5 15
DECLARE sym_k0009 10 15
REFERENCE sym_k0009 15
DECLARE sym_k0010 11 15
REFERENCE sym_k0001 15
REFERENCE sym_k0000 15
REFERENCE sym_k0018 15
REFERENCE sym_k0000 15
DECLARE sym_k0035 6 15
DECLARE sym_k0014 15 15
REFERENCE sym_k0000 15
DECLARE sym_k0220 11 15
DECLARE sym_k0028 14 15
REFERENCE sym_k0006 15
DECLARE sym_k0055 11 15
ENTER_SCOPE 17 15
EXIT_SCOPE 17
REFERENCE sym_k0000 15
REFERENCE missing_2609 15
REFERENCE sym_k0001 15
REFERENCE sym_k0001 15
REFERENCE sym_k0039 15
REFERENCE sym_k0008 15
DECLARE sym_k0059 15 15
EXIT_SCOPE 15
REFERENCE sym_k0000 13
ENTER_SCOPE 18 13
DECLARE sym_k0004 5 18
REFERENCE sym_k0028 18
REFERENCE sym_k0012 18
REFERENCE sym_k0004 18
REFERENCE sym_k0000 18
DECLARE sym_k0097 8 18
DECLARE sym_k0000 1 18
REFERENCE sym_k0007 18
REFERENCE missing_6886 18
DECLARE sym_k0068 9 18
DECLARE sym_k0049 5 18
DECLARE sym_k0008 9 18
DECLARE sym_k0002 3 18
REFERENCE sym_k0003 18
REFERENCE sym_k0000 18
REFERENCE sym_k0001 18
REFERENCE sym_k0000 18
ENTER_SCOPE 19 18
DECLARE sym_k0003 4 19
DECLARE sym_k0067 8 19
DECLARE sym_k0012 13 19
REFERENCE sym_k0002 19
REFERENCE missing_2144 19
REFERENCE sym_k0000 19
DECLARE sym_k0164 15 19
REFERENCE sym_k0000 19
DECLARE sym_k0008 9 19
EXIT_SCOPE 19
EXIT_SCOPE 18
DECLARE sym_k0001 2 13
DECLARE sym_k0004 5 13
REFERENCE sym_k0000 13
REFERENCE sym_k0007 13
DECLARE sym_k0041 12 13
REFERENCE sym_k0007 13
DECLARE sym_k0043 14 13
DECLARE sym_k0011 12 13
REFERENCE sym_k0006 13
REFERENCE sym_k0022 13
REFERENCE sym_k0000 13
REFERENCE sym_k0001 13
REFERENCE sym_k0000 13
REFERENCE sym_k0001 13
REFERENCE sym_k0002 13
REFERENCE sym_k0002 13
REFERENCE sym_k0000 13
REFERENCE sym_k0004 13
DECLARE sym_k0010 11 13
REFERENCE sym_k0008 13
DECLARE sym_k0025 11 13
REFERENCE missing_3598 13
REFERENCE sym_k0000 13
REFERENCE sym_k0001 13
ENTER_SCOPE 20 13
REFERENCE sym_k0022 20
REFERENCE sym_k0048 20
DECLARE sym_k0207 13 20
DECLARE sym_k0262 8 20
DECLARE sym_k0021 7 20
DECLARE sym_k0221 12 20
REFERENCE sym_k0001 20
REFERENCE sym_k0001 20
DECLARE sym_k0011 12 20
DECLARE sym_k0000 1 20
DECLARE sym_k0002 3 20
DECLARE sym_k0170 6 20
REFERENCE sym_k0000 20
REFERENCE sym_k0000 20
REFERENCE sym_k0038 20
REFERENCE sym_k0000 20
REFERENCE sym_k0000 20
REFERENCE sym_k0000 20
REFERENCE sym_k0019 20
REFERENCE sym_k0000 20
REFERENCE sym_k0025 20
REFERENCE missing_3880 20
DECLARE sym_k0066 7 20
DECLARE sym_k0001 2 20
DECLARE sym_k0059 15 20
REFERENCE sym_k0000 20
REFERENCE sym_k0002 20
DECLARE sym_k0077 3 20
DECLARE sym_k0165 1 20
REFERENCE sym_k0000 20
DECLARE sym_k0036 7 20
DECLARE sym_k0152 3 20
EXIT_SCOPE 20
EXIT_SCOPE 13
DECLARE sym_k0141 7 12
REFERENCE sym_k0000 12
DECLARE sym_k0004 5 12
REFERENCE sym_k0000 12
REFERENCE sym_k0009 12
REFERENCE sym_k0002 12
DECLARE sym_k0066 7 12
DECLARE sym_k0003 4 12
REFERENCE sym_k0003 12
DECLARE sym_k0262 8 12
DECLARE sym_k0008 9 12
REFERENCE sym_k0005 12
DECLARE sym_k0098 9 12
REFERENCE sym_k0000 12
DECLARE sym_k0026 12 12
REFERENCE sym_k0000 12
ENTER_SCOPE 21 12
REFERENCE sym_k0012 21
DECLARE sym_k0001 2 21
DECLARE sym_k0183 4 21
REFERENCE sym_k0004 21
DECLARE sym_k0000 1 21
DECLARE sym_k0160 11 21
DECLARE sym_k0237 13 21
DECLARE sym_k0003 4 21
DECLARE sym_k0002 3 21
REFERENCE sym_k0000 21
ENTER_SCOPE 22 21
DECLARE sym_k0003 4 22
DECLARE sym_k0000 1 22
DECLARE sym_k0039 10 22
DECLARE sym_k0005 6 22
EXIT_SCOPE 22
REFERENCE sym_k0001 21
DECLARE sym_k0195 1 21
DECLARE sym_k0060 1 21
DECLARE sym_k0087 13 21
REFERENCE sym_k0000 21
DECLARE sym_k0013 14 21
DECLARE sym_k0039 10 21
REFERENCE sym_k0003 21
REFERENCE sym_k0001 21
REFERENCE sym_k0027 21
REFERENCE sym_k0030 21
DECLARE sym_k0040 11 21
ENTER_SCOPE 23 21
DECLARE sym_k0001 2 23
DECLARE sym_k0000 1 23
REFERENCE sym_k0025 23
REFERENCE sym_k0004 23
DECLARE sym_k0002 3 23
REFERENCE sym_k0011 23
REFERENCE sym_k0000 23
REFERENCE sym_k0001 23
EXIT_SCOPE 23
REFERENCE sym_k0003 21
DECLARE sym_k0018 4 21
EXIT_SCOPE 21
REFERENCE sym_k0001 12
REFERENCE sym_k0000 12
DECLARE sym_k0040 11 12
EXIT_SCOPE 12
REFERENCE sym_k0004 11
REFERENCE sym_k0033 11
DECLARE sym_k0002 3 11
DECLARE sym_k0000 1 11
REFERENCE sym_k0000 11
REFERENCE sym_k0002 11
REFERENCE sym_k0000 11
ENTER_SCOPE 24 11
DECLARE sym_k0004 5 24
DECLARE sym_k0001 2 24
REFERENCE sym_k0005 24
DECLARE sym_k0120 1 24
REFERENCE sym_k0000 24
REFERENCE sym_k0008 24
DECLARE sym_k0016 2 24
DECLARE sym_k0027 13 24
REFERENCE sym_k0004 24
DECLARE sym_k0000 1 24
DECLARE sym_k0076 2 24
REFERENCE sym_k0002 24
REFERENCE sym_k0000 24
DECLARE sym_k0012 13 24
REFERENCE sym_k0003 24
REFERENCE sym_k0000 24
ENTER_SCOPE 25 24
DECLARE sym_k0000 1 25
REFERENCE sym_k0018 25
ENTER_SCOPE 26 25
EXIT_SCOPE 26
REFERENCE sym_k0000 25
ENTER_SCOPE 27 25
REFERENCE sym_k0000 27
ENTER_SCOPE 28 27
REFERENCE sym_k0004 28
DECLARE sym_k0009 10 28
REFERENCE sym_k0013 28
REFERENCE sym_k0012 28
DECLARE sym_k0151 2 28
DECLARE sym_k0048 4 28
DECLARE sym_k0000 1 28
REFERENCE sym_k0000 28
REFERENCE sym_k0000 28
REFERENCE sym_k0000 28
REFERENCE sym_k0007 28
REFERENCE sym_k0024 28
REFERENCE sym_k0000 28
DECLARE sym_k0024 10 28
DECLARE sym_k0002 3 28
REFERENCE sym_k0009 28
DECLARE sym_k0001 2 28
EXIT_SCOPE 28
REFERENCE sym_k0001 27
DECLARE sym_k0001 2 27
DECLARE sym_k0000 1 27
REFERENCE sym_k0001 27
DECLARE sym_k0012 13 27
DECLARE sym_k0060 1 27
REFERENCE sym_k0000 27
DECLARE sym_k0025 11 27
DECLARE sym_k0002 3 27
REFERENCE sym_k0001 27
REFERENCE sym_k0002 27
REFERENCE sym_k0000 27
REFERENCE sym_k0006 27
ENTER_SCOPE 29 27
REFERENCE missing_7960 29
DECLARE sym_k0001 2 29
DECLARE sym_k0000 1 29
REFERENCE sym_k0001 29
DECLARE sym_k0002 3 29
REFERENCE sym_k0000 29
DECLARE sym_k0027 13 29
REFERENCE sym_k0000 29
DECLARE sym_k0088 14 29
EXIT_SCOPE 29
REFERENCE sym_k0000 27
ENTER_SCOPE 30 27
DECLARE sym_k0012 13 30
EXIT_SCOPE 30
DECLARE sym_k0007 8 27
ENTER_SCOPE 31 27
DECLARE sym_k0000 1 31
REFERENCE sym_k0006 31
DECLARE sym_k0011 12 31
DECLARE sym_k0002 3 31
REFERENCE sym_k0000 31
REFERENCE sym_k0000 31
DECLARE sym_k0003 4 31
DECLARE sym_k0001 2 31
REFERENCE sym_k0001 31
REFERENCE sym_k0003 31
REFERENCE sym_k0004 31
REFERENCE missing_7661 31
DECLARE sym_k0057 13 31
REFERENCE sym_k0001 31
DECLARE sym_k0007 8 31
DECLARE sym_k0203 9 31
REFERENCE sym_k0003 31
REFERENCE sym_k0019 31
REFERENCE sym_k0001 31
DECLARE sym_k0021 7 31
REFERENCE sym_k0000 31
DECLARE sym_k0054 10 31
REFERENCE sym_k0000 31
EXIT_SCOPE 31
REFERENCE sym_k0013 27
REFERENCE sym_k0001 27
REFERENCE sym_k0003 27
REFERENCE sym_k0001 27
REFERENCE sym_k0000 27
DECLARE sym_k0059 15 27
REFERENCE sym_k0002 27
REFERENCE sym_k0002 27
REFERENCE sym_k0000 27
REFERENCE sym_k0000 27
DECLARE sym_k0116 12 27
REFERENCE sym_k0000 27
DECLARE sym_k0129 10 27
REFERENCE sym_k0000 27
REFERENCE sym_k0001 27
DECLARE sym_k0004 5 27
DECLARE sym_k0048 4 27
DECLARE sym_k0098 9 27
REFERENCE sym_k0000 27
REFERENCE sym_k0007 27
REFERENCE sym_k0000 27
DECLARE sym_k0009 10 27
REFERENCE sym_k0000 27
ENTER_SCOPE 32 27
EXIT_SCOPE 32
REFERENCE sym_k0000 27
REFERENCE sym_k0000 27
DECLARE sym_k0019 5 27
DECLARE sym_k0174 10 27
REFERENCE sym_k0006 27
DECLARE sym_k0024 10 27
REFERENCE sym_k0000 27
REFERENCE sym_k0000 27
REFERENCE sym_k0000 27
REFERENCE sym_k0017 27
REFERENCE sym_k0004 27
REFERENCE sym_k0003 27
REFERENCE sym_k0004 27
ENTER_SCOPE 33 27
REFERENCE sym_k0001 33
DECLARE sym_k0001 2 33
DECLARE sym_k0020 6 33
DECLARE sym_k0000 1 33
DECLARE sym_k0008 9 33
DECLARE sym_k0030 1 33
DECLARE sym_k0004 5 33
REFERENCE sym_k0000 33
REFERENCE sym_k0030 33
REFERENCE sym_k0001 33
DECLARE sym_k0014 15 33
REFERENCE sym_k0001 33
REFERENCE sym_k0000 33
DECLARE sym_k0027 13 33
REFERENCE sym_k0001 33
DECLARE sym_k0002 3 33
EXIT_SCOPE 33
REFERENCE sym_k0000 27
REFERENCE sym_k0000 27
REFERENCE sym_k0001 27
REFERENCE sym_k0000 27
REFERENCE sym_k0004 27
REFERENCE sym_k0000 27
EXIT_SCOPE 27
EXIT_SCOPE 25
DECLARE sym_k0006 7 24
DECLARE sym_k0106 2 24
REFERENCE sym_k0008 24
DECLARE sym_k0111 7 24
REFERENCE missing_6464 24
DECLARE sym_k0003 4 24
EXIT_SCOPE 24
REFERENCE sym_k0000 11
DECLARE sym_k0024 10 11
DECLARE sym_k0199 5 11
REFERENCE sym_k0000 11
ENTER_SCOPE 34 11
REFERENCE sym_k0001 34
DECLARE sym_k0005 6 34
DECLARE sym_k0293 9 34
DECLARE sym_k0014 15 34
DECLARE sym_k0002 3 34
REFERENCE sym_k0000 34
DECLARE sym_k0001 2 34
REFERENCE sym_k0006 34
REFERENCE sym_k0001 34
REFERENCE sym_k0000 34
DECLARE sym_k0000 1 34
DECLARE sym_k0026 12 34
EXIT_SCOPE 34
DECLARE sym_k0221 12 11
DECLARE sym_k0013 14 11
REFERENCE missing_4964 11
REFERENCE sym_k0002 11
DECLARE sym_k0257 3 11
DECLARE sym_k0049 5 11
REFERENCE sym_k0019 11
DECLARE sym_k0141 7 11
REFERENCE sym_k0000 11
EXIT_SCOPE 11
DECLARE sym_k0000 1 10
DECLARE sym_k0001 2 10
REFERENCE sym_k0002 10
REFERENCE sym_k0000 10
DECLARE sym_k0028 14 10
REFERENCE sym_k0000 10
DECLARE sym_k0050 6 10
DECLARE sym_k0003 4 10
REFERENCE sym_k0000 10
REFERENCE sym_k0003 10
REFERENCE sym_k0000 10
DECLARE sym_k0225 1 10
REFERENCE sym_k0000 10
DECLARE sym_k0035 6 10
EXIT_SCOPE 10
REFERENCE sym_k0033 1
DECLARE sym_k0027 13 1
REFERENCE sym_k0001 1
REFERENCE sym_k0015 1
REFERENCE sym_k0000 1
DECLARE sym_k0045 1 1
REFERENCE sym_k0000 1
REFERENCE sym_k0001 1
REFERENCE sym_k0000 1
DECLARE sym_k0047 3 1
DECLARE sym_k0017 3 1
REFERENCE sym_k0030 1
REFERENCE sym_k0003 1
REFERENCE sym_k0003 1
REFERENCE sym_k0008 1
REFERENCE sym_k0005 1
DECLARE sym_k0042 13 1
DECLARE sym_k0116 12 1
REFERENCE sym_k0002 1
DECLARE sym_k0041 12 1
REFERENCE missing_9863 1
DECLARE sym_k0011 12 1
DECLARE sym_k0249 10 1
REFERENCE sym_k0004 1
REFERENCE sym_k0011 1
ENTER_SCOPE 35 1
DECLARE sym_k0033 4 35
DECLARE sym_k0017 3 35
DECLARE sym_k0004 5 35
REFERENCE sym_k0004 35
DECLARE sym_k0000 1 35
DECLARE sym_k0160 11 35
DECLARE sym_k0021 7 35
REFERENCE sym_k0000 35
EXIT_SCOPE 35
REFERENCE sym_k0003 1
REFERENCE sym_k0014 1
EXIT_SCOPE 1
REFERENCE sym_k0000 0
REFERENCE sym_k0003 0
REFERENCE sym_k0011 0
REFERENCE sym_k0000 0
REFERENCE sym_k0038 0
REFERENCE sym_k0033 0
REFERENCE sym_k0000 0
REFERENCE sym_k0043 0
REFERENCE sym_k0009 0
REFERENCE sym_k0000 0
REFERENCE sym_k0004 0
REFERENCE sym_k0000 0
DECLARE sym_k0159 10 0
REFERENCE sym_k0020 0
REFERENCE sym_k0003 0
REFERENCE sym_k0000 0
REFERENCE sym_k0009 0
REFERENCE sym_k0002 0
REFERENCE sym_k0000 0
ENTER_SCOPE 36 0
DECLARE sym_k0000 1 36
REFERENCE sym_k0000 36
DECLARE sym_k0207 13 36
REFERENCE sym_k0000 36
REFERENCE missing_6344 36
REFERENCE sym_k0002 36
DECLARE sym_k0005 6 36
DECLARE sym_k0013 14 36
REFERENCE sym_k0005 36
DECLARE sym_k0015 1 36
REFERENCE sym_k0000 36
REFERENCE sym_k0000 36
DECLARE sym_k0010 11 36
REFERENCE sym_k0015 36
REFERENCE sym_k0000 36
DECLARE sym_k0007 8 36
DECLARE sym_k0006 7 36
REFERENCE sym_k0000 36
REFERENCE sym_k0000 36
REFERENCE sym_k0001 36
REFERENCE sym_k0000 36
DECLARE sym_k0011 12 36
REFERENCE sym_k0000 36
REFERENCE sym_k0001 36
REFERENCE sym_k0002 36
DECLARE sym_k0002 3 36
REFERENCE sym_k0000 36
REFERENCE missing_4431 36
DECLARE sym_k0008 9 36
DECLARE sym_k0012 13 36
DECLARE sym_k0003 4 36
DECLARE sym_k0058 14 36
REFERENCE sym_k0000 36
REFERENCE sym_k0022 36
REFERENCE missing_9135 36
REFERENCE sym_k0010 36
DECLARE sym_k0074 15 36
REFERENCE sym_k0000 36
ENTER_SCOPE 37 36
REFERENCE sym_k0000 37
DECLARE sym_k0003 4 37
REFERENCE sym_k0000 37
DECLARE sym_k0000 1 37
REFERENCE sym_k0000 37
DECLARE sym_k0012 13 37
DECLARE sym_k0030 1 37
DECLARE sym_k0001 2 37
REFERENCE sym_k0019 37
REFERENCE sym_k0001 37
REFERENCE sym_k0001 37
REFERENCE sym_k0011 37
DECLARE sym_k0161 12 37
REFERENCE sym_k0000 37
REFERENCE sym_k0001 37
DECLARE sym_k0005 6 37
DECLARE sym_k0002 3 37
EXIT_SCOPE 37
REFERENCE sym_k0003 36
REFERENCE sym_k0000 36
DECLARE sym_k0009 10 36
EXIT_SCOPE 36
REFERENCE sym_k0041 0
REFERENCE sym_k0008 0
REFERENCE sym_k0002 0
REFERENCE sym_k0002 0
DECLARE sym_k0126 7 0
REFERENCE sym_k0002 0
REFERENCE sym_k0000 0
DECLARE sym_k0102 13 0
DECLARE sym_k0230 6 0
REFERENCE sym_k0000 0
REFERENCE sym_k0000 0
REFERENCE sym_k0014 0
REFERENCE sym_k0028 0
REFERENCE missing_2796 0
REFERENCE sym_k0002 0
REFERENCE sym_k0007 0
REFERENCE sym_k0000 0
REFERENCE sym_k0004 0
REFERENCE sym_k0000 0
REFERENCE sym_k0048 0
REFERENCE sym_k0010 0
REFERENCE sym_k0000 0
REFERENCE sym_k0005 0
REFERENCE sym_k0000 0
ENTER_SCOPE 38 0
REFERENCE missing_5090 38
REFERENCE sym_k0001 38
REFERENCE sym_k0000 38
EXIT_SCOPE 38
DECLARE sym_k0164 15 0
REFERENCE sym_k0000 0
REFERENCE sym_k0016 0
ENTER_SCOPE 39 0
DECLARE sym_k0001 2 39
REFERENCE missing_6024 39
DECLARE sym_k0005 6 39
DECLARE sym_k0000 1 39
DECLARE sym_k0208 14 39
DECLARE sym_k0016 2 39
DECLARE sym_k0006 7 39
REFERENCE sym_k0006 39
REFERENCE sym_k0000 39
REFERENCE sym_k0041 39
REFERENCE sym_k0001 39
REFERENCE sym_k0000 39
EXIT_SCOPE 39
REFERENCE sym_k0004 0
REFERENCE sym_k0010 0
REFERENCE missing_1090 0
REFERENCE sym_k0014 0
REFERENCE sym_k0005 0
REFERENCE sym_k0042 0
REFERENCE sym_k0000 0
REFERENCE sym_k0008 0
DECLARE sym_k0280 11 0
REFERENCE sym_k0001 0
REFERENCE sym_k0000 0
REFERENCE sym_k0039 0
ENTER_SCOPE 40 0
DECLARE sym_k0089 15 40
EXIT_SCOPE 40
DECLARE sym_k0107 3 0
REFERENCE sym_k0000 0
REFERENCE missing_5740 0
REFERENCE sym_k0009 0
REFERENCE sym_k0001 0
REFERENCE sym_k0164 0
REFERENCE sym_k0000 0
REFERENCE sym_k0001 0
REFERENCE sym_k0030 0
REFERENCE sym_k0164 0
REFERENCE sym_k0002 0
REFERENCE sym_k0001 0
REFERENCE sym_k0000 0
DECLARE sym_k0113 9 0
REFERENCE sym_k0039 0
REFERENCE sym_k0000 0
REFERENCE sym_k0004 0
ENTER_SCOPE 41 0
EXIT_SCOPE 41
REFERENCE missing_1575 0
REFERENCE sym_k0042 0
REFERENCE sym_k0000 0
REFERENCE sym_k0013 0
REFERENCE missing_7149 0
DECLARE sym_k0292 8 0
REFERENCE sym_k0000 0
REFERENCE sym_k0003 0
REFERENCE sym_k0000 0
REFERENCE sym_k0002 0
REFERENCE sym_k0024 0
REFERENCE sym_k0000 0
REFERENCE sym_k0018 0
REFERENCE sym_k0007 0
REFERENCE sym_k0038 0
REFERENCE sym_k0008 0
REFERENCE missing_4808 0
ENTER_SCOPE 42 0
DECLARE sym_k0007 8 42
DECLARE sym_k0003 4 42
REFERENCE sym_k0000 42
DECLARE sym_k0000 1 42
REFERENCE sym_k0000 42
DECLARE sym_k0077 3 42
REFERENCE sym_k0021 42
DECLARE sym_k0004 5 42
DECLARE sym_k0002 3 42
REFERENCE sym_k0002 42
REFERENCE sym_k0000 42
DECLARE sym_k0001 2 42
DECLARE sym_k0012 13 42
REFERENCE sym_k0000 42
DECLARE sym_k0016 2 42
REFERENCE sym_k0007 42
DECLARE sym_k0017 3 42
REFERENCE sym_k0000 42
DECLARE sym_k0061 2 42
REFERENCE sym_k0001 42
EXIT_SCOPE 42
REFERENCE sym_k0000 0
REFERENCE sym_k0003 0
REFERENCE sym_k0008 0
REFERENCE sym_k0035 0
REFERENCE sym_k0000 0
REFERENCE sym_k0008 0
REFERENCE sym_k0000 0
REFERENCE sym_k0010 0
REFERENCE sym_k0002 0
REFERENCE sym_k0008 0
REFERENCE sym_k0004 0
REFERENCE sym_k0008 0
ENTER_SCOPE 43 0
REFERENCE missing_1706 43
DECLARE sym_k0011 12 43
REFERENCE sym_k0014 43
DECLARE sym_k0002 3 43
REFERENCE sym_k0008 43
REFERENCE sym_k0003 43
REFERENCE sym_k0002 43
REFERENCE missing_1196 43
REFERENCE sym_k0008 43
DECLARE sym_k0038 9 43
DECLARE sym_k0005 6 43
DECLARE sym_k0000 1 43
REFERENCE sym_k0001 43
DECLARE sym_k0136 2 43
DECLARE sym_k0027 13 43
DECLARE sym_k0088 14 43
REFERENCE sym_k0000 43
EXIT_SCOPE 43
REFERENCE sym_k0000 0
REFERENCE sym_k0000 0
REFERENCE sym_k0000 0
REFERENCE sym_k0001 0
REFERENCE sym_k0036 0
ENTER_SCOPE 44 0
DECLARE sym_k0001 2 44
REFERENCE sym_k0001 44
DECLARE sym_k0009 10 44
EXIT_SCOPE 44
EXIT_SCOPE 0
