# ColliScope Generated Random Trace
# Parameters: seed=54, scope=nested, type=lookup-heavy, replicate=1
ENTER_SCOPE 0
DECLARE xdo_00000 16 0
DECLARE xmf_00001 11 0
DECLARE pjx_00002 7 0
DECLARE sbz_00003 18 0
DECLARE lci_00004 10 0
DECLARE yhd_00005 9 0
DECLARE yzp_00006 2 0
DECLARE jag_00007 8 0
DECLARE sex_00008 5 0
DECLARE jya_00009 7 0
DECLARE lpz_00010 8 0
DECLARE gpq_00011 18 0
DECLARE gik_00012 14 0
DECLARE kyo_00013 16 0
DECLARE xvh_00014 12 0
DECLARE mhx_00015 17 0
DECLARE lnx_00016 16 0
DECLARE pni_00017 2 0
DECLARE ypj_00018 14 0
DECLARE kli_00019 14 0
DECLARE wpc_00020 18 0
DECLARE omy_00021 9 0
DECLARE prk_00022 9 0
DECLARE sdn_00023 10 0
DECLARE scy_00024 4 0
DECLARE zpd_00025 8 0
DECLARE odf_00026 11 0
DECLARE ifu_00027 9 0
DECLARE pyv_00028 2 0
DECLARE aqe_00029 15 0
DECLARE mii_00030 3 0
DECLARE fxj_00031 6 0
DECLARE fkt_00032 19 0
DECLARE bry_00033 10 0
DECLARE tbq_00034 13 0
DECLARE adx_00035 14 0
DECLARE aco_00036 8 0
DECLARE kra_00037 4 0
DECLARE zuc_00038 9 0
DECLARE vaf_00039 3 0
DECLARE trf_00040 1 0
DECLARE piy_00041 13 0
DECLARE tsn_00042 11 0
DECLARE ljv_00043 19 0
DECLARE slw_00044 19 0
DECLARE hku_00045 14 0
DECLARE xww_00046 7 0
DECLARE ikb_00047 10 0
DECLARE jhj_00048 9 0
DECLARE xzj_00049 11 0
REFERENCE mii_00030 0
REFERENCE lnx_00016 0
REFERENCE xvh_00014 0
DECLARE cxs_00050 16 0
REFERENCE missing_3561 0
ENTER_SCOPE 1 0
EXIT_SCOPE 1
REFERENCE kyo_00013 0
DECLARE eyo_00051 3 0
REFERENCE tsn_00042 0
REFERENCE piy_00041 0
REFERENCE fkt_00032 0
REFERENCE gpq_00011 0
REFERENCE pyv_00028 0
REFERENCE hku_00045 0
REFERENCE pni_00017 0
REFERENCE wpc_00020 0
ENTER_SCOPE 2 0
REFERENCE sdn_00023 2
REFERENCE aco_00036 2
REFERENCE mhx_00015 2
ENTER_SCOPE 3 2
REFERENCE gpq_00011 3
REFERENCE missing_3756 3
REFERENCE mhx_00015 3
REFERENCE kli_00019 3
REFERENCE missing_6090 3
REFERENCE xzj_00049 3
REFERENCE mhx_00015 3
DECLARE hth_00052 11 3
REFERENCE gik_00012 3
REFERENCE missing_8223 3
ENTER_SCOPE 4 3
REFERENCE gpq_00011 4
REFERENCE adx_00035 4
REFERENCE ikb_00047 4
REFERENCE missing_2048 4
REFERENCE missing_4025 4
REFERENCE missing_1894 4
ENTER_SCOPE 5 4
REFERENCE xdo_00000 5
EXIT_SCOPE 5
REFERENCE xmf_00001 4
ENTER_SCOPE 6 4
REFERENCE tbq_00034 6
REFERENCE sex_00008 6
REFERENCE kyo_00013 6
DECLARE hth_00052 19 6
DECLARE hyr_00053 2 6
REFERENCE missing_7175 6
REFERENCE missing_6139 6
DECLARE ljv_00043 4 6
REFERENCE hku_00045 6
REFERENCE missing_8516 6
REFERENCE sex_00008 6
REFERENCE tsn_00042 6
REFERENCE hth_00052 6
REFERENCE piy_00041 6
REFERENCE mii_00030 6
REFERENCE ypj_00018 6
REFERENCE sex_00008 6
REFERENCE missing_2399 6
REFERENCE bry_00033 6
REFERENCE slw_00044 6
REFERENCE yhd_00005 6
DECLARE jsn_00054 14 6
REFERENCE yzp_00006 6
DECLARE ehc_00055 6 6
REFERENCE kra_00037 6
REFERENCE adx_00035 6
REFERENCE cxs_00050 6
REFERENCE pyv_00028 6
REFERENCE prk_00022 6
REFERENCE hyr_00053 6
REFERENCE hth_00052 6
ENTER_SCOPE 7 6
REFERENCE tsn_00042 7
REFERENCE zuc_00038 7
REFERENCE omy_00021 7
REFERENCE xww_00046 7
REFERENCE vaf_00039 7
REFERENCE pni_00017 7
DECLARE hyr_00053 14 7
REFERENCE ifu_00027 7
EXIT_SCOPE 7
REFERENCE jya_00009 6
REFERENCE aqe_00029 6
REFERENCE hku_00045 6
REFERENCE fkt_00032 6
REFERENCE lci_00004 6
REFERENCE hth_00052 6
REFERENCE trf_00040 6
REFERENCE ypj_00018 6
EXIT_SCOPE 6
REFERENCE sbz_00003 4
REFERENCE piy_00041 4
REFERENCE ifu_00027 4
REFERENCE xvh_00014 4
REFERENCE zuc_00038 4
REFERENCE fkt_00032 4
REFERENCE ifu_00027 4
REFERENCE ljv_00043 4
REFERENCE piy_00041 4
REFERENCE adx_00035 4
REFERENCE hku_00045 4
REFERENCE kli_00019 4
REFERENCE yzp_00006 4
REFERENCE aco_00036 4
REFERENCE jya_00009 4
REFERENCE gik_00012 4
REFERENCE jya_00009 4
REFERENCE cxs_00050 4
REFERENCE mii_00030 4
REFERENCE lci_00004 4
REFERENCE xww_00046 4
REFERENCE missing_7404 4
EXIT_SCOPE 4
DECLARE kyo_00013 12 3
REFERENCE odf_00026 3
REFERENCE eyo_00051 3
REFERENCE adx_00035 3
ENTER_SCOPE 8 3
REFERENCE sdn_00023 8
EXIT_SCOPE 8
REFERENCE pjx_00002 3
REFERENCE kyo_00013 3
REFERENCE aco_00036 3
EXIT_SCOPE 3
REFERENCE missing_5332 2
REFERENCE slw_00044 2
ENTER_SCOPE 9 2
REFERENCE fxj_00031 9
REFERENCE xmf_00001 9
REFERENCE gpq_00011 9
REFERENCE gik_00012 9
ENTER_SCOPE 10 9
REFERENCE gpq_00011 10
EXIT_SCOPE 10
REFERENCE fxj_00031 9
REFERENCE yhd_00005 9
EXIT_SCOPE 9
REFERENCE kli_00019 2
DECLARE lkg_00056 7 2
REFERENCE wpc_00020 2
REFERENCE kli_00019 2
REFERENCE jhj_00048 2
EXIT_SCOPE 2
REFERENCE missing_6492 0
ENTER_SCOPE 11 0
REFERENCE ypj_00018 11
REFERENCE fkt_00032 11
REFERENCE fkt_00032 11
REFERENCE wpc_00020 11
REFERENCE gpq_00011 11
REFERENCE pni_00017 11
REFERENCE odf_00026 11
REFERENCE bry_00033 11
DECLARE gik_00012 3 11
REFERENCE ljv_00043 11
REFERENCE sbz_00003 11
REFERENCE hku_00045 11
REFERENCE missing_9268 11
REFERENCE tsn_00042 11
REFERENCE prk_00022 11
REFERENCE missing_5312 11
REFERENCE kyo_00013 11
REFERENCE xzj_00049 11
REFERENCE odf_00026 11
REFERENCE xzj_00049 11
REFERENCE ifu_00027 11
REFERENCE odf_00026 11
REFERENCE mhx_00015 11
REFERENCE yzp_00006 11
REFERENCE adx_00035 11
REFERENCE xmf_00001 11
EXIT_SCOPE 11
REFERENCE missing_9324 0
REFERENCE xdo_00000 0
REFERENCE jya_00009 0
ENTER_SCOPE 12 0
REFERENCE ljv_00043 12
REFERENCE gik_00012 12
DECLARE mqz_00057 12 12
REFERENCE cxs_00050 12
REFERENCE xmf_00001 12
REFERENCE missing_5165 12
ENTER_SCOPE 13 12
REFERENCE missing_2305 13
REFERENCE missing_6673 13
EXIT_SCOPE 13
REFERENCE missing_8384 12
DECLARE eku_00058 12 12
REFERENCE omy_00021 12
REFERENCE xzj_00049 12
REFERENCE eku_00058 12
REFERENCE adx_00035 12
EXIT_SCOPE 12
ENTER_SCOPE 14 0
REFERENCE ifu_00027 14
REFERENCE gpq_00011 14
EXIT_SCOPE 14
REFERENCE zpd_00025 0
REFERENCE ikb_00047 0
DECLARE rux_00059 3 0
REFERENCE lnx_00016 0
REFERENCE yhd_00005 0
ENTER_SCOPE 15 0
REFERENCE jhj_00048 15
REFERENCE missing_1998 15
REFERENCE omy_00021 15
REFERENCE jhj_00048 15
REFERENCE pyv_00028 15
REFERENCE kyo_00013 15
DECLARE ouy_00060 15 15
REFERENCE fxj_00031 15
REFERENCE missing_4248 15
DECLARE gzi_00061 11 15
REFERENCE mii_00030 15
REFERENCE lnx_00016 15
DECLARE uff_00062 8 15
REFERENCE sbz_00003 15
REFERENCE missing_9930 15
REFERENCE xvh_00014 15
REFERENCE missing_4056 15
EXIT_SCOPE 15
REFERENCE pyv_00028 0
ENTER_SCOPE 16 0
DECLARE sqo_00063 9 16
REFERENCE cxs_00050 16
REFERENCE xvh_00014 16
REFERENCE xzj_00049 16
REFERENCE xdo_00000 16
REFERENCE missing_3459 16
REFERENCE missing_9585 16
REFERENCE missing_3405 16
REFERENCE omy_00021 16
REFERENCE sdn_00023 16
DECLARE bmx_00064 7 16
REFERENCE sdn_00023 16
REFERENCE yhd_00005 16
REFERENCE xdo_00000 16
ENTER_SCOPE 17 16
REFERENCE gik_00012 17
REFERENCE bmx_00064 17
REFERENCE fkt_00032 17
REFERENCE tbq_00034 17
DECLARE bmx_00064 18 17
REFERENCE omy_00021 17
REFERENCE xmf_00001 17
DECLARE nns_00065 8 17
REFERENCE aqe_00029 17
REFERENCE missing_1101 17
REFERENCE piy_00041 17
REFERENCE lnx_00016 17
REFERENCE vaf_00039 17
ENTER_SCOPE 18 17
ENTER_SCOPE 19 18
REFERENCE xmf_00001 19
REFERENCE lci_00004 19
REFERENCE jya_00009 19
REFERENCE ifu_00027 19
REFERENCE trf_00040 19
REFERENCE kli_00019 19
REFERENCE rux_00059 19
REFERENCE missing_8540 19
ENTER_SCOPE 20 19
REFERENCE yhd_00005 20
REFERENCE piy_00041 20
REFERENCE bmx_00064 20
REFERENCE aqe_00029 20
REFERENCE odf_00026 20
REFERENCE gpq_00011 20
REFERENCE aco_00036 20
REFERENCE missing_8389 20
REFERENCE missing_7973 20
ENTER_SCOPE 21 20
REFERENCE ikb_00047 21
REFERENCE missing_9635 21
REFERENCE sbz_00003 21
REFERENCE bmx_00064 21
REFERENCE xmf_00001 21
REFERENCE bry_00033 21
REFERENCE missing_2578 21
REFERENCE xmf_00001 21
REFERENCE adx_00035 21
REFERENCE yhd_00005 21
REFERENCE lpz_00010 21
REFERENCE missing_1397 21
REFERENCE lci_00004 21
REFERENCE slw_00044 21
REFERENCE rux_00059 21
REFERENCE missing_7703 21
REFERENCE pjx_00002 21
EXIT_SCOPE 21
DECLARE wak_00066 19 20
REFERENCE yzp_00006 20
REFERENCE ypj_00018 20
REFERENCE jya_00009 20
REFERENCE wpc_00020 20
REFERENCE kli_00019 20
REFERENCE adx_00035 20
ENTER_SCOPE 22 20
DECLARE wak_00066 16 22
ENTER_SCOPE 23 22
REFERENCE pjx_00002 23
REFERENCE pyv_00028 23
DECLARE zlw_00067 6 23
REFERENCE zuc_00038 23
REFERENCE ikb_00047 23
REFERENCE kra_00037 23
REFERENCE mhx_00015 23
REFERENCE missing_7574 23
REFERENCE tsn_00042 23
REFERENCE wak_00066 23
REFERENCE ypj_00018 23
REFERENCE xdo_00000 23
REFERENCE hku_00045 23
EXIT_SCOPE 23
REFERENCE ikb_00047 22
REFERENCE sqo_00063 22
REFERENCE pyv_00028 22
REFERENCE missing_5466 22
REFERENCE aco_00036 22
REFERENCE mhx_00015 22
REFERENCE zpd_00025 22
EXIT_SCOPE 22
EXIT_SCOPE 20
ENTER_SCOPE 24 19
DECLARE whw_00068 3 24
ENTER_SCOPE 25 24
REFERENCE bry_00033 25
ENTER_SCOPE 26 25
EXIT_SCOPE 26
REFERENCE yhd_00005 25
REFERENCE ifu_00027 25
REFERENCE missing_9288 25
REFERENCE sqo_00063 25
REFERENCE jya_00009 25
REFERENCE bmx_00064 25
REFERENCE missing_3520 25
REFERENCE omy_00021 25
REFERENCE odf_00026 25
REFERENCE sbz_00003 25
REFERENCE scy_00024 25
REFERENCE mii_00030 25
REFERENCE missing_7832 25
REFERENCE scy_00024 25
REFERENCE kyo_00013 25
REFERENCE ljv_00043 25
REFERENCE scy_00024 25
REFERENCE rux_00059 25
DECLARE asz_00069 1 25
REFERENCE vaf_00039 25
REFERENCE missing_2818 25
REFERENCE missing_1383 25
REFERENCE pyv_00028 25
REFERENCE wpc_00020 25
REFERENCE ljv_00043 25
REFERENCE missing_2671 25
REFERENCE missing_3169 25
REFERENCE xzj_00049 25
REFERENCE ljv_00043 25
ENTER_SCOPE 27 25
EXIT_SCOPE 27
REFERENCE missing_6743 25
REFERENCE asz_00069 25
REFERENCE jag_00007 25
REFERENCE hku_00045 25
REFERENCE hku_00045 25
ENTER_SCOPE 28 25
REFERENCE pni_00017 28
REFERENCE gik_00012 28
REFERENCE pni_00017 28
REFERENCE bmx_00064 28
REFERENCE sbz_00003 28
REFERENCE bmx_00064 28
REFERENCE missing_7626 28
REFERENCE mhx_00015 28
REFERENCE yzp_00006 28
REFERENCE kyo_00013 28
EXIT_SCOPE 28
REFERENCE lpz_00010 25
REFERENCE adx_00035 25
ENTER_SCOPE 29 25
REFERENCE omy_00021 29
REFERENCE xdo_00000 29
REFERENCE zuc_00038 29
REFERENCE pjx_00002 29
REFERENCE missing_5125 29
REFERENCE vaf_00039 29
REFERENCE missing_5122 29
REFERENCE missing_1588 29
REFERENCE missing_8339 29
REFERENCE zuc_00038 29
REFERENCE bry_00033 29
REFERENCE yzp_00006 29
REFERENCE gpq_00011 29
REFERENCE nns_00065 29
REFERENCE sdn_00023 29
REFERENCE sbz_00003 29
REFERENCE xdo_00000 29
REFERENCE missing_4487 29
REFERENCE trf_00040 29
REFERENCE bmx_00064 29
REFERENCE bry_00033 29
REFERENCE wpc_00020 29
REFERENCE odf_00026 29
REFERENCE aqe_00029 29
REFERENCE gpq_00011 29
REFERENCE ifu_00027 29
REFERENCE bry_00033 29
REFERENCE slw_00044 29
REFERENCE missing_4211 29
REFERENCE lnx_00016 29
REFERENCE tsn_00042 29
DECLARE gkh_00070 11 29
REFERENCE missing_1161 29
REFERENCE missing_3546 29
REFERENCE gik_00012 29
REFERENCE missing_7718 29
REFERENCE xmf_00001 29
REFERENCE slw_00044 29
REFERENCE fxj_00031 29
REFERENCE bry_00033 29
REFERENCE zpd_00025 29
REFERENCE yhd_00005 29
REFERENCE xvh_00014 29
REFERENCE missing_1716 29
DECLARE asz_00069 14 29
DECLARE pxd_00071 14 29
REFERENCE yhd_00005 29
REFERENCE gkh_00070 29
EXIT_SCOPE 29
REFERENCE sqo_00063 25
ENTER_SCOPE 30 25
REFERENCE xzj_00049 30
REFERENCE yhd_00005 30
REFERENCE omy_00021 30
REFERENCE xww_00046 30
REFERENCE yhd_00005 30
REFERENCE prk_00022 30
REFERENCE omy_00021 30
REFERENCE nns_00065 30
REFERENCE jag_00007 30
DECLARE asz_00069 11 30
REFERENCE bmx_00064 30
REFERENCE xww_00046 30
REFERENCE aqe_00029 30
REFERENCE ifu_00027 30
REFERENCE missing_2305 30
EXIT_SCOPE 30
REFERENCE yzp_00006 25
REFERENCE yhd_00005 25
DECLARE mzk_00072 6 25
REFERENCE kra_00037 25
REFERENCE adx_00035 25
REFERENCE scy_00024 25
DECLARE iaw_00073 18 25
REFERENCE missing_8445 25
REFERENCE jag_00007 25
REFERENCE ikb_00047 25
REFERENCE aqe_00029 25
REFERENCE wpc_00020 25
REFERENCE yhd_00005 25
REFERENCE whw_00068 25
REFERENCE gik_00012 25
REFERENCE missing_3321 25
DECLARE fvg_00074 12 25
REFERENCE iaw_00073 25
REFERENCE fkt_00032 25
REFERENCE trf_00040 25
REFERENCE pyv_00028 25
REFERENCE missing_1230 25
REFERENCE cxs_00050 25
REFERENCE missing_4383 25
REFERENCE tbq_00034 25
REFERENCE rux_00059 25
REFERENCE jhj_00048 25
REFERENCE piy_00041 25
REFERENCE fvg_00074 25
REFERENCE adx_00035 25
DECLARE zle_00075 18 25
REFERENCE vaf_00039 25
REFERENCE wpc_00020 25
REFERENCE ljv_00043 25
REFERENCE zuc_00038 25
ENTER_SCOPE 31 25
REFERENCE kra_00037 31
REFERENCE ifu_00027 31
REFERENCE bmx_00064 31
REFERENCE gik_00012 31
REFERENCE ifu_00027 31
REFERENCE wpc_00020 31
REFERENCE piy_00041 31
REFERENCE aco_00036 31
REFERENCE bmx_00064 31
REFERENCE iaw_00073 31
REFERENCE piy_00041 31
REFERENCE yzp_00006 31
REFERENCE zuc_00038 31
REFERENCE kyo_00013 31
REFERENCE slw_00044 31
DECLARE xuc_00076 19 31
REFERENCE mhx_00015 31
REFERENCE pni_00017 31
REFERENCE sqo_00063 31
EXIT_SCOPE 31
ENTER_SCOPE 32 25
EXIT_SCOPE 32
REFERENCE lci_00004 25
REFERENCE mii_00030 25
REFERENCE kli_00019 25
REFERENCE mii_00030 25
DECLARE emb_00077 2 25
REFERENCE xmf_00001 25
DECLARE whw_00068 16 25
REFERENCE ifu_00027 25
REFERENCE scy_00024 25
REFERENCE missing_4789 25
REFERENCE jhj_00048 25
REFERENCE aco_00036 25
REFERENCE tbq_00034 25
REFERENCE whw_00068 25
REFERENCE xww_00046 25
EXIT_SCOPE 25
REFERENCE missing_6685 24
ENTER_SCOPE 33 24
REFERENCE mhx_00015 33
REFERENCE mii_00030 33
DECLARE mzz_00078 18 33
REFERENCE missing_9353 33
REFERENCE piy_00041 33
ENTER_SCOPE 34 33
REFERENCE prk_00022 34
DECLARE joy_00079 1 34
REFERENCE hku_00045 34
REFERENCE missing_1187 34
REFERENCE missing_2350 34
REFERENCE mii_00030 34
REFERENCE yzp_00006 34
REFERENCE missing_5527 34
REFERENCE ypj_00018 34
EXIT_SCOPE 34
DECLARE xni_00080 5 33
REFERENCE mhx_00015 33
REFERENCE sdn_00023 33
REFERENCE zuc_00038 33
REFERENCE gpq_00011 33
REFERENCE sqo_00063 33
REFERENCE lpz_00010 33
REFERENCE odf_00026 33
REFERENCE fkt_00032 33
DECLARE een_00081 8 33
REFERENCE missing_9937 33
REFERENCE pni_00017 33
REFERENCE missing_6013 33
REFERENCE sqo_00063 33
EXIT_SCOPE 33
REFERENCE sbz_00003 24
DECLARE jpn_00082 14 24
REFERENCE aqe_00029 24
REFERENCE ikb_00047 24
REFERENCE mii_00030 24
EXIT_SCOPE 24
DECLARE dai_00083 9 19
REFERENCE xdo_00000 19
REFERENCE lpz_00010 19
REFERENCE zuc_00038 19
REFERENCE adx_00035 19
DECLARE yle_00084 10 19
REFERENCE lci_00004 19
REFERENCE xvh_00014 19
DECLARE vbq_00085 19 19
REFERENCE hku_00045 19
REFERENCE zuc_00038 19
REFERENCE omy_00021 19
REFERENCE vbq_00085 19
REFERENCE pni_00017 19
ENTER_SCOPE 35 19
REFERENCE missing_5921 35
REFERENCE ljv_00043 35
REFERENCE missing_2723 35
REFERENCE pjx_00002 35
REFERENCE missing_1538 35
DECLARE vbq_00085 3 35
REFERENCE xww_00046 35
REFERENCE mii_00030 35
REFERENCE yzp_00006 35
REFERENCE sex_00008 35
REFERENCE ypj_00018 35
REFERENCE vaf_00039 35
REFERENCE missing_7819 35
REFERENCE vbq_00085 35
REFERENCE yzp_00006 35
REFERENCE missing_9654 35
REFERENCE scy_00024 35
EXIT_SCOPE 35
REFERENCE yzp_00006 19
REFERENCE missing_5156 19
REFERENCE bry_00033 19
DECLARE ccl_00086 18 19
REFERENCE xmf_00001 19
REFERENCE ypj_00018 19
REFERENCE rux_00059 19
REFERENCE zuc_00038 19
REFERENCE lci_00004 19
REFERENCE ljv_00043 19
REFERENCE dai_00083 19
REFERENCE bry_00033 19
DECLARE jtf_00087 7 19
REFERENCE xvh_00014 19
REFERENCE yhd_00005 19
REFERENCE sbz_00003 19
REFERENCE jag_00007 19
REFERENCE adx_00035 19
DECLARE nns_00065 19 19
REFERENCE wpc_00020 19
REFERENCE xww_00046 19
REFERENCE yzp_00006 19
REFERENCE sdn_00023 19
REFERENCE omy_00021 19
ENTER_SCOPE 36 19
REFERENCE gpq_00011 36
REFERENCE sbz_00003 36
REFERENCE jtf_00087 36
REFERENCE cxs_00050 36
REFERENCE sqo_00063 36
REFERENCE lci_00004 36
REFERENCE tsn_00042 36
REFERENCE vaf_00039 36
REFERENCE sqo_00063 36
REFERENCE missing_9977 36
REFERENCE missing_9773 36
REFERENCE kra_00037 36
EXIT_SCOPE 36
DECLARE jgz_00088 8 19
REFERENCE sbz_00003 19
REFERENCE vaf_00039 19
REFERENCE missing_7086 19
REFERENCE jya_00009 19
REFERENCE xdo_00000 19
REFERENCE lpz_00010 19
REFERENCE vbq_00085 19
REFERENCE nns_00065 19
DECLARE bmx_00064 11 19
REFERENCE wpc_00020 19
REFERENCE jya_00009 19
REFERENCE missing_1186 19
REFERENCE pyv_00028 19
REFERENCE eyo_00051 19
REFERENCE missing_1724 19
REFERENCE yle_00084 19
REFERENCE missing_5304 19
DECLARE zau_00089 12 19
REFERENCE pjx_00002 19
REFERENCE vbq_00085 19
REFERENCE sqo_00063 19
REFERENCE gik_00012 19
DECLARE hkd_00090 10 19
REFERENCE missing_3776 19
REFERENCE mii_00030 19
REFERENCE ifu_00027 19
EXIT_SCOPE 19
DECLARE bmx_00064 19 18
REFERENCE jya_00009 18
EXIT_SCOPE 18
REFERENCE missing_8793 17
REFERENCE sdn_00023 17
EXIT_SCOPE 17
REFERENCE jya_00009 16
REFERENCE fkt_00032 16
DECLARE mvh_00091 13 16
REFERENCE rux_00059 16
REFERENCE jhj_00048 16
DECLARE cww_00092 19 16
REFERENCE tsn_00042 16
REFERENCE prk_00022 16
REFERENCE hku_00045 16
REFERENCE rux_00059 16
REFERENCE cww_00092 16
ENTER_SCOPE 37 16
REFERENCE xww_00046 37
REFERENCE odf_00026 37
REFERENCE xdo_00000 37
REFERENCE bmx_00064 37
REFERENCE xmf_00001 37
REFERENCE xdo_00000 37
REFERENCE pjx_00002 37
REFERENCE ifu_00027 37
REFERENCE missing_6686 37
REFERENCE fkt_00032 37
REFERENCE lnx_00016 37
REFERENCE sdn_00023 37
REFERENCE piy_00041 37
DECLARE zuy_00093 7 37
REFERENCE pyv_00028 37
REFERENCE missing_6769 37
REFERENCE xvh_00014 37
REFERENCE cxs_00050 37
REFERENCE yhd_00005 37
ENTER_SCOPE 38 37
REFERENCE zuc_00038 38
REFERENCE rux_00059 38
ENTER_SCOPE 39 38
REFERENCE zuy_00093 39
REFERENCE jag_00007 39
DECLARE zuy_00093 19 39
REFERENCE prk_00022 39
ENTER_SCOPE 40 39
REFERENCE ypj_00018 40
REFERENCE yhd_00005 40
REFERENCE cww_00092 40
REFERENCE xww_00046 40
REFERENCE bry_00033 40
REFERENCE tbq_00034 40
REFERENCE piy_00041 40
REFERENCE zuy_00093 40
REFERENCE xdo_00000 40
REFERENCE aqe_00029 40
REFERENCE aco_00036 40
REFERENCE missing_6956 40
REFERENCE sex_00008 40
ENTER_SCOPE 41 40
REFERENCE sbz_00003 41
REFERENCE jya_00009 41
REFERENCE ikb_00047 41
REFERENCE missing_9554 41
REFERENCE mhx_00015 41
REFERENCE mhx_00015 41
REFERENCE wpc_00020 41
REFERENCE jhj_00048 41
REFERENCE pjx_00002 41
REFERENCE missing_8955 41
REFERENCE bmx_00064 41
REFERENCE fxj_00031 41
REFERENCE trf_00040 41
REFERENCE vaf_00039 41
REFERENCE bmx_00064 41
REFERENCE ljv_00043 41
REFERENCE wpc_00020 41
REFERENCE bry_00033 41
REFERENCE vaf_00039 41
REFERENCE rux_00059 41
DECLARE lul_00094 18 41
REFERENCE pjx_00002 41
REFERENCE cww_00092 41
REFERENCE mhx_00015 41
REFERENCE xww_00046 41
REFERENCE kli_00019 41
REFERENCE xzj_00049 41
EXIT_SCOPE 41
REFERENCE jhj_00048 40
REFERENCE yhd_00005 40
REFERENCE missing_9093 40
REFERENCE zuy_00093 40
DECLARE xqg_00095 16 40
REFERENCE pni_00017 40
ENTER_SCOPE 42 40
REFERENCE omy_00021 42
EXIT_SCOPE 42
REFERENCE cww_00092 40
REFERENCE sbz_00003 40
REFERENCE missing_9290 40
REFERENCE ikb_00047 40
REFERENCE lci_00004 40
REFERENCE odf_00026 40
REFERENCE fkt_00032 40
DECLARE xua_00096 11 40
REFERENCE ifu_00027 40
REFERENCE omy_00021 40
REFERENCE xqg_00095 40
REFERENCE missing_6160 40
REFERENCE missing_5533 40
REFERENCE piy_00041 40
REFERENCE pjx_00002 40
DECLARE jgq_00097 4 40
REFERENCE mhx_00015 40
REFERENCE zuy_00093 40
DECLARE ltl_00098 9 40
REFERENCE yhd_00005 40
REFERENCE xww_00046 40
REFERENCE tbq_00034 40
ENTER_SCOPE 43 40
DECLARE ltl_00098 13 43
REFERENCE ltl_00098 43
REFERENCE pyv_00028 43
REFERENCE missing_5057 43
REFERENCE mii_00030 43
REFERENCE cww_00092 43
REFERENCE wpc_00020 43
REFERENCE adx_00035 43
REFERENCE missing_1073 43
REFERENCE gpq_00011 43
REFERENCE bmx_00064 43
REFERENCE missing_4138 43
REFERENCE vaf_00039 43
REFERENCE zuc_00038 43
REFERENCE missing_9787 43
ENTER_SCOPE 44 43
REFERENCE sbz_00003 44
REFERENCE slw_00044 44
REFERENCE xmf_00001 44
EXIT_SCOPE 44
REFERENCE pni_00017 43
REFERENCE gpq_00011 43
ENTER_SCOPE 45 43
REFERENCE jag_00007 45
REFERENCE sbz_00003 45
REFERENCE xua_00096 45
REFERENCE xvh_00014 45
REFERENCE xzj_00049 45
REFERENCE fxj_00031 45
REFERENCE mvh_00091 45
DECLARE ltl_00098 17 45
EXIT_SCOPE 45
REFERENCE missing_1918 43
ENTER_SCOPE 46 43
REFERENCE zpd_00025 46
REFERENCE jya_00009 46
REFERENCE xmf_00001 46
DECLARE cxj_00099 13 46
REFERENCE missing_8735 46
REFERENCE adx_00035 46
REFERENCE ifu_00027 46
EXIT_SCOPE 46
REFERENCE missing_8615 43
REFERENCE mii_00030 43
REFERENCE xzj_00049 43
REFERENCE missing_2818 43
REFERENCE jag_00007 43
DECLARE znm_00100 1 43
REFERENCE missing_6715 43
REFERENCE ljv_00043 43
EXIT_SCOPE 43
ENTER_SCOPE 47 40
REFERENCE tsn_00042 47
REFERENCE zpd_00025 47
DECLARE xar_00101 5 47
REFERENCE ypj_00018 47
REFERENCE gpq_00011 47
REFERENCE ikb_00047 47
REFERENCE sex_00008 47
REFERENCE scy_00024 47
REFERENCE adx_00035 47
REFERENCE sqo_00063 47
REFERENCE bry_00033 47
REFERENCE fkt_00032 47
REFERENCE mvh_00091 47
REFERENCE xzj_00049 47
REFERENCE tsn_00042 47
REFERENCE mvh_00091 47
REFERENCE xqg_00095 47
REFERENCE scy_00024 47
REFERENCE cxs_00050 47
REFERENCE odf_00026 47
DECLARE ltl_00098 8 47
REFERENCE ikb_00047 47
REFERENCE missing_4867 47
REFERENCE ljv_00043 47
REFERENCE sdn_00023 47
REFERENCE lpz_00010 47
REFERENCE kyo_00013 47
EXIT_SCOPE 47
DECLARE zuy_00093 2 40
REFERENCE sex_00008 40
REFERENCE missing_3417 40
REFERENCE sex_00008 40
REFERENCE kyo_00013 40
DECLARE sqo_00063 11 40
REFERENCE bry_00033 40
REFERENCE lnx_00016 40
REFERENCE fxj_00031 40
REFERENCE hku_00045 40
REFERENCE odf_00026 40
REFERENCE zpd_00025 40
DECLARE ygk_00102 19 40
REFERENCE sex_00008 40
REFERENCE pjx_00002 40
DECLARE jor_00103 9 40
ENTER_SCOPE 48 40
REFERENCE missing_6232 48
REFERENCE jhj_00048 48
REFERENCE jgq_00097 48
REFERENCE bmx_00064 48
REFERENCE missing_5365 48
REFERENCE scy_00024 48
REFERENCE omy_00021 48
EXIT_SCOPE 48
REFERENCE yzp_00006 40
ENTER_SCOPE 49 40
REFERENCE xvh_00014 49
REFERENCE xmf_00001 49
EXIT_SCOPE 49
REFERENCE pyv_00028 40
REFERENCE xua_00096 40
ENTER_SCOPE 50 40
REFERENCE ifu_00027 50
REFERENCE eyo_00051 50
REFERENCE ygk_00102 50
REFERENCE vaf_00039 50
ENTER_SCOPE 51 50
REFERENCE missing_5494 51
REFERENCE pni_00017 51
REFERENCE fkt_00032 51
REFERENCE xmf_00001 51
REFERENCE ypj_00018 51
REFERENCE jya_00009 51
REFERENCE tsn_00042 51
EXIT_SCOPE 51
REFERENCE kra_00037 50
REFERENCE slw_00044 50
DECLARE lal_00104 17 50
REFERENCE ljv_00043 50
REFERENCE mhx_00015 50
REFERENCE missing_4085 50
REFERENCE wpc_00020 50
REFERENCE xmf_00001 50
REFERENCE bmx_00064 50
REFERENCE zuc_00038 50
DECLARE gmc_00105 15 50
REFERENCE xua_00096 50
REFERENCE aco_00036 50
REFERENCE xvh_00014 50
REFERENCE ljv_00043 50
ENTER_SCOPE 52 50
REFERENCE missing_2939 52
DECLARE fbh_00106 16 52
REFERENCE missing_5136 52
DECLARE wcu_00107 16 52
REFERENCE odf_00026 52
REFERENCE trf_00040 52
REFERENCE bry_00033 52
REFERENCE xdo_00000 52
REFERENCE jor_00103 52
REFERENCE fbh_00106 52
EXIT_SCOPE 52
REFERENCE missing_2106 50
REFERENCE bmx_00064 50
ENTER_SCOPE 53 50
REFERENCE lci_00004 53
REFERENCE missing_5627 53
REFERENCE ygk_00102 53
REFERENCE mii_00030 53
REFERENCE vaf_00039 53
REFERENCE zuy_00093 53
REFERENCE slw_00044 53
REFERENCE missing_7556 53
REFERENCE gik_00012 53
REFERENCE missing_3699 53
REFERENCE xww_00046 53
EXIT_SCOPE 53
EXIT_SCOPE 50
EXIT_SCOPE 40
EXIT_SCOPE 39
EXIT_SCOPE 38
EXIT_SCOPE 37
EXIT_SCOPE 16
EXIT_SCOPE 0
