# ColliScope Frequency-Matched Synthetic Trace
# Parameters: seed=85, zipf_s=1.244, scope=flat, type=mixed, load_factor=0.7
ENTER_SCOPE 0
DECLARE sym_k0000 1 0
DECLARE sym_k0001 2 0
DECLARE sym_k0002 3 0
DECLARE sym_k0003 4 0
DECLARE sym_k0004 5 0
DECLARE sym_k0005 6 0
DECLARE sym_k0006 7 0
DECLARE sym_k0007 8 0
DECLARE sym_k0008 9 0
DECLARE sym_k0009 10 0
DECLARE sym_k0010 1 0
DECLARE sym_k0011 2 0
DECLARE sym_k0012 3 0
DECLARE sym_k0013 4 0
DECLARE sym_k0014 5 0
DECLARE sym_k0015 6 0
DECLARE sym_k0016 7 0
DECLARE sym_k0017 8 0
DECLARE sym_k0018 9 0
DECLARE sym_k0019 10 0
DECLARE sym_k0020 1 0
DECLARE sym_k0021 2 0
DECLARE sym_k0022 3 0
DECLARE sym_k0023 4 0
DECLARE sym_k0024 5 0
DECLARE sym_k0025 6 0
DECLARE sym_k0026 7 0
DECLARE sym_k0027 8 0
DECLARE sym_k0028 9 0
DECLARE sym_k0029 10 0
DECLARE sym_k0030 1 0
DECLARE sym_k0031 2 0
DECLARE sym_k0032 3 0
DECLARE sym_k0033 4 0
DECLARE sym_k0034 5 0
DECLARE sym_k0035 6 0
DECLARE sym_k0036 7 0
DECLARE sym_k0037 8 0
DECLARE sym_k0038 9 0
DECLARE sym_k0039 10 0
DECLARE sym_k0040 1 0
DECLARE sym_k0041 2 0
DECLARE sym_k0042 3 0
DECLARE sym_k0043 4 0
DECLARE sym_k0044 5 0
DECLARE sym_k0045 6 0
DECLARE sym_k0046 7 0
DECLARE sym_k0047 8 0
DECLARE sym_k0048 9 0
DECLARE sym_k0049 10 0
REFERENCE sym_k0000 0
REFERENCE missing_4146 0
REFERENCE sym_k0003 0
REFERENCE sym_k0003 0
REFERENCE sym_k0003 0
DECLARE sym_k0068 9 0
REFERENCE sym_k0030 0
REFERENCE sym_k0000 0
REFERENCE sym_k0011 0
REFERENCE sym_k0000 0
REFERENCE sym_k0004 0
REFERENCE missing_8681 0
REFERENCE sym_k0000 0
REFERENCE sym_k0004 0
REFERENCE sym_k0000 0
DECLARE sym_k0215 6 0
REFERENCE sym_k0047 0
REFERENCE sym_k0000 0
REFERENCE sym_k0001 0
REFERENCE sym_k0000 0
REFERENCE sym_k0000 0
REFERENCE sym_k0001 0
REFERENCE sym_k0029 0
REFERENCE sym_k0000 0
REFERENCE sym_k0002 0
REFERENCE sym_k0009 0
DECLARE sym_k0062 3 0
REFERENCE sym_k0011 0
REFERENCE sym_k0048 0
DECLARE sym_k0052 8 0
REFERENCE sym_k0000 0
REFERENCE sym_k0027 0
DECLARE sym_k0151 2 0
REFERENCE sym_k0002 0
DECLARE sym_k0054 10 0
REFERENCE sym_k0001 0
REFERENCE sym_k0000 0
REFERENCE sym_k0003 0
REFERENCE sym_k0003 0
REFERENCE missing_7272 0
REFERENCE sym_k0003 0
REFERENCE sym_k0008 0
REFERENCE missing_5842 0
REFERENCE sym_k0000 0
REFERENCE sym_k0000 0
REFERENCE sym_k0030 0
REFERENCE sym_k0000 0
REFERENCE sym_k0003 0
REFERENCE sym_k0008 0
REFERENCE sym_k0000 0
REFERENCE sym_k0004 0
REFERENCE sym_k0001 0
REFERENCE sym_k0001 0
REFERENCE sym_k0024 0
REFERENCE sym_k0012 0
REFERENCE sym_k0006 0
REFERENCE sym_k0042 0
DECLARE sym_k0114 10 0
REFERENCE sym_k0008 0
REFERENCE sym_k0001 0
REFERENCE sym_k0037 0
REFERENCE sym_k0001 0
REFERENCE sym_k0001 0
REFERENCE sym_k0000 0
DECLARE sym_k0110 6 0
DECLARE sym_k0071 12 0
REFERENCE sym_k0002 0
REFERENCE sym_k0000 0
REFERENCE sym_k0026 0
REFERENCE missing_1343 0
REFERENCE sym_k0004 0
DECLARE sym_k0251 12 0
REFERENCE sym_k0014 0
DECLARE sym_k0064 5 0
REFERENCE sym_k0012 0
REFERENCE sym_k0000 0
REFERENCE sym_k0017 0
REFERENCE missing_5486 0
REFERENCE sym_k0000 0
REFERENCE sym_k0002 0
REFERENCE sym_k0001 0
REFERENCE sym_k0000 0
REFERENCE sym_k0003 0
REFERENCE sym_k0015 0
REFERENCE sym_k0043 0
REFERENCE sym_k0015 0
REFERENCE sym_k0000 0
REFERENCE sym_k0000 0
REFERENCE missing_8600 0
REFERENCE sym_k0000 0
REFERENCE sym_k0009 0
REFERENCE missing_5083 0
REFERENCE sym_k0002 0
REFERENCE sym_k0004 0
REFERENCE sym_k0042 0
REFERENCE sym_k0005 0
REFERENCE sym_k0054 0
REFERENCE sym_k0000 0
REFERENCE sym_k0003 0
REFERENCE sym_k0026 0
REFERENCE sym_k0002 0
REFERENCE sym_k0048 0
REFERENCE sym_k0028 0
REFERENCE missing_9724 0
REFERENCE sym_k0049 0
REFERENCE sym_k0008 0
REFERENCE sym_k0006 0
REFERENCE sym_k0010 0
REFERENCE sym_k0007 0
REFERENCE sym_k0000 0
REFERENCE sym_k0007 0
REFERENCE sym_k0003 0
REFERENCE sym_k0005 0
REFERENCE sym_k0006 0
REFERENCE sym_k0041 0
REFERENCE sym_k0014 0
REFERENCE sym_k0002 0
REFERENCE sym_k0000 0
REFERENCE sym_k0110 0
DECLARE sym_k0066 7 0
REFERENCE sym_k0002 0
REFERENCE sym_k0000 0
DECLARE sym_k0080 6 0
REFERENCE sym_k0066 0
DECLARE sym_k0085 11 0
REFERENCE sym_k0000 0
REFERENCE sym_k0000 0
REFERENCE sym_k0000 0
REFERENCE sym_k0001 0
REFERENCE sym_k0008 0
REFERENCE sym_k0019 0
REFERENCE sym_k0021 0
REFERENCE sym_k0004 0
REFERENCE sym_k0003 0
DECLARE sym_k0248 9 0
REFERENCE sym_k0062 0
REFERENCE sym_k0035 0
REFERENCE missing_2095 0
REFERENCE sym_k0010 0
REFERENCE sym_k0000 0
REFERENCE sym_k0047 0
REFERENCE sym_k0036 0
REFERENCE sym_k0000 0
REFERENCE sym_k0001 0
REFERENCE sym_k0041 0
REFERENCE sym_k0004 0
REFERENCE sym_k0001 0
REFERENCE sym_k0009 0
REFERENCE sym_k0003 0
REFERENCE sym_k0008 0
REFERENCE sym_k0030 0
REFERENCE sym_k0005 0
REFERENCE sym_k0012 0
REFERENCE sym_k0000 0
REFERENCE sym_k0002 0
REFERENCE sym_k0025 0
REFERENCE sym_k0047 0
REFERENCE sym_k0001 0
REFERENCE sym_k0010 0
REFERENCE sym_k0151 0
REFERENCE sym_k0014 0
REFERENCE sym_k0004 0
REFERENCE sym_k0004 0
DECLARE sym_k0076 2 0
REFERENCE sym_k0019 0
REFERENCE sym_k0000 0
REFERENCE sym_k0000 0
REFERENCE sym_k0000 0
REFERENCE sym_k0000 0
REFERENCE sym_k0002 0
REFERENCE sym_k0000 0
REFERENCE sym_k0014 0
REFERENCE sym_k0017 0
REFERENCE sym_k0006 0
REFERENCE sym_k0000 0
REFERENCE sym_k0000 0
REFERENCE sym_k0039 0
REFERENCE sym_k0000 0
REFERENCE sym_k0000 0
DECLARE sym_k0065 6 0
REFERENCE sym_k0001 0
REFERENCE sym_k0012 0
REFERENCE sym_k0002 0
REFERENCE sym_k0025 0
REFERENCE sym_k0004 0
REFERENCE sym_k0000 0
REFERENCE sym_k0006 0
REFERENCE sym_k0000 0
REFERENCE sym_k0021 0
REFERENCE sym_k0011 0
REFERENCE sym_k0000 0
REFERENCE sym_k0013 0
REFERENCE sym_k0000 0
REFERENCE missing_5178 0
REFERENCE sym_k0016 0
REFERENCE sym_k0000 0
REFERENCE missing_6299 0
REFERENCE sym_k0064 0
REFERENCE sym_k0001 0
REFERENCE sym_k0013 0
REFERENCE sym_k0001 0
REFERENCE sym_k0001 0
REFERENCE sym_k0002 0
REFERENCE sym_k0002 0
REFERENCE sym_k0002 0
REFERENCE sym_k0038 0
REFERENCE sym_k0007 0
REFERENCE sym_k0001 0
REFERENCE sym_k0016 0
REFERENCE sym_k0001 0
REFERENCE sym_k0013 0
REFERENCE sym_k0002 0
REFERENCE sym_k0009 0
REFERENCE sym_k0001 0
REFERENCE sym_k0000 0
REFERENCE sym_k0000 0
DECLARE sym_k0074 15 0
REFERENCE sym_k0011 0
REFERENCE sym_k0001 0
REFERENCE sym_k0002 0
REFERENCE sym_k0023 0
DECLARE sym_k0120 1 0
REFERENCE sym_k0019 0
REFERENCE sym_k0000 0
REFERENCE sym_k0001 0
REFERENCE sym_k0014 0
REFERENCE sym_k0000 0
REFERENCE sym_k0000 0
REFERENCE sym_k0003 0
REFERENCE sym_k0030 0
REFERENCE sym_k0006 0
REFERENCE sym_k0000 0
REFERENCE sym_k0001 0
REFERENCE sym_k0003 0
REFERENCE sym_k0023 0
REFERENCE sym_k0000 0
REFERENCE sym_k0004 0
REFERENCE sym_k0008 0
REFERENCE sym_k0071 0
REFERENCE sym_k0015 0
REFERENCE sym_k0007 0
REFERENCE sym_k0018 0
REFERENCE sym_k0000 0
DECLARE sym_k0206 12 0
DECLARE sym_k0050 6 0
REFERENCE sym_k0000 0
REFERENCE sym_k0032 0
REFERENCE missing_1505 0
REFERENCE sym_k0006 0
REFERENCE sym_k0006 0
REFERENCE sym_k0001 0
REFERENCE sym_k0011 0
REFERENCE sym_k0001 0
REFERENCE sym_k0017 0
REFERENCE sym_k0000 0
REFERENCE sym_k0248 0
REFERENCE sym_k0006 0
REFERENCE sym_k0000 0
REFERENCE sym_k0015 0
REFERENCE sym_k0010 0
REFERENCE sym_k0009 0
REFERENCE sym_k0000 0
DECLARE sym_k0258 4 0
REFERENCE sym_k0002 0
REFERENCE sym_k0000 0
REFERENCE sym_k0001 0
REFERENCE sym_k0000 0
REFERENCE sym_k0048 0
REFERENCE missing_4877 0
DECLARE sym_k0152 3 0
DECLARE sym_k0269 15 0
REFERENCE sym_k0000 0
REFERENCE sym_k0000 0
REFERENCE sym_k0012 0
REFERENCE sym_k0000 0
REFERENCE sym_k0001 0
REFERENCE sym_k0020 0
REFERENCE sym_k0028 0
REFERENCE sym_k0006 0
REFERENCE sym_k0019 0
REFERENCE sym_k0003 0
REFERENCE sym_k0001 0
REFERENCE sym_k0003 0
REFERENCE sym_k0005 0
REFERENCE sym_k0000 0
DECLARE sym_k0219 10 0
DECLARE sym_k0072 13 0
REFERENCE sym_k0003 0
REFERENCE sym_k0001 0
REFERENCE sym_k0001 0
REFERENCE sym_k0008 0
REFERENCE sym_k0014 0
REFERENCE sym_k0008 0
REFERENCE sym_k0030 0
DECLARE sym_k0213 4 0
REFERENCE sym_k0000 0
REFERENCE sym_k0001 0
REFERENCE sym_k0001 0
REFERENCE sym_k0037 0
REFERENCE sym_k0000 0
REFERENCE sym_k0000 0
DECLARE sym_k0108 4 0
REFERENCE sym_k0001 0
REFERENCE sym_k0029 0
REFERENCE sym_k0001 0
REFERENCE sym_k0009 0
REFERENCE sym_k0001 0
REFERENCE sym_k0028 0
REFERENCE sym_k0004 0
REFERENCE sym_k0000 0
REFERENCE sym_k0001 0
REFERENCE sym_k0002 0
REFERENCE sym_k0003 0
REFERENCE sym_k0008 0
REFERENCE sym_k0080 0
REFERENCE sym_k0003 0
REFERENCE sym_k0033 0
REFERENCE sym_k0048 0
REFERENCE sym_k0000 0
REFERENCE sym_k0003 0
REFERENCE missing_8385 0
REFERENCE sym_k0005 0
REFERENCE sym_k0007 0
REFERENCE sym_k0032 0
REFERENCE sym_k0008 0
REFERENCE sym_k0000 0
REFERENCE sym_k0023 0
REFERENCE sym_k0074 0
REFERENCE sym_k0000 0
REFERENCE sym_k0020 0
REFERENCE sym_k0001 0
REFERENCE sym_k0020 0
REFERENCE sym_k0011 0
REFERENCE sym_k0000 0
REFERENCE sym_k0030 0
REFERENCE sym_k0024 0
REFERENCE sym_k0019 0
REFERENCE sym_k0017 0
REFERENCE sym_k0004 0
REFERENCE sym_k0000 0
REFERENCE sym_k0000 0
REFERENCE sym_k0000 0
REFERENCE sym_k0004 0
REFERENCE sym_k0015 0
REFERENCE missing_3733 0
REFERENCE sym_k0002 0
REFERENCE sym_k0004 0
REFERENCE sym_k0000 0
REFERENCE sym_k0018 0
REFERENCE sym_k0011 0
REFERENCE sym_k0013 0
REFERENCE sym_k0001 0
REFERENCE sym_k0003 0
DECLARE sym_k0061 2 0
REFERENCE sym_k0000 0
REFERENCE sym_k0018 0
REFERENCE sym_k0004 0
REFERENCE sym_k0000 0
REFERENCE sym_k0001 0
REFERENCE sym_k0001 0
REFERENCE sym_k0000 0
REFERENCE sym_k0000 0
REFERENCE missing_3984 0
REFERENCE missing_9589 0
DECLARE sym_k0055 11 0
REFERENCE sym_k0006 0
REFERENCE sym_k0010 0
REFERENCE sym_k0001 0
REFERENCE sym_k0000 0
REFERENCE sym_k0206 0
REFERENCE sym_k0005 0
REFERENCE sym_k0005 0
REFERENCE sym_k0001 0
REFERENCE sym_k0004 0
REFERENCE sym_k0000 0
REFERENCE sym_k0001 0
REFERENCE sym_k0068 0
REFERENCE sym_k0000 0
REFERENCE sym_k0000 0
REFERENCE sym_k0001 0
REFERENCE sym_k0002 0
REFERENCE sym_k0017 0
REFERENCE sym_k0005 0
REFERENCE sym_k0000 0
REFERENCE sym_k0001 0
REFERENCE missing_3880 0
DECLARE sym_k0073 14 0
DECLARE sym_k0261 7 0
REFERENCE sym_k0040 0
REFERENCE sym_k0002 0
DECLARE sym_k0067 8 0
REFERENCE sym_k0067 0
REFERENCE sym_k0012 0
REFERENCE sym_k0009 0
REFERENCE sym_k0006 0
REFERENCE missing_1693 0
REFERENCE sym_k0000 0
REFERENCE sym_k0041 0
REFERENCE sym_k0021 0
REFERENCE missing_3864 0
REFERENCE sym_k0026 0
REFERENCE sym_k0000 0
REFERENCE sym_k0000 0
REFERENCE missing_8734 0
REFERENCE sym_k0000 0
REFERENCE sym_k0001 0
REFERENCE sym_k0002 0
REFERENCE missing_9832 0
REFERENCE sym_k0003 0
DECLARE sym_k0059 15 0
REFERENCE sym_k0000 0
REFERENCE sym_k0020 0
REFERENCE sym_k0000 0
REFERENCE sym_k0010 0
REFERENCE sym_k0000 0
REFERENCE sym_k0000 0
REFERENCE sym_k0006 0
REFERENCE sym_k0012 0
REFERENCE sym_k0002 0
REFERENCE sym_k0062 0
REFERENCE sym_k0000 0
REFERENCE sym_k0038 0
REFERENCE sym_k0009 0
REFERENCE sym_k0028 0
REFERENCE sym_k0001 0
REFERENCE sym_k0000 0
REFERENCE sym_k0000 0
REFERENCE sym_k0000 0
REFERENCE sym_k0010 0
REFERENCE sym_k0000 0
REFERENCE sym_k0019 0
REFERENCE sym_k0020 0
REFERENCE sym_k0020 0
REFERENCE sym_k0012 0
REFERENCE sym_k0000 0
REFERENCE sym_k0040 0
REFERENCE sym_k0002 0
REFERENCE sym_k0000 0
REFERENCE sym_k0048 0
DECLARE sym_k0125 6 0
REFERENCE sym_k0000 0
REFERENCE sym_k0024 0
REFERENCE sym_k0052 0
REFERENCE sym_k0007 0
REFERENCE sym_k0002 0
REFERENCE sym_k0085 0
REFERENCE sym_k0043 0
REFERENCE sym_k0012 0
REFERENCE sym_k0000 0
REFERENCE sym_k0000 0
REFERENCE sym_k0006 0
REFERENCE sym_k0030 0
REFERENCE sym_k0000 0
REFERENCE sym_k0001 0
REFERENCE sym_k0024 0
REFERENCE sym_k0006 0
REFERENCE sym_k0000 0
REFERENCE sym_k0019 0
REFERENCE missing_2945 0
REFERENCE sym_k0000 0
REFERENCE sym_k0009 0
REFERENCE sym_k0001 0
REFERENCE sym_k0010 0
REFERENCE sym_k0009 0
REFERENCE sym_k0001 0
REFERENCE sym_k0015 0
REFERENCE sym_k0006 0
REFERENCE sym_k0013 0
REFERENCE sym_k0001 0
REFERENCE sym_k0000 0
REFERENCE sym_k0151 0
REFERENCE sym_k0000 0
REFERENCE sym_k0000 0
REFERENCE sym_k0085 0
REFERENCE sym_k0005 0
REFERENCE sym_k0024 0
REFERENCE sym_k0001 0
REFERENCE sym_k0028 0
REFERENCE sym_k0002 0
REFERENCE missing_6826 0
REFERENCE sym_k0000 0
REFERENCE sym_k0000 0
REFERENCE sym_k0006 0
REFERENCE sym_k0010 0
REFERENCE sym_k0000 0
REFERENCE sym_k0040 0
REFERENCE sym_k0008 0
REFERENCE sym_k0000 0
REFERENCE sym_k0018 0
REFERENCE sym_k0085 0
REFERENCE missing_9616 0
REFERENCE sym_k0021 0
REFERENCE sym_k0003 0
REFERENCE sym_k0016 0
REFERENCE sym_k0005 0
REFERENCE sym_k0002 0
DECLARE sym_k0132 13 0
REFERENCE sym_k0019 0
REFERENCE sym_k0000 0
REFERENCE sym_k0003 0
REFERENCE sym_k0005 0
REFERENCE sym_k0019 0
REFERENCE sym_k0003 0
REFERENCE sym_k0008 0
REFERENCE sym_k0028 0
REFERENCE sym_k0258 0
REFERENCE sym_k0044 0
REFERENCE sym_k0002 0
REFERENCE sym_k0002 0
REFERENCE sym_k0000 0
REFERENCE sym_k0000 0
REFERENCE sym_k0000 0
REFERENCE sym_k0000 0
REFERENCE sym_k0000 0
REFERENCE sym_k0029 0
REFERENCE sym_k0030 0
REFERENCE sym_k0000 0
REFERENCE sym_k0009 0
REFERENCE sym_k0000 0
REFERENCE sym_k0033 0
REFERENCE sym_k0014 0
REFERENCE sym_k0000 0
REFERENCE sym_k0004 0
REFERENCE sym_k0000 0
REFERENCE sym_k0000 0
REFERENCE sym_k0001 0
REFERENCE sym_k0001 0
REFERENCE sym_k0050 0
REFERENCE sym_k0003 0
REFERENCE sym_k0002 0
REFERENCE sym_k0000 0
REFERENCE sym_k0000 0
REFERENCE sym_k0028 0
REFERENCE sym_k0034 0
REFERENCE sym_k0000 0
REFERENCE sym_k0000 0
REFERENCE sym_k0019 0
REFERENCE sym_k0000 0
REFERENCE sym_k0074 0
REFERENCE sym_k0000 0
REFERENCE sym_k0021 0
REFERENCE sym_k0047 0
DECLARE sym_k0112 8 0
REFERENCE sym_k0015 0
REFERENCE sym_k0009 0
REFERENCE sym_k0003 0
REFERENCE sym_k0025 0
REFERENCE sym_k0000 0
REFERENCE sym_k0014 0
REFERENCE sym_k0000 0
REFERENCE sym_k0000 0
REFERENCE sym_k0005 0
REFERENCE sym_k0258 0
REFERENCE sym_k0002 0
REFERENCE sym_k0012 0
REFERENCE sym_k0000 0
REFERENCE sym_k0004 0
REFERENCE sym_k0073 0
REFERENCE sym_k0000 0
REFERENCE sym_k0062 0
REFERENCE sym_k0012 0
DECLARE sym_k0240 1 0
REFERENCE sym_k0000 0
REFERENCE sym_k0002 0
REFERENCE sym_k0000 0
REFERENCE sym_k0001 0
REFERENCE sym_k0062 0
REFERENCE sym_k0000 0
REFERENCE sym_k0013 0
REFERENCE sym_k0003 0
REFERENCE sym_k0000 0
REFERENCE sym_k0043 0
REFERENCE sym_k0016 0
REFERENCE sym_k0000 0
REFERENCE sym_k0001 0
REFERENCE sym_k0002 0
REFERENCE sym_k0001 0
REFERENCE sym_k0054 0
REFERENCE sym_k0074 0
REFERENCE sym_k0023 0
REFERENCE sym_k0001 0
DECLARE sym_k0053 9 0
REFERENCE sym_k0013 0
REFERENCE sym_k0003 0
REFERENCE sym_k0028 0
DECLARE sym_k0117 13 0
REFERENCE sym_k0003 0
REFERENCE sym_k0026 0
REFERENCE sym_k0071 0
REFERENCE sym_k0003 0
REFERENCE sym_k0001 0
REFERENCE sym_k0004 0
REFERENCE missing_7953 0
REFERENCE sym_k0023 0
REFERENCE sym_k0016 0
REFERENCE sym_k0007 0
REFERENCE sym_k0000 0
REFERENCE missing_6545 0
REFERENCE sym_k0000 0
REFERENCE sym_k0002 0
REFERENCE sym_k0002 0
REFERENCE sym_k0000 0
REFERENCE sym_k0000 0
REFERENCE sym_k0000 0
REFERENCE sym_k0000 0
REFERENCE sym_k0018 0
REFERENCE sym_k0000 0
REFERENCE sym_k0000 0
REFERENCE sym_k0010 0
REFERENCE sym_k0011 0
REFERENCE sym_k0005 0
REFERENCE sym_k0001 0
REFERENCE sym_k0000 0
REFERENCE sym_k0000 0
DECLARE sym_k0290 6 0
DECLARE sym_k0119 15 0
REFERENCE sym_k0001 0
REFERENCE sym_k0021 0
REFERENCE sym_k0034 0
REFERENCE sym_k0004 0
REFERENCE missing_4974 0
REFERENCE sym_k0001 0
REFERENCE sym_k0001 0
REFERENCE sym_k0050 0
REFERENCE sym_k0014 0
REFERENCE sym_k0001 0
REFERENCE sym_k0000 0
REFERENCE sym_k0067 0
REFERENCE sym_k0027 0
REFERENCE sym_k0000 0
REFERENCE sym_k0000 0
REFERENCE sym_k0011 0
REFERENCE sym_k0000 0
REFERENCE sym_k0001 0
REFERENCE sym_k0006 0
REFERENCE sym_k0028 0
REFERENCE sym_k0112 0
REFERENCE sym_k0003 0
REFERENCE sym_k0000 0
REFERENCE sym_k0020 0
REFERENCE sym_k0028 0
REFERENCE sym_k0005 0
REFERENCE sym_k0000 0
REFERENCE sym_k0000 0
REFERENCE sym_k0001 0
REFERENCE sym_k0000 0
REFERENCE sym_k0033 0
REFERENCE sym_k0000 0
REFERENCE sym_k0007 0
REFERENCE sym_k0026 0
REFERENCE sym_k0005 0
REFERENCE sym_k0000 0
REFERENCE sym_k0125 0
REFERENCE sym_k0000 0
REFERENCE sym_k0001 0
REFERENCE sym_k0001 0
REFERENCE sym_k0000 0
REFERENCE missing_4729 0
REFERENCE sym_k0015 0
REFERENCE missing_5730 0
REFERENCE sym_k0001 0
REFERENCE sym_k0000 0
REFERENCE sym_k0017 0
REFERENCE sym_k0012 0
REFERENCE sym_k0053 0
REFERENCE sym_k0002 0
REFERENCE sym_k0001 0
REFERENCE sym_k0000 0
REFERENCE missing_2630 0
REFERENCE sym_k0014 0
REFERENCE sym_k0110 0
REFERENCE sym_k0025 0
REFERENCE sym_k0025 0
REFERENCE sym_k0000 0
REFERENCE sym_k0018 0
REFERENCE sym_k0000 0
REFERENCE sym_k0000 0
REFERENCE sym_k0001 0
REFERENCE sym_k0020 0
REFERENCE sym_k0014 0
REFERENCE sym_k0038 0
REFERENCE sym_k0000 0
REFERENCE missing_1658 0
REFERENCE sym_k0020 0
REFERENCE sym_k0014 0
REFERENCE sym_k0009 0
REFERENCE sym_k0000 0
REFERENCE sym_k0000 0
REFERENCE sym_k0007 0
REFERENCE sym_k0059 0
REFERENCE sym_k0025 0
REFERENCE sym_k0000 0
REFERENCE sym_k0110 0
REFERENCE sym_k0000 0
REFERENCE sym_k0018 0
REFERENCE sym_k0000 0
REFERENCE sym_k0001 0
REFERENCE sym_k0005 0
REFERENCE sym_k0002 0
REFERENCE sym_k0001 0
DECLARE sym_k0057 13 0
REFERENCE sym_k0001 0
REFERENCE sym_k0014 0
REFERENCE sym_k0057 0
REFERENCE sym_k0000 0
REFERENCE sym_k0000 0
REFERENCE sym_k0000 0
REFERENCE sym_k0072 0
REFERENCE sym_k0002 0
REFERENCE sym_k0000 0
REFERENCE sym_k0000 0
REFERENCE sym_k0000 0
REFERENCE sym_k0012 0
REFERENCE missing_3600 0
REFERENCE sym_k0025 0
REFERENCE sym_k0006 0
REFERENCE sym_k0043 0
REFERENCE sym_k0062 0
REFERENCE sym_k0050 0
REFERENCE missing_7901 0
REFERENCE sym_k0000 0
REFERENCE sym_k0002 0
REFERENCE sym_k0018 0
REFERENCE sym_k0076 0
REFERENCE sym_k0000 0
REFERENCE sym_k0002 0
REFERENCE sym_k0008 0
REFERENCE sym_k0014 0
REFERENCE sym_k0085 0
REFERENCE sym_k0010 0
REFERENCE sym_k0006 0
DECLARE sym_k0177 13 0
REFERENCE sym_k0001 0
REFERENCE sym_k0030 0
REFERENCE sym_k0028 0
REFERENCE sym_k0003 0
REFERENCE sym_k0000 0
REFERENCE sym_k0000 0
REFERENCE sym_k0002 0
REFERENCE sym_k0248 0
REFERENCE sym_k0000 0
REFERENCE sym_k0001 0
REFERENCE sym_k0002 0
REFERENCE sym_k0072 0
REFERENCE sym_k0016 0
REFERENCE sym_k0008 0
REFERENCE sym_k0008 0
REFERENCE sym_k0002 0
REFERENCE sym_k0015 0
REFERENCE sym_k0008 0
REFERENCE sym_k0008 0
REFERENCE sym_k0003 0
REFERENCE sym_k0012 0
REFERENCE sym_k0000 0
REFERENCE sym_k0053 0
REFERENCE sym_k0240 0
REFERENCE sym_k0004 0
REFERENCE sym_k0012 0
REFERENCE missing_6180 0
REFERENCE sym_k0001 0
REFERENCE sym_k0021 0
REFERENCE missing_4077 0
REFERENCE sym_k0002 0
REFERENCE missing_8250 0
REFERENCE sym_k0000 0
REFERENCE missing_7901 0
REFERENCE sym_k0000 0
REFERENCE sym_k0000 0
REFERENCE sym_k0034 0
REFERENCE sym_k0018 0
REFERENCE sym_k0005 0
REFERENCE sym_k0002 0
REFERENCE missing_5092 0
DECLARE sym_k0165 1 0
REFERENCE sym_k0000 0
REFERENCE sym_k0005 0
REFERENCE sym_k0005 0
REFERENCE sym_k0000 0
REFERENCE sym_k0047 0
REFERENCE sym_k0000 0
REFERENCE sym_k0001 0
REFERENCE sym_k0038 0
REFERENCE sym_k0001 0
REFERENCE sym_k0000 0
REFERENCE sym_k0001 0
REFERENCE sym_k0003 0
REFERENCE sym_k0000 0
REFERENCE sym_k0000 0
REFERENCE sym_k0013 0
REFERENCE sym_k0009 0
REFERENCE sym_k0013 0
REFERENCE missing_6977 0
REFERENCE sym_k0000 0
REFERENCE missing_4444 0
REFERENCE sym_k0015 0
REFERENCE sym_k0007 0
REFERENCE sym_k0001 0
REFERENCE sym_k0011 0
REFERENCE sym_k0000 0
REFERENCE sym_k0031 0
REFERENCE sym_k0019 0
REFERENCE sym_k0010 0
REFERENCE sym_k0005 0
REFERENCE sym_k0000 0
REFERENCE sym_k0003 0
REFERENCE sym_k0108 0
REFERENCE sym_k0001 0
REFERENCE missing_9563 0
REFERENCE sym_k0001 0
REFERENCE sym_k0000 0
REFERENCE sym_k0008 0
REFERENCE sym_k0000 0
REFERENCE sym_k0000 0
REFERENCE sym_k0003 0
REFERENCE sym_k0002 0
REFERENCE sym_k0002 0
REFERENCE sym_k0003 0
REFERENCE sym_k0151 0
REFERENCE sym_k0009 0
REFERENCE sym_k0002 0
REFERENCE sym_k0001 0
REFERENCE sym_k0018 0
DECLARE sym_k0220 11 0
REFERENCE sym_k0003 0
REFERENCE sym_k0011 0
REFERENCE sym_k0001 0
REFERENCE sym_k0030 0
REFERENCE sym_k0000 0
REFERENCE sym_k0002 0
REFERENCE sym_k0014 0
REFERENCE sym_k0014 0
REFERENCE sym_k0006 0
REFERENCE sym_k0053 0
REFERENCE sym_k0000 0
REFERENCE sym_k0005 0
REFERENCE sym_k0001 0
REFERENCE sym_k0023 0
REFERENCE sym_k0001 0
REFERENCE sym_k0011 0
REFERENCE sym_k0027 0
REFERENCE sym_k0032 0
REFERENCE sym_k0013 0
REFERENCE sym_k0000 0
DECLARE sym_k0084 10 0
REFERENCE sym_k0001 0
REFERENCE sym_k0001 0
REFERENCE sym_k0023 0
REFERENCE sym_k0027 0
REFERENCE sym_k0021 0
DECLARE sym_k0086 12 0
REFERENCE sym_k0044 0
DECLARE sym_k0182 3 0
REFERENCE sym_k0005 0
DECLARE sym_k0142 8 0
REFERENCE sym_k0002 0
REFERENCE sym_k0006 0
REFERENCE sym_k0037 0
REFERENCE sym_k0000 0
REFERENCE sym_k0013 0
REFERENCE sym_k0034 0
REFERENCE sym_k0003 0
REFERENCE sym_k0000 0
REFERENCE sym_k0000 0
REFERENCE missing_5065 0
REFERENCE sym_k0001 0
REFERENCE sym_k0005 0
REFERENCE sym_k0000 0
REFERENCE sym_k0000 0
REFERENCE sym_k0018 0
REFERENCE sym_k0000 0
REFERENCE sym_k0001 0
DECLARE sym_k0263 9 0
REFERENCE sym_k0057 0
REFERENCE sym_k0002 0
REFERENCE sym_k0000 0
REFERENCE sym_k0014 0
REFERENCE sym_k0002 0
REFERENCE sym_k0000 0
REFERENCE sym_k0240 0
REFERENCE missing_8787 0
REFERENCE sym_k0000 0
REFERENCE sym_k0036 0
REFERENCE sym_k0028 0
REFERENCE sym_k0003 0
REFERENCE sym_k0020 0
REFERENCE sym_k0005 0
REFERENCE sym_k0004 0
REFERENCE sym_k0006 0
REFERENCE sym_k0004 0
REFERENCE sym_k0061 0
REFERENCE sym_k0151 0
REFERENCE sym_k0001 0
REFERENCE missing_3357 0
REFERENCE sym_k0000 0
REFERENCE sym_k0000 0
REFERENCE sym_k0000 0
REFERENCE sym_k0019 0
REFERENCE sym_k0001 0
REFERENCE sym_k0042 0
REFERENCE sym_k0033 0
REFERENCE sym_k0041 0
REFERENCE sym_k0007 0
REFERENCE sym_k0000 0
REFERENCE sym_k0000 0
REFERENCE sym_k0004 0
REFERENCE sym_k0000 0
REFERENCE missing_8848 0
REFERENCE sym_k0029 0
REFERENCE missing_2565 0
REFERENCE sym_k0007 0
REFERENCE sym_k0059 0
REFERENCE sym_k0006 0
REFERENCE sym_k0004 0
REFERENCE sym_k0026 0
REFERENCE sym_k0012 0
REFERENCE sym_k0054 0
REFERENCE sym_k0002 0
REFERENCE sym_k0008 0
REFERENCE sym_k0000 0
REFERENCE sym_k0000 0
REFERENCE sym_k0053 0
REFERENCE sym_k0213 0
REFERENCE sym_k0001 0
REFERENCE sym_k0000 0
REFERENCE sym_k0002 0
REFERENCE sym_k0000 0
REFERENCE sym_k0008 0
DECLARE sym_k0058 14 0
REFERENCE sym_k0001 0
REFERENCE sym_k0001 0
REFERENCE sym_k0014 0
REFERENCE sym_k0002 0
DECLARE sym_k0208 14 0
REFERENCE sym_k0005 0
REFERENCE sym_k0000 0
REFERENCE sym_k0000 0
REFERENCE sym_k0125 0
REFERENCE sym_k0000 0
REFERENCE sym_k0003 0
REFERENCE missing_9536 0
REFERENCE sym_k0000 0
REFERENCE missing_9574 0
DECLARE sym_k0101 12 0
REFERENCE sym_k0010 0
REFERENCE sym_k0000 0
REFERENCE sym_k0008 0
REFERENCE sym_k0001 0
DECLARE sym_k0063 4 0
REFERENCE sym_k0001 0
REFERENCE sym_k0000 0
EXIT_SCOPE 0
