# ColliScope Generated Random Trace
# Parameters: seed=50, scope=flat, type=mixed, load_factor=0.9
ENTER_SCOPE 0
DECLARE mgq_00000 8 0
DECLARE sti_00001 18 0
DECLARE irc_00002 5 0
DECLARE jcj_00003 8 0
DECLARE ezi_00004 20 0
DECLARE xlc_00005 3 0
DECLARE svu_00006 14 0
DECLARE aiu_00007 14 0
DECLARE scx_00008 9 0
DECLARE xpd_00009 20 0
DECLARE fpk_00010 20 0
DECLARE xzd_00011 18 0
DECLARE mxv_00012 5 0
DECLARE mvh_00013 12 0
DECLARE tdj_00014 19 0
DECLARE rmu_00015 18 0
DECLARE ufs_00016 4 0
DECLARE vgv_00017 11 0
DECLARE anz_00018 3 0
DECLARE qrg_00019 14 0
DECLARE mkv_00020 16 0
DECLARE cdb_00021 1 0
DECLARE bro_00022 10 0
DECLARE ijq_00023 17 0
DECLARE xce_00024 7 0
DECLARE ycc_00025 6 0
DECLARE dza_00026 12 0
DECLARE ang_00027 10 0
DECLARE sam_00028 14 0
DECLARE jdw_00029 17 0
DECLARE pvi_00030 13 0
DECLARE idv_00031 16 0
DECLARE hui_00032 13 0
DECLARE sgn_00033 4 0
DECLARE cbc_00034 16 0
DECLARE wgu_00035 20 0
DECLARE guv_00036 19 0
DECLARE rfh_00037 8 0
DECLARE boe_00038 4 0
DECLARE sst_00039 10 0
DECLARE oce_00040 14 0
DECLARE zmt_00041 2 0
DECLARE nme_00042 11 0
DECLARE nae_00043 16 0
DECLARE hrq_00044 18 0
DECLARE vyf_00045 2 0
DECLARE jzw_00046 8 0
DECLARE dsl_00047 9 0
DECLARE sye_00048 13 0
DECLARE qcc_00049 12 0
DECLARE vbm_00050 11 0
DECLARE dmg_00051 18 0
REFERENCE missing_2990 0
REFERENCE pvi_00030 0
REFERENCE sti_00001 0
REFERENCE hui_00032 0
DECLARE opn_00052 19 0
DECLARE nkh_00053 12 0
DECLARE iyv_00054 4 0
DECLARE tnn_00055 18 0
REFERENCE vbm_00050 0
REFERENCE pvi_00030 0
REFERENCE xzd_00011 0
REFERENCE qcc_00049 0
DECLARE gzn_00056 1 0
REFERENCE nme_00042 0
DECLARE ykr_00057 11 0
REFERENCE gzn_00056 0
DECLARE lqf_00058 6 0
REFERENCE dmg_00051 0
REFERENCE cdb_00021 0
REFERENCE tdj_00014 0
DECLARE jpz_00059 2 0
DECLARE rco_00060 20 0
REFERENCE cdb_00021 0
DECLARE qmh_00061 16 0
REFERENCE rfh_00037 0
REFERENCE idv_00031 0
REFERENCE dza_00026 0
DECLARE jbb_00062 15 0
DECLARE pks_00063 5 0
DECLARE kon_00064 5 0
DECLARE zsb_00065 14 0
REFERENCE nae_00043 0
DECLARE exf_00066 10 0
DECLARE stj_00067 8 0
REFERENCE ezi_00004 0
REFERENCE fpk_00010 0
REFERENCE sam_00028 0
REFERENCE iyv_00054 0
REFERENCE sye_00048 0
REFERENCE dsl_00047 0
DECLARE djv_00068 4 0
DECLARE xyk_00069 13 0
REFERENCE djv_00068 0
REFERENCE qmh_00061 0
DECLARE aaa_00070 3 0
REFERENCE djv_00068 0
REFERENCE xzd_00011 0
REFERENCE djv_00068 0
REFERENCE scx_00008 0
REFERENCE ang_00027 0
REFERENCE tnn_00055 0
REFERENCE jdw_00029 0
REFERENCE vgv_00017 0
DECLARE sey_00071 15 0
DECLARE bhl_00072 18 0
REFERENCE qrg_00019 0
REFERENCE bhl_00072 0
REFERENCE tnn_00055 0
DECLARE puj_00073 18 0
DECLARE ouz_00074 12 0
DECLARE llk_00075 11 0
DECLARE nhb_00076 4 0
DECLARE zmm_00077 16 0
REFERENCE kon_00064 0
DECLARE ktk_00078 19 0
REFERENCE wgu_00035 0
REFERENCE djv_00068 0
REFERENCE exf_00066 0
REFERENCE missing_9713 0
DECLARE lmg_00079 16 0
REFERENCE irc_00002 0
DECLARE evo_00080 5 0
DECLARE pup_00081 16 0
DECLARE iek_00082 19 0
DECLARE euv_00083 19 0
REFERENCE sam_00028 0
DECLARE cpv_00084 20 0
DECLARE nsq_00085 4 0
REFERENCE pup_00081 0
REFERENCE idv_00031 0
REFERENCE jdw_00029 0
REFERENCE sgn_00033 0
DECLARE hjf_00086 16 0
REFERENCE vbm_00050 0
REFERENCE lqf_00058 0
REFERENCE missing_5598 0
REFERENCE cpv_00084 0
DECLARE gib_00087 19 0
REFERENCE qmh_00061 0
DECLARE dll_00088 14 0
DECLARE hpt_00089 13 0
REFERENCE jcj_00003 0
DECLARE abu_00090 6 0
REFERENCE pvi_00030 0
REFERENCE xyk_00069 0
DECLARE dfj_00091 19 0
REFERENCE jcj_00003 0
REFERENCE iyv_00054 0
REFERENCE jbb_00062 0
REFERENCE qmh_00061 0
REFERENCE sye_00048 0
REFERENCE svu_00006 0
DECLARE znt_00092 2 0
REFERENCE aaa_00070 0
DECLARE uee_00093 10 0
DECLARE vip_00094 18 0
DECLARE pki_00095 15 0
DECLARE rie_00096 6 0
DECLARE uzu_00097 9 0
DECLARE xlx_00098 3 0
REFERENCE svu_00006 0
REFERENCE ouz_00074 0
DECLARE vjy_00099 16 0
DECLARE lpk_00100 14 0
DECLARE odz_00101 15 0
DECLARE xiv_00102 5 0
DECLARE lvt_00103 6 0
REFERENCE dll_00088 0
DECLARE fkm_00104 17 0
DECLARE ssc_00105 15 0
REFERENCE hrq_00044 0
REFERENCE idv_00031 0
REFERENCE missing_4809 0
REFERENCE iek_00082 0
DECLARE bre_00106 15 0
DECLARE pxi_00107 18 0
DECLARE dsp_00108 12 0
REFERENCE missing_2845 0
DECLARE vmz_00109 17 0
REFERENCE vip_00094 0
DECLARE bpe_00110 19 0
REFERENCE missing_6785 0
DECLARE adj_00111 6 0
REFERENCE vjy_00099 0
REFERENCE hjf_00086 0
REFERENCE mgq_00000 0
DECLARE apa_00112 3 0
REFERENCE nme_00042 0
REFERENCE vip_00094 0
REFERENCE sey_00071 0
DECLARE qfc_00113 10 0
REFERENCE mvh_00013 0
REFERENCE xce_00024 0
REFERENCE sgn_00033 0
REFERENCE svu_00006 0
REFERENCE llk_00075 0
REFERENCE vmz_00109 0
REFERENCE dsp_00108 0
REFERENCE rfh_00037 0
REFERENCE jcj_00003 0
DECLARE jem_00114 13 0
REFERENCE missing_5667 0
REFERENCE jbb_00062 0
REFERENCE scx_00008 0
REFERENCE odz_00101 0
REFERENCE zsb_00065 0
DECLARE zpb_00115 19 0
REFERENCE jem_00114 0
DECLARE pnn_00116 6 0
REFERENCE llk_00075 0
REFERENCE puj_00073 0
DECLARE pfp_00117 16 0
REFERENCE fpk_00010 0
DECLARE phb_00118 16 0
DECLARE mkh_00119 2 0
REFERENCE lqf_00058 0
DECLARE ahd_00120 14 0
REFERENCE svu_00006 0
REFERENCE missing_2272 0
REFERENCE lqf_00058 0
REFERENCE missing_9848 0
DECLARE wum_00121 2 0
DECLARE exm_00122 7 0
REFERENCE dmg_00051 0
REFERENCE irc_00002 0
DECLARE ivj_00123 16 0
REFERENCE iek_00082 0
DECLARE awk_00124 17 0
REFERENCE qfc_00113 0
DECLARE vsn_00125 8 0
DECLARE ktt_00126 2 0
REFERENCE gib_00087 0
DECLARE foa_00127 6 0
REFERENCE irc_00002 0
REFERENCE ktk_00078 0
DECLARE ash_00128 10 0
REFERENCE apa_00112 0
DECLARE ixn_00129 14 0
DECLARE vtk_00130 10 0
DECLARE row_00131 14 0
REFERENCE boe_00038 0
REFERENCE ktt_00126 0
REFERENCE lpk_00100 0
DECLARE smt_00132 19 0
REFERENCE adj_00111 0
REFERENCE rco_00060 0
REFERENCE stj_00067 0
DECLARE yqy_00133 8 0
REFERENCE xpd_00009 0
DECLARE cee_00134 7 0
DECLARE kpx_00135 14 0
REFERENCE dll_00088 0
REFERENCE jcj_00003 0
REFERENCE ouz_00074 0
DECLARE ivp_00136 4 0
REFERENCE yqy_00133 0
DECLARE imc_00137 17 0
REFERENCE hrq_00044 0
REFERENCE idv_00031 0
REFERENCE row_00131 0
DECLARE gdc_00138 13 0
DECLARE nki_00139 11 0
REFERENCE vyf_00045 0
REFERENCE cbc_00034 0
REFERENCE missing_2915 0
DECLARE vtu_00140 20 0
DECLARE por_00141 5 0
REFERENCE missing_7004 0
DECLARE hjx_00142 20 0
REFERENCE opn_00052 0
DECLARE tqg_00143 2 0
DECLARE rml_00144 9 0
REFERENCE exm_00122 0
DECLARE niy_00145 13 0
REFERENCE zmm_00077 0
DECLARE hec_00146 16 0
DECLARE rud_00147 6 0
REFERENCE tqg_00143 0
DECLARE tam_00148 11 0
REFERENCE cpv_00084 0
REFERENCE vip_00094 0
DECLARE xob_00149 8 0
DECLARE mdp_00150 9 0
REFERENCE ash_00128 0
REFERENCE cee_00134 0
DECLARE qen_00151 15 0
DECLARE ssv_00152 13 0
DECLARE sjj_00153 5 0
REFERENCE missing_5615 0
DECLARE cmg_00154 19 0
REFERENCE pki_00095 0
REFERENCE mkv_00020 0
REFERENCE jpz_00059 0
DECLARE pht_00155 11 0
REFERENCE hrq_00044 0
DECLARE tdi_00156 1 0
REFERENCE missing_8711 0
REFERENCE jem_00114 0
REFERENCE nhb_00076 0
DECLARE fvp_00157 2 0
REFERENCE ixn_00129 0
REFERENCE znt_00092 0
DECLARE twz_00158 3 0
DECLARE jbi_00159 19 0
DECLARE omw_00160 18 0
DECLARE tyd_00161 3 0
DECLARE hnw_00162 13 0
REFERENCE ssv_00152 0
DECLARE kda_00163 5 0
REFERENCE sgn_00033 0
REFERENCE ssv_00152 0
DECLARE iog_00164 18 0
REFERENCE xpd_00009 0
DECLARE xuv_00165 20 0
DECLARE uyu_00166 13 0
DECLARE rpe_00167 3 0
REFERENCE dmg_00051 0
DECLARE ncs_00168 17 0
REFERENCE euv_00083 0
REFERENCE uzu_00097 0
REFERENCE mvh_00013 0
DECLARE knt_00169 3 0
REFERENCE euv_00083 0
DECLARE vjn_00170 18 0
DECLARE jsn_00171 3 0
DECLARE ofx_00172 17 0
DECLARE lll_00173 10 0
REFERENCE vyf_00045 0
REFERENCE missing_4268 0
REFERENCE bpe_00110 0
DECLARE xiy_00174 20 0
DECLARE hdj_00175 12 0
REFERENCE tdi_00156 0
REFERENCE sst_00039 0
DECLARE toe_00176 17 0
REFERENCE adj_00111 0
REFERENCE hdj_00175 0
REFERENCE twz_00158 0
REFERENCE vbm_00050 0
DECLARE ppm_00177 8 0
DECLARE ohu_00178 3 0
REFERENCE qrg_00019 0
REFERENCE xiv_00102 0
REFERENCE ahd_00120 0
DECLARE tam_00179 17 0
REFERENCE vjy_00099 0
REFERENCE rmu_00015 0
DECLARE wkp_00180 9 0
REFERENCE nsq_00085 0
REFERENCE sey_00071 0
DECLARE ztw_00181 16 0
DECLARE sug_00182 13 0
DECLARE wji_00183 4 0
DECLARE cxj_00184 20 0
DECLARE xkw_00185 2 0
REFERENCE lll_00173 0
REFERENCE vbm_00050 0
REFERENCE ohu_00178 0
REFERENCE hdj_00175 0
DECLARE nyn_00186 1 0
REFERENCE fkm_00104 0
DECLARE olg_00187 15 0
DECLARE ahs_00188 3 0
DECLARE ilj_00189 10 0
REFERENCE tdj_00014 0
REFERENCE ang_00027 0
REFERENCE rmu_00015 0
DECLARE sjo_00190 16 0
REFERENCE tnn_00055 0
REFERENCE vyf_00045 0
REFERENCE qrg_00019 0
DECLARE qga_00191 4 0
REFERENCE yqy_00133 0
REFERENCE hec_00146 0
REFERENCE missing_2929 0
REFERENCE llk_00075 0
DECLARE vjm_00192 13 0
REFERENCE missing_2228 0
REFERENCE jsn_00171 0
REFERENCE xpd_00009 0
REFERENCE uee_00093 0
REFERENCE jbb_00062 0
DECLARE ktn_00193 19 0
DECLARE trt_00194 15 0
DECLARE oqw_00195 14 0
REFERENCE dmg_00051 0
DECLARE njy_00196 6 0
DECLARE xim_00197 10 0
DECLARE ufu_00198 16 0
REFERENCE rco_00060 0
DECLARE jsy_00199 15 0
REFERENCE missing_5336 0
DECLARE yak_00200 17 0
REFERENCE oce_00040 0
DECLARE dkp_00201 16 0
REFERENCE lqf_00058 0
DECLARE xio_00202 10 0
REFERENCE evo_00080 0
REFERENCE xce_00024 0
REFERENCE abu_00090 0
DECLARE qsf_00203 1 0
REFERENCE cbc_00034 0
REFERENCE wkp_00180 0
DECLARE edx_00204 16 0
DECLARE jcj_00205 8 0
REFERENCE dkp_00201 0
DECLARE xxz_00206 2 0
REFERENCE jpz_00059 0
REFERENCE ppm_00177 0
REFERENCE xio_00202 0
DECLARE wgz_00207 10 0
DECLARE nhd_00208 5 0
REFERENCE ktt_00126 0
REFERENCE missing_4640 0
DECLARE hcw_00209 4 0
REFERENCE svu_00006 0
REFERENCE tam_00179 0
REFERENCE omw_00160 0
REFERENCE missing_2843 0
REFERENCE nme_00042 0
REFERENCE tqg_00143 0
DECLARE eab_00210 14 0
DECLARE lhv_00211 7 0
REFERENCE nkh_00053 0
REFERENCE bhl_00072 0
DECLARE zay_00212 3 0
DECLARE sav_00213 4 0
DECLARE nvw_00214 1 0
DECLARE xsh_00215 6 0
DECLARE uuu_00216 16 0
REFERENCE lmg_00079 0
REFERENCE nyn_00186 0
DECLARE wlp_00217 6 0
DECLARE mfh_00218 15 0
DECLARE gkg_00219 11 0
REFERENCE nme_00042 0
DECLARE gzy_00220 11 0
DECLARE alz_00221 10 0
DECLARE hqy_00222 2 0
DECLARE opn_00223 3 0
DECLARE lst_00224 3 0
DECLARE xgu_00225 6 0
DECLARE ovh_00226 13 0
DECLARE uci_00227 8 0
REFERENCE ktn_00193 0
DECLARE nby_00228 4 0
REFERENCE oqw_00195 0
DECLARE tbp_00229 20 0
DECLARE iqp_00230 12 0
DECLARE rlt_00231 3 0
REFERENCE missing_7196 0
DECLARE zyc_00232 11 0
DECLARE zzh_00233 13 0
REFERENCE llk_00075 0
DECLARE bti_00234 17 0
DECLARE tkm_00235 15 0
DECLARE kqs_00236 13 0
DECLARE wox_00237 1 0
REFERENCE aiu_00007 0
REFERENCE xlc_00005 0
REFERENCE xiy_00174 0
REFERENCE djv_00068 0
REFERENCE sug_00182 0
DECLARE abj_00238 9 0
DECLARE gio_00239 3 0
REFERENCE dkp_00201 0
REFERENCE jsy_00199 0
DECLARE okx_00240 10 0
REFERENCE ang_00027 0
DECLARE twh_00241 8 0
DECLARE jdp_00242 5 0
DECLARE teb_00243 17 0
DECLARE cqg_00244 9 0
REFERENCE xlc_00005 0
DECLARE mgb_00245 20 0
DECLARE tfb_00246 18 0
DECLARE bxf_00247 5 0
REFERENCE cmg_00154 0
REFERENCE fvp_00157 0
DECLARE fvz_00248 1 0
DECLARE dxe_00249 14 0
REFERENCE nki_00139 0
DECLARE tib_00250 15 0
REFERENCE alz_00221 0
REFERENCE sam_00028 0
REFERENCE wgu_00035 0
REFERENCE missing_7147 0
DECLARE buu_00251 7 0
REFERENCE tib_00250 0
REFERENCE sst_00039 0
REFERENCE missing_8895 0
DECLARE wkx_00252 1 0
REFERENCE stj_00067 0
DECLARE ejh_00253 16 0
REFERENCE tdj_00014 0
REFERENCE hjf_00086 0
REFERENCE znt_00092 0
DECLARE iwk_00254 3 0
REFERENCE ezi_00004 0
REFERENCE missing_3138 0
DECLARE bug_00255 6 0
DECLARE edm_00256 5 0
DECLARE wng_00257 17 0
DECLARE ifc_00258 4 0
DECLARE wwg_00259 18 0
REFERENCE rml_00144 0
DECLARE fnd_00260 14 0
DECLARE ynb_00261 20 0
REFERENCE xim_00197 0
REFERENCE ahd_00120 0
REFERENCE tbp_00229 0
DECLARE jnr_00262 6 0
REFERENCE hui_00032 0
DECLARE jlk_00263 8 0
DECLARE xex_00264 10 0
REFERENCE wox_00237 0
REFERENCE aaa_00070 0
REFERENCE missing_1826 0
DECLARE bbt_00265 20 0
REFERENCE hui_00032 0
REFERENCE eab_00210 0
REFERENCE missing_7787 0
DECLARE lqs_00266 3 0
DECLARE dot_00267 12 0
REFERENCE ivp_00136 0
REFERENCE missing_3800 0
REFERENCE exm_00122 0
DECLARE tyj_00268 15 0
DECLARE jim_00269 3 0
DECLARE zfn_00270 17 0
REFERENCE svu_00006 0
REFERENCE missing_7470 0
DECLARE nka_00271 11 0
DECLARE srf_00272 11 0
REFERENCE missing_8369 0
REFERENCE missing_8776 0
REFERENCE smt_00132 0
DECLARE wvj_00273 18 0
REFERENCE nyn_00186 0
DECLARE nak_00274 20 0
DECLARE wmm_00275 18 0
REFERENCE tqg_00143 0
REFERENCE vjy_00099 0
REFERENCE missing_1757 0
REFERENCE aaa_00070 0
DECLARE ypu_00276 15 0
REFERENCE jpz_00059 0
DECLARE zdt_00277 2 0
REFERENCE olg_00187 0
REFERENCE knt_00169 0
REFERENCE zsb_00065 0
REFERENCE vtk_00130 0
REFERENCE lqf_00058 0
DECLARE kcq_00278 17 0
DECLARE gxw_00279 12 0
REFERENCE tyj_00268 0
REFERENCE missing_7064 0
REFERENCE evo_00080 0
DECLARE koo_00280 17 0
DECLARE tkv_00281 15 0
REFERENCE missing_9291 0
REFERENCE ash_00128 0
REFERENCE missing_4252 0
REFERENCE hec_00146 0
REFERENCE bpe_00110 0
DECLARE ssq_00282 5 0
DECLARE vob_00283 2 0
DECLARE vwr_00284 6 0
DECLARE ien_00285 14 0
REFERENCE xex_00264 0
DECLARE qaf_00286 19 0
DECLARE xxt_00287 17 0
REFERENCE twh_00241 0
REFERENCE vwr_00284 0
DECLARE ski_00288 6 0
REFERENCE bre_00106 0
DECLARE lfo_00289 5 0
REFERENCE knt_00169 0
REFERENCE missing_2319 0
DECLARE sul_00290 15 0
DECLARE buc_00291 20 0
DECLARE zob_00292 16 0
DECLARE hsb_00293 2 0
REFERENCE mvh_00013 0
REFERENCE ycc_00025 0
DECLARE vrl_00294 2 0
DECLARE aph_00295 15 0
DECLARE lbe_00296 17 0
REFERENCE missing_1905 0
REFERENCE missing_1209 0
DECLARE zxu_00297 7 0
REFERENCE missing_8120 0
DECLARE pkz_00298 8 0
REFERENCE dot_00267 0
REFERENCE missing_9654 0
DECLARE yeu_00299 2 0
DECLARE ppl_00300 16 0
DECLARE jva_00301 9 0
REFERENCE tdj_00014 0
REFERENCE ang_00027 0
DECLARE ldw_00302 19 0
DECLARE gfr_00303 12 0
DECLARE djq_00304 5 0
DECLARE uch_00305 17 0
REFERENCE nyn_00186 0
REFERENCE aph_00295 0
REFERENCE lmg_00079 0
DECLARE ech_00306 18 0
REFERENCE llk_00075 0
DECLARE qzv_00307 19 0
REFERENCE pks_00063 0
DECLARE rwn_00308 16 0
DECLARE jiv_00309 5 0
REFERENCE xxz_00206 0
REFERENCE fvz_00248 0
DECLARE yui_00310 6 0
DECLARE cyp_00311 8 0
DECLARE epw_00312 20 0
REFERENCE gdc_00138 0
REFERENCE sye_00048 0
DECLARE aai_00313 1 0
DECLARE jdk_00314 15 0
REFERENCE lbe_00296 0
DECLARE kvz_00315 12 0
DECLARE ucr_00316 1 0
DECLARE wva_00317 16 0
DECLARE qyh_00318 16 0
DECLARE poh_00319 19 0
REFERENCE sam_00028 0
REFERENCE missing_6283 0
REFERENCE cyp_00311 0
REFERENCE toe_00176 0
REFERENCE ppl_00300 0
REFERENCE wum_00121 0
REFERENCE rlt_00231 0
DECLARE rko_00320 7 0
REFERENCE jbi_00159 0
DECLARE lrm_00321 18 0
REFERENCE niy_00145 0
REFERENCE sug_00182 0
DECLARE izr_00322 4 0
DECLARE fjl_00323 1 0
DECLARE rzr_00324 14 0
DECLARE lyl_00325 4 0
REFERENCE ztw_00181 0
DECLARE geq_00326 15 0
REFERENCE ilj_00189 0
DECLARE ppz_00327 1 0
REFERENCE tdj_00014 0
DECLARE axp_00328 7 0
DECLARE wru_00329 8 0
REFERENCE dkp_00201 0
REFERENCE missing_7305 0
REFERENCE sey_00071 0
REFERENCE vjm_00192 0
DECLARE aal_00330 8 0
REFERENCE ucr_00316 0
DECLARE qod_00331 6 0
DECLARE dye_00332 14 0
DECLARE avb_00333 4 0
REFERENCE wvj_00273 0
DECLARE bcn_00334 17 0
DECLARE plp_00335 15 0
DECLARE uhh_00336 8 0
DECLARE ooi_00337 10 0
REFERENCE bpe_00110 0
REFERENCE wlp_00217 0
DECLARE vxa_00338 5 0
REFERENCE lmg_00079 0
REFERENCE ssq_00282 0
DECLARE ami_00339 15 0
REFERENCE pnn_00116 0
REFERENCE llk_00075 0
REFERENCE ami_00339 0
REFERENCE nka_00271 0
DECLARE znb_00340 2 0
DECLARE zdm_00341 17 0
DECLARE aul_00342 14 0
DECLARE oyn_00343 7 0
DECLARE zbb_00344 18 0
DECLARE smz_00345 4 0
DECLARE vzx_00346 2 0
DECLARE bhl_00347 9 0
DECLARE lqx_00348 4 0
REFERENCE tdi_00156 0
DECLARE bmw_00349 14 0
REFERENCE abj_00238 0
REFERENCE hcw_00209 0
DECLARE ajz_00350 6 0
REFERENCE sav_00213 0
REFERENCE yqy_00133 0
DECLARE lpi_00351 15 0
REFERENCE vtu_00140 0
DECLARE dqs_00352 15 0
DECLARE kjl_00353 9 0
DECLARE hzw_00354 11 0
DECLARE wsw_00355 2 0
REFERENCE xiy_00174 0
REFERENCE ncs_00168 0
DECLARE kdj_00356 14 0
DECLARE qek_00357 19 0
DECLARE ucg_00358 19 0
REFERENCE wgu_00035 0
REFERENCE smt_00132 0
DECLARE kqm_00359 20 0
REFERENCE sam_00028 0
REFERENCE twz_00158 0
DECLARE hne_00360 11 0
REFERENCE znt_00092 0
REFERENCE missing_3036 0
REFERENCE aul_00342 0
DECLARE eom_00361 17 0
DECLARE svx_00362 7 0
DECLARE log_00363 10 0
DECLARE amf_00364 18 0
REFERENCE row_00131 0
DECLARE gsz_00365 10 0
REFERENCE ezi_00004 0
DECLARE trg_00366 13 0
DECLARE qjk_00367 3 0
REFERENCE dqs_00352 0
DECLARE hnq_00368 2 0
DECLARE rtd_00369 6 0
DECLARE gvj_00370 11 0
REFERENCE pks_00063 0
DECLARE pmo_00371 14 0
REFERENCE tkv_00281 0
REFERENCE ldw_00302 0
REFERENCE lqx_00348 0
REFERENCE missing_3878 0
REFERENCE fjl_00323 0
DECLARE hqd_00372 16 0
DECLARE zlc_00373 13 0
REFERENCE missing_9637 0
DECLARE mes_00374 20 0
DECLARE vfx_00375 9 0
DECLARE zya_00376 12 0
REFERENCE cdb_00021 0
REFERENCE qek_00357 0
DECLARE ehk_00377 4 0
DECLARE mdl_00378 18 0
REFERENCE lqx_00348 0
DECLARE klw_00379 5 0
REFERENCE zdm_00341 0
REFERENCE ahs_00188 0
REFERENCE missing_8260 0
DECLARE wyn_00380 11 0
DECLARE euk_00381 5 0
DECLARE jtv_00382 18 0
DECLARE nbi_00383 16 0
REFERENCE hne_00360 0
REFERENCE ovh_00226 0
DECLARE hgs_00384 10 0
DECLARE mvd_00385 14 0
DECLARE hhm_00386 9 0
REFERENCE missing_7471 0
DECLARE syw_00387 11 0
DECLARE evd_00388 15 0
REFERENCE jbb_00062 0
REFERENCE jzw_00046 0
DECLARE acb_00389 7 0
REFERENCE qek_00357 0
DECLARE fgh_00390 4 0
DECLARE svr_00391 17 0
DECLARE iif_00392 15 0
REFERENCE tqg_00143 0
REFERENCE gio_00239 0
DECLARE wuv_00393 1 0
DECLARE dpc_00394 17 0
REFERENCE sst_00039 0
DECLARE zyp_00395 15 0
REFERENCE tdi_00156 0
REFERENCE fgh_00390 0
REFERENCE iek_00082 0
REFERENCE hui_00032 0
REFERENCE ktn_00193 0
REFERENCE missing_4359 0
REFERENCE kqm_00359 0
REFERENCE missing_5677 0
REFERENCE missing_9256 0
REFERENCE lst_00224 0
REFERENCE vrl_00294 0
REFERENCE missing_2289 0
REFERENCE hec_00146 0
DECLARE cqz_00396 16 0
DECLARE cmv_00397 6 0
DECLARE ibi_00398 7 0
DECLARE dzc_00399 17 0
REFERENCE mgb_00245 0
REFERENCE syw_00387 0
REFERENCE hui_00032 0
DECLARE amm_00400 6 0
REFERENCE njy_00196 0
DECLARE yib_00401 20 0
REFERENCE missing_6211 0
DECLARE uzu_00402 11 0
REFERENCE mkh_00119 0
REFERENCE yqy_00133 0
DECLARE icx_00403 18 0
REFERENCE missing_9774 0
DECLARE moz_00404 19 0
DECLARE fsh_00405 18 0
DECLARE xyf_00406 12 0
DECLARE vmc_00407 1 0
REFERENCE hec_00146 0
DECLARE lab_00408 6 0
REFERENCE missing_2598 0
REFERENCE evo_00080 0
REFERENCE vzx_00346 0
REFERENCE abu_00090 0
REFERENCE missing_7110 0
REFERENCE jbb_00062 0
DECLARE xmu_00409 2 0
DECLARE uxd_00410 1 0
DECLARE shk_00411 6 0
REFERENCE srf_00272 0
DECLARE nua_00412 6 0
REFERENCE vgv_00017 0
REFERENCE sav_00213 0
DECLARE eba_00413 11 0
REFERENCE nki_00139 0
REFERENCE irc_00002 0
DECLARE nfr_00414 8 0
DECLARE fed_00415 7 0
DECLARE mby_00416 5 0
REFERENCE ash_00128 0
DECLARE veb_00417 17 0
DECLARE cex_00418 6 0
REFERENCE aaa_00070 0
DECLARE eog_00419 20 0
DECLARE vrn_00420 19 0
DECLARE nhh_00421 6 0
REFERENCE cmg_00154 0
DECLARE hsb_00422 1 0
DECLARE uce_00423 17 0
DECLARE hxy_00424 19 0
DECLARE rac_00425 1 0
REFERENCE gio_00239 0
DECLARE rsn_00426 5 0
REFERENCE sti_00001 0
DECLARE gtz_00427 7 0
REFERENCE lrm_00321 0
DECLARE rlg_00428 2 0
REFERENCE uce_00423 0
DECLARE vqw_00429 15 0
DECLARE ppp_00430 20 0
DECLARE gfh_00431 17 0
REFERENCE zfn_00270 0
DECLARE tzf_00432 9 0
DECLARE nkm_00433 16 0
DECLARE jtt_00434 6 0
DECLARE fyo_00435 17 0
REFERENCE hnq_00368 0
REFERENCE rac_00425 0
REFERENCE ouz_00074 0
REFERENCE djq_00304 0
REFERENCE scx_00008 0
DECLARE oos_00436 5 0
REFERENCE zsb_00065 0
DECLARE ixb_00437 2 0
REFERENCE cqz_00396 0
REFERENCE vfx_00375 0
REFERENCE dxe_00249 0
DECLARE wye_00438 9 0
DECLARE opt_00439 19 0
REFERENCE gsz_00365 0
DECLARE qni_00440 3 0
REFERENCE tdj_00014 0
DECLARE bak_00441 8 0
REFERENCE okx_00240 0
DECLARE gth_00442 14 0
DECLARE ewx_00443 7 0
DECLARE dey_00444 3 0
REFERENCE uhh_00336 0
REFERENCE cqz_00396 0
REFERENCE gfr_00303 0
DECLARE xir_00445 8 0
REFERENCE missing_5239 0
DECLARE njd_00446 4 0
REFERENCE missing_8526 0
DECLARE hxh_00447 7 0
DECLARE glb_00448 1 0
DECLARE kxq_00449 17 0
DECLARE roh_00450 6 0
REFERENCE ibi_00398 0
REFERENCE wng_00257 0
DECLARE olo_00451 14 0
DECLARE hmd_00452 7 0
DECLARE bsa_00453 13 0
REFERENCE kpx_00135 0
DECLARE pkx_00454 3 0
DECLARE ico_00455 3 0
REFERENCE qen_00151 0
REFERENCE pxi_00107 0
REFERENCE yak_00200 0
REFERENCE edx_00204 0
REFERENCE hec_00146 0
DECLARE vsh_00456 8 0
REFERENCE nby_00228 0
REFERENCE missing_6704 0
REFERENCE cpv_00084 0
DECLARE ypg_00457 5 0
DECLARE vlw_00458 3 0
DECLARE xae_00459 8 0
DECLARE ilo_00460 8 0
DECLARE hzx_00461 11 0
DECLARE pcx_00462 18 0
DECLARE uig_00463 15 0
DECLARE fbr_00464 8 0
REFERENCE ezi_00004 0
REFERENCE pcx_00462 0
DECLARE nbi_00465 4 0
REFERENCE missing_4248 0
REFERENCE qcc_00049 0
DECLARE ths_00466 3 0
REFERENCE toe_00176 0
REFERENCE missing_2333 0
REFERENCE vrl_00294 0
REFERENCE missing_8989 0
REFERENCE qen_00151 0
DECLARE syt_00467 1 0
REFERENCE ths_00466 0
REFERENCE wng_00257 0
DECLARE bex_00468 10 0
REFERENCE pcx_00462 0
DECLARE lsn_00469 17 0
REFERENCE missing_6814 0
DECLARE zws_00470 4 0
REFERENCE bsa_00453 0
DECLARE adb_00471 9 0
DECLARE ccw_00472 20 0
DECLARE svp_00473 4 0
DECLARE yiy_00474 20 0
DECLARE jmr_00475 11 0
REFERENCE epw_00312 0
REFERENCE plp_00335 0
REFERENCE missing_2083 0
REFERENCE ufu_00198 0
DECLARE owl_00476 2 0
DECLARE foi_00477 4 0
REFERENCE boe_00038 0
DECLARE nrq_00478 4 0
REFERENCE qsf_00203 0
DECLARE hhm_00479 9 0
REFERENCE trg_00366 0
DECLARE dnb_00480 16 0
REFERENCE lmg_00079 0
REFERENCE avb_00333 0
DECLARE xtq_00481 12 0
DECLARE qzu_00482 10 0
REFERENCE mgq_00000 0
REFERENCE missing_9515 0
DECLARE daz_00483 11 0
DECLARE cpk_00484 13 0
DECLARE scd_00485 13 0
REFERENCE uhh_00336 0
REFERENCE bhl_00347 0
DECLARE mmn_00486 16 0
REFERENCE missing_3362 0
DECLARE tjv_00487 18 0
REFERENCE ash_00128 0
DECLARE asm_00488 13 0
DECLARE bgr_00489 19 0
REFERENCE xiy_00174 0
DECLARE jqv_00490 1 0
DECLARE nuv_00491 3 0
REFERENCE lmg_00079 0
REFERENCE scx_00008 0
REFERENCE hcw_00209 0
DECLARE pll_00492 7 0
DECLARE ahd_00493 4 0
REFERENCE missing_1299 0
DECLARE hml_00494 20 0
DECLARE rfg_00495 10 0
DECLARE sox_00496 3 0
DECLARE fim_00497 14 0
REFERENCE vrl_00294 0
REFERENCE hml_00494 0
REFERENCE hne_00360 0
DECLARE chw_00498 2 0
DECLARE znd_00499 17 0
DECLARE uqz_00500 5 0
DECLARE oiu_00501 16 0
DECLARE dlm_00502 14 0
DECLARE xjh_00503 2 0
REFERENCE rlg_00428 0
REFERENCE missing_2723 0
REFERENCE qjk_00367 0
REFERENCE veb_00417 0
REFERENCE amf_00364 0
DECLARE erx_00504 14 0
DECLARE yqo_00505 3 0
REFERENCE ahd_00493 0
DECLARE snu_00506 11 0
REFERENCE aaa_00070 0
REFERENCE missing_9601 0
REFERENCE hsb_00293 0
REFERENCE missing_5247 0
EXIT_SCOPE 0
