# ColliScope Frequency-Matched Synthetic Trace
# Parameters: seed=71, zipf_s=1.244, scope=nested, type=declaration-heavy, replicate=3
ENTER_SCOPE 0
DECLARE sym_k0000 1 0
DECLARE sym_k0001 2 0
DECLARE sym_k0002 3 0
DECLARE sym_k0003 4 0
DECLARE sym_k0004 5 0
DECLARE sym_k0005 6 0
DECLARE sym_k0006 7 0
DECLARE sym_k0007 8 0
DECLARE sym_k0008 9 0
DECLARE sym_k0009 10 0
DECLARE sym_k0010 1 0
DECLARE sym_k0011 2 0
DECLARE sym_k0012 3 0
DECLARE sym_k0013 4 0
DECLARE sym_k0014 5 0
DECLARE sym_k0015 6 0
DECLARE sym_k0016 7 0
DECLARE sym_k0017 8 0
DECLARE sym_k0018 9 0
DECLARE sym_k0019 10 0
DECLARE sym_k0020 1 0
DECLARE sym_k0021 2 0
DECLARE sym_k0022 3 0
DECLARE sym_k0023 4 0
DECLARE sym_k0024 5 0
DECLARE sym_k0025 6 0
DECLARE sym_k0026 7 0
DECLARE sym_k0027 8 0
DECLARE sym_k0028 9 0
DECLARE sym_k0029 10 0
DECLARE sym_k0030 1 0
DECLARE sym_k0031 2 0
DECLARE sym_k0032 3 0
DECLARE sym_k0033 4 0
DECLARE sym_k0034 5 0
DECLARE sym_k0035 6 0
DECLARE sym_k0036 7 0
DECLARE sym_k0037 8 0
DECLARE sym_k0038 9 0
DECLARE sym_k0039 10 0
DECLARE sym_k0040 1 0
DECLARE sym_k0041 2 0
DECLARE sym_k0042 3 0
DECLARE sym_k0043 4 0
DECLARE sym_k0044 5 0
DECLARE sym_k0045 6 0
DECLARE sym_k0046 7 0
DECLARE sym_k0047 8 0
DECLARE sym_k0048 9 0
DECLARE sym_k0049 10 0
REFERENCE sym_k0000 0
REFERENCE sym_k0004 0
ENTER_SCOPE 1 0
REFERENCE sym_k0023 1
REFERENCE sym_k0009 1
DECLARE sym_k0000 1 1
ENTER_SCOPE 2 1
EXIT_SCOPE 2
REFERENCE sym_k0000 1
REFERENCE sym_k0004 1
REFERENCE sym_k0000 1
DECLARE sym_k0006 7 1
REFERENCE sym_k0000 1
EXIT_SCOPE 1
REFERENCE sym_k0034 0
REFERENCE sym_k0001 0
REFERENCE sym_k0001 0
REFERENCE sym_k0010 0
DECLARE sym_k0094 5 0
REFERENCE sym_k0000 0
REFERENCE sym_k0005 0
DECLARE sym_k0110 6 0
REFERENCE sym_k0001 0
REFERENCE sym_k0000 0
ENTER_SCOPE 3 0
DECLARE sym_k0001 2 3
DECLARE sym_k0000 1 3
ENTER_SCOPE 4 3
DECLARE sym_k0013 14 4
DECLARE sym_k0002 3 4
DECLARE sym_k0181 2 4
DECLARE sym_k0004 5 4
REFERENCE sym_k0001 4
ENTER_SCOPE 5 4
DECLARE sym_k0026 12 5
DECLARE sym_k0148 14 5
DECLARE sym_k0004 5 5
DECLARE sym_k0002 3 5
EXIT_SCOPE 5
DECLARE sym_k0008 9 4
REFERENCE sym_k0004 4
REFERENCE sym_k0006 4
ENTER_SCOPE 6 4
DECLARE sym_k0000 1 6
REFERENCE sym_k0025 6
DECLARE sym_k0007 8 6
DECLARE sym_k0151 2 6
DECLARE sym_k0073 14 6
REFERENCE sym_k0000 6
DECLARE sym_k0153 4 6
REFERENCE sym_k0000 6
REFERENCE sym_k0007 6
DECLARE sym_k0027 13 6
DECLARE sym_k0002 3 6
DECLARE sym_k0066 7 6
DECLARE sym_k0005 6 6
REFERENCE sym_k0000 6
REFERENCE sym_k0000 6
DECLARE sym_k0046 2 6
DECLARE sym_k0004 5 6
DECLARE sym_k0185 6 6
REFERENCE sym_k0001 6
REFERENCE sym_k0014 6
DECLARE sym_k0012 13 6
REFERENCE sym_k0000 6
DECLARE sym_k0003 4 6
DECLARE sym_k0048 4 6
REFERENCE sym_k0000 6
ENTER_SCOPE 7 6
ENTER_SCOPE 8 7
DECLARE sym_k0008 9 8
DECLARE sym_k0016 2 8
REFERENCE sym_k0000 8
DECLARE sym_k0006 7 8
DECLARE sym_k0000 1 8
DECLARE sym_k0001 2 8
REFERENCE sym_k0000 8
DECLARE sym_k0013 14 8
REFERENCE sym_k0000 8
DECLARE sym_k0251 12 8
REFERENCE sym_k0001 8
REFERENCE sym_k0021 8
REFERENCE sym_k0000 8
REFERENCE sym_k0000 8
REFERENCE sym_k0000 8
REFERENCE sym_k0000 8
REFERENCE sym_k0000 8
DECLARE sym_k0002 3 8
REFERENCE sym_k0001 8
EXIT_SCOPE 8
DECLARE sym_k0168 4 7
DECLARE sym_k0029 15 7
REFERENCE sym_k0001 7
REFERENCE sym_k0001 7
DECLARE sym_k0003 4 7
DECLARE sym_k0091 2 7
DECLARE sym_k0000 1 7
DECLARE sym_k0011 12 7
DECLARE sym_k0001 2 7
DECLARE sym_k0077 3 7
REFERENCE sym_k0001 7
REFERENCE sym_k0000 7
REFERENCE sym_k0000 7
REFERENCE sym_k0000 7
REFERENCE sym_k0034 7
DECLARE sym_k0040 11 7
REFERENCE sym_k0000 7
REFERENCE missing_3530 7
DECLARE sym_k0027 13 7
REFERENCE sym_k0000 7
REFERENCE sym_k0000 7
ENTER_SCOPE 9 7
REFERENCE missing_5477 9
REFERENCE sym_k0002 9
REFERENCE sym_k0000 9
REFERENCE sym_k0003 9
REFERENCE sym_k0001 9
DECLARE sym_k0000 1 9
DECLARE sym_k0005 6 9
REFERENCE sym_k0005 9
REFERENCE sym_k0000 9
REFERENCE sym_k0000 9
DECLARE sym_k0069 10 9
EXIT_SCOPE 9
REFERENCE sym_k0000 7
DECLARE sym_k0005 6 7
REFERENCE sym_k0000 7
REFERENCE sym_k0001 7
DECLARE sym_k0069 10 7
REFERENCE missing_5233 7
REFERENCE sym_k0003 7
DECLARE sym_k0004 5 7
DECLARE sym_k0157 8 7
REFERENCE sym_k0000 7
REFERENCE sym_k0013 7
EXIT_SCOPE 7
DECLARE sym_k0001 2 6
REFERENCE sym_k0110 6
DECLARE sym_k0006 7 6
REFERENCE sym_k0000 6
DECLARE sym_k0030 1 6
REFERENCE sym_k0002 6
REFERENCE sym_k0005 6
DECLARE sym_k0016 2 6
DECLARE sym_k0015 1 6
REFERENCE sym_k0000 6
REFERENCE sym_k0004 6
REFERENCE sym_k0006 6
REFERENCE sym_k0038 6
REFERENCE sym_k0000 6
REFERENCE sym_k0015 6
EXIT_SCOPE 6
DECLARE sym_k0011 12 4
ENTER_SCOPE 10 4
REFERENCE sym_k0002 10
REFERENCE missing_3707 10
DECLARE sym_k0053 9 10
DECLARE sym_k0002 3 10
DECLARE sym_k0008 9 10
DECLARE sym_k0292 8 10
EXIT_SCOPE 10
DECLARE sym_k0007 8 4
REFERENCE sym_k0110 4
DECLARE sym_k0014 15 4
REFERENCE missing_7602 4
REFERENCE sym_k0011 4
DECLARE sym_k0001 2 4
DECLARE sym_k0000 1 4
REFERENCE sym_k0003 4
REFERENCE sym_k0001 4
ENTER_SCOPE 11 4
REFERENCE sym_k0002 11
DECLARE sym_k0012 13 11
DECLARE sym_k0075 1 11
REFERENCE sym_k0011 11
REFERENCE sym_k0011 11
DECLARE sym_k0000 1 11
REFERENCE sym_k0000 11
REFERENCE sym_k0000 11
DECLARE sym_k0070 11 11
DECLARE sym_k0002 3 11
DECLARE sym_k0001 2 11
ENTER_SCOPE 12 11
DECLARE sym_k0007 8 12
REFERENCE sym_k0000 12
DECLARE sym_k0001 2 12
DECLARE sym_k0000 1 12
REFERENCE sym_k0000 12
DECLARE sym_k0004 5 12
REFERENCE sym_k0000 12
REFERENCE sym_k0000 12
REFERENCE missing_5543 12
REFERENCE sym_k0028 12
DECLARE sym_k0002 3 12
REFERENCE sym_k0001 12
REFERENCE sym_k0001 12
EXIT_SCOPE 12
REFERENCE sym_k0000 11
REFERENCE sym_k0000 11
DECLARE sym_k0240 1 11
ENTER_SCOPE 13 11
REFERENCE sym_k0002 13
DECLARE sym_k0020 6 13
DECLARE sym_k0000 1 13
DECLARE sym_k0005 6 13
DECLARE sym_k0011 12 13
DECLARE sym_k0003 4 13
REFERENCE sym_k0000 13
REFERENCE sym_k0001 13
ENTER_SCOPE 14 13
ENTER_SCOPE 15 14
EXIT_SCOPE 15
DECLARE sym_k0000 1 14
DECLARE sym_k0017 3 14
REFERENCE sym_k0025 14
REFERENCE sym_k0000 14
DECLARE sym_k0001 2 14
DECLARE sym_k0008 9 14
ENTER_SCOPE 16 14
DECLARE sym_k0024 10 16
DECLARE sym_k0001 2 16
DECLARE sym_k0000 1 16
REFERENCE sym_k0000 16
REFERENCE sym_k0005 16
REFERENCE missing_5979 16
REFERENCE sym_k0003 16
DECLARE sym_k0002 3 16
ENTER_SCOPE 17 16
EXIT_SCOPE 17
DECLARE sym_k0054 10 16
REFERENCE sym_k0009 16
REFERENCE sym_k0002 16
REFERENCE sym_k0001 16
DECLARE sym_k0012 13 16
DECLARE sym_k0009 10 16
REFERENCE sym_k0002 16
REFERENCE sym_k0000 16
DECLARE sym_k0298 14 16
ENTER_SCOPE 18 16
REFERENCE sym_k0006 18
DECLARE sym_k0001 2 18
DECLARE sym_k0004 5 18
DECLARE sym_k0000 1 18
REFERENCE sym_k0000 18
DECLARE sym_k0025 11 18
EXIT_SCOPE 18
REFERENCE sym_k0015 16
DECLARE sym_k0010 11 16
REFERENCE sym_k0036 16
REFERENCE sym_k0004 16
REFERENCE sym_k0000 16
REFERENCE sym_k0012 16
REFERENCE sym_k0000 16
REFERENCE sym_k0000 16
REFERENCE sym_k0012 16
REFERENCE sym_k0000 16
REFERENCE sym_k0000 16
REFERENCE sym_k0032 16
REFERENCE sym_k0000 16
DECLARE sym_k0004 5 16
DECLARE sym_k0015 1 16
DECLARE sym_k0013 14 16
DECLARE sym_k0003 4 16
EXIT_SCOPE 16
REFERENCE sym_k0001 14
REFERENCE sym_k0000 14
REFERENCE sym_k0017 14
REFERENCE sym_k0000 14
DECLARE sym_k0004 5 14
REFERENCE missing_7677 14
REFERENCE sym_k0000 14
REFERENCE sym_k0000 14
ENTER_SCOPE 19 14
REFERENCE missing_9484 19
DECLARE sym_k0016 2 19
REFERENCE sym_k0094 19
REFERENCE sym_k0008 19
REFERENCE sym_k0004 19
DECLARE sym_k0000 1 19
DECLARE sym_k0007 8 19
DECLARE sym_k0001 2 19
REFERENCE sym_k0000 19
REFERENCE sym_k0001 19
REFERENCE sym_k0034 19
REFERENCE sym_k0001 19
DECLARE sym_k0002 3 19
REFERENCE sym_k0026 19
REFERENCE sym_k0000 19
REFERENCE sym_k0000 19
REFERENCE sym_k0004 19
DECLARE sym_k0028 14 19
REFERENCE sym_k0003 19
DECLARE sym_k0024 10 19
REFERENCE sym_k0000 19
REFERENCE sym_k0001 19
DECLARE sym_k0129 10 19
REFERENCE missing_2894 19
REFERENCE sym_k0002 19
DECLARE sym_k0038 9 19
DECLARE sym_k0114 10 19
DECLARE sym_k0209 15 19
DECLARE sym_k0239 15 19
REFERENCE sym_k0002 19
DECLARE sym_k0156 7 19
REFERENCE sym_k0016 19
REFERENCE sym_k0000 19
EXIT_SCOPE 19
DECLARE sym_k0022 8 14
REFERENCE sym_k0006 14
REFERENCE sym_k0000 14
REFERENCE sym_k0000 14
REFERENCE sym_k0002 14
REFERENCE sym_k0004 14
REFERENCE sym_k0001 14
REFERENCE sym_k0002 14
EXIT_SCOPE 14
REFERENCE sym_k0000 13
DECLARE sym_k0009 10 13
REFERENCE sym_k0025 13
DECLARE sym_k0114 10 13
REFERENCE sym_k0000 13
ENTER_SCOPE 20 13
DECLARE sym_k0001 2 20
REFERENCE sym_k0006 20
DECLARE sym_k0004 5 20
DECLARE sym_k0074 15 20
REFERENCE sym_k0016 20
DECLARE sym_k0000 1 20
DECLARE sym_k0015 1 20
DECLARE sym_k0002 3 20
REFERENCE sym_k0000 20
REFERENCE sym_k0002 20
DECLARE sym_k0020 6 20
REFERENCE sym_k0000 20
REFERENCE sym_k0000 20
DECLARE sym_k0018 4 20
DECLARE sym_k0065 6 20
REFERENCE sym_k0015 20
DECLARE sym_k0003 4 20
REFERENCE sym_k0000 20
REFERENCE sym_k0000 20
REFERENCE missing_9924 20
REFERENCE sym_k0005 20
REFERENCE sym_k0001 20
DECLARE sym_k0006 7 20
DECLARE sym_k0029 15 20
REFERENCE sym_k0001 20
REFERENCE sym_k0003 20
REFERENCE missing_1903 20
REFERENCE sym_k0004 20
DECLARE sym_k0025 11 20
EXIT_SCOPE 20
REFERENCE sym_k0017 13
REFERENCE sym_k0000 13
REFERENCE sym_k0002 13
REFERENCE sym_k0017 13
DECLARE sym_k0013 14 13
REFERENCE sym_k0005 13
REFERENCE sym_k0003 13
REFERENCE sym_k0000 13
DECLARE sym_k0001 2 13
REFERENCE sym_k0000 13
REFERENCE sym_k0001 13
DECLARE sym_k0022 8 13
REFERENCE sym_k0034 13
REFERENCE sym_k0027 13
REFERENCE sym_k0019 13
DECLARE sym_k0006 7 13
REFERENCE sym_k0006 13
REFERENCE sym_k0010 13
DECLARE sym_k0002 3 13
DECLARE sym_k0076 2 13
REFERENCE sym_k0000 13
REFERENCE sym_k0000 13
DECLARE sym_k0023 9 13
REFERENCE sym_k0000 13
REFERENCE sym_k0001 13
REFERENCE sym_k0001 13
REFERENCE sym_k0013 13
REFERENCE sym_k0000 13
DECLARE sym_k0141 7 13
REFERENCE sym_k0005 13
REFERENCE sym_k0046 13
REFERENCE sym_k0000 13
REFERENCE sym_k0000 13
REFERENCE sym_k0010 13
REFERENCE sym_k0002 13
REFERENCE sym_k0003 13
EXIT_SCOPE 13
REFERENCE sym_k0005 11
ENTER_SCOPE 21 11
EXIT_SCOPE 21
DECLARE sym_k0019 5 11
ENTER_SCOPE 22 11
DECLARE sym_k0007 8 22
DECLARE sym_k0000 1 22
ENTER_SCOPE 23 22
DECLARE sym_k0000 1 23
REFERENCE sym_k0005 23
REFERENCE sym_k0005 23
REFERENCE sym_k0070 23
REFERENCE sym_k0001 23
DECLARE sym_k0002 3 23
REFERENCE missing_9539 23
REFERENCE sym_k0000 23
REFERENCE sym_k0000 23
DECLARE sym_k0001 2 23
ENTER_SCOPE 24 23
ENTER_SCOPE 25 24
DECLARE sym_k0012 13 25
REFERENCE sym_k0013 25
EXIT_SCOPE 25
REFERENCE sym_k0004 24
DECLARE sym_k0014 15 24
DECLARE sym_k0054 10 24
DECLARE sym_k0018 4 24
DECLARE sym_k0000 1 24
REFERENCE sym_k0002 24
DECLARE sym_k0001 2 24
REFERENCE sym_k0000 24
REFERENCE sym_k0000 24
REFERENCE sym_k0018 24
REFERENCE sym_k0005 24
REFERENCE sym_k0000 24
ENTER_SCOPE 26 24
DECLARE sym_k0276 7 26
REFERENCE sym_k0002 26
REFERENCE sym_k0024 26
REFERENCE sym_k0019 26
DECLARE sym_k0006 7 26
DECLARE sym_k0002 3 26
DECLARE sym_k0000 1 26
REFERENCE sym_k0003 26
REFERENCE sym_k0002 26
REFERENCE sym_k0002 26
REFERENCE sym_k0009 26
REFERENCE sym_k0042 26
DECLARE sym_k0013 14 26
REFERENCE sym_k0026 26
REFERENCE sym_k0006 26
REFERENCE missing_3401 26
REFERENCE sym_k0002 26
REFERENCE sym_k0004 26
REFERENCE sym_k0000 26
REFERENCE sym_k0009 26
DECLARE sym_k0004 5 26
REFERENCE sym_k0000 26
DECLARE sym_k0036 7 26
REFERENCE sym_k0002 26
REFERENCE missing_9262 26
DECLARE sym_k0014 15 26
EXIT_SCOPE 26
REFERENCE sym_k0000 24
DECLARE sym_k0030 1 24
REFERENCE sym_k0000 24
DECLARE sym_k0007 8 24
DECLARE sym_k0005 6 24
REFERENCE sym_k0000 24
REFERENCE sym_k0007 24
REFERENCE sym_k0018 24
REFERENCE sym_k0001 24
DECLARE sym_k0249 10 24
REFERENCE sym_k0004 24
DECLARE sym_k0074 15 24
EXIT_SCOPE 24
DECLARE sym_k0006 7 23
ENTER_SCOPE 27 23
DECLARE sym_k0002 3 27
ENTER_SCOPE 28 27
REFERENCE sym_k0031 28
DECLARE sym_k0003 4 28
DECLARE sym_k0000 1 28
DECLARE sym_k0188 9 28
DECLARE sym_k0118 14 28
EXIT_SCOPE 28
REFERENCE sym_k0002 27
DECLARE sym_k0001 2 27
REFERENCE sym_k0002 27
REFERENCE sym_k0000 27
REFERENCE sym_k0001 27
REFERENCE missing_5253 27
DECLARE sym_k0000 1 27
REFERENCE sym_k0002 27
DECLARE sym_k0028 14 27
REFERENCE sym_k0001 27
REFERENCE sym_k0001 27
REFERENCE sym_k0001 27
REFERENCE sym_k0001 27
DECLARE sym_k0083 9 27
REFERENCE missing_9696 27
DECLARE sym_k0010 11 27
REFERENCE sym_k0001 27
REFERENCE sym_k0000 27
REFERENCE sym_k0000 27
REFERENCE sym_k0000 27
DECLARE sym_k0189 10 27
DECLARE sym_k0134 15 27
REFERENCE sym_k0000 27
REFERENCE sym_k0000 27
REFERENCE sym_k0000 27
ENTER_SCOPE 29 27
REFERENCE sym_k0007 29
DECLARE sym_k0018 4 29
DECLARE sym_k0015 1 29
DECLARE sym_k0005 6 29
DECLARE sym_k0011 12 29
DECLARE sym_k0004 5 29
DECLARE sym_k0002 3 29
REFERENCE sym_k0011 29
DECLARE sym_k0072 13 29
DECLARE sym_k0012 13 29
EXIT_SCOPE 29
DECLARE sym_k0006 7 27
REFERENCE sym_k0000 27
REFERENCE sym_k0002 27
REFERENCE sym_k0006 27
DECLARE sym_k0018 4 27
REFERENCE sym_k0008 27
REFERENCE sym_k0000 27
DECLARE sym_k0013 14 27
DECLARE sym_k0095 6 27
DECLARE sym_k0166 2 27
REFERENCE sym_k0001 27
REFERENCE sym_k0000 27
DECLARE sym_k0056 12 27
REFERENCE sym_k0003 27
REFERENCE sym_k0002 27
REFERENCE sym_k0005 27
REFERENCE sym_k0000 27
REFERENCE sym_k0002 27
DECLARE sym_k0021 7 27
REFERENCE sym_k0000 27
DECLARE sym_k0017 3 27
REFERENCE sym_k0017 27
REFERENCE sym_k0023 27
REFERENCE sym_k0000 27
DECLARE sym_k0004 5 27
REFERENCE sym_k0010 27
EXIT_SCOPE 27
DECLARE sym_k0234 10 23
REFERENCE sym_k0000 23
REFERENCE sym_k0000 23
REFERENCE sym_k0000 23
REFERENCE sym_k0000 23
REFERENCE sym_k0000 23
REFERENCE sym_k0008 23
EXIT_SCOPE 23
DECLARE sym_k0099 10 22
REFERENCE sym_k0028 22
REFERENCE sym_k0000 22
DECLARE sym_k0004 5 22
DECLARE sym_k0011 12 22
REFERENCE sym_k0011 22
DECLARE sym_k0031 2 22
ENTER_SCOPE 30 22
REFERENCE sym_k0012 30
DECLARE sym_k0000 1 30
DECLARE sym_k0053 9 30
DECLARE sym_k0007 8 30
DECLARE sym_k0125 6 30
DECLARE sym_k0011 12 30
DECLARE sym_k0002 3 30
DECLARE sym_k0016 2 30
EXIT_SCOPE 30
DECLARE sym_k0002 3 22
ENTER_SCOPE 31 22
REFERENCE sym_k0181 31
DECLARE sym_k0000 1 31
DECLARE sym_k0044 15 31
EXIT_SCOPE 31
REFERENCE sym_k0000 22
DECLARE sym_k0015 1 22
REFERENCE sym_k0031 22
DECLARE sym_k0006 7 22
REFERENCE sym_k0000 22
REFERENCE sym_k0002 22
REFERENCE sym_k0011 22
ENTER_SCOPE 32 22
REFERENCE sym_k0001 32
DECLARE sym_k0117 13 32
DECLARE sym_k0001 2 32
DECLARE sym_k0008 9 32
REFERENCE sym_k0022 32
DECLARE sym_k0000 1 32
DECLARE sym_k0158 9 32
DECLARE sym_k0004 5 32
REFERENCE sym_k0000 32
REFERENCE missing_2048 32
ENTER_SCOPE 33 32
DECLARE sym_k0004 5 33
DECLARE sym_k0095 6 33
DECLARE sym_k0000 1 33
REFERENCE sym_k0004 33
DECLARE sym_k0002 3 33
REFERENCE sym_k0000 33
DECLARE sym_k0032 3 33
REFERENCE sym_k0000 33
DECLARE sym_k0006 7 33
REFERENCE sym_k0002 33
REFERENCE sym_k0000 33
DECLARE sym_k0028 14 33
DECLARE sym_k0021 7 33
EXIT_SCOPE 33
REFERENCE sym_k0001 32
REFERENCE sym_k0000 32
ENTER_SCOPE 34 32
REFERENCE sym_k0040 34
DECLARE sym_k0000 1 34
DECLARE sym_k0054 10 34
REFERENCE sym_k0000 34
REFERENCE missing_3741 34
DECLARE sym_k0001 2 34
REFERENCE sym_k0000 34
REFERENCE sym_k0020 34
REFERENCE sym_k0001 34
DECLARE sym_k0004 5 34
ENTER_SCOPE 35 34
DECLARE sym_k0000 1 35
EXIT_SCOPE 35
REFERENCE sym_k0000 34
REFERENCE sym_k0022 34
REFERENCE sym_k0000 34
REFERENCE sym_k0000 34
DECLARE sym_k0002 3 34
DECLARE sym_k0020 6 34
REFERENCE sym_k0094 34
REFERENCE sym_k0001 34
REFERENCE missing_3791 34
EXIT_SCOPE 34
REFERENCE sym_k0011 32
DECLARE sym_k0194 15 32
EXIT_SCOPE 32
REFERENCE sym_k0046 22
REFERENCE sym_k0001 22
REFERENCE sym_k0000 22
DECLARE sym_k0249 10 22
DECLARE sym_k0021 7 22
REFERENCE sym_k0006 22
REFERENCE sym_k0000 22
REFERENCE sym_k0006 22
REFERENCE missing_1995 22
REFERENCE sym_k0000 22
DECLARE sym_k0012 13 22
REFERENCE sym_k0016 22
DECLARE sym_k0001 2 22
REFERENCE sym_k0000 22
REFERENCE missing_5886 22
REFERENCE sym_k0000 22
REFERENCE sym_k0000 22
DECLARE sym_k0109 5 22
ENTER_SCOPE 36 22
DECLARE sym_k0000 1 36
DECLARE sym_k0128 9 36
REFERENCE sym_k0000 36
REFERENCE sym_k0000 36
REFERENCE sym_k0000 36
REFERENCE sym_k0000 36
REFERENCE sym_k0000 36
DECLARE sym_k0071 12 36
EXIT_SCOPE 36
REFERENCE sym_k0000 22
EXIT_SCOPE 22
REFERENCE sym_k0001 11
REFERENCE sym_k0002 11
REFERENCE missing_1006 11
DECLARE sym_k0006 7 11
DECLARE sym_k0016 2 11
REFERENCE sym_k0029 11
REFERENCE sym_k0000 11
REFERENCE sym_k0000 11
REFERENCE sym_k0001 11
REFERENCE sym_k0000 11
REFERENCE sym_k0019 11
ENTER_SCOPE 37 11
REFERENCE missing_4563 37
REFERENCE sym_k0040 37
REFERENCE missing_1501 37
DECLARE sym_k0161 12 37
REFERENCE sym_k0000 37
DECLARE sym_k0000 1 37
REFERENCE sym_k0004 37
DECLARE sym_k0018 4 37
REFERENCE sym_k0033 37
REFERENCE sym_k0000 37
EXIT_SCOPE 37
REFERENCE sym_k0000 11
REFERENCE sym_k0024 11
DECLARE sym_k0004 5 11
REFERENCE missing_6206 11
REFERENCE sym_k0017 11
REFERENCE sym_k0000 11
DECLARE sym_k0051 7 11
REFERENCE sym_k0001 11
ENTER_SCOPE 38 11
DECLARE sym_k0002 3 38
DECLARE sym_k0001 2 38
DECLARE sym_k0020 6 38
DECLARE sym_k0004 5 38
DECLARE sym_k0000 1 38
REFERENCE sym_k0000 38
REFERENCE sym_k0000 38
REFERENCE sym_k0000 38
REFERENCE sym_k0000 38
DECLARE sym_k0003 4 38
REFERENCE sym_k0003 38
ENTER_SCOPE 39 38
REFERENCE sym_k0000 39
DECLARE sym_k0020 6 39
DECLARE sym_k0001 2 39
DECLARE sym_k0000 1 39
REFERENCE sym_k0001 39
EXIT_SCOPE 39
REFERENCE sym_k0000 38
DECLARE sym_k0008 9 38
REFERENCE sym_k0000 38
ENTER_SCOPE 40 38
DECLARE sym_k0116 12 40
REFERENCE sym_k0002 40
EXIT_SCOPE 40
REFERENCE sym_k0003 38
REFERENCE sym_k0000 38
DECLARE sym_k0015 1 38
ENTER_SCOPE 41 38
DECLARE sym_k0000 1 41
REFERENCE sym_k0024 41
REFERENCE sym_k0000 41
DECLARE sym_k0017 3 41
DECLARE sym_k0001 2 41
EXIT_SCOPE 41
REFERENCE sym_k0002 38
DECLARE sym_k0072 13 38
DECLARE sym_k0009 10 38
EXIT_SCOPE 38
DECLARE sym_k0003 4 11
REFERENCE sym_k0000 11
REFERENCE sym_k0000 11
REFERENCE sym_k0001 11
REFERENCE missing_5541 11
REFERENCE sym_k0008 11
DECLARE sym_k0133 14 11
REFERENCE sym_k0004 11
DECLARE sym_k0104 15 11
DECLARE sym_k0005 6 11
DECLARE sym_k0008 9 11
REFERENCE sym_k0002 11
REFERENCE sym_k0000 11
REFERENCE sym_k0001 11
REFERENCE sym_k0010 11
REFERENCE sym_k0000 11
DECLARE sym_k0053 9 11
DECLARE sym_k0018 4 11
DECLARE sym_k0044 15 11
REFERENCE sym_k0003 11
REFERENCE sym_k0001 11
DECLARE sym_k0022 8 11
REFERENCE sym_k0051 11
REFERENCE sym_k0044 11
REFERENCE sym_k0000 11
REFERENCE sym_k0003 11
DECLARE sym_k0011 12 11
DECLARE sym_k0029 15 11
DECLARE sym_k0061 2 11
REFERENCE sym_k0004 11
REFERENCE sym_k0002 11
REFERENCE sym_k0051 11
REFERENCE sym_k0051 11
REFERENCE sym_k0000 11
DECLARE sym_k0057 13 11
REFERENCE sym_k0001 11
EXIT_SCOPE 11
REFERENCE sym_k0018 4
REFERENCE sym_k0002 4
DECLARE sym_k0012 13 4
DECLARE sym_k0003 4 4
ENTER_SCOPE 42 4
DECLARE sym_k0029 15 42
DECLARE sym_k0184 5 42
DECLARE sym_k0000 1 42
REFERENCE sym_k0000 42
REFERENCE sym_k0002 42
REFERENCE missing_8343 42
DECLARE sym_k0002 3 42
REFERENCE sym_k0006 42
REFERENCE sym_k0002 42
REFERENCE sym_k0110 42
REFERENCE sym_k0004 42
ENTER_SCOPE 43 42
DECLARE sym_k0002 3 43
DECLARE sym_k0017 3 43
REFERENCE missing_2594 43
DECLARE sym_k0101 12 43
REFERENCE sym_k0000 43
REFERENCE sym_k0017 43
DECLARE sym_k0000 1 43
REFERENCE sym_k0002 43
REFERENCE sym_k0009 43
DECLARE sym_k0087 13 43
REFERENCE sym_k0001 43
REFERENCE sym_k0000 43
DECLARE sym_k0007 8 43
DECLARE sym_k0061 2 43
REFERENCE sym_k0000 43
ENTER_SCOPE 44 43
DECLARE sym_k0000 1 44
DECLARE sym_k0006 7 44
REFERENCE sym_k0001 44
DECLARE sym_k0051 7 44
DECLARE sym_k0078 4 44
DECLARE sym_k0087 13 44
DECLARE sym_k0151 2 44
DECLARE sym_k0002 3 44
DECLARE sym_k0011 12 44
REFERENCE sym_k0001 44
REFERENCE sym_k0002 44
DECLARE sym_k0001 2 44
REFERENCE sym_k0007 44
ENTER_SCOPE 45 44
REFERENCE missing_1163 45
REFERENCE sym_k0003 45
DECLARE sym_k0000 1 45
REFERENCE sym_k0000 45
REFERENCE sym_k0000 45
REFERENCE sym_k0000 45
REFERENCE sym_k0000 45
REFERENCE missing_6047 45
REFERENCE missing_6956 45
REFERENCE sym_k0000 45
DECLARE sym_k0002 3 45
REFERENCE sym_k0002 45
REFERENCE sym_k0000 45
DECLARE sym_k0072 13 45
DECLARE sym_k0031 2 45
DECLARE sym_k0048 4 45
REFERENCE sym_k0001 45
REFERENCE sym_k0000 45
REFERENCE sym_k0000 45
REFERENCE sym_k0005 45
REFERENCE sym_k0000 45
DECLARE sym_k0012 13 45
REFERENCE sym_k0002 45
DECLARE sym_k0115 11 45
DECLARE sym_k0075 1 45
DECLARE sym_k0001 2 45
DECLARE sym_k0007 8 45
DECLARE sym_k0014 15 45
DECLARE sym_k0004 5 45
REFERENCE sym_k0000 45
DECLARE sym_k0111 7 45
REFERENCE sym_k0001 45
DECLARE sym_k0011 12 45
REFERENCE missing_5287 45
REFERENCE sym_k0001 45
EXIT_SCOPE 45
REFERENCE missing_5938 44
REFERENCE missing_3251 44
REFERENCE missing_7411 44
REFERENCE sym_k0000 44
DECLARE sym_k0003 4 44
DECLARE sym_k0013 14 44
REFERENCE sym_k0000 44
REFERENCE sym_k0026 44
REFERENCE sym_k0000 44
REFERENCE sym_k0006 44
DECLARE sym_k0021 7 44
DECLARE sym_k0031 2 44
ENTER_SCOPE 46 44
DECLARE sym_k0000 1 46
ENTER_SCOPE 47 46
DECLARE sym_k0092 3 47
DECLARE sym_k0000 1 47
REFERENCE sym_k0000 47
REFERENCE sym_k0000 47
REFERENCE sym_k0040 47
DECLARE sym_k0001 2 47
REFERENCE sym_k0000 47
REFERENCE sym_k0018 47
DECLARE sym_k0018 4 47
DECLARE sym_k0008 9 47
DECLARE sym_k0007 8 47
DECLARE sym_k0161 12 47
REFERENCE sym_k0001 47
REFERENCE sym_k0013 47
REFERENCE sym_k0032 47
DECLARE sym_k0026 12 47
REFERENCE sym_k0008 47
DECLARE sym_k0014 15 47
REFERENCE sym_k0000 47
REFERENCE sym_k0001 47
DECLARE sym_k0006 7 47
REFERENCE sym_k0000 47
EXIT_SCOPE 47
REFERENCE sym_k0010 46
DECLARE sym_k0004 5 46
DECLARE sym_k0001 2 46
DECLARE sym_k0051 7 46
REFERENCE sym_k0000 46
REFERENCE sym_k0042 46
DECLARE sym_k0005 6 46
DECLARE sym_k0013 14 46
DECLARE sym_k0196 2 46
REFERENCE sym_k0015 46
REFERENCE sym_k0000 46
DECLARE sym_k0003 4 46
DECLARE sym_k0266 12 46
REFERENCE sym_k0001 46
REFERENCE sym_k0000 46
DECLARE sym_k0037 8 46
REFERENCE sym_k0006 46
REFERENCE sym_k0000 46
REFERENCE sym_k0005 46
REFERENCE sym_k0000 46
DECLARE sym_k0002 3 46
DECLARE sym_k0118 14 46
ENTER_SCOPE 48 46
DECLARE sym_k0000 1 48
REFERENCE sym_k0048 48
DECLARE sym_k0005 6 48
REFERENCE sym_k0000 48
REFERENCE sym_k0003 48
REFERENCE sym_k0008 48
REFERENCE missing_6531 48
DECLARE sym_k0013 14 48
DECLARE sym_k0021 7 48
REFERENCE sym_k0000 48
REFERENCE sym_k0000 48
EXIT_SCOPE 48
DECLARE sym_k0011 12 46
REFERENCE sym_k0101 46
REFERENCE sym_k0004 46
REFERENCE sym_k0013 46
REFERENCE sym_k0014 46
REFERENCE sym_k0000 46
REFERENCE sym_k0003 46
DECLARE sym_k0006 7 46
REFERENCE sym_k0001 46
REFERENCE sym_k0000 46
REFERENCE sym_k0001 46
REFERENCE sym_k0001 46
REFERENCE sym_k0013 46
REFERENCE sym_k0035 46
REFERENCE sym_k0006 46
DECLARE sym_k0046 2 46
REFERENCE sym_k0002 46
REFERENCE sym_k0002 46
DECLARE sym_k0034 5 46
REFERENCE sym_k0013 46
REFERENCE sym_k0000 46
DECLARE sym_k0007 8 46
REFERENCE sym_k0003 46
DECLARE sym_k0182 3 46
EXIT_SCOPE 46
EXIT_SCOPE 44
EXIT_SCOPE 43
EXIT_SCOPE 42
EXIT_SCOPE 4
EXIT_SCOPE 3
EXIT_SCOPE 0
