# ColliScope Frequency-Matched Synthetic Trace
# Parameters: seed=88, zipf_s=1.244, scope=nested, type=declaration-heavy, load_factor=0.7
ENTER_SCOPE 0
DECLARE sym_k0000 1 0
DECLARE sym_k0001 2 0
DECLARE sym_k0002 3 0
DECLARE sym_k0003 4 0
DECLARE sym_k0004 5 0
DECLARE sym_k0005 6 0
DECLARE sym_k0006 7 0
DECLARE sym_k0007 8 0
DECLARE sym_k0008 9 0
DECLARE sym_k0009 10 0
DECLARE sym_k0010 1 0
DECLARE sym_k0011 2 0
DECLARE sym_k0012 3 0
DECLARE sym_k0013 4 0
DECLARE sym_k0014 5 0
DECLARE sym_k0015 6 0
DECLARE sym_k0016 7 0
DECLARE sym_k0017 8 0
DECLARE sym_k0018 9 0
DECLARE sym_k0019 10 0
DECLARE sym_k0020 1 0
DECLARE sym_k0021 2 0
DECLARE sym_k0022 3 0
DECLARE sym_k0023 4 0
DECLARE sym_k0024 5 0
DECLARE sym_k0025 6 0
DECLARE sym_k0026 7 0
DECLARE sym_k0027 8 0
DECLARE sym_k0028 9 0
DECLARE sym_k0029 10 0
DECLARE sym_k0030 1 0
DECLARE sym_k0031 2 0
DECLARE sym_k0032 3 0
DECLARE sym_k0033 4 0
DECLARE sym_k0034 5 0
DECLARE sym_k0035 6 0
DECLARE sym_k0036 7 0
DECLARE sym_k0037 8 0
DECLARE sym_k0038 9 0
DECLARE sym_k0039 10 0
DECLARE sym_k0040 1 0
DECLARE sym_k0041 2 0
DECLARE sym_k0042 3 0
DECLARE sym_k0043 4 0
DECLARE sym_k0044 5 0
DECLARE sym_k0045 6 0
DECLARE sym_k0046 7 0
DECLARE sym_k0047 8 0
DECLARE sym_k0048 9 0
DECLARE sym_k0049 10 0
REFERENCE sym_k0000 0
REFERENCE sym_k0014 0
REFERENCE sym_k0013 0
REFERENCE sym_k0013 0
REFERENCE sym_k0010 0
REFERENCE sym_k0000 0
REFERENCE sym_k0000 0
REFERENCE missing_3303 0
REFERENCE sym_k0001 0
REFERENCE sym_k0000 0
REFERENCE sym_k0000 0
REFERENCE sym_k0001 0
REFERENCE sym_k0012 0
REFERENCE sym_k0007 0
REFERENCE sym_k0000 0
DECLARE sym_k0054 10 0
REFERENCE sym_k0001 0
DECLARE sym_k0096 7 0
REFERENCE sym_k0005 0
ENTER_SCOPE 1 0
DECLARE sym_k0187 8 1
REFERENCE sym_k0001 1
DECLARE sym_k0001 2 1
DECLARE sym_k0075 1 1
REFERENCE sym_k0000 1
DECLARE sym_k0101 12 1
DECLARE sym_k0000 1 1
ENTER_SCOPE 2 1
ENTER_SCOPE 3 2
REFERENCE sym_k0044 3
DECLARE sym_k0001 2 3
REFERENCE missing_9461 3
ENTER_SCOPE 4 3
REFERENCE sym_k0000 4
DECLARE sym_k0006 7 4
ENTER_SCOPE 5 4
DECLARE sym_k0000 1 5
DECLARE sym_k0003 4 5
DECLARE sym_k0242 3 5
DECLARE sym_k0001 2 5
DECLARE sym_k0010 11 5
REFERENCE sym_k0001 5
REFERENCE sym_k0003 5
REFERENCE sym_k0000 5
DECLARE sym_k0002 3 5
DECLARE sym_k0022 8 5
DECLARE sym_k0013 14 5
REFERENCE sym_k0000 5
REFERENCE sym_k0010 5
ENTER_SCOPE 6 5
DECLARE sym_k0001 2 6
DECLARE sym_k0007 8 6
REFERENCE sym_k0000 6
ENTER_SCOPE 7 6
DECLARE sym_k0007 8 7
EXIT_SCOPE 7
DECLARE sym_k0027 13 6
DECLARE sym_k0000 1 6
REFERENCE sym_k0004 6
REFERENCE sym_k0000 6
DECLARE sym_k0002 3 6
DECLARE sym_k0003 4 6
DECLARE sym_k0108 4 6
REFERENCE sym_k0001 6
REFERENCE sym_k0003 6
REFERENCE sym_k0003 6
REFERENCE sym_k0001 6
DECLARE sym_k0004 5 6
REFERENCE sym_k0000 6
REFERENCE sym_k0000 6
REFERENCE sym_k0010 6
REFERENCE sym_k0000 6
REFERENCE missing_6341 6
DECLARE sym_k0009 10 6
REFERENCE sym_k0001 6
REFERENCE sym_k0012 6
DECLARE sym_k0225 1 6
DECLARE sym_k0077 3 6
DECLARE sym_k0006 7 6
REFERENCE sym_k0006 6
REFERENCE sym_k0000 6
REFERENCE missing_6995 6
REFERENCE sym_k0000 6
REFERENCE sym_k0000 6
REFERENCE sym_k0000 6
REFERENCE sym_k0006 6
DECLARE sym_k0019 5 6
REFERENCE sym_k0000 6
DECLARE sym_k0021 7 6
DECLARE sym_k0022 8 6
REFERENCE sym_k0000 6
REFERENCE sym_k0014 6
DECLARE sym_k0026 12 6
REFERENCE sym_k0002 6
DECLARE sym_k0031 2 6
REFERENCE sym_k0000 6
REFERENCE sym_k0001 6
REFERENCE sym_k0001 6
ENTER_SCOPE 8 6
EXIT_SCOPE 8
REFERENCE sym_k0000 6
REFERENCE sym_k0000 6
DECLARE sym_k0014 15 6
REFERENCE sym_k0007 6
REFERENCE sym_k0000 6
REFERENCE sym_k0026 6
REFERENCE sym_k0021 6
REFERENCE sym_k0002 6
REFERENCE sym_k0004 6
REFERENCE sym_k0014 6
REFERENCE sym_k0000 6
REFERENCE missing_6024 6
DECLARE sym_k0011 12 6
REFERENCE sym_k0024 6
REFERENCE sym_k0001 6
REFERENCE sym_k0000 6
REFERENCE sym_k0077 6
REFERENCE sym_k0021 6
REFERENCE sym_k0004 6
REFERENCE sym_k0000 6
DECLARE sym_k0278 9 6
ENTER_SCOPE 9 6
REFERENCE sym_k0002 9
DECLARE sym_k0227 3 9
DECLARE sym_k0000 1 9
REFERENCE sym_k0028 9
EXIT_SCOPE 9
REFERENCE sym_k0021 6
DECLARE sym_k0023 9 6
REFERENCE sym_k0000 6
REFERENCE sym_k0013 6
DECLARE sym_k0071 12 6
REFERENCE sym_k0002 6
REFERENCE sym_k0007 6
DECLARE sym_k0008 9 6
REFERENCE sym_k0000 6
DECLARE sym_k0015 1 6
REFERENCE sym_k0009 6
REFERENCE sym_k0000 6
DECLARE sym_k0005 6 6
REFERENCE sym_k0000 6
REFERENCE sym_k0000 6
DECLARE sym_k0255 1 6
REFERENCE sym_k0000 6
REFERENCE missing_4531 6
DECLARE sym_k0259 5 6
REFERENCE sym_k0000 6
REFERENCE sym_k0001 6
REFERENCE sym_k0003 6
REFERENCE missing_5635 6
EXIT_SCOPE 6
REFERENCE sym_k0000 5
DECLARE sym_k0005 6 5
REFERENCE sym_k0001 5
REFERENCE missing_9086 5
DECLARE sym_k0044 15 5
ENTER_SCOPE 10 5
REFERENCE sym_k0021 10
DECLARE sym_k0004 5 10
REFERENCE sym_k0015 10
DECLARE sym_k0021 7 10
DECLARE sym_k0005 6 10
DECLARE sym_k0007 8 10
REFERENCE sym_k0010 10
DECLARE sym_k0009 10 10
REFERENCE sym_k0000 10
DECLARE sym_k0166 2 10
EXIT_SCOPE 10
ENTER_SCOPE 11 5
DECLARE sym_k0014 15 11
DECLARE sym_k0001 2 11
REFERENCE sym_k0001 11
REFERENCE sym_k0000 11
REFERENCE sym_k0001 11
DECLARE sym_k0002 3 11
DECLARE sym_k0005 6 11
REFERENCE sym_k0000 11
REFERENCE sym_k0018 11
ENTER_SCOPE 12 11
REFERENCE sym_k0000 12
EXIT_SCOPE 12
DECLARE sym_k0000 1 11
REFERENCE sym_k0000 11
REFERENCE sym_k0002 11
REFERENCE sym_k0001 11
REFERENCE sym_k0001 11
DECLARE sym_k0122 3 11
EXIT_SCOPE 11
REFERENCE sym_k0000 5
DECLARE sym_k0004 5 5
DECLARE sym_k0196 2 5
REFERENCE sym_k0000 5
REFERENCE sym_k0001 5
REFERENCE sym_k0000 5
REFERENCE sym_k0000 5
REFERENCE missing_2888 5
EXIT_SCOPE 5
DECLARE sym_k0004 5 4
REFERENCE sym_k0002 4
REFERENCE sym_k0004 4
DECLARE sym_k0018 4 4
DECLARE sym_k0046 2 4
ENTER_SCOPE 13 4
DECLARE sym_k0012 13 13
REFERENCE sym_k0013 13
DECLARE sym_k0007 8 13
DECLARE sym_k0025 11 13
DECLARE sym_k0030 1 13
DECLARE sym_k0000 1 13
REFERENCE sym_k0008 13
DECLARE sym_k0076 2 13
ENTER_SCOPE 14 13
DECLARE sym_k0007 8 14
REFERENCE sym_k0012 14
REFERENCE sym_k0037 14
DECLARE sym_k0000 1 14
DECLARE sym_k0003 4 14
ENTER_SCOPE 15 14
DECLARE sym_k0003 4 15
DECLARE sym_k0000 1 15
EXIT_SCOPE 15
DECLARE sym_k0010 11 14
REFERENCE sym_k0037 14
REFERENCE sym_k0000 14
REFERENCE sym_k0000 14
ENTER_SCOPE 16 14
DECLARE sym_k0113 9 16
DECLARE sym_k0000 1 16
DECLARE sym_k0001 2 16
DECLARE sym_k0002 3 16
DECLARE sym_k0109 5 16
DECLARE sym_k0005 6 16
REFERENCE sym_k0001 16
REFERENCE sym_k0001 16
REFERENCE sym_k0002 16
EXIT_SCOPE 16
DECLARE sym_k0004 5 14
DECLARE sym_k0001 2 14
REFERENCE sym_k0000 14
DECLARE sym_k0002 3 14
REFERENCE sym_k0001 14
REFERENCE sym_k0006 14
REFERENCE sym_k0000 14
REFERENCE sym_k0011 14
REFERENCE sym_k0008 14
REFERENCE missing_4946 14
DECLARE sym_k0012 13 14
REFERENCE sym_k0004 14
REFERENCE sym_k0101 14
REFERENCE sym_k0000 14
REFERENCE sym_k0002 14
DECLARE sym_k0026 12 14
DECLARE sym_k0247 8 14
REFERENCE sym_k0004 14
DECLARE sym_k0054 10 14
REFERENCE missing_7489 14
REFERENCE sym_k0000 14
REFERENCE sym_k0007 14
REFERENCE sym_k0000 14
ENTER_SCOPE 17 14
DECLARE sym_k0002 3 17
DECLARE sym_k0040 11 17
DECLARE sym_k0043 14 17
REFERENCE sym_k0003 17
DECLARE sym_k0000 1 17
EXIT_SCOPE 17
DECLARE sym_k0037 8 14
DECLARE sym_k0032 3 14
ENTER_SCOPE 18 14
EXIT_SCOPE 18
EXIT_SCOPE 14
REFERENCE sym_k0018 13
DECLARE sym_k0072 13 13
REFERENCE sym_k0006 13
REFERENCE sym_k0012 13
REFERENCE missing_3632 13
DECLARE sym_k0253 14 13
DECLARE sym_k0001 2 13
REFERENCE sym_k0007 13
DECLARE sym_k0016 2 13
DECLARE sym_k0002 3 13
DECLARE sym_k0250 11 13
REFERENCE sym_k0016 13
REFERENCE sym_k0009 13
REFERENCE sym_k0002 13
DECLARE sym_k0009 10 13
REFERENCE sym_k0000 13
REFERENCE sym_k0031 13
DECLARE sym_k0008 9 13
REFERENCE missing_5017 13
DECLARE sym_k0178 14 13
REFERENCE sym_k0023 13
DECLARE sym_k0024 10 13
REFERENCE sym_k0024 13
REFERENCE sym_k0008 13
REFERENCE sym_k0000 13
REFERENCE sym_k0001 13
DECLARE sym_k0052 8 13
REFERENCE sym_k0000 13
REFERENCE sym_k0000 13
EXIT_SCOPE 13
ENTER_SCOPE 19 4
DECLARE sym_k0003 4 19
DECLARE sym_k0011 12 19
DECLARE sym_k0014 15 19
DECLARE sym_k0004 5 19
REFERENCE sym_k0001 19
REFERENCE sym_k0008 19
DECLARE sym_k0000 1 19
DECLARE sym_k0002 3 19
REFERENCE sym_k0002 19
REFERENCE sym_k0033 19
REFERENCE sym_k0002 19
REFERENCE sym_k0004 19
REFERENCE sym_k0000 19
REFERENCE sym_k0000 19
DECLARE sym_k0001 2 19
DECLARE sym_k0064 5 19
REFERENCE sym_k0001 19
REFERENCE sym_k0003 19
EXIT_SCOPE 19
DECLARE sym_k0055 11 4
REFERENCE sym_k0046 4
REFERENCE sym_k0013 4
DECLARE sym_k0138 4 4
REFERENCE sym_k0007 4
DECLARE sym_k0139 5 4
DECLARE sym_k0012 13 4
REFERENCE sym_k0000 4
DECLARE sym_k0003 4 4
REFERENCE sym_k0001 4
DECLARE sym_k0016 2 4
DECLARE sym_k0029 15 4
REFERENCE sym_k0047 4
DECLARE sym_k0299 15 4
DECLARE sym_k0000 1 4
REFERENCE sym_k0000 4
DECLARE sym_k0013 14 4
REFERENCE sym_k0000 4
REFERENCE sym_k0000 4
DECLARE sym_k0020 6 4
REFERENCE sym_k0000 4
DECLARE sym_k0002 3 4
DECLARE sym_k0015 1 4
REFERENCE sym_k0003 4
REFERENCE sym_k0000 4
DECLARE sym_k0010 11 4
REFERENCE sym_k0003 4
REFERENCE missing_7820 4
DECLARE sym_k0192 13 4
REFERENCE sym_k0013 4
REFERENCE sym_k0139 4
DECLARE sym_k0025 11 4
REFERENCE sym_k0000 4
REFERENCE sym_k0040 4
EXIT_SCOPE 4
DECLARE sym_k0004 5 3
REFERENCE sym_k0001 3
ENTER_SCOPE 20 3
REFERENCE sym_k0001 20
DECLARE sym_k0000 1 20
REFERENCE sym_k0000 20
REFERENCE sym_k0002 20
DECLARE sym_k0032 3 20
DECLARE sym_k0004 5 20
EXIT_SCOPE 20
REFERENCE sym_k0000 3
DECLARE sym_k0003 4 3
REFERENCE sym_k0001 3
DECLARE sym_k0000 1 3
EXIT_SCOPE 3
DECLARE sym_k0000 1 2
DECLARE sym_k0026 12 2
DECLARE sym_k0001 2 2
DECLARE sym_k0005 6 2
DECLARE sym_k0040 11 2
DECLARE sym_k0003 4 2
DECLARE sym_k0159 10 2
REFERENCE sym_k0003 2
DECLARE sym_k0042 13 2
DECLARE sym_k0008 9 2
ENTER_SCOPE 21 2
REFERENCE missing_2729 21
DECLARE sym_k0023 9 21
DECLARE sym_k0001 2 21
DECLARE sym_k0004 5 21
DECLARE sym_k0000 1 21
REFERENCE sym_k0000 21
EXIT_SCOPE 21
DECLARE sym_k0002 3 2
REFERENCE sym_k0000 2
REFERENCE sym_k0000 2
REFERENCE sym_k0000 2
REFERENCE sym_k0029 2
DECLARE sym_k0021 7 2
REFERENCE sym_k0000 2
DECLARE sym_k0020 6 2
DECLARE sym_k0107 3 2
DECLARE sym_k0028 14 2
REFERENCE sym_k0001 2
ENTER_SCOPE 22 2
REFERENCE sym_k0000 22
REFERENCE sym_k0013 22
DECLARE sym_k0285 1 22
REFERENCE sym_k0001 22
DECLARE sym_k0001 2 22
ENTER_SCOPE 23 22
DECLARE sym_k0038 9 23
DECLARE sym_k0002 3 23
REFERENCE sym_k0012 23
DECLARE sym_k0000 1 23
REFERENCE sym_k0000 23
DECLARE sym_k0054 10 23
DECLARE sym_k0075 1 23
REFERENCE sym_k0000 23
REFERENCE sym_k0038 23
REFERENCE sym_k0000 23
REFERENCE sym_k0002 23
REFERENCE sym_k0000 23
REFERENCE sym_k0020 23
DECLARE sym_k0013 14 23
EXIT_SCOPE 23
REFERENCE sym_k0000 22
DECLARE sym_k0081 7 22
DECLARE sym_k0000 1 22
REFERENCE sym_k0000 22
REFERENCE missing_9178 22
DECLARE sym_k0004 5 22
DECLARE sym_k0006 7 22
DECLARE sym_k0008 9 22
REFERENCE sym_k0000 22
DECLARE sym_k0031 2 22
REFERENCE sym_k0000 22
REFERENCE sym_k0004 22
REFERENCE sym_k0000 22
REFERENCE sym_k0008 22
REFERENCE sym_k0000 22
REFERENCE missing_2860 22
REFERENCE sym_k0081 22
REFERENCE sym_k0096 22
REFERENCE sym_k0000 22
REFERENCE sym_k0000 22
REFERENCE sym_k0000 22
REFERENCE sym_k0035 22
DECLARE sym_k0274 5 22
EXIT_SCOPE 22
REFERENCE sym_k0002 2
ENTER_SCOPE 24 2
DECLARE sym_k0000 1 24
DECLARE sym_k0005 6 24
REFERENCE sym_k0028 24
DECLARE sym_k0003 4 24
DECLARE sym_k0015 1 24
EXIT_SCOPE 24
DECLARE sym_k0044 15 2
DECLARE sym_k0161 12 2
REFERENCE sym_k0000 2
REFERENCE sym_k0000 2
REFERENCE sym_k0002 2
REFERENCE sym_k0000 2
REFERENCE sym_k0000 2
REFERENCE sym_k0004 2
REFERENCE sym_k0001 2
DECLARE sym_k0013 14 2
REFERENCE sym_k0000 2
REFERENCE sym_k0000 2
DECLARE sym_k0006 7 2
REFERENCE sym_k0000 2
REFERENCE sym_k0000 2
REFERENCE sym_k0001 2
DECLARE sym_k0067 8 2
DECLARE sym_k0010 11 2
ENTER_SCOPE 25 2
DECLARE sym_k0000 1 25
ENTER_SCOPE 26 25
DECLARE sym_k0022 8 26
DECLARE sym_k0040 11 26
DECLARE sym_k0002 3 26
DECLARE sym_k0015 1 26
REFERENCE sym_k0001 26
DECLARE sym_k0051 7 26
DECLARE sym_k0003 4 26
EXIT_SCOPE 26
DECLARE sym_k0005 6 25
DECLARE sym_k0001 2 25
DECLARE sym_k0003 4 25
DECLARE sym_k0021 7 25
REFERENCE sym_k0003 25
REFERENCE sym_k0012 25
DECLARE sym_k0023 9 25
DECLARE sym_k0097 8 25
REFERENCE sym_k0002 25
REFERENCE sym_k0000 25
REFERENCE sym_k0000 25
DECLARE sym_k0093 4 25
REFERENCE sym_k0001 25
REFERENCE sym_k0000 25
REFERENCE missing_7869 25
DECLARE sym_k0107 3 25
DECLARE sym_k0268 14 25
ENTER_SCOPE 27 25
REFERENCE sym_k0001 27
DECLARE sym_k0000 1 27
DECLARE sym_k0002 3 27
REFERENCE sym_k0002 27
DECLARE sym_k0176 12 27
DECLARE sym_k0003 4 27
REFERENCE sym_k0003 27
REFERENCE sym_k0002 27
REFERENCE sym_k0000 27
REFERENCE missing_9802 27
DECLARE sym_k0007 8 27
REFERENCE sym_k0000 27
EXIT_SCOPE 27
REFERENCE sym_k0001 25
REFERENCE sym_k0001 25
REFERENCE sym_k0000 25
DECLARE sym_k0171 7 25
REFERENCE sym_k0000 25
DECLARE sym_k0006 7 25
DECLARE sym_k0050 6 25
ENTER_SCOPE 28 25
REFERENCE sym_k0000 28
REFERENCE sym_k0000 28
REFERENCE sym_k0001 28
ENTER_SCOPE 29 28
DECLARE sym_k0138 4 29
ENTER_SCOPE 30 29
DECLARE sym_k0044 15 30
DECLARE sym_k0131 12 30
DECLARE sym_k0001 2 30
ENTER_SCOPE 31 30
DECLARE sym_k0007 8 31
DECLARE sym_k0000 1 31
REFERENCE sym_k0000 31
DECLARE sym_k0087 13 31
REFERENCE sym_k0000 31
REFERENCE sym_k0000 31
REFERENCE sym_k0000 31
REFERENCE sym_k0018 31
REFERENCE sym_k0048 31
REFERENCE sym_k0024 31
REFERENCE sym_k0007 31
DECLARE sym_k0004 5 31
REFERENCE sym_k0000 31
DECLARE sym_k0002 3 31
REFERENCE sym_k0000 31
REFERENCE sym_k0004 31
EXIT_SCOPE 31
DECLARE sym_k0025 11 30
REFERENCE sym_k0018 30
DECLARE sym_k0009 10 30
DECLARE sym_k0000 1 30
REFERENCE sym_k0015 30
ENTER_SCOPE 32 30
REFERENCE sym_k0003 32
REFERENCE sym_k0026 32
DECLARE sym_k0001 2 32
DECLARE sym_k0005 6 32
EXIT_SCOPE 32
REFERENCE sym_k0000 30
REFERENCE sym_k0000 30
REFERENCE sym_k0000 30
REFERENCE sym_k0000 30
DECLARE sym_k0294 10 30
REFERENCE sym_k0001 30
DECLARE sym_k0223 14 30
REFERENCE sym_k0000 30
REFERENCE sym_k0015 30
DECLARE sym_k0013 14 30
DECLARE sym_k0190 11 30
REFERENCE sym_k0027 30
REFERENCE sym_k0004 30
REFERENCE sym_k0001 30
REFERENCE sym_k0004 30
DECLARE sym_k0251 12 30
ENTER_SCOPE 33 30
DECLARE sym_k0021 7 33
DECLARE sym_k0004 5 33
REFERENCE sym_k0000 33
DECLARE sym_k0006 7 33
DECLARE sym_k0003 4 33
EXIT_SCOPE 33
REFERENCE sym_k0004 30
DECLARE sym_k0061 2 30
DECLARE sym_k0012 13 30
REFERENCE sym_k0000 30
REFERENCE sym_k0000 30
REFERENCE sym_k0000 30
REFERENCE sym_k0001 30
DECLARE sym_k0007 8 30
REFERENCE sym_k0000 30
DECLARE sym_k0006 7 30
REFERENCE sym_k0000 30
REFERENCE sym_k0008 30
DECLARE sym_k0034 5 30
REFERENCE sym_k0000 30
REFERENCE sym_k0000 30
DECLARE sym_k0073 14 30
REFERENCE sym_k0000 30
ENTER_SCOPE 34 30
DECLARE sym_k0006 7 34
REFERENCE sym_k0032 34
DECLARE sym_k0290 6 34
DECLARE sym_k0010 11 34
DECLARE sym_k0004 5 34
DECLARE sym_k0048 4 34
DECLARE sym_k0000 1 34
DECLARE sym_k0147 13 34
REFERENCE sym_k0007 34
DECLARE sym_k0044 15 34
REFERENCE sym_k0000 34
REFERENCE sym_k0000 34
REFERENCE sym_k0000 34
REFERENCE sym_k0021 34
DECLARE sym_k0003 4 34
REFERENCE sym_k0000 34
REFERENCE sym_k0000 34
DECLARE sym_k0009 10 34
EXIT_SCOPE 34
EXIT_SCOPE 30
DECLARE sym_k0002 3 29
DECLARE sym_k0006 7 29
DECLARE sym_k0000 1 29
DECLARE sym_k0005 6 29
REFERENCE sym_k0000 29
DECLARE sym_k0012 13 29
ENTER_SCOPE 35 29
REFERENCE sym_k0005 35
DECLARE sym_k0012 13 35
DECLARE sym_k0001 2 35
DECLARE sym_k0019 5 35
DECLARE sym_k0125 6 35
REFERENCE sym_k0001 35
DECLARE sym_k0175 11 35
REFERENCE sym_k0029 35
REFERENCE sym_k0001 35
DECLARE sym_k0160 11 35
DECLARE sym_k0000 1 35
DECLARE sym_k0003 4 35
DECLARE sym_k0009 10 35
REFERENCE sym_k0003 35
REFERENCE sym_k0000 35
ENTER_SCOPE 36 35
REFERENCE sym_k0000 36
REFERENCE sym_k0034 36
DECLARE sym_k0001 2 36
REFERENCE sym_k0016 36
REFERENCE sym_k0000 36
DECLARE sym_k0013 14 36
DECLARE sym_k0006 7 36
REFERENCE sym_k0005 36
DECLARE sym_k0155 6 36
DECLARE sym_k0023 9 36
REFERENCE sym_k0000 36
REFERENCE sym_k0006 36
DECLARE sym_k0045 1 36
REFERENCE sym_k0004 36
REFERENCE sym_k0000 36
DECLARE sym_k0028 14 36
DECLARE sym_k0010 11 36
REFERENCE sym_k0012 36
DECLARE sym_k0008 9 36
DECLARE sym_k0000 1 36
DECLARE sym_k0002 3 36
REFERENCE sym_k0002 36
DECLARE sym_k0003 4 36
DECLARE sym_k0057 13 36
REFERENCE sym_k0000 36
REFERENCE sym_k0004 36
REFERENCE missing_8492 36
DECLARE sym_k0004 5 36
REFERENCE sym_k0012 36
REFERENCE sym_k0001 36
DECLARE sym_k0080 6 36
REFERENCE sym_k0003 36
REFERENCE sym_k0006 36
REFERENCE sym_k0000 36
DECLARE sym_k0020 6 36
REFERENCE sym_k0000 36
REFERENCE sym_k0003 36
REFERENCE missing_3729 36
REFERENCE sym_k0013 36
REFERENCE sym_k0008 36
EXIT_SCOPE 36
REFERENCE sym_k0023 35
REFERENCE sym_k0003 35
REFERENCE sym_k0001 35
REFERENCE sym_k0000 35
REFERENCE sym_k0000 35
DECLARE sym_k0241 2 35
ENTER_SCOPE 37 35
DECLARE sym_k0003 4 37
DECLARE sym_k0000 1 37
DECLARE sym_k0039 10 37
EXIT_SCOPE 37
DECLARE sym_k0002 3 35
REFERENCE sym_k0003 35
REFERENCE sym_k0000 35
DECLARE sym_k0083 9 35
REFERENCE sym_k0005 35
DECLARE sym_k0016 2 35
ENTER_SCOPE 38 35
REFERENCE sym_k0138 38
REFERENCE missing_8305 38
DECLARE sym_k0004 5 38
REFERENCE sym_k0004 38
REFERENCE sym_k0002 38
REFERENCE missing_7280 38
DECLARE sym_k0054 10 38
REFERENCE sym_k0004 38
DECLARE sym_k0021 7 38
REFERENCE sym_k0000 38
DECLARE sym_k0071 12 38
EXIT_SCOPE 38
REFERENCE missing_5326 35
DECLARE sym_k0004 5 35
REFERENCE sym_k0004 35
REFERENCE sym_k0016 35
REFERENCE sym_k0028 35
REFERENCE sym_k0001 35
REFERENCE sym_k0004 35
DECLARE sym_k0284 15 35
REFERENCE sym_k0000 35
REFERENCE sym_k0000 35
ENTER_SCOPE 39 35
REFERENCE sym_k0001 39
REFERENCE missing_4581 39
REFERENCE sym_k0044 39
REFERENCE sym_k0043 39
DECLARE sym_k0058 14 39
DECLARE sym_k0280 11 39
DECLARE sym_k0000 1 39
REFERENCE sym_k0000 39
EXIT_SCOPE 39
REFERENCE sym_k0012 35
ENTER_SCOPE 40 35
DECLARE sym_k0002 3 40
EXIT_SCOPE 40
DECLARE sym_k0034 5 35
REFERENCE sym_k0003 35
REFERENCE sym_k0000 35
REFERENCE sym_k0000 35
REFERENCE sym_k0004 35
REFERENCE sym_k0036 35
REFERENCE sym_k0001 35
REFERENCE sym_k0001 35
REFERENCE sym_k0000 35
REFERENCE sym_k0000 35
ENTER_SCOPE 41 35
DECLARE sym_k0011 12 41
REFERENCE sym_k0011 41
REFERENCE sym_k0002 41
DECLARE sym_k0058 14 41
REFERENCE sym_k0001 41
DECLARE sym_k0004 5 41
REFERENCE sym_k0004 41
DECLARE sym_k0000 1 41
REFERENCE sym_k0000 41
DECLARE sym_k0013 14 41
REFERENCE sym_k0000 41
REFERENCE sym_k0000 41
DECLARE sym_k0001 2 41
REFERENCE sym_k0000 41
DECLARE sym_k0002 3 41
REFERENCE sym_k0003 41
DECLARE sym_k0282 13 41
REFERENCE sym_k0004 41
REFERENCE sym_k0004 41
REFERENCE sym_k0004 41
DECLARE sym_k0005 6 41
DECLARE sym_k0017 3 41
REFERENCE sym_k0000 41
REFERENCE sym_k0000 41
REFERENCE sym_k0000 41
REFERENCE sym_k0002 41
DECLARE sym_k0003 4 41
EXIT_SCOPE 41
DECLARE sym_k0025 11 35
REFERENCE missing_9238 35
EXIT_SCOPE 35
REFERENCE sym_k0005 29
REFERENCE sym_k0000 29
DECLARE sym_k0030 1 29
ENTER_SCOPE 42 29
EXIT_SCOPE 42
DECLARE sym_k0001 2 29
DECLARE sym_k0004 5 29
ENTER_SCOPE 43 29
DECLARE sym_k0000 1 43
DECLARE sym_k0090 1 43
REFERENCE sym_k0002 43
REFERENCE sym_k0000 43
REFERENCE sym_k0000 43
DECLARE sym_k0005 6 43
ENTER_SCOPE 44 43
DECLARE sym_k0008 9 44
DECLARE sym_k0007 8 44
DECLARE sym_k0176 12 44
REFERENCE sym_k0002 44
EXIT_SCOPE 44
DECLARE sym_k0043 14 43
REFERENCE sym_k0006 43
REFERENCE sym_k0010 43
ENTER_SCOPE 45 43
REFERENCE missing_8140 45
DECLARE sym_k0002 3 45
DECLARE sym_k0007 8 45
DECLARE sym_k0031 2 45
DECLARE sym_k0295 11 45
REFERENCE sym_k0002 45
DECLARE sym_k0004 5 45
DECLARE sym_k0009 10 45
DECLARE sym_k0000 1 45
REFERENCE sym_k0000 45
REFERENCE sym_k0096 45
EXIT_SCOPE 45
DECLARE sym_k0002 3 43
ENTER_SCOPE 46 43
DECLARE sym_k0009 10 46
DECLARE sym_k0003 4 46
DECLARE sym_k0006 7 46
DECLARE sym_k0000 1 46
DECLARE sym_k0017 3 46
DECLARE sym_k0001 2 46
REFERENCE sym_k0046 46
DECLARE sym_k0018 4 46
REFERENCE sym_k0001 46
REFERENCE sym_k0006 46
REFERENCE sym_k0001 46
DECLARE sym_k0021 7 46
REFERENCE sym_k0018 46
DECLARE sym_k0168 4 46
REFERENCE sym_k0001 46
REFERENCE sym_k0000 46
REFERENCE missing_8352 46
REFERENCE sym_k0010 46
REFERENCE sym_k0014 46
DECLARE sym_k0005 6 46
DECLARE sym_k0046 2 46
REFERENCE sym_k0000 46
DECLARE sym_k0002 3 46
REFERENCE sym_k0000 46
REFERENCE missing_9929 46
REFERENCE sym_k0006 46
REFERENCE sym_k0000 46
REFERENCE sym_k0000 46
REFERENCE sym_k0006 46
REFERENCE sym_k0003 46
REFERENCE sym_k0002 46
REFERENCE sym_k0004 46
EXIT_SCOPE 46
DECLARE sym_k0021 7 43
REFERENCE sym_k0005 43
DECLARE sym_k0023 9 43
ENTER_SCOPE 47 43
DECLARE sym_k0002 3 47
EXIT_SCOPE 47
REFERENCE sym_k0000 43
REFERENCE sym_k0002 43
EXIT_SCOPE 43
REFERENCE sym_k0000 29
ENTER_SCOPE 48 29
DECLARE sym_k0004 5 48
REFERENCE missing_3781 48
EXIT_SCOPE 48
DECLARE sym_k0013 14 29
REFERENCE sym_k0005 29
REFERENCE missing_1136 29
REFERENCE sym_k0000 29
REFERENCE sym_k0001 29
REFERENCE sym_k0000 29
REFERENCE sym_k0005 29
REFERENCE sym_k0002 29
REFERENCE sym_k0023 29
REFERENCE sym_k0002 29
REFERENCE sym_k0000 29
REFERENCE sym_k0000 29
REFERENCE sym_k0000 29
DECLARE sym_k0015 1 29
REFERENCE sym_k0015 29
REFERENCE sym_k0001 29
REFERENCE sym_k0001 29
DECLARE sym_k0086 12 29
REFERENCE sym_k0024 29
DECLARE sym_k0003 4 29
REFERENCE sym_k0001 29
REFERENCE sym_k0002 29
REFERENCE sym_k0000 29
REFERENCE sym_k0001 29
REFERENCE sym_k0034 29
REFERENCE missing_2494 29
DECLARE sym_k0177 13 29
DECLARE sym_k0027 13 29
REFERENCE sym_k0001 29
REFERENCE sym_k0002 29
DECLARE sym_k0014 15 29
ENTER_SCOPE 49 29
REFERENCE sym_k0003 49
REFERENCE sym_k0013 49
DECLARE sym_k0185 6 49
REFERENCE missing_2562 49
DECLARE sym_k0001 2 49
DECLARE sym_k0064 5 49
DECLARE sym_k0004 5 49
ENTER_SCOPE 50 49
DECLARE sym_k0035 6 50
DECLARE sym_k0001 2 50
DECLARE sym_k0156 7 50
EXIT_SCOPE 50
REFERENCE sym_k0000 49
DECLARE sym_k0100 11 49
DECLARE sym_k0000 1 49
REFERENCE sym_k0000 49
DECLARE sym_k0005 6 49
DECLARE sym_k0006 7 49
DECLARE sym_k0053 9 49
DECLARE sym_k0068 9 49
REFERENCE sym_k0006 49
REFERENCE sym_k0000 49
DECLARE sym_k0017 3 49
REFERENCE sym_k0001 49
REFERENCE sym_k0015 49
DECLARE sym_k0012 13 49
DECLARE sym_k0011 12 49
DECLARE sym_k0002 3 49
DECLARE sym_k0137 3 49
EXIT_SCOPE 49
REFERENCE sym_k0004 29
REFERENCE sym_k0003 29
REFERENCE sym_k0003 29
REFERENCE sym_k0000 29
REFERENCE sym_k0000 29
REFERENCE sym_k0039 29
DECLARE sym_k0100 11 29
REFERENCE sym_k0000 29
REFERENCE sym_k0002 29
REFERENCE missing_4526 29
REFERENCE sym_k0000 29
REFERENCE sym_k0001 29
REFERENCE sym_k0005 29
REFERENCE sym_k0000 29
REFERENCE sym_k0002 29
REFERENCE sym_k0000 29
DECLARE sym_k0026 12 29
REFERENCE sym_k0000 29
REFERENCE sym_k0000 29
ENTER_SCOPE 51 29
REFERENCE sym_k0017 51
DECLARE sym_k0113 9 51
EXIT_SCOPE 51
EXIT_SCOPE 29
EXIT_SCOPE 28
EXIT_SCOPE 25
EXIT_SCOPE 2
EXIT_SCOPE 1
EXIT_SCOPE 0
