# ColliScope Frequency-Matched Synthetic Trace
# Parameters: seed=67, zipf_s=1.244, scope=flat, type=mixed, replicate=2
ENTER_SCOPE 0
DECLARE sym_k0000 1 0
DECLARE sym_k0001 2 0
DECLARE sym_k0002 3 0
DECLARE sym_k0003 4 0
DECLARE sym_k0004 5 0
DECLARE sym_k0005 6 0
DECLARE sym_k0006 7 0
DECLARE sym_k0007 8 0
DECLARE sym_k0008 9 0
DECLARE sym_k0009 10 0
DECLARE sym_k0010 1 0
DECLARE sym_k0011 2 0
DECLARE sym_k0012 3 0
DECLARE sym_k0013 4 0
DECLARE sym_k0014 5 0
DECLARE sym_k0015 6 0
DECLARE sym_k0016 7 0
DECLARE sym_k0017 8 0
DECLARE sym_k0018 9 0
DECLARE sym_k0019 10 0
DECLARE sym_k0020 1 0
DECLARE sym_k0021 2 0
DECLARE sym_k0022 3 0
DECLARE sym_k0023 4 0
DECLARE sym_k0024 5 0
DECLARE sym_k0025 6 0
DECLARE sym_k0026 7 0
DECLARE sym_k0027 8 0
DECLARE sym_k0028 9 0
DECLARE sym_k0029 10 0
DECLARE sym_k0030 1 0
DECLARE sym_k0031 2 0
DECLARE sym_k0032 3 0
DECLARE sym_k0033 4 0
DECLARE sym_k0034 5 0
DECLARE sym_k0035 6 0
DECLARE sym_k0036 7 0
DECLARE sym_k0037 8 0
DECLARE sym_k0038 9 0
DECLARE sym_k0039 10 0
DECLARE sym_k0040 1 0
DECLARE sym_k0041 2 0
DECLARE sym_k0042 3 0
DECLARE sym_k0043 4 0
DECLARE sym_k0044 5 0
DECLARE sym_k0045 6 0
DECLARE sym_k0046 7 0
DECLARE sym_k0047 8 0
DECLARE sym_k0048 9 0
DECLARE sym_k0049 10 0
REFERENCE sym_k0002 0
REFERENCE sym_k0000 0
REFERENCE sym_k0004 0
REFERENCE sym_k0001 0
REFERENCE sym_k0007 0
REFERENCE sym_k0002 0
REFERENCE sym_k0001 0
REFERENCE sym_k0001 0
REFERENCE sym_k0000 0
DECLARE sym_k0096 7 0
REFERENCE sym_k0000 0
REFERENCE sym_k0000 0
REFERENCE sym_k0037 0
DECLARE sym_k0052 8 0
REFERENCE missing_9627 0
REFERENCE sym_k0021 0
REFERENCE sym_k0016 0
REFERENCE sym_k0001 0
REFERENCE sym_k0001 0
REFERENCE sym_k0000 0
REFERENCE sym_k0001 0
REFERENCE sym_k0015 0
REFERENCE sym_k0001 0
REFERENCE sym_k0001 0
REFERENCE sym_k0009 0
REFERENCE sym_k0000 0
REFERENCE sym_k0005 0
REFERENCE sym_k0032 0
REFERENCE sym_k0000 0
REFERENCE sym_k0000 0
REFERENCE missing_1404 0
REFERENCE sym_k0005 0
REFERENCE sym_k0001 0
REFERENCE sym_k0045 0
REFERENCE sym_k0000 0
REFERENCE sym_k0000 0
REFERENCE sym_k0002 0
REFERENCE sym_k0001 0
REFERENCE sym_k0013 0
REFERENCE sym_k0011 0
REFERENCE missing_8455 0
REFERENCE sym_k0017 0
REFERENCE sym_k0000 0
REFERENCE sym_k0001 0
REFERENCE sym_k0001 0
REFERENCE sym_k0008 0
REFERENCE missing_2635 0
REFERENCE missing_5042 0
DECLARE sym_k0158 9 0
REFERENCE sym_k0002 0
REFERENCE sym_k0001 0
REFERENCE sym_k0000 0
REFERENCE sym_k0026 0
REFERENCE missing_5427 0
REFERENCE sym_k0000 0
REFERENCE sym_k0000 0
REFERENCE sym_k0003 0
REFERENCE sym_k0000 0
REFERENCE sym_k0000 0
REFERENCE sym_k0000 0
REFERENCE sym_k0004 0
REFERENCE sym_k0037 0
REFERENCE sym_k0000 0
REFERENCE sym_k0001 0
REFERENCE sym_k0000 0
REFERENCE missing_4256 0
REFERENCE missing_8861 0
REFERENCE sym_k0030 0
REFERENCE sym_k0002 0
REFERENCE missing_5735 0
DECLARE sym_k0179 15 0
REFERENCE missing_2994 0
REFERENCE sym_k0019 0
REFERENCE sym_k0000 0
REFERENCE sym_k0000 0
REFERENCE sym_k0001 0
REFERENCE sym_k0000 0
REFERENCE sym_k0000 0
REFERENCE sym_k0030 0
REFERENCE sym_k0013 0
REFERENCE sym_k0032 0
REFERENCE sym_k0033 0
REFERENCE sym_k0000 0
REFERENCE sym_k0019 0
REFERENCE sym_k0000 0
REFERENCE sym_k0000 0
REFERENCE sym_k0013 0
REFERENCE sym_k0000 0
DECLARE sym_k0247 8 0
REFERENCE sym_k0009 0
REFERENCE sym_k0005 0
REFERENCE sym_k0002 0
REFERENCE sym_k0000 0
REFERENCE sym_k0043 0
REFERENCE sym_k0000 0
REFERENCE sym_k0010 0
REFERENCE sym_k0000 0
REFERENCE sym_k0001 0
REFERENCE sym_k0013 0
REFERENCE sym_k0009 0
REFERENCE sym_k0018 0
REFERENCE sym_k0001 0
REFERENCE sym_k0009 0
REFERENCE sym_k0000 0
REFERENCE sym_k0010 0
REFERENCE sym_k0048 0
REFERENCE sym_k0015 0
REFERENCE sym_k0001 0
REFERENCE sym_k0013 0
DECLARE sym_k0150 1 0
REFERENCE sym_k0025 0
REFERENCE missing_2473 0
REFERENCE sym_k0008 0
DECLARE sym_k0180 1 0
REFERENCE sym_k0017 0
REFERENCE sym_k0004 0
REFERENCE sym_k0004 0
REFERENCE sym_k0005 0
REFERENCE sym_k0033 0
DECLARE sym_k0125 6 0
REFERENCE sym_k0000 0
REFERENCE sym_k0038 0
REFERENCE sym_k0000 0
REFERENCE sym_k0000 0
REFERENCE missing_1548 0
REFERENCE sym_k0000 0
REFERENCE sym_k0002 0
REFERENCE sym_k0000 0
REFERENCE sym_k0047 0
REFERENCE sym_k0001 0
REFERENCE sym_k0007 0
REFERENCE sym_k0041 0
REFERENCE sym_k0035 0
REFERENCE sym_k0000 0
REFERENCE sym_k0000 0
REFERENCE sym_k0000 0
REFERENCE sym_k0007 0
REFERENCE sym_k0005 0
REFERENCE sym_k0008 0
REFERENCE sym_k0023 0
REFERENCE sym_k0026 0
REFERENCE sym_k0000 0
REFERENCE sym_k0006 0
REFERENCE sym_k0027 0
REFERENCE missing_2557 0
REFERENCE missing_4599 0
REFERENCE sym_k0014 0
REFERENCE sym_k0003 0
REFERENCE sym_k0000 0
REFERENCE missing_3246 0
REFERENCE sym_k0044 0
REFERENCE sym_k0001 0
REFERENCE missing_8489 0
REFERENCE sym_k0004 0
REFERENCE sym_k0001 0
REFERENCE sym_k0003 0
REFERENCE sym_k0036 0
REFERENCE sym_k0000 0
REFERENCE sym_k0001 0
REFERENCE sym_k0004 0
REFERENCE sym_k0011 0
REFERENCE sym_k0005 0
DECLARE sym_k0261 7 0
REFERENCE sym_k0005 0
REFERENCE sym_k0043 0
REFERENCE sym_k0042 0
REFERENCE sym_k0028 0
REFERENCE sym_k0003 0
REFERENCE sym_k0000 0
REFERENCE sym_k0001 0
REFERENCE sym_k0000 0
REFERENCE sym_k0019 0
REFERENCE sym_k0024 0
REFERENCE sym_k0010 0
REFERENCE sym_k0018 0
REFERENCE sym_k0004 0
REFERENCE sym_k0028 0
REFERENCE sym_k0096 0
REFERENCE sym_k0000 0
REFERENCE sym_k0003 0
REFERENCE sym_k0022 0
REFERENCE sym_k0000 0
REFERENCE sym_k0020 0
REFERENCE sym_k0019 0
REFERENCE sym_k0002 0
REFERENCE sym_k0000 0
REFERENCE sym_k0022 0
REFERENCE sym_k0000 0
REFERENCE sym_k0000 0
REFERENCE sym_k0040 0
REFERENCE sym_k0007 0
REFERENCE sym_k0027 0
REFERENCE sym_k0029 0
REFERENCE sym_k0000 0
REFERENCE sym_k0002 0
REFERENCE sym_k0004 0
REFERENCE sym_k0001 0
REFERENCE missing_4903 0
REFERENCE missing_3207 0
REFERENCE sym_k0000 0
REFERENCE sym_k0025 0
REFERENCE sym_k0000 0
REFERENCE sym_k0026 0
REFERENCE sym_k0000 0
REFERENCE sym_k0014 0
REFERENCE sym_k0002 0
REFERENCE sym_k0008 0
REFERENCE sym_k0017 0
REFERENCE sym_k0000 0
REFERENCE sym_k0001 0
REFERENCE sym_k0004 0
REFERENCE sym_k0000 0
REFERENCE sym_k0017 0
REFERENCE sym_k0003 0
REFERENCE sym_k0013 0
REFERENCE sym_k0000 0
REFERENCE sym_k0179 0
REFERENCE sym_k0009 0
REFERENCE sym_k0000 0
REFERENCE sym_k0002 0
REFERENCE sym_k0002 0
REFERENCE sym_k0007 0
REFERENCE sym_k0000 0
REFERENCE sym_k0009 0
DECLARE sym_k0213 4 0
REFERENCE sym_k0001 0
REFERENCE sym_k0028 0
REFERENCE sym_k0026 0
REFERENCE sym_k0026 0
REFERENCE sym_k0013 0
REFERENCE sym_k0007 0
REFERENCE sym_k0000 0
REFERENCE sym_k0000 0
REFERENCE sym_k0000 0
REFERENCE sym_k0000 0
REFERENCE sym_k0008 0
REFERENCE sym_k0004 0
DECLARE sym_k0220 11 0
REFERENCE missing_2513 0
REFERENCE sym_k0004 0
DECLARE sym_k0271 2 0
REFERENCE missing_3220 0
REFERENCE sym_k0003 0
REFERENCE sym_k0047 0
REFERENCE sym_k0044 0
REFERENCE sym_k0000 0
REFERENCE sym_k0002 0
REFERENCE sym_k0000 0
REFERENCE sym_k0001 0
REFERENCE sym_k0035 0
REFERENCE sym_k0032 0
REFERENCE sym_k0006 0
REFERENCE sym_k0125 0
REFERENCE sym_k0006 0
REFERENCE sym_k0003 0
REFERENCE sym_k0000 0
REFERENCE sym_k0009 0
REFERENCE sym_k0004 0
REFERENCE sym_k0002 0
REFERENCE sym_k0003 0
REFERENCE sym_k0002 0
REFERENCE sym_k0002 0
REFERENCE sym_k0000 0
REFERENCE sym_k0000 0
REFERENCE sym_k0023 0
REFERENCE sym_k0005 0
REFERENCE sym_k0031 0
REFERENCE sym_k0002 0
REFERENCE sym_k0035 0
REFERENCE sym_k0052 0
REFERENCE sym_k0019 0
REFERENCE sym_k0002 0
REFERENCE sym_k0002 0
REFERENCE sym_k0015 0
REFERENCE sym_k0002 0
REFERENCE sym_k0026 0
REFERENCE sym_k0001 0
REFERENCE sym_k0000 0
REFERENCE sym_k0006 0
REFERENCE sym_k0004 0
REFERENCE sym_k0001 0
REFERENCE missing_6604 0
REFERENCE sym_k0017 0
REFERENCE sym_k0011 0
REFERENCE sym_k0004 0
REFERENCE sym_k0014 0
REFERENCE sym_k0000 0
REFERENCE sym_k0008 0
REFERENCE sym_k0014 0
REFERENCE sym_k0179 0
REFERENCE sym_k0004 0
REFERENCE sym_k0002 0
REFERENCE sym_k0000 0
REFERENCE missing_1695 0
REFERENCE sym_k0001 0
REFERENCE sym_k0000 0
DECLARE sym_k0053 9 0
REFERENCE sym_k0002 0
REFERENCE sym_k0002 0
REFERENCE sym_k0158 0
DECLARE sym_k0083 9 0
REFERENCE sym_k0036 0
REFERENCE sym_k0009 0
REFERENCE sym_k0001 0
REFERENCE sym_k0001 0
REFERENCE sym_k0001 0
REFERENCE sym_k0000 0
REFERENCE sym_k0003 0
REFERENCE missing_1570 0
REFERENCE sym_k0010 0
REFERENCE sym_k0001 0
REFERENCE sym_k0013 0
REFERENCE sym_k0001 0
REFERENCE sym_k0012 0
REFERENCE sym_k0000 0
REFERENCE sym_k0001 0
REFERENCE sym_k0000 0
REFERENCE sym_k0046 0
REFERENCE sym_k0000 0
REFERENCE sym_k0000 0
REFERENCE sym_k0049 0
REFERENCE sym_k0007 0
REFERENCE sym_k0000 0
REFERENCE sym_k0001 0
REFERENCE sym_k0008 0
REFERENCE missing_2726 0
REFERENCE missing_3267 0
REFERENCE sym_k0001 0
REFERENCE missing_2575 0
REFERENCE missing_4925 0
REFERENCE missing_7098 0
REFERENCE sym_k0038 0
REFERENCE sym_k0003 0
REFERENCE sym_k0011 0
REFERENCE sym_k0001 0
REFERENCE sym_k0021 0
REFERENCE sym_k0000 0
REFERENCE sym_k0012 0
REFERENCE sym_k0009 0
REFERENCE sym_k0041 0
REFERENCE sym_k0000 0
DECLARE sym_k0066 7 0
REFERENCE sym_k0038 0
REFERENCE sym_k0002 0
REFERENCE sym_k0000 0
REFERENCE sym_k0003 0
REFERENCE sym_k0004 0
REFERENCE missing_5482 0
REFERENCE sym_k0005 0
REFERENCE sym_k0150 0
REFERENCE sym_k0006 0
REFERENCE missing_6802 0
REFERENCE sym_k0026 0
REFERENCE sym_k0038 0
DECLARE sym_k0090 1 0
REFERENCE sym_k0000 0
REFERENCE sym_k0006 0
REFERENCE sym_k0000 0
REFERENCE sym_k0015 0
REFERENCE sym_k0000 0
REFERENCE sym_k0019 0
REFERENCE sym_k0011 0
REFERENCE sym_k0001 0
REFERENCE sym_k0010 0
REFERENCE sym_k0021 0
REFERENCE sym_k0000 0
REFERENCE sym_k0007 0
REFERENCE sym_k0000 0
REFERENCE missing_9328 0
REFERENCE sym_k0019 0
REFERENCE sym_k0000 0
REFERENCE sym_k0000 0
REFERENCE sym_k0013 0
REFERENCE sym_k0010 0
REFERENCE missing_6645 0
REFERENCE sym_k0000 0
REFERENCE sym_k0002 0
REFERENCE sym_k0003 0
REFERENCE sym_k0001 0
REFERENCE sym_k0037 0
REFERENCE sym_k0001 0
REFERENCE sym_k0002 0
REFERENCE sym_k0000 0
REFERENCE sym_k0003 0
REFERENCE sym_k0052 0
REFERENCE sym_k0019 0
REFERENCE sym_k0021 0
REFERENCE sym_k0004 0
DECLARE sym_k0064 5 0
REFERENCE sym_k0024 0
DECLARE sym_k0122 3 0
REFERENCE missing_7727 0
REFERENCE missing_8675 0
REFERENCE sym_k0009 0
REFERENCE sym_k0010 0
REFERENCE sym_k0000 0
REFERENCE sym_k0002 0
REFERENCE sym_k0021 0
REFERENCE sym_k0029 0
REFERENCE sym_k0004 0
REFERENCE sym_k0000 0
REFERENCE sym_k0022 0
REFERENCE sym_k0011 0
REFERENCE sym_k0125 0
REFERENCE sym_k0000 0
REFERENCE missing_9024 0
REFERENCE sym_k0001 0
REFERENCE sym_k0014 0
DECLARE sym_k0167 3 0
REFERENCE sym_k0000 0
REFERENCE sym_k0001 0
REFERENCE sym_k0001 0
REFERENCE sym_k0000 0
REFERENCE sym_k0001 0
REFERENCE sym_k0001 0
REFERENCE sym_k0001 0
DECLARE sym_k0175 11 0
REFERENCE sym_k0013 0
REFERENCE sym_k0002 0
REFERENCE sym_k0000 0
REFERENCE sym_k0018 0
REFERENCE sym_k0006 0
REFERENCE sym_k0000 0
REFERENCE sym_k0000 0
REFERENCE sym_k0000 0
REFERENCE sym_k0020 0
REFERENCE sym_k0000 0
REFERENCE sym_k0008 0
REFERENCE sym_k0008 0
REFERENCE sym_k0052 0
REFERENCE sym_k0000 0
REFERENCE sym_k0002 0
REFERENCE sym_k0009 0
REFERENCE sym_k0028 0
REFERENCE sym_k0000 0
REFERENCE sym_k0000 0
REFERENCE sym_k0002 0
REFERENCE sym_k0005 0
REFERENCE sym_k0025 0
REFERENCE sym_k0001 0
REFERENCE sym_k0000 0
REFERENCE sym_k0001 0
REFERENCE sym_k0000 0
REFERENCE missing_8266 0
REFERENCE sym_k0001 0
REFERENCE sym_k0000 0
REFERENCE sym_k0002 0
REFERENCE sym_k0012 0
REFERENCE sym_k0007 0
REFERENCE sym_k0041 0
REFERENCE sym_k0000 0
REFERENCE sym_k0000 0
REFERENCE sym_k0049 0
REFERENCE sym_k0000 0
REFERENCE sym_k0003 0
REFERENCE sym_k0005 0
REFERENCE sym_k0000 0
DECLARE sym_k0054 10 0
REFERENCE sym_k0000 0
REFERENCE sym_k0022 0
REFERENCE sym_k0034 0
REFERENCE sym_k0006 0
REFERENCE missing_5234 0
REFERENCE sym_k0001 0
REFERENCE sym_k0001 0
REFERENCE sym_k0006 0
REFERENCE sym_k0001 0
REFERENCE sym_k0018 0
REFERENCE sym_k0041 0
REFERENCE sym_k0000 0
REFERENCE sym_k0020 0
REFERENCE sym_k0008 0
REFERENCE sym_k0017 0
DECLARE sym_k0065 6 0
REFERENCE sym_k0000 0
REFERENCE sym_k0021 0
REFERENCE sym_k0005 0
REFERENCE sym_k0000 0
REFERENCE sym_k0000 0
REFERENCE sym_k0000 0
REFERENCE sym_k0003 0
DECLARE sym_k0050 6 0
REFERENCE sym_k0022 0
REFERENCE sym_k0006 0
REFERENCE sym_k0001 0
REFERENCE sym_k0015 0
REFERENCE sym_k0016 0
REFERENCE sym_k0002 0
REFERENCE sym_k0006 0
REFERENCE sym_k0019 0
REFERENCE sym_k0000 0
REFERENCE sym_k0045 0
REFERENCE sym_k0029 0
REFERENCE sym_k0043 0
REFERENCE sym_k0003 0
REFERENCE sym_k0000 0
REFERENCE sym_k0045 0
REFERENCE sym_k0009 0
REFERENCE sym_k0033 0
REFERENCE sym_k0000 0
REFERENCE missing_3125 0
REFERENCE sym_k0053 0
REFERENCE sym_k0000 0
DECLARE sym_k0067 8 0
REFERENCE sym_k0023 0
REFERENCE sym_k0007 0
REFERENCE sym_k0001 0
REFERENCE sym_k0000 0
REFERENCE sym_k0007 0
REFERENCE sym_k0003 0
REFERENCE sym_k0003 0
REFERENCE sym_k0011 0
REFERENCE sym_k0000 0
DECLARE sym_k0071 12 0
REFERENCE sym_k0001 0
REFERENCE sym_k0000 0
REFERENCE missing_2013 0
REFERENCE sym_k0083 0
REFERENCE sym_k0012 0
REFERENCE sym_k0122 0
REFERENCE sym_k0011 0
REFERENCE sym_k0017 0
REFERENCE sym_k0001 0
REFERENCE missing_4189 0
REFERENCE sym_k0001 0
REFERENCE sym_k0000 0
REFERENCE sym_k0000 0
REFERENCE sym_k0005 0
REFERENCE sym_k0036 0
REFERENCE sym_k0033 0
REFERENCE sym_k0001 0
REFERENCE sym_k0000 0
REFERENCE sym_k0000 0
REFERENCE sym_k0039 0
REFERENCE sym_k0002 0
REFERENCE sym_k0002 0
REFERENCE sym_k0002 0
REFERENCE sym_k0003 0
REFERENCE sym_k0001 0
REFERENCE sym_k0000 0
REFERENCE sym_k0002 0
REFERENCE sym_k0167 0
REFERENCE sym_k0000 0
DECLARE sym_k0217 8 0
REFERENCE sym_k0220 0
REFERENCE sym_k0002 0
DECLARE sym_k0192 13 0
REFERENCE sym_k0047 0
REFERENCE sym_k0000 0
DECLARE sym_k0224 15 0
REFERENCE missing_9489 0
REFERENCE sym_k0001 0
REFERENCE sym_k0015 0
DECLARE sym_k0055 11 0
REFERENCE sym_k0000 0
REFERENCE sym_k0009 0
REFERENCE sym_k0001 0
REFERENCE sym_k0055 0
REFERENCE sym_k0000 0
REFERENCE sym_k0008 0
REFERENCE sym_k0001 0
REFERENCE sym_k0001 0
REFERENCE sym_k0000 0
REFERENCE sym_k0048 0
REFERENCE sym_k0005 0
REFERENCE sym_k0000 0
REFERENCE sym_k0023 0
REFERENCE sym_k0000 0
REFERENCE sym_k0000 0
REFERENCE sym_k0022 0
REFERENCE sym_k0001 0
REFERENCE sym_k0003 0
REFERENCE sym_k0001 0
REFERENCE sym_k0000 0
REFERENCE sym_k0006 0
REFERENCE sym_k0001 0
REFERENCE sym_k0000 0
REFERENCE sym_k0006 0
REFERENCE sym_k0000 0
DECLARE sym_k0078 4 0
REFERENCE sym_k0000 0
REFERENCE sym_k0000 0
REFERENCE sym_k0004 0
REFERENCE sym_k0012 0
DECLARE sym_k0149 15 0
REFERENCE sym_k0261 0
REFERENCE sym_k0001 0
REFERENCE sym_k0000 0
REFERENCE sym_k0001 0
REFERENCE missing_1567 0
REFERENCE sym_k0003 0
REFERENCE sym_k0064 0
REFERENCE sym_k0036 0
REFERENCE sym_k0000 0
REFERENCE sym_k0000 0
REFERENCE sym_k0000 0
REFERENCE sym_k0015 0
REFERENCE sym_k0000 0
REFERENCE sym_k0000 0
REFERENCE sym_k0000 0
REFERENCE sym_k0038 0
REFERENCE sym_k0000 0
REFERENCE sym_k0000 0
REFERENCE sym_k0006 0
REFERENCE sym_k0000 0
REFERENCE missing_8404 0
REFERENCE missing_5825 0
REFERENCE missing_4969 0
REFERENCE sym_k0000 0
DECLARE sym_k0058 14 0
REFERENCE sym_k0001 0
DECLARE sym_k0152 3 0
REFERENCE sym_k0004 0
REFERENCE sym_k0000 0
REFERENCE sym_k0000 0
REFERENCE sym_k0002 0
REFERENCE sym_k0000 0
REFERENCE sym_k0007 0
REFERENCE sym_k0009 0
REFERENCE sym_k0000 0
REFERENCE sym_k0000 0
REFERENCE missing_6121 0
REFERENCE sym_k0001 0
REFERENCE sym_k0003 0
DECLARE sym_k0057 13 0
DECLARE sym_k0196 2 0
REFERENCE sym_k0005 0
REFERENCE sym_k0040 0
REFERENCE sym_k0015 0
REFERENCE sym_k0006 0
REFERENCE sym_k0024 0
REFERENCE sym_k0003 0
REFERENCE sym_k0000 0
REFERENCE sym_k0001 0
REFERENCE sym_k0046 0
REFERENCE sym_k0000 0
REFERENCE sym_k0011 0
DECLARE sym_k0147 13 0
REFERENCE sym_k0014 0
REFERENCE sym_k0000 0
REFERENCE sym_k0002 0
REFERENCE sym_k0001 0
REFERENCE sym_k0025 0
REFERENCE sym_k0001 0
REFERENCE sym_k0000 0
REFERENCE sym_k0000 0
REFERENCE sym_k0024 0
REFERENCE sym_k0022 0
REFERENCE sym_k0001 0
REFERENCE sym_k0001 0
REFERENCE sym_k0001 0
REFERENCE sym_k0001 0
DECLARE sym_k0119 15 0
REFERENCE sym_k0000 0
REFERENCE sym_k0001 0
REFERENCE sym_k0000 0
REFERENCE missing_6586 0
REFERENCE sym_k0001 0
REFERENCE sym_k0016 0
REFERENCE sym_k0005 0
REFERENCE missing_7854 0
REFERENCE sym_k0000 0
REFERENCE sym_k0011 0
REFERENCE sym_k0033 0
REFERENCE sym_k0024 0
REFERENCE sym_k0000 0
REFERENCE sym_k0004 0
REFERENCE sym_k0002 0
REFERENCE sym_k0003 0
REFERENCE sym_k0042 0
REFERENCE sym_k0000 0
REFERENCE sym_k0000 0
REFERENCE sym_k0000 0
REFERENCE sym_k0010 0
REFERENCE sym_k0001 0
REFERENCE sym_k0000 0
REFERENCE sym_k0000 0
REFERENCE sym_k0000 0
REFERENCE sym_k0006 0
REFERENCE sym_k0004 0
REFERENCE sym_k0007 0
REFERENCE sym_k0013 0
REFERENCE sym_k0004 0
REFERENCE sym_k0010 0
REFERENCE sym_k0000 0
REFERENCE sym_k0002 0
REFERENCE sym_k0000 0
REFERENCE sym_k0003 0
REFERENCE sym_k0004 0
REFERENCE sym_k0002 0
REFERENCE sym_k0000 0
REFERENCE sym_k0002 0
REFERENCE sym_k0000 0
REFERENCE sym_k0000 0
REFERENCE sym_k0000 0
REFERENCE sym_k0000 0
REFERENCE sym_k0001 0
REFERENCE sym_k0001 0
REFERENCE sym_k0058 0
REFERENCE sym_k0000 0
REFERENCE sym_k0000 0
REFERENCE sym_k0000 0
REFERENCE sym_k0000 0
REFERENCE sym_k0000 0
REFERENCE sym_k0000 0
REFERENCE sym_k0000 0
REFERENCE sym_k0007 0
REFERENCE sym_k0000 0
REFERENCE sym_k0001 0
REFERENCE sym_k0122 0
REFERENCE sym_k0196 0
REFERENCE sym_k0002 0
REFERENCE missing_1799 0
REFERENCE sym_k0010 0
REFERENCE sym_k0000 0
REFERENCE sym_k0000 0
REFERENCE sym_k0044 0
REFERENCE sym_k0009 0
REFERENCE sym_k0001 0
REFERENCE sym_k0001 0
REFERENCE sym_k0005 0
REFERENCE sym_k0008 0
REFERENCE sym_k0001 0
REFERENCE sym_k0040 0
REFERENCE sym_k0001 0
DECLARE sym_k0056 12 0
DECLARE sym_k0124 5 0
REFERENCE sym_k0023 0
REFERENCE missing_6049 0
REFERENCE sym_k0000 0
REFERENCE sym_k0012 0
REFERENCE sym_k0014 0
REFERENCE sym_k0003 0
DECLARE sym_k0199 5 0
REFERENCE sym_k0012 0
REFERENCE sym_k0018 0
REFERENCE sym_k0035 0
REFERENCE sym_k0001 0
REFERENCE sym_k0055 0
REFERENCE sym_k0007 0
REFERENCE sym_k0000 0
REFERENCE sym_k0000 0
REFERENCE sym_k0000 0
REFERENCE sym_k0000 0
REFERENCE sym_k0003 0
REFERENCE sym_k0003 0
REFERENCE sym_k0000 0
REFERENCE sym_k0000 0
DECLARE sym_k0097 8 0
REFERENCE sym_k0004 0
REFERENCE sym_k0000 0
REFERENCE sym_k0000 0
REFERENCE sym_k0014 0
REFERENCE sym_k0001 0
REFERENCE sym_k0010 0
REFERENCE sym_k0000 0
REFERENCE sym_k0175 0
REFERENCE sym_k0004 0
REFERENCE sym_k0013 0
REFERENCE sym_k0000 0
REFERENCE sym_k0000 0
REFERENCE sym_k0001 0
REFERENCE sym_k0002 0
REFERENCE sym_k0002 0
REFERENCE sym_k0011 0
REFERENCE sym_k0000 0
REFERENCE sym_k0217 0
DECLARE sym_k0070 11 0
REFERENCE sym_k0011 0
REFERENCE missing_3158 0
DECLARE sym_k0188 9 0
REFERENCE sym_k0006 0
REFERENCE sym_k0001 0
REFERENCE sym_k0002 0
REFERENCE sym_k0014 0
REFERENCE sym_k0000 0
REFERENCE sym_k0000 0
REFERENCE sym_k0007 0
REFERENCE sym_k0053 0
REFERENCE missing_7714 0
REFERENCE sym_k0004 0
REFERENCE sym_k0030 0
REFERENCE sym_k0002 0
REFERENCE sym_k0006 0
DECLARE sym_k0093 4 0
REFERENCE sym_k0001 0
REFERENCE sym_k0000 0
REFERENCE missing_3522 0
REFERENCE sym_k0047 0
REFERENCE sym_k0020 0
REFERENCE sym_k0000 0
REFERENCE sym_k0007 0
REFERENCE sym_k0000 0
REFERENCE sym_k0002 0
REFERENCE sym_k0000 0
REFERENCE sym_k0000 0
REFERENCE sym_k0028 0
REFERENCE sym_k0056 0
REFERENCE sym_k0004 0
REFERENCE sym_k0090 0
REFERENCE sym_k0000 0
REFERENCE sym_k0000 0
REFERENCE sym_k0003 0
REFERENCE sym_k0001 0
REFERENCE sym_k0001 0
REFERENCE sym_k0010 0
REFERENCE sym_k0028 0
REFERENCE sym_k0022 0
REFERENCE sym_k0003 0
REFERENCE sym_k0001 0
REFERENCE sym_k0023 0
REFERENCE sym_k0003 0
REFERENCE sym_k0046 0
REFERENCE sym_k0027 0
REFERENCE sym_k0000 0
REFERENCE sym_k0055 0
REFERENCE missing_3650 0
REFERENCE sym_k0003 0
REFERENCE sym_k0000 0
REFERENCE sym_k0000 0
REFERENCE sym_k0000 0
REFERENCE sym_k0001 0
REFERENCE sym_k0000 0
REFERENCE sym_k0179 0
REFERENCE missing_1477 0
REFERENCE sym_k0000 0
REFERENCE sym_k0000 0
REFERENCE missing_8434 0
REFERENCE sym_k0040 0
REFERENCE sym_k0000 0
REFERENCE sym_k0026 0
REFERENCE missing_5926 0
REFERENCE sym_k0001 0
REFERENCE sym_k0000 0
REFERENCE sym_k0031 0
DECLARE sym_k0195 1 0
REFERENCE sym_k0000 0
REFERENCE sym_k0000 0
REFERENCE sym_k0000 0
REFERENCE missing_7914 0
REFERENCE sym_k0000 0
REFERENCE sym_k0020 0
REFERENCE sym_k0003 0
REFERENCE sym_k0000 0
REFERENCE sym_k0001 0
REFERENCE sym_k0003 0
REFERENCE sym_k0008 0
REFERENCE sym_k0002 0
REFERENCE sym_k0021 0
REFERENCE sym_k0000 0
REFERENCE sym_k0002 0
REFERENCE sym_k0000 0
REFERENCE sym_k0000 0
REFERENCE missing_9775 0
REFERENCE sym_k0016 0
REFERENCE missing_3974 0
REFERENCE sym_k0078 0
REFERENCE sym_k0188 0
REFERENCE sym_k0006 0
REFERENCE sym_k0022 0
REFERENCE sym_k0047 0
REFERENCE sym_k0012 0
REFERENCE sym_k0247 0
REFERENCE sym_k0004 0
REFERENCE sym_k0009 0
REFERENCE sym_k0003 0
REFERENCE sym_k0048 0
REFERENCE sym_k0000 0
REFERENCE sym_k0000 0
REFERENCE sym_k0007 0
REFERENCE sym_k0004 0
REFERENCE sym_k0001 0
REFERENCE sym_k0000 0
REFERENCE sym_k0002 0
REFERENCE sym_k0000 0
REFERENCE sym_k0000 0
REFERENCE sym_k0007 0
REFERENCE sym_k0002 0
REFERENCE sym_k0003 0
REFERENCE sym_k0029 0
REFERENCE sym_k0001 0
REFERENCE sym_k0002 0
REFERENCE sym_k0000 0
REFERENCE sym_k0000 0
REFERENCE sym_k0000 0
REFERENCE sym_k0000 0
REFERENCE sym_k0006 0
REFERENCE sym_k0016 0
REFERENCE sym_k0001 0
REFERENCE sym_k0006 0
REFERENCE sym_k0000 0
REFERENCE sym_k0003 0
REFERENCE sym_k0017 0
REFERENCE missing_9869 0
REFERENCE sym_k0005 0
REFERENCE sym_k0192 0
REFERENCE sym_k0018 0
REFERENCE sym_k0006 0
REFERENCE sym_k0001 0
REFERENCE sym_k0122 0
REFERENCE missing_1737 0
REFERENCE sym_k0005 0
REFERENCE sym_k0023 0
REFERENCE sym_k0090 0
DECLARE sym_k0136 2 0
DECLARE sym_k0186 7 0
REFERENCE sym_k0001 0
REFERENCE sym_k0004 0
REFERENCE sym_k0001 0
DECLARE sym_k0121 2 0
DECLARE sym_k0085 11 0
REFERENCE sym_k0005 0
REFERENCE sym_k0005 0
REFERENCE sym_k0001 0
REFERENCE sym_k0002 0
REFERENCE sym_k0001 0
REFERENCE sym_k0000 0
REFERENCE sym_k0000 0
REFERENCE sym_k0000 0
REFERENCE sym_k0002 0
REFERENCE sym_k0003 0
REFERENCE sym_k0018 0
REFERENCE missing_6682 0
REFERENCE sym_k0000 0
REFERENCE sym_k0054 0
REFERENCE sym_k0000 0
REFERENCE sym_k0000 0
REFERENCE sym_k0047 0
REFERENCE sym_k0007 0
REFERENCE sym_k0002 0
REFERENCE sym_k0000 0
REFERENCE sym_k0000 0
REFERENCE sym_k0000 0
REFERENCE sym_k0012 0
REFERENCE missing_9521 0
REFERENCE sym_k0007 0
REFERENCE sym_k0000 0
REFERENCE sym_k0000 0
REFERENCE sym_k0023 0
REFERENCE missing_6815 0
REFERENCE sym_k0000 0
REFERENCE sym_k0007 0
DECLARE sym_k0275 6 0
REFERENCE sym_k0006 0
REFERENCE missing_7973 0
REFERENCE sym_k0005 0
REFERENCE sym_k0001 0
REFERENCE sym_k0008 0
REFERENCE sym_k0008 0
REFERENCE sym_k0078 0
EXIT_SCOPE 0
